Archive member included to satisfy reference by file (symbol)

.build/obj_vessel_base/i2c_master.a(i2c_master.o)
                              .build/obj_vessel_base/oled_driver.o (symbol from plugin) (i2c_init)
c:/qmk_msys/mingw64/bin/../lib/gcc/arm-none-eabi/12.2.0/thumb/v7e-m+fp/hard\libgcc.a(_aeabi_ldivmod.o)
                              .build/obj_vessel_base/i2c_master.a(i2c_master.o) (__aeabi_ldivmod)
c:/qmk_msys/mingw64/bin/../lib/gcc/arm-none-eabi/12.2.0/thumb/v7e-m+fp/hard\libgcc.a(_aeabi_uldivmod.o)
                              .build/obj_vessel_base/i2c_master.a(i2c_master.o) (__aeabi_uldivmod)
c:/qmk_msys/mingw64/bin/../lib/gcc/arm-none-eabi/12.2.0/thumb/v7e-m+fp/hard\libgcc.a(_udivmoddi4.o)
                              c:/qmk_msys/mingw64/bin/../lib/gcc/arm-none-eabi/12.2.0/thumb/v7e-m+fp/hard\libgcc.a(_aeabi_ldivmod.o) (__udivmoddi4)
c:/qmk_msys/mingw64/bin/../lib/gcc/arm-none-eabi/12.2.0/thumb/v7e-m+fp/hard\libgcc.a(_dvmd_tls.o)
                              c:/qmk_msys/mingw64/bin/../lib/gcc/arm-none-eabi/12.2.0/thumb/v7e-m+fp/hard\libgcc.a(_aeabi_ldivmod.o) (__aeabi_ldiv0)
c:/qmk_msys/mingw64/bin/../lib/gcc/arm-none-eabi/12.2.0/../../../../arm-none-eabi/lib/thumb/v7e-m+fp/hard\libg_nano.a(libc_a-rand.o)
                              .build/obj_vessel_base/quantum/rgb_matrix/rgb_matrix.o (symbol from plugin) (rand)
c:/qmk_msys/mingw64/bin/../lib/gcc/arm-none-eabi/12.2.0/../../../../arm-none-eabi/lib/thumb/v7e-m+fp/hard\libg_nano.a(libc_a-ctype_.o)
                              .build/obj_vessel_base/quantum/send_string/send_string.o (symbol from plugin) (_ctype_)
c:/qmk_msys/mingw64/bin/../lib/gcc/arm-none-eabi/12.2.0/../../../../arm-none-eabi/lib/thumb/v7e-m+fp/hard\libg_nano.a(libc_a-impure.o)
                              c:/qmk_msys/mingw64/bin/../lib/gcc/arm-none-eabi/12.2.0/../../../../arm-none-eabi/lib/thumb/v7e-m+fp/hard\libg_nano.a(libc_a-rand.o) (_impure_ptr)
c:/qmk_msys/mingw64/bin/../lib/gcc/arm-none-eabi/12.2.0/../../../../arm-none-eabi/lib/thumb/v7e-m+fp/hard\libg_nano.a(libc_a-errno.o)
                              .build/obj_vessel_base/platforms/chibios/syscall-fallbacks.o (symbol from plugin) (__errno)
c:/qmk_msys/mingw64/bin/../lib/gcc/arm-none-eabi/12.2.0/../../../../arm-none-eabi/lib/thumb/v7e-m+fp/hard\libg_nano.a(libc_a-memcpy.o)
                              .build/obj_vessel_base/i2c_master.a(i2c_master.o) (memcpy)
c:/qmk_msys/mingw64/bin/../lib/gcc/arm-none-eabi/12.2.0/../../../../arm-none-eabi/lib/thumb/v7e-m+fp/hard\libg_nano.a(libc_a-assert.o)
                              c:/qmk_msys/mingw64/bin/../lib/gcc/arm-none-eabi/12.2.0/../../../../arm-none-eabi/lib/thumb/v7e-m+fp/hard\libg_nano.a(libc_a-rand.o) (__assert_func)
c:/qmk_msys/mingw64/bin/../lib/gcc/arm-none-eabi/12.2.0/../../../../arm-none-eabi/lib/thumb/v7e-m+fp/hard\libg_nano.a(libc_a-malloc.o)
                              c:/qmk_msys/mingw64/bin/../lib/gcc/arm-none-eabi/12.2.0/../../../../arm-none-eabi/lib/thumb/v7e-m+fp/hard\libg_nano.a(libc_a-rand.o) (malloc)
c:/qmk_msys/mingw64/bin/../lib/gcc/arm-none-eabi/12.2.0/../../../../arm-none-eabi/lib/thumb/v7e-m+fp/hard\libg_nano.a(libc_a-mallocr.o)
                              c:/qmk_msys/mingw64/bin/../lib/gcc/arm-none-eabi/12.2.0/../../../../arm-none-eabi/lib/thumb/v7e-m+fp/hard\libg_nano.a(libc_a-malloc.o) (_malloc_r)
c:/qmk_msys/mingw64/bin/../lib/gcc/arm-none-eabi/12.2.0/../../../../arm-none-eabi/lib/thumb/v7e-m+fp/hard\libg_nano.a(libc_a-mlock.o)
                              c:/qmk_msys/mingw64/bin/../lib/gcc/arm-none-eabi/12.2.0/../../../../arm-none-eabi/lib/thumb/v7e-m+fp/hard\libg_nano.a(libc_a-mallocr.o) (__malloc_lock)
c:/qmk_msys/mingw64/bin/../lib/gcc/arm-none-eabi/12.2.0/../../../../arm-none-eabi/lib/thumb/v7e-m+fp/hard\libg_nano.a(libc_a-fprintf.o)
                              c:/qmk_msys/mingw64/bin/../lib/gcc/arm-none-eabi/12.2.0/../../../../arm-none-eabi/lib/thumb/v7e-m+fp/hard\libg_nano.a(libc_a-assert.o) (fiprintf)
c:/qmk_msys/mingw64/bin/../lib/gcc/arm-none-eabi/12.2.0/../../../../arm-none-eabi/lib/thumb/v7e-m+fp/hard\libg_nano.a(libc_a-lock.o)
                              c:/qmk_msys/mingw64/bin/../lib/gcc/arm-none-eabi/12.2.0/../../../../arm-none-eabi/lib/thumb/v7e-m+fp/hard\libg_nano.a(libc_a-mlock.o) (__retarget_lock_acquire_recursive)
c:/qmk_msys/mingw64/bin/../lib/gcc/arm-none-eabi/12.2.0/../../../../arm-none-eabi/lib/thumb/v7e-m+fp/hard\libg_nano.a(libc_a-abort.o)
                              c:/qmk_msys/mingw64/bin/../lib/gcc/arm-none-eabi/12.2.0/../../../../arm-none-eabi/lib/thumb/v7e-m+fp/hard\libg_nano.a(libc_a-assert.o) (abort)
c:/qmk_msys/mingw64/bin/../lib/gcc/arm-none-eabi/12.2.0/../../../../arm-none-eabi/lib/thumb/v7e-m+fp/hard\libg_nano.a(libc_a-freer.o)
                              c:/qmk_msys/mingw64/bin/../lib/gcc/arm-none-eabi/12.2.0/../../../../arm-none-eabi/lib/thumb/v7e-m+fp/hard\libg_nano.a(libc_a-malloc.o) (_free_r)
[...]
Memory Configuration

Name             Origin             Length             Attributes
flash0           0x08000000         0x00080000         xr
flash1           0x00000000         0x00000000         xr
flash2           0x00000000         0x00000000         xr
flash3           0x00000000         0x00000000         xr
flash4           0x00000000         0x00000000         xr
flash5           0x00000000         0x00000000         xr
flash6           0x00000000         0x00000000         xr
flash7           0x00000000         0x00000000         xr
ram0             0x20000000         0x00020000         xw
ram1             0x20000000         0x0001c000         xw
ram2             0x00000000         0x00004000         xw
ram3             0x00000000         0x00000000         xw
ram4             0x00000000         0x00000000         xw
ram5             0x00000000         0x00000000         xw
ram6             0x00000000         0x00000000         xw
ram7             0x00000000         0x00000000         xw
*default*        0x00000000         0xffffffff

Linker script and memory map

LOAD .build/obj_vessel_base/keyboards/vessel/vessel.o
LOAD C:\QMK_MSYS\tmp\cceckwMR.ltrans0.ltrans.o
LOAD C:\QMK_MSYS\tmp\ccyGYJOv.debug.temp.o
LOAD C:\QMK_MSYS\tmp\cc8wIpkr.debug.temp.o
LOAD C:\QMK_MSYS\tmp\cc0adTOm.debug.temp.o
LOAD C:\QMK_MSYS\tmp\ccQTofxi.debug.temp.o
LOAD C:\QMK_MSYS\tmp\ccioj39d.debug.temp.o
LOAD C:\QMK_MSYS\tmp\cc4KiWL9.debug.temp.o
LOAD C:\QMK_MSYS\tmp\ccwbTYA5.debug.temp.o
LOAD C:\QMK_MSYS\tmp\ccisfzk1.debug.temp.o
LOAD C:\QMK_MSYS\tmp\cc08l4gX.debug.temp.o
LOAD C:\QMK_MSYS\tmp\ccGOYz9S.debug.temp.o
LOAD C:\QMK_MSYS\tmp\ccWWyb5N.debug.temp.o
LOAD C:\QMK_MSYS\tmp\ccE5dlZI.debug.temp.o
LOAD C:\QMK_MSYS\tmp\ccKMU35D.debug.temp.o
LOAD C:\QMK_MSYS\tmp\ccslt37y.debug.temp.o
LOAD C:\QMK_MSYS\tmp\ccGye18t.debug.temp.o
LOAD C:\QMK_MSYS\tmp\ccO2zkqp.debug.temp.o
LOAD C:\QMK_MSYS\tmp\cco1dNBk.debug.temp.o
LOAD C:\QMK_MSYS\tmp\ccIXWYLf.debug.temp.o
LOAD C:\QMK_MSYS\tmp\ccqYdS8a.debug.temp.o
LOAD C:\QMK_MSYS\tmp\ccoFS0t6.debug.temp.o
LOAD C:\QMK_MSYS\tmp\ccaSAtN1.debug.temp.o
LOAD C:\QMK_MSYS\tmp\ccoDle8V.debug.temp.o
LOAD C:\QMK_MSYS\tmp\cciI3hrQ.debug.temp.o
LOAD C:\QMK_MSYS\tmp\ccIRlDIK.debug.temp.o
LOAD C:\QMK_MSYS\tmp\ccgD9lgF.debug.temp.o
LOAD C:\QMK_MSYS\tmp\cc0Yw3Hz.debug.temp.o
LOAD C:\QMK_MSYS\tmp\ccuMsl8t.debug.temp.o
LOAD C:\QMK_MSYS\tmp\ccWAZXLo.debug.temp.o
LOAD C:\QMK_MSYS\tmp\ccW4Whoj.debug.temp.o
LOAD C:\QMK_MSYS\tmp\cc6fu0ce.debug.temp.o
LOAD C:\QMK_MSYS\tmp\ccgJcWZ8.debug.temp.o
LOAD C:\QMK_MSYS\tmp\ccWO4yL3.debug.temp.o
LOAD C:\QMK_MSYS\tmp\ccwjDKf2.debug.temp.o
LOAD C:\QMK_MSYS\tmp\ccWspPE0.debug.temp.o
LOAD C:\QMK_MSYS\tmp\cckVbF2Y.debug.temp.o
LOAD C:\QMK_MSYS\tmp\ccc3LNCX.debug.temp.o
LOAD C:\QMK_MSYS\tmp\cc0mZ8aW.debug.temp.o
LOAD C:\QMK_MSYS\tmp\ccwN4DWU.debug.temp.o
LOAD C:\QMK_MSYS\tmp\ccwhwHGT.debug.temp.o
LOAD C:\QMK_MSYS\tmp\ccENOopS.debug.temp.o
LOAD C:\QMK_MSYS\tmp\ccoFuhkR.debug.temp.o
LOAD C:\QMK_MSYS\tmp\cc0GlUdQ.debug.temp.o
LOAD C:\QMK_MSYS\tmp\ccW2rW1O.debug.temp.o
LOAD C:\QMK_MSYS\tmp\cceqHtWM.debug.temp.o
LOAD C:\QMK_MSYS\tmp\ccWeY9KK.debug.temp.o
LOAD C:\QMK_MSYS\tmp\ccuGFIyI.debug.temp.o
LOAD C:\QMK_MSYS\tmp\ccgTHFCG.debug.temp.o
LOAD C:\QMK_MSYS\tmp\ccANXkBE.debug.temp.o
LOAD C:\QMK_MSYS\tmp\cck9upyC.debug.temp.o
LOAD C:\QMK_MSYS\tmp\ccuCRbIA.debug.temp.o
LOAD C:\QMK_MSYS\tmp\ccu819Py.debug.temp.o
LOAD C:\QMK_MSYS\tmp\ccasDiWw.debug.temp.o
LOAD C:\QMK_MSYS\tmp\cciUhSev.debug.temp.o
LOAD C:\QMK_MSYS\tmp\cciYxMvt.debug.temp.o
LOAD C:\QMK_MSYS\tmp\ccmqxUKr.debug.temp.o
LOAD C:\QMK_MSYS\tmp\cckBTf1o.debug.temp.o
LOAD C:\QMK_MSYS\tmp\ccqO6egm.debug.temp.o
LOAD C:\QMK_MSYS\tmp\ccgXlGtj.debug.temp.o
LOAD C:\QMK_MSYS\tmp\cc6BT2Tg.debug.temp.o
LOAD C:\QMK_MSYS\tmp\ccgxQwie.debug.temp.o
LOAD C:\QMK_MSYS\tmp\cc4SutTb.debug.temp.o
LOAD C:\QMK_MSYS\tmp\ccwxSZs9.debug.temp.o
LOAD C:\QMK_MSYS\tmp\ccYxxh16.debug.temp.o
LOAD C:\QMK_MSYS\tmp\ccUFqsL4.debug.temp.o
LOAD C:\QMK_MSYS\tmp\ccKuffu2.debug.temp.o
LOAD C:\QMK_MSYS\tmp\ccaYFbb0.debug.temp.o
LOAD C:\QMK_MSYS\tmp\ccSKLoTW.debug.temp.o
LOAD C:\QMK_MSYS\tmp\ccem7jAT.debug.temp.o
LOAD C:\QMK_MSYS\tmp\ccuClAfQ.debug.temp.o
LOAD C:\QMK_MSYS\tmp\ccSuPX6M.debug.temp.o
LOAD C:\QMK_MSYS\tmp\ccWgTkXJ.debug.temp.o
LOAD C:\QMK_MSYS\tmp\ccszi8HG.debug.temp.o
LOAD C:\QMK_MSYS\tmp\ccANX3JD.debug.temp.o
LOAD C:\QMK_MSYS\tmp\ccsVBaKA.debug.temp.o
LOAD C:\QMK_MSYS\tmp\ccsxhfEx.debug.temp.o
LOAD C:\QMK_MSYS\tmp\ccAPyfPu.debug.temp.o
LOAD C:\QMK_MSYS\tmp\ccUbT5Tr.debug.temp.o
LOAD C:\QMK_MSYS\tmp\ccAX2SXo.debug.temp.o
LOAD C:\QMK_MSYS\tmp\ccotOgKp.debug.temp.o
LOAD C:\QMK_MSYS\tmp\cc0AMNvq.debug.temp.o
LOAD C:\QMK_MSYS\tmp\ccUd6Hur.debug.temp.o
LOAD C:\QMK_MSYS\tmp\ccaIF9rs.debug.temp.o
LOAD C:\QMK_MSYS\tmp\ccSa1Bjt.debug.temp.o
LOAD C:\QMK_MSYS\tmp\cckFzoru.debug.temp.o
LOAD C:\QMK_MSYS\tmp\ccAHeMxv.debug.temp.o
LOAD C:\QMK_MSYS\tmp\ccCanWxw.debug.temp.o
LOAD C:\QMK_MSYS\tmp\ccCwaBOx.debug.temp.o
LOAD C:\QMK_MSYS\tmp\ccyCaS3y.debug.temp.o
LOAD C:\QMK_MSYS\tmp\ccqo1WcA.debug.temp.o
LOAD C:\QMK_MSYS\tmp\ccaoNUrA.debug.temp.o
LOAD C:\QMK_MSYS\tmp\ccuAKrFA.debug.temp.o
LOAD C:\QMK_MSYS\tmp\ccCuNGOA.debug.temp.o
LOAD C:\QMK_MSYS\tmp\cce2AX9A.debug.temp.o
LOAD C:\QMK_MSYS\tmp\ccsrgvqB.debug.temp.o
LOAD C:\QMK_MSYS\tmp\cc4wpYYB.debug.temp.o
LOAD C:\QMK_MSYS\tmp\ccaGEJrC.debug.temp.o
LOAD C:\QMK_MSYS\tmp\cckNfpTC.debug.temp.o
LOAD C:\QMK_MSYS\tmp\cciCYPxD.debug.temp.o
LOAD C:\QMK_MSYS\tmp\ccygf56D.debug.temp.o
LOAD C:\QMK_MSYS\tmp\ccCCvTMD.debug.temp.o
LOAD C:\QMK_MSYS\tmp\cco1vgoD.debug.temp.o
LOAD C:\QMK_MSYS\tmp\ccojNRcD.debug.temp.o
LOAD C:\QMK_MSYS\tmp\ccAlTOWC.debug.temp.o
LOAD C:\QMK_MSYS\tmp\ccsTKfPC.debug.temp.o
LOAD C:\QMK_MSYS\tmp\cc8KxtTB.debug.temp.o
LOAD C:\QMK_MSYS\tmp\ccCIKrSA.debug.temp.o
LOAD C:\QMK_MSYS\tmp\ccqEbkRz.debug.temp.o
LOAD C:\QMK_MSYS\tmp\cc8sCf3y.debug.temp.o
LOAD C:\QMK_MSYS\tmp\ccOANF9x.debug.temp.o
LOAD C:\QMK_MSYS\tmp\ccAnmixx.debug.temp.o
LOAD C:\QMK_MSYS\tmp\ccQJxlPw.debug.temp.o
LOAD C:\QMK_MSYS\tmp\ccS6475v.debug.temp.o
LOAD C:\QMK_MSYS\tmp\ccEtwHyv.debug.temp.o
LOAD C:\QMK_MSYS\tmp\cc6HuZZu.debug.temp.o
LOAD C:\QMK_MSYS\tmp\cca6L1ou.debug.temp.o
LOAD C:\QMK_MSYS\tmp\ccyYZwAx.debug.temp.o
LOAD C:\QMK_MSYS\tmp\ccw9haHA.debug.temp.o
LOAD C:\QMK_MSYS\tmp\cc6z2mMD.debug.temp.o
LOAD C:\QMK_MSYS\tmp\cc0m7i3G.debug.temp.o
LOAD C:\QMK_MSYS\tmp\cck7ZMiK.debug.temp.o
LOAD C:\QMK_MSYS\tmp\cc631fLN.debug.temp.o
LOAD C:\QMK_MSYS\tmp\ccG6JJcR.debug.temp.o
LOAD C:\QMK_MSYS\tmp\ccqekByU.debug.temp.o
LOAD C:\QMK_MSYS\tmp\ccQnIBbY.debug.temp.o
LOAD C:\QMK_MSYS\tmp\ccO8avI1.debug.temp.o
LOAD C:\QMK_MSYS\tmp\ccArKZd5.debug.temp.o
LOAD C:\QMK_MSYS\tmp\cc0aDuL7.debug.temp.o
LOAD C:\QMK_MSYS\tmp\cciE39da.debug.temp.o
LOAD C:\QMK_MSYS\tmp\ccYjuTYc.debug.temp.o
LOAD C:\QMK_MSYS\tmp\ccIxDXEf.debug.temp.o
LOAD C:\QMK_MSYS\tmp\ccoLTmui.debug.temp.o
LOAD C:\QMK_MSYS\tmp\ccqwVyfl.debug.temp.o
LOAD C:\QMK_MSYS\tmp\cc0Odpfo.debug.temp.o
LOAD C:\QMK_MSYS\tmp\ccCCXzar.debug.temp.o
LOAD C:\QMK_MSYS\tmp\cci4cv8s.debug.temp.o
LOAD C:\QMK_MSYS\tmp\cceGjx4u.debug.temp.o
LOAD C:\QMK_MSYS\tmp\ccOeEadx.debug.temp.o
LOAD C:\QMK_MSYS\tmp\cc6NVllz.debug.temp.o
LOAD C:\QMK_MSYS\tmp\ccEvL6mB.debug.temp.o
LOAD C:\QMK_MSYS\tmp\cc8AyLFD.debug.temp.o
LOAD C:\QMK_MSYS\tmp\cciwPRWF.debug.temp.o
LOAD C:\QMK_MSYS\tmp\cc2bBG8H.debug.temp.o
LOAD C:\QMK_MSYS\tmp\ccG8WQAK.debug.temp.o
LOAD C:\QMK_MSYS\tmp\cccHE5WM.debug.temp.o
LOAD C:\QMK_MSYS\tmp\cc6LyPiP.debug.temp.o
LOAD C:\QMK_MSYS\tmp\ccWcJtGQ.debug.temp.o
LOAD C:\QMK_MSYS\tmp\ccsDmGZR.debug.temp.o
LOAD C:\QMK_MSYS\tmp\ccqolYwT.debug.temp.o
LOAD C:\QMK_MSYS\tmp\ccgRO9YU.debug.temp.o
LOAD C:\QMK_MSYS\tmp\cce0TgIW.debug.temp.o
LOAD C:\QMK_MSYS\tmp\ccE7KolY.debug.temp.o
LOAD C:\QMK_MSYS\tmp\ccI5UvXZ.debug.temp.o
LOAD C:\QMK_MSYS\tmp\cciK6EL1.debug.temp.o
LOAD C:\QMK_MSYS\tmp\ccCswmz3.debug.temp.o
LOAD C:\QMK_MSYS\tmp\ccIltk58.debug.temp.o
LOAD .build/obj_vessel_base/.build/obj_vessel_base/src/default_keyboard.o
LOAD .build/obj_vessel_base/quantum/keymap_introspection.o
LOAD .build/obj_vessel_base/quantum/quantum.o
LOAD .build/obj_vessel_base/quantum/bitwise.o
LOAD .build/obj_vessel_base/quantum/led.o
LOAD .build/obj_vessel_base/quantum/action.o
LOAD .build/obj_vessel_base/quantum/action_layer.o
LOAD .build/obj_vessel_base/quantum/action_tapping.o
LOAD .build/obj_vessel_base/quantum/action_util.o
LOAD .build/obj_vessel_base/quantum/eeconfig.o
LOAD .build/obj_vessel_base/quantum/keyboard.o
LOAD .build/obj_vessel_base/quantum/keymap_common.o
LOAD .build/obj_vessel_base/quantum/keycode_config.o
LOAD .build/obj_vessel_base/quantum/sync_timer.o
LOAD .build/obj_vessel_base/quantum/logging/debug.o
LOAD .build/obj_vessel_base/quantum/logging/sendchar.o
LOAD .build/obj_vessel_base/quantum/logging/print.o
LOAD .build/obj_vessel_base/quantum/matrix_common.o
LOAD .build/obj_vessel_base/quantum/matrix.o
LOAD .build/obj_vessel_base/quantum/debounce/sym_defer_pk.o
LOAD .build/obj_vessel_base/quantum/main.o
LOAD .build/obj_vessel_base/printf.o
LOAD .build/obj_vessel_base/eeprom_driver.o
LOAD .build/obj_vessel_base/eeprom_transient.o
LOAD .build/obj_vessel_base/quantum/color.o
LOAD .build/obj_vessel_base/quantum/rgb_matrix/rgb_matrix.o
LOAD .build/obj_vessel_base/quantum/rgb_matrix/rgb_matrix_drivers.o
LOAD .build/obj_vessel_base/quantum/process_keycode/process_rgb.o
LOAD .build/obj_vessel_base/quantum/led_tables.o
LOAD .build/obj_vessel_base/lib/lib8tion/lib8tion.o
LOAD .build/obj_vessel_base/oled_driver.o
LOAD .build/obj_vessel_base/quantum/encoder.o
LOAD .build/obj_vessel_base/encoder_quadrature.o
LOAD .build/obj_vessel_base/ws2812_bitbang.o
LOAD .build/obj_vessel_base/quantum/bootmagic/bootmagic.o
LOAD .build/obj_vessel_base/quantum/process_keycode/process_grave_esc.o
LOAD .build/obj_vessel_base/quantum/process_keycode/process_magic.o
LOAD .build/obj_vessel_base/quantum/process_keycode/process_programmable_button.o
LOAD .build/obj_vessel_base/quantum/programmable_button.o
LOAD .build/obj_vessel_base/quantum/send_string/send_string.o
LOAD .build/obj_vessel_base/quantum/process_keycode/process_space_cadet.o
LOAD .build/obj_vessel_base/quantum/process_keycode/process_tap_dance.o
LOAD .build/obj_vessel_base/protocol/host.o
LOAD .build/obj_vessel_base/protocol/report.o
LOAD .build/obj_vessel_base/protocol/usb_device_state.o
LOAD .build/obj_vessel_base/protocol/usb_util.o
LOAD .build/obj_vessel_base/platforms/suspend.o
LOAD .build/obj_vessel_base/platforms/synchronization_util.o
LOAD .build/obj_vessel_base/platforms/timer.o
LOAD .build/obj_vessel_base/platforms/chibios/hardware_id.o
LOAD .build/obj_vessel_base/platforms/chibios/platform.o
LOAD .build/obj_vessel_base/platforms/chibios/suspend.o
LOAD .build/obj_vessel_base/platforms/chibios/timer.o
LOAD .build/obj_vessel_base/platforms/chibios/bootloaders/stm32_dfu.o
LOAD .build/obj_vessel_base/i2c_master.a
LOAD .build/obj_vessel_base/./lib/chibios/os/common/startup/ARMCMx/compilers/GCC/crt0_v7m.o
LOAD .build/obj_vessel_base/./lib/chibios/os/common/startup/ARMCMx/compilers/GCC/vectors.o
LOAD .build/obj_vessel_base/./lib/chibios/os/common/ports/ARMv7-M/compilers/GCC/chcoreasm.o
LOAD .build/obj_vessel_base/protocol/chibios/usb_main.o
LOAD .build/obj_vessel_base/protocol/chibios/chibios.o
LOAD .build/obj_vessel_base/usb_descriptor.o
LOAD .build/obj_vessel_base/protocol/chibios/usb_driver.o
LOAD .build/obj_vessel_base/protocol/chibios/usb_util.o
LOAD .build/obj_vessel_base/./lib/chibios/os/oslib/src/chmboxes.o
LOAD .build/obj_vessel_base/./lib/chibios/os/oslib/src/chmemcore.o
LOAD .build/obj_vessel_base/./lib/chibios/os/oslib/src/chmemheaps.o
LOAD .build/obj_vessel_base/./lib/chibios/os/oslib/src/chmempools.o
LOAD .build/obj_vessel_base/./lib/chibios/os/oslib/src/chpipes.o
LOAD .build/obj_vessel_base/./lib/chibios/os/oslib/src/chobjcaches.o
LOAD .build/obj_vessel_base/./lib/chibios/os/oslib/src/chdelegates.o
LOAD .build/obj_vessel_base/./lib/chibios/os/oslib/src/chfactory.o
LOAD .build/obj_vessel_base/lib/chibios/os/common/startup/ARMCMx/compilers/GCC/crt1.o
LOAD .build/obj_vessel_base/lib/chibios/os/rt/src/chsys.o
LOAD .build/obj_vessel_base/lib/chibios/os/rt/src/chrfcu.o
LOAD .build/obj_vessel_base/lib/chibios/os/rt/src/chdebug.o
LOAD .build/obj_vessel_base/lib/chibios/os/rt/src/chtrace.o
LOAD .build/obj_vessel_base/lib/chibios/os/rt/src/chvt.o
LOAD .build/obj_vessel_base/lib/chibios/os/rt/src/chschd.o
LOAD .build/obj_vessel_base/lib/chibios/os/rt/src/chinstances.o
LOAD .build/obj_vessel_base/lib/chibios/os/rt/src/chthreads.o
LOAD .build/obj_vessel_base/lib/chibios/os/rt/src/chtm.o
LOAD .build/obj_vessel_base/lib/chibios/os/rt/src/chstats.o
LOAD .build/obj_vessel_base/lib/chibios/os/rt/src/chregistry.o
LOAD .build/obj_vessel_base/lib/chibios/os/rt/src/chsem.o
LOAD .build/obj_vessel_base/lib/chibios/os/rt/src/chmtx.o
LOAD .build/obj_vessel_base/lib/chibios/os/rt/src/chcond.o
LOAD .build/obj_vessel_base/lib/chibios/os/rt/src/chevents.o
LOAD .build/obj_vessel_base/lib/chibios/os/rt/src/chmsg.o
LOAD .build/obj_vessel_base/lib/chibios/os/rt/src/chdynamic.o
LOAD .build/obj_vessel_base/lib/chibios/os/common/ports/ARMv7-M/chcore.o
LOAD .build/obj_vessel_base/lib/chibios/os/hal/osal/rt-nil/osal.o
LOAD .build/obj_vessel_base/lib/chibios/os/hal/src/hal.o
LOAD .build/obj_vessel_base/lib/chibios/os/hal/src/hal_st.o
LOAD .build/obj_vessel_base/lib/chibios/os/hal/src/hal_buffers.o
LOAD .build/obj_vessel_base/lib/chibios/os/hal/src/hal_queues.o
LOAD .build/obj_vessel_base/lib/chibios/os/hal/src/hal_flash.o
LOAD .build/obj_vessel_base/lib/chibios/os/hal/src/hal_mmcsd.o
LOAD .build/obj_vessel_base/lib/chibios/os/hal/src/hal_adc.o
LOAD .build/obj_vessel_base/lib/chibios/os/hal/src/hal_can.o
LOAD .build/obj_vessel_base/lib/chibios/os/hal/src/hal_crypto.o
LOAD .build/obj_vessel_base/lib/chibios/os/hal/src/hal_dac.o
LOAD .build/obj_vessel_base/lib/chibios/os/hal/src/hal_efl.o
LOAD .build/obj_vessel_base/lib/chibios/os/hal/src/hal_gpt.o
LOAD .build/obj_vessel_base/lib/chibios/os/hal/src/hal_i2c.o
LOAD .build/obj_vessel_base/lib/chibios/os/hal/src/hal_i2s.o
LOAD .build/obj_vessel_base/lib/chibios/os/hal/src/hal_icu.o
LOAD .build/obj_vessel_base/lib/chibios/os/hal/src/hal_mac.o
LOAD .build/obj_vessel_base/lib/chibios/os/hal/src/hal_mmc_spi.o
LOAD .build/obj_vessel_base/lib/chibios/os/hal/src/hal_pal.o
LOAD .build/obj_vessel_base/lib/chibios/os/hal/src/hal_pwm.o
LOAD .build/obj_vessel_base/lib/chibios/os/hal/src/hal_rtc.o
LOAD .build/obj_vessel_base/lib/chibios/os/hal/src/hal_sdc.o
LOAD .build/obj_vessel_base/lib/chibios/os/hal/src/hal_serial.o
LOAD .build/obj_vessel_base/lib/chibios/os/hal/src/hal_serial_usb.o
LOAD .build/obj_vessel_base/lib/chibios/os/hal/src/hal_sio.o
LOAD .build/obj_vessel_base/lib/chibios/os/hal/src/hal_spi.o
LOAD .build/obj_vessel_base/lib/chibios/os/hal/src/hal_trng.o
LOAD .build/obj_vessel_base/lib/chibios/os/hal/src/hal_uart.o
LOAD .build/obj_vessel_base/lib/chibios/os/hal/src/hal_usb.o
LOAD .build/obj_vessel_base/lib/chibios/os/hal/src/hal_wdg.o
LOAD .build/obj_vessel_base/lib/chibios/os/hal/src/hal_wspi.o
LOAD .build/obj_vessel_base/lib/chibios/os/hal/ports/common/ARMCMx/nvic.o
LOAD .build/obj_vessel_base/lib/chibios/os/hal/ports/STM32/STM32F4xx/stm32_isr.o
LOAD .build/obj_vessel_base/lib/chibios/os/hal/ports/STM32/STM32F4xx/hal_lld.o
LOAD .build/obj_vessel_base/lib/chibios/os/hal/ports/STM32/STM32F4xx/hal_efl_lld.o
LOAD .build/obj_vessel_base/lib/chibios/os/hal/ports/STM32/LLD/ADCv2/hal_adc_lld.o
LOAD .build/obj_vessel_base/lib/chibios/os/hal/ports/STM32/LLD/CANv1/hal_can_lld.o
LOAD .build/obj_vessel_base/lib/chibios/os/hal/ports/STM32/LLD/CRYPv1/hal_crypto_lld.o
LOAD .build/obj_vessel_base/lib/chibios/os/hal/ports/STM32/LLD/DACv1/hal_dac_lld.o
LOAD .build/obj_vessel_base/lib/chibios/os/hal/ports/STM32/LLD/DMAv2/stm32_dma.o
LOAD .build/obj_vessel_base/lib/chibios/os/hal/ports/STM32/LLD/EXTIv1/stm32_exti.o
LOAD .build/obj_vessel_base/lib/chibios/os/hal/ports/STM32/LLD/GPIOv2/hal_pal_lld.o
LOAD .build/obj_vessel_base/lib/chibios/os/hal/ports/STM32/LLD/I2Cv1/hal_i2c_lld.o
LOAD .build/obj_vessel_base/lib/chibios/os/hal/ports/STM32/LLD/MACv1/hal_mac_lld.o
LOAD .build/obj_vessel_base/lib/chibios/os/hal/ports/STM32/LLD/OTGv1/hal_usb_lld.o
LOAD .build/obj_vessel_base/lib/chibios/os/hal/ports/STM32/LLD/QUADSPIv1/hal_wspi_lld.o
LOAD .build/obj_vessel_base/lib/chibios/os/hal/ports/STM32/LLD/RTCv2/hal_rtc_lld.o
LOAD .build/obj_vessel_base/lib/chibios/os/hal/ports/STM32/LLD/SPIv1/hal_i2s_lld.o
LOAD .build/obj_vessel_base/lib/chibios/os/hal/ports/STM32/LLD/SPIv1/hal_spi_v2_lld.o
LOAD .build/obj_vessel_base/lib/chibios/os/hal/ports/STM32/LLD/SDIOv1/hal_sdc_lld.o
LOAD .build/obj_vessel_base/lib/chibios/os/hal/ports/STM32/LLD/SYSTICKv1/hal_st_lld.o
LOAD .build/obj_vessel_base/lib/chibios/os/hal/ports/STM32/LLD/TIMv1/hal_gpt_lld.o
LOAD .build/obj_vessel_base/lib/chibios/os/hal/ports/STM32/LLD/TIMv1/hal_icu_lld.o
LOAD .build/obj_vessel_base/lib/chibios/os/hal/ports/STM32/LLD/TIMv1/hal_pwm_lld.o
LOAD .build/obj_vessel_base/lib/chibios/os/hal/ports/STM32/LLD/USARTv1/hal_serial_lld.o
LOAD .build/obj_vessel_base/lib/chibios/os/hal/ports/STM32/LLD/USARTv1/hal_uart_lld.o
LOAD .build/obj_vessel_base/lib/chibios/os/hal/ports/STM32/LLD/xWDGv1/hal_wdg_lld.o
LOAD .build/obj_vessel_base/lib/chibios/os/hal/boards/ST_NUCLEO64_F446RE/board.o
LOAD .build/obj_vessel_base/lib/chibios/os/hal/lib/streams/chprintf.o
LOAD .build/obj_vessel_base/lib/chibios/os/hal/lib/streams/chscanf.o
LOAD .build/obj_vessel_base/lib/chibios/os/hal/lib/streams/memstreams.o
LOAD .build/obj_vessel_base/lib/chibios/os/hal/lib/streams/nullstreams.o
LOAD .build/obj_vessel_base/lib/chibios/os/hal/lib/streams/bufstreams.o
LOAD .build/obj_vessel_base/lib/chibios/os/various/syscalls.o
LOAD .build/obj_vessel_base/platforms/chibios/syscall-fallbacks.o
LOAD .build/obj_vessel_base/platforms/chibios/wait.o
LOAD .build/obj_vessel_base/platforms/chibios/synchronization_util.o
LOAD .build/obj_vessel_base/platforms/chibios/interrupt_handlers.o
                0x00000800                        __process_stack_size__ = 0x800
                0x00000400                        __main_stack_size__ = 0x400
LOAD c:/qmk_msys/mingw64/bin/../lib/gcc/arm-none-eabi/12.2.0/../../../../arm-none-eabi/lib/thumb/v7e-m+fp/hard\libm.a
START GROUP
LOAD c:/qmk_msys/mingw64/bin/../lib/gcc/arm-none-eabi/12.2.0/thumb/v7e-m+fp/hard\libgcc.a
LOAD c:/qmk_msys/mingw64/bin/../lib/gcc/arm-none-eabi/12.2.0/../../../../arm-none-eabi/lib/thumb/v7e-m+fp/hard\libg_nano.a
LOAD c:/qmk_msys/mingw64/bin/../lib/gcc/arm-none-eabi/12.2.0/../../../../arm-none-eabi/lib/thumb/v7e-m+fp/hard\libc_nano.a
END GROUP
START GROUP
LOAD c:/qmk_msys/mingw64/bin/../lib/gcc/arm-none-eabi/12.2.0/thumb/v7e-m+fp/hard\libgcc.a
LOAD c:/qmk_msys/mingw64/bin/../lib/gcc/arm-none-eabi/12.2.0/../../../../arm-none-eabi/lib/thumb/v7e-m+fp/hard\libc_nano.a
END GROUP

.mstack         0x20000000      0x400
                0x20000000                        . = ALIGN (0x8)
                0x20000000                        __main_stack_base__ = .
                0x20000400                        . = (. + __main_stack_size__)
 *fill*         0x20000000      0x400 
                0x20000400                        . = ALIGN (0x8)
                0x20000400                        __main_stack_end__ = .

.pstack         0x20000400      0x800
                0x20000400                        . = ALIGN (0x8)
                0x20000400                        __process_stack_base__ = .
                0x20000400                        __main_thread_stack_base__ = .
                0x20000c00                        . = (. + __process_stack_size__)
 *fill*         0x20000400      0x800 
                0x20000c00                        . = ALIGN (0x8)
                0x20000c00                        __process_stack_end__ = .
                0x20000c00                        __main_thread_stack_end__ = .

.vectors        0x08000000      0x1e0
                0x08000000                        __textvectors_base__ = LOADADDR (.vectors)
                0x08000000                        __vectors_base__ = .
 *(.vectors)
 .vectors       0x08000000      0x1e0 .build/obj_vessel_base/./lib/chibios/os/common/startup/ARMCMx/compilers/GCC/vectors.o
                0x08000000                _vectors
                0x080001e0                        __vectors_end__ = .

.xtors          0x080001e0        0x0
                0x080001e0                        __init_array_base__ = .
 *(SORT_BY_NAME(.init_array.*))
 *(.init_array)
                0x080001e0                        __init_array_end__ = .
                0x080001e0                        __fini_array_base__ = .
 *(.fini_array)
 *(SORT_BY_NAME(.fini_array.*))
                0x080001e0                        __fini_array_end__ = .

.text           0x080001e0     0x9e40
                0x080001e0                        __text_base__ = .
 *(.text)
 .text          0x080001e0      0x11c .build/obj_vessel_base/./lib/chibios/os/common/startup/ARMCMx/compilers/GCC/crt0_v7m.o
                0x080001e0                _crt0_entry
 .text          0x080002fc        0x8 .build/obj_vessel_base/./lib/chibios/os/common/startup/ARMCMx/compilers/GCC/vectors.o
                0x080002fc                Reset_Handler
                0x080002fe                VectorE8
                0x080002fe                Vector9C
                0x080002fe                VectorAC
                0x080002fe                DebugMon_Handler
                0x080002fe                Vector1A0
                0x080002fe                Vector5C
                0x080002fe                Vector11C
                0x080002fe                HardFault_Handler
                0x080002fe                Vector1B8
                0x080002fe                Vector19C
                0x080002fe                Vector8C
                0x080002fe                SysTick_Handler
                0x080002fe                VectorDC
                0x080002fe                PendSV_Handler
                0x080002fe                Vector168
                0x080002fe                NMI_Handler
                0x080002fe                Vector110
                0x080002fe                Vector1D8
                0x080002fe                VectorC8
                0x080002fe                Vector94
                0x080002fe                VectorA8
                0x080002fe                VectorB4
                0x080002fe                Vector160
                0x080002fe                Vector1B0
                0x080002fe                UsageFault_Handler
                0x080002fe                VectorEC
                0x080002fe                Vector40
                0x080002fe                VectorF8
                0x080002fe                Vector108
                0x080002fe                Vector190
                0x080002fe                Vector1C4
                0x080002fe                Vector1CC
                0x080002fe                Vector148
                0x080002fe                Vector188
                0x080002fe                Vector198
                0x080002fe                Vector118
                0x080002fe                Vector64
                0x080002fe                Vector58
                0x080002fe                VectorCC
                0x080002fe                Vector54
                0x080002fe                Vector98
                0x080002fe                VectorD8
                0x080002fe                Vector138
                0x080002fe                Vector24
                0x080002fe                Vector1AC
                0x080002fe                Vector178
                0x080002fe                SecureFault_Handler
                0x080002fe                Vector1A4
                0x080002fe                VectorD0
                0x080002fe                Vector1B4
                0x080002fe                Vector140
                0x080002fe                VectorE4
                0x080002fe                Vector1C0
                0x080002fe                Vector134
                0x080002fe                Vector1D0
                0x080002fe                VectorF0
                0x080002fe                Vector13C
                0x080002fe                Vector100
                0x080002fe                VectorE0
                0x080002fe                VectorF4
                0x080002fe                MemManage_Handler
                0x080002fe                VectorA0
                0x080002fe                VectorC4
                0x080002fe                Vector180
                0x080002fe                Vector90
                0x080002fe                Vector114
                0x080002fe                Vector164
                0x080002fe                Vector60
                0x080002fe                Vector1BC
                0x080002fe                Vector1D4
                0x080002fe                Vector17C
                0x080002fe                Vector48
                0x080002fe                Vector1A8
                0x080002fe                Vector16C
                0x080002fe                VectorD4
                0x080002fe                Vector4C
                0x080002fe                Vector144
                0x080002fe                Vector15C
                0x080002fe                Vector68
                0x080002fe                Vector18C
                0x080002fe                Vector170
                0x080002fe                Vector88
                0x080002fe                Vector104
                0x080002fe                Vector184
                0x080002fe                Vector10C
                0x080002fe                BusFault_Handler
                0x080002fe                Vector50
                0x080002fe                Vector1C8
                0x080002fe                Vector194
                0x080002fe                Vector1DC
                0x080002fe                Vector44
                0x080002fe                Vector28
                0x080002fe                VectorB8
                0x080002fe                Vector34
                0x080002fe                VectorA4
                0x080002fe                Vector20
                0x080002fe                Vector174
                0x08000302                _unhandled_exception
 .text          0x08000304       0x32 .build/obj_vessel_base/./lib/chibios/os/common/ports/ARMv7-M/compilers/GCC/chcoreasm.o
                0x08000304                __port_switch
                0x0800031c                __port_thread_start
                0x0800032e                __port_switch_from_isr
                0x08000332                __port_exit_from_isr
 *fill*         0x08000336        0x2 
 .text          0x08000338       0x30 c:/qmk_msys/mingw64/bin/../lib/gcc/arm-none-eabi/12.2.0/thumb/v7e-m+fp/hard\libgcc.a(_aeabi_uldivmod.o)
                0x08000338                __aeabi_uldivmod
 .text          0x08000368        0x4 c:/qmk_msys/mingw64/bin/../lib/gcc/arm-none-eabi/12.2.0/thumb/v7e-m+fp/hard\libgcc.a(_dvmd_tls.o)
                0x08000368                __aeabi_idiv0
                0x08000368                __aeabi_ldiv0
 *fill*         0x0800036c        0x4 
 .text          0x08000370       0xfc c:/qmk_msys/mingw64/bin/../lib/gcc/arm-none-eabi/12.2.0/../../../../arm-none-eabi/lib/thumb/v7e-m+fp/hard\libg_nano.a(libc_a-rand.o)
                0x08000370                srand
                0x080003d4                rand
 .text          0x0800046c      0x134 c:/qmk_msys/mingw64/bin/../lib/gcc/arm-none-eabi/12.2.0/../../../../arm-none-eabi/lib/thumb/v7e-m+fp/hard\libg_nano.a(libc_a-memcpy.o)
                0x0800046c                memcpy
 .text          0x080005a0       0x4c c:/qmk_msys/mingw64/bin/../lib/gcc/arm-none-eabi/12.2.0/../../../../arm-none-eabi/lib/thumb/v7e-m+fp/hard\libg_nano.a(libc_a-assert.o)
                0x080005a0                __assert_func
                0x080005e0                __assert
 .text          0x080005ec       0x20 c:/qmk_msys/mingw64/bin/../lib/gcc/arm-none-eabi/12.2.0/../../../../arm-none-eabi/lib/thumb/v7e-m+fp/hard\libg_nano.a(libc_a-malloc.o)
                0x080005ec                malloc
                0x080005fc                free
 .text          0x0800060c      0x140 c:/qmk_msys/mingw64/bin/../lib/gcc/arm-none-eabi/12.2.0/../../../../arm-none-eabi/lib/thumb/v7e-m+fp/hard\libg_nano.a(libc_a-mallocr.o)
                0x08000654                _malloc_r
 .text          0x0800074c       0x18 c:/qmk_msys/mingw64/bin/../lib/gcc/arm-none-eabi/12.2.0/../../../../arm-none-eabi/lib/thumb/v7e-m+fp/hard\libg_nano.a(libc_a-mlock.o)
                0x0800074c                __malloc_lock
                0x08000758                __malloc_unlock
 .text          0x08000764       0x44 c:/qmk_msys/mingw64/bin/../lib/gcc/arm-none-eabi/12.2.0/../../../../arm-none-eabi/lib/thumb/v7e-m+fp/hard\libg_nano.a(libc_a-fprintf.o)
                0x08000764                _fprintf_r
                0x08000764                _fiprintf_r
                0x08000780                fiprintf
                0x08000780                fprintf
 .text          0x080007a8       0x28 c:/qmk_msys/mingw64/bin/../lib/gcc/arm-none-eabi/12.2.0/../../../../arm-none-eabi/lib/thumb/v7e-m+fp/hard\libg_nano.a(libc_a-lock.o)
                0x080007a8                __retarget_lock_init
                0x080007ac                __retarget_lock_init_recursive
                0x080007b0                __retarget_lock_close
                0x080007b4                __retarget_lock_close_recursive
                0x080007b8                __retarget_lock_acquire
                0x080007bc                __retarget_lock_acquire_recursive
                0x080007c0                __retarget_lock_try_acquire
                0x080007c4                __retarget_lock_try_acquire_recursive
                0x080007c8                __retarget_lock_release
                0x080007cc                __retarget_lock_release_recursive
 .text          0x080007d0       0x10 c:/qmk_msys/mingw64/bin/../lib/gcc/arm-none-eabi/12.2.0/../../../../arm-none-eabi/lib/thumb/v7e-m+fp/hard\libg_nano.a(libc_a-abort.o)
                0x080007d0                abort
 .text          0x080007e0       0xbc c:/qmk_msys/mingw64/bin/../lib/gcc/arm-none-eabi/12.2.0/../../../../arm-none-eabi/lib/thumb/v7e-m+fp/hard\libg_nano.a(libc_a-freer.o)
                0x080007e0                _free_r
 .text          0x0800089c      0x368 c:/qmk_msys/mingw64/bin/../lib/gcc/arm-none-eabi/12.2.0/../../../../arm-none-eabi/lib/thumb/v7e-m+fp/hard\libg_nano.a(libc_a-nano-vfprintf.o)
                0x080008d8                __sfputs_r
                0x08000908                __sprint_r
                0x08000928                _vfiprintf_r
                0x08000928                _vfprintf_r
                0x08000be8                vfprintf
                0x08000be8                vfiprintf
 .text          0x08000c04      0x3a4 c:/qmk_msys/mingw64/bin/../lib/gcc/arm-none-eabi/12.2.0/../../../../arm-none-eabi/lib/thumb/v7e-m+fp/hard\libg_nano.a(libc_a-nano-vfprintf_i.o)
                0x08000c04                _printf_common
                0x08000d28                _printf_i
 .text          0x08000fa8      0x2dc c:/qmk_msys/mingw64/bin/../lib/gcc/arm-none-eabi/12.2.0/../../../../arm-none-eabi/lib/thumb/v7e-m+fp/hard\libg_nano.a(libc_a-findfp.o)
                0x08001124                __sfp
                0x080011e4                __sinit
                0x08001224                __sfp_lock_acquire
                0x08001230                __sfp_lock_release
                0x0800123c                __fp_lock_all
                0x08001260                __fp_unlock_all
 .text          0x08001284      0x300 c:/qmk_msys/mingw64/bin/../lib/gcc/arm-none-eabi/12.2.0/../../../../arm-none-eabi/lib/thumb/v7e-m+fp/hard\libg_nano.a(libc_a-fvwrite.o)
                0x08001284                __sfvwrite_r
 .text          0x08001584       0x48 c:/qmk_msys/mingw64/bin/../lib/gcc/arm-none-eabi/12.2.0/../../../../arm-none-eabi/lib/thumb/v7e-m+fp/hard\libg_nano.a(libc_a-fwalk.o)
                0x08001584                _fwalk_sglue
 .text          0x080015cc       0x94 c:/qmk_msys/mingw64/bin/../lib/gcc/arm-none-eabi/12.2.0/../../../../arm-none-eabi/lib/thumb/v7e-m+fp/hard\libg_nano.a(libc_a-stdio.o)
                0x080015cc                __sread
                0x080015f0                __seofread
                0x080015f4                __swrite
                0x08001634                __sseek
                0x08001658                __sclose
 .text          0x08001660       0xa0 c:/qmk_msys/mingw64/bin/../lib/gcc/arm-none-eabi/12.2.0/../../../../arm-none-eabi/lib/thumb/v7e-m+fp/hard\libg_nano.a(libc_a-wbuf.o)
                0x08001660                __swbuf_r
                0x080016e8                __swbuf
 .text          0x08001700       0xc0 c:/qmk_msys/mingw64/bin/../lib/gcc/arm-none-eabi/12.2.0/../../../../arm-none-eabi/lib/thumb/v7e-m+fp/hard\libg_nano.a(libc_a-wsetup.o)
                0x08001700                __swsetup_r
 .text          0x080017c0      0x100 c:/qmk_msys/mingw64/bin/../lib/gcc/arm-none-eabi/12.2.0/../../../../arm-none-eabi/lib/thumb/v7e-m+fp/hard\libg_nano.a(libc_a-memmove.o)
                0x080017c0                memmove
 .text          0x080018c0       0xa4 c:/qmk_msys/mingw64/bin/../lib/gcc/arm-none-eabi/12.2.0/../../../../arm-none-eabi/lib/thumb/v7e-m+fp/hard\libg_nano.a(libc_a-memset.o)
                0x080018c0                memset
 .text          0x08001964      0x260 c:/qmk_msys/mingw64/bin/../lib/gcc/arm-none-eabi/12.2.0/../../../../arm-none-eabi/lib/thumb/v7e-m+fp/hard\libg_nano.a(libc_a-signal.o)
                0x08001964                _init_signal_r
                0x08001990                _signal_r
                0x080019dc                _raise_r
                0x08001a2c                __sigtramp_r
                0x08001a8c                raise
                0x08001ae0                signal
                0x08001b2c                _init_signal
                0x08001b60                __sigtramp
 .text          0x08001bc4       0x30 c:/qmk_msys/mingw64/bin/../lib/gcc/arm-none-eabi/12.2.0/../../../../arm-none-eabi/lib/thumb/v7e-m+fp/hard\libg_nano.a(libc_a-signalr.o)
                0x08001bc4                _kill_r
                0x08001bf0                _getpid_r
 *fill*         0x08001bf4        0xc 
 .text          0x08001c00       0xa0 c:/qmk_msys/mingw64/bin/../lib/gcc/arm-none-eabi/12.2.0/../../../../arm-none-eabi/lib/thumb/v7e-m+fp/hard\libg_nano.a(libc_a-memchr.o)
                0x08001c00                memchr
 .text          0x08001ca0       0x68 c:/qmk_msys/mingw64/bin/../lib/gcc/arm-none-eabi/12.2.0/../../../../arm-none-eabi/lib/thumb/v7e-m+fp/hard\libg_nano.a(libc_a-reallocr.o)
                0x08001ca0                _realloc_r
 .text          0x08001d08      0x1a0 c:/qmk_msys/mingw64/bin/../lib/gcc/arm-none-eabi/12.2.0/../../../../arm-none-eabi/lib/thumb/v7e-m+fp/hard\libg_nano.a(libc_a-fflush.o)
                0x08001d08                __sflush_r
                0x08001e28                _fflush_r
                0x08001e80                fflush
 .text          0x08001ea8      0x114 c:/qmk_msys/mingw64/bin/../lib/gcc/arm-none-eabi/12.2.0/../../../../arm-none-eabi/lib/thumb/v7e-m+fp/hard\libg_nano.a(libc_a-makebuf.o)
                0x08001ea8                __smakebuf_r
                0x08001f6c                __swhatbuf_r
 .text          0x08001fbc       0x10 c:/qmk_msys/mingw64/bin/../lib/gcc/arm-none-eabi/12.2.0/../../../../arm-none-eabi/lib/thumb/v7e-m+fp/hard\libg_nano.a(libc_a-msizer.o)
                0x08001fbc                _malloc_usable_size_r
 .text          0x08001fcc       0x60 c:/qmk_msys/mingw64/bin/../lib/gcc/arm-none-eabi/12.2.0/../../../../arm-none-eabi/lib/thumb/v7e-m+fp/hard\libg_nano.a(libc_a-memcmp.o)
                0x08001fcc                memcmp
 *(.text.*)
 .text.do_code16
                0x0800202c       0x58 C:\QMK_MSYS\tmp\cceckwMR.ltrans0.ltrans.o
 .text.bitrev   0x08002084       0x26 C:\QMK_MSYS\tmp\cceckwMR.ltrans0.ltrans.o
 *fill*         0x080020aa        0x2 
 .text.layer_on
                0x080020ac       0x14 C:\QMK_MSYS\tmp\cceckwMR.ltrans0.ltrans.o
 .text.layer_off
                0x080020c0       0x14 C:\QMK_MSYS\tmp\cceckwMR.ltrans0.ltrans.o
 .text.update_source_layers_cache_impl
                0x080020d4       0x32 C:\QMK_MSYS\tmp\cceckwMR.ltrans0.ltrans.o
 .text.read_source_layers_cache_impl
                0x08002106       0x26 C:\QMK_MSYS\tmp\cceckwMR.ltrans0.ltrans.o
 .text.update_source_layers_cache
                0x0800212c       0x44 C:\QMK_MSYS\tmp\cceckwMR.ltrans0.ltrans.o
 .text.read_source_layers_cache
                0x08002170       0x3c C:\QMK_MSYS\tmp\cceckwMR.ltrans0.ltrans.o
 .text.debug_waiting_buffer
                0x080021ac       0x20 C:\QMK_MSYS\tmp\cceckwMR.ltrans0.ltrans.o
 .text.keymap_key_to_keycode
                0x080021cc       0x50 C:\QMK_MSYS\tmp\cceckwMR.ltrans0.ltrans.o
 .text.keycode_config
                0x0800221c      0x10c C:\QMK_MSYS\tmp\cceckwMR.ltrans0.ltrans.o
 .text.mod_config
                0x08002328       0xc4 C:\QMK_MSYS\tmp\cceckwMR.ltrans0.ltrans.o
 .text.action_for_keycode
                0x080023ec      0x1a8 C:\QMK_MSYS\tmp\cceckwMR.ltrans0.ltrans.o
 .text.layer_switch_get_layer
                0x08002594       0x50 C:\QMK_MSYS\tmp\cceckwMR.ltrans0.ltrans.o
 .text.get_record_keycode
                0x080025e4       0x34 C:\QMK_MSYS\tmp\cceckwMR.ltrans0.ltrans.o
 .text.layer_switch_get_action
                0x08002618       0x24 C:\QMK_MSYS\tmp\cceckwMR.ltrans0.ltrans.o
 .text.is_tap_record
                0x0800263c       0x50 C:\QMK_MSYS\tmp\cceckwMR.ltrans0.ltrans.o
 .text.null_sendchar_func
                0x0800268c        0x4 C:\QMK_MSYS\tmp\cceckwMR.ltrans0.ltrans.o
 .text.__idle_thread
                0x08002690        0x4 C:\QMK_MSYS\tmp\cceckwMR.ltrans0.ltrans.o
 .text.putchar_via_gadget
                0x08002694       0x2a C:\QMK_MSYS\tmp\cceckwMR.ltrans0.ltrans.o
 *fill*         0x080026be        0x2 
 .text.putchar_wrapper
                0x080026c0        0xc C:\QMK_MSYS\tmp\cceckwMR.ltrans0.ltrans.o
 .text.out_rev_
                0x080026cc       0x60 C:\QMK_MSYS\tmp\cceckwMR.ltrans0.ltrans.o
 .text.print_integer
                0x0800272c      0x256 C:\QMK_MSYS\tmp\cceckwMR.ltrans0.ltrans.o
 *fill*         0x08002982        0x2 
 .text.hsv_to_rgb
                0x08002984       0xac C:\QMK_MSYS\tmp\cceckwMR.ltrans0.ltrans.o
 .text.sqrt16   0x08002a30       0x4c C:\QMK_MSYS\tmp\cceckwMR.ltrans0.ltrans.o
 .text.random8  0x08002a7c       0x24 C:\QMK_MSYS\tmp\cceckwMR.ltrans0.ltrans.o
 .text.sin8_C   0x08002aa0       0x48 C:\QMK_MSYS\tmp\cceckwMR.ltrans0.ltrans.o
 .text.atan2_8  0x08002ae8       0x46 C:\QMK_MSYS\tmp\cceckwMR.ltrans0.ltrans.o
 *fill*         0x08002b2e        0x2 
 .text.BAND_SAT_math
                0x08002b30       0x5c C:\QMK_MSYS\tmp\cceckwMR.ltrans0.ltrans.o
 .text.BAND_VAL_math
                0x08002b8c       0x5c C:\QMK_MSYS\tmp\cceckwMR.ltrans0.ltrans.o
 .text.BAND_PINWHEEL_SAT_math
                0x08002be8       0x48 C:\QMK_MSYS\tmp\cceckwMR.ltrans0.ltrans.o
 .text.BAND_PINWHEEL_VAL_math
                0x08002c30       0x48 C:\QMK_MSYS\tmp\cceckwMR.ltrans0.ltrans.o
 .text.BAND_SPIRAL_SAT_math
                0x08002c78       0x46 C:\QMK_MSYS\tmp\cceckwMR.ltrans0.ltrans.o
 .text.BAND_SPIRAL_VAL_math
                0x08002cbe       0x46 C:\QMK_MSYS\tmp\cceckwMR.ltrans0.ltrans.o
 .text.CYCLE_ALL_math
                0x08002d04       0x26 C:\QMK_MSYS\tmp\cceckwMR.ltrans0.ltrans.o
 *fill*         0x08002d2a        0x2 
 .text.CYCLE_LEFT_RIGHT_math
                0x08002d2c       0x38 C:\QMK_MSYS\tmp\cceckwMR.ltrans0.ltrans.o
 .text.CYCLE_UP_DOWN_math
                0x08002d64       0x38 C:\QMK_MSYS\tmp\cceckwMR.ltrans0.ltrans.o
 .text.RAINBOW_MOVING_CHEVRON_math
                0x08002d9c       0x54 C:\QMK_MSYS\tmp\cceckwMR.ltrans0.ltrans.o
 .text.CYCLE_OUT_IN_math
                0x08002df0       0x32 C:\QMK_MSYS\tmp\cceckwMR.ltrans0.ltrans.o
 .text.CYCLE_OUT_IN_DUAL_math
                0x08002e22       0x48 C:\QMK_MSYS\tmp\cceckwMR.ltrans0.ltrans.o
 .text.CYCLE_PINWHEEL_math
                0x08002e6a       0x30 C:\QMK_MSYS\tmp\cceckwMR.ltrans0.ltrans.o
 .text.CYCLE_SPIRAL_math
                0x08002e9a       0x36 C:\QMK_MSYS\tmp\cceckwMR.ltrans0.ltrans.o
 .text.DUAL_BEACON_math
                0x08002ed0       0x50 C:\QMK_MSYS\tmp\cceckwMR.ltrans0.ltrans.o
 .text.RAINBOW_BEACON_math
                0x08002f20       0x50 C:\QMK_MSYS\tmp\cceckwMR.ltrans0.ltrans.o
 .text.RAINBOW_PINWHEELS_math
                0x08002f70       0x60 C:\QMK_MSYS\tmp\cceckwMR.ltrans0.ltrans.o
 .text.FLOWER_BLOOMING_math
                0x08002fd0       0x48 C:\QMK_MSYS\tmp\cceckwMR.ltrans0.ltrans.o
 .text.HUE_PENDULUM_math
                0x08003018       0x64 C:\QMK_MSYS\tmp\cceckwMR.ltrans0.ltrans.o
 .text.HUE_WAVE_math
                0x0800307c       0x4c C:\QMK_MSYS\tmp\cceckwMR.ltrans0.ltrans.o
 .text.SOLID_REACTIVE_SIMPLE_math
                0x080030c8       0x58 C:\QMK_MSYS\tmp\cceckwMR.ltrans0.ltrans.o
 .text.SOLID_REACTIVE_math
                0x08003120       0x50 C:\QMK_MSYS\tmp\cceckwMR.ltrans0.ltrans.o
 .text.SOLID_REACTIVE_WIDE_math
                0x08003170       0x70 C:\QMK_MSYS\tmp\cceckwMR.ltrans0.ltrans.o
 .text.SOLID_REACTIVE_CROSS_math
                0x080031e0       0x9c C:\QMK_MSYS\tmp\cceckwMR.ltrans0.ltrans.o
 .text.SOLID_REACTIVE_NEXUS_math
                0x0800327c       0x94 C:\QMK_MSYS\tmp\cceckwMR.ltrans0.ltrans.o
 .text.SPLASH_math
                0x08003310       0x4e C:\QMK_MSYS\tmp\cceckwMR.ltrans0.ltrans.o
 .text.SOLID_SPLASH_math
                0x0800335e       0x44 C:\QMK_MSYS\tmp\cceckwMR.ltrans0.ltrans.o
 .text.rgb_matrix_set_color
                0x080033a2        0x4 C:\QMK_MSYS\tmp\cceckwMR.ltrans0.ltrans.o
 .text.rgb_matrix_set_color_all
                0x080033a6        0x4 C:\QMK_MSYS\tmp\cceckwMR.ltrans0.ltrans.o
 .text.rgb_matrix_get_limits
                0x080033aa       0x2a C:\QMK_MSYS\tmp\cceckwMR.ltrans0.ltrans.o
 .text.rgb_matrix_disable_noeeprom
                0x080033d4       0x20 C:\QMK_MSYS\tmp\cceckwMR.ltrans0.ltrans.o
 .text.init     0x080033f4        0xc C:\QMK_MSYS\tmp\cceckwMR.ltrans0.ltrans.o
 .text.setled   0x08003400       0x3c C:\QMK_MSYS\tmp\cceckwMR.ltrans0.ltrans.o
 .text.setled_all
                0x0800343c       0x1c C:\QMK_MSYS\tmp\cceckwMR.ltrans0.ltrans.o
 .text.handleKeycodeRGB
                0x08003458        0x6 C:\QMK_MSYS\tmp\cceckwMR.ltrans0.ltrans.o
 *fill*         0x0800345e        0x2 
 .text.oled_write_raw
                0x08003460       0x60 C:\QMK_MSYS\tmp\cceckwMR.ltrans0.ltrans.o
 .text.encoder_quadrature_read_pin
                0x080034c0       0x24 C:\QMK_MSYS\tmp\cceckwMR.ltrans0.ltrans.o
 .text.sendByte
                0x080034e4       0x78 C:\QMK_MSYS\tmp\cceckwMR.ltrans0.ltrans.o
 .text._process_tap_dance_action_fn
                0x0800355c        0x6 C:\QMK_MSYS\tmp\cceckwMR.ltrans0.ltrans.o
 *fill*         0x08003562        0x2 
 .text.host_keyboard_leds
                0x08003564       0x10 C:\QMK_MSYS\tmp\cceckwMR.ltrans0.ltrans.o
 .text.host_system_send
                0x08003574       0x38 C:\QMK_MSYS\tmp\cceckwMR.ltrans0.ltrans.o
 .text.host_consumer_send
                0x080035ac       0x38 C:\QMK_MSYS\tmp\cceckwMR.ltrans0.ltrans.o
 .text.timer_read32
                0x080035e4       0x6c C:\QMK_MSYS\tmp\cceckwMR.ltrans0.ltrans.o
 .text.__NVIC_SystemReset
                0x08003650       0x24 C:\QMK_MSYS\tmp\cceckwMR.ltrans0.ltrans.o
 .text.usb_get_descriptor_cb
                0x08003674       0xac C:\QMK_MSYS\tmp\cceckwMR.ltrans0.ltrans.o
 .text.dummy_usb_cb
                0x08003720        0x2 C:\QMK_MSYS\tmp\cceckwMR.ltrans0.ltrans.o
 *fill*         0x08003722        0x2 
 .text.set_led_transfer_cb
                0x08003724       0x34 C:\QMK_MSYS\tmp\cceckwMR.ltrans0.ltrans.o
 .text.usb_sof_cb
                0x08003758        0xe C:\QMK_MSYS\tmp\cceckwMR.ltrans0.ltrans.o
 *fill*         0x08003766        0x2 
 .text.keyboard_leds
                0x08003768        0xc C:\QMK_MSYS\tmp\cceckwMR.ltrans0.ltrans.o
 .text.send_mouse
                0x08003774        0x2 C:\QMK_MSYS\tmp\cceckwMR.ltrans0.ltrans.o
 .text.chSysGetStatusAndLockX
                0x08003776       0x12 C:\QMK_MSYS\tmp\cceckwMR.ltrans0.ltrans.o
 .text.chSysPolledDelayX
                0x08003788       0x14 C:\QMK_MSYS\tmp\cceckwMR.ltrans0.ltrans.o
 .text.dmaStreamFreeI
                0x0800379c       0x7c C:\QMK_MSYS\tmp\cceckwMR.ltrans0.ltrans.o
 .text.i2c_lld_abort_operation
                0x08003818       0x4a C:\QMK_MSYS\tmp\cceckwMR.ltrans0.ltrans.o
 *fill*         0x08003862        0x2 
 .text.i2c_lld_serve_tx_end_irq
                0x08003864       0x44 C:\QMK_MSYS\tmp\cceckwMR.ltrans0.ltrans.o
 .text.otg_disable_ep
                0x080038a8       0x56 C:\QMK_MSYS\tmp\cceckwMR.ltrans0.ltrans.o
 .text.usb_lld_start_in
                0x080038fe       0x8a C:\QMK_MSYS\tmp\cceckwMR.ltrans0.ltrans.o
 .text.usbStartTransmitI
                0x08003988       0x24 C:\QMK_MSYS\tmp\cceckwMR.ltrans0.ltrans.o
 .text._usb_ep0out
                0x080039ac       0x80 C:\QMK_MSYS\tmp\cceckwMR.ltrans0.ltrans.o
 .text.gpio_init
                0x08003a2c       0x1e C:\QMK_MSYS\tmp\cceckwMR.ltrans0.ltrans.o
 *fill*         0x08003a4a        0x2 
 .text._usb_wakeup.constprop.0
                0x08003a4c       0x1c C:\QMK_MSYS\tmp\cceckwMR.ltrans0.ltrans.o
 .text.usb_lld_start_out.constprop.0
                0x08003a68       0x66 C:\QMK_MSYS\tmp\cceckwMR.ltrans0.ltrans.o
 .text.usbStartReceiveI.constprop.0
                0x08003ace       0x20 C:\QMK_MSYS\tmp\cceckwMR.ltrans0.ltrans.o
 .text._usb_ep0in
                0x08003aee       0xb8 C:\QMK_MSYS\tmp\cceckwMR.ltrans0.ltrans.o
 *fill*         0x08003ba6        0x2 
 .text.dmaStreamAllocI.part.0.constprop.0
                0x08003ba8       0xa8 C:\QMK_MSYS\tmp\cceckwMR.ltrans0.ltrans.o
 .text.effect_runner_dx_dy.constprop.0
                0x08003c50       0xc4 C:\QMK_MSYS\tmp\cceckwMR.ltrans0.ltrans.o
 .text.effect_runner_dx_dy_dist.constprop.0
                0x08003d14       0xec C:\QMK_MSYS\tmp\cceckwMR.ltrans0.ltrans.o
 .text.effect_runner_sin_cos_i.constprop.0
                0x08003e00       0xd4 C:\QMK_MSYS\tmp\cceckwMR.ltrans0.ltrans.o
 .text.effect_runner_i.constprop.0
                0x08003ed4       0xac C:\QMK_MSYS\tmp\cceckwMR.ltrans0.ltrans.o
 .text.effect_runner_reactive.constprop.0
                0x08003f80       0xf8 C:\QMK_MSYS\tmp\cceckwMR.ltrans0.ltrans.o
 .text.effect_runner_reactive_splash.constprop.0
                0x08004078      0x140 C:\QMK_MSYS\tmp\cceckwMR.ltrans0.ltrans.o
 .text.set_starlight_color.constprop.0
                0x080041b8       0x68 C:\QMK_MSYS\tmp\cceckwMR.ltrans0.ltrans.o
 .text.eeconfig_flag_rgb_matrix.constprop.0
                0x08004220       0x10 C:\QMK_MSYS\tmp\cceckwMR.ltrans0.ltrans.o
 .text.rgb_matrix_enable
                0x08004230       0x24 C:\QMK_MSYS\tmp\cceckwMR.ltrans0.ltrans.o
 .text.vsnprintf_impl.constprop.0
                0x08004254      0x384 C:\QMK_MSYS\tmp\cceckwMR.ltrans0.ltrans.o
 .text.usbStart.constprop.0.isra.0
                0x080045d8       0xe4 C:\QMK_MSYS\tmp\cceckwMR.ltrans0.ltrans.o
 .text.otg_txfifo_flush.isra.0
                0x080046bc       0x14 C:\QMK_MSYS\tmp\cceckwMR.ltrans0.ltrans.o
 .text.usb_event_queue_enqueue.isra.0
                0x080046d0       0x28 C:\QMK_MSYS\tmp\cceckwMR.ltrans0.ltrans.o
 .text.waiting_buffer_typed.isra.0
                0x080046f8       0x44 C:\QMK_MSYS\tmp\cceckwMR.ltrans0.ltrans.o
 .text.eeprom_write_block
                0x0800473c       0x24 C:\QMK_MSYS\tmp\cceckwMR.ltrans0.ltrans.o
 .text.eeprom_driver_erase
                0x08004760       0x10 C:\QMK_MSYS\tmp\cceckwMR.ltrans0.ltrans.o
 .text.eeprom_read_block
                0x08004770       0x34 C:\QMK_MSYS\tmp\cceckwMR.ltrans0.ltrans.o
 .text.eeprom_update_byte
                0x080047a4       0x34 C:\QMK_MSYS\tmp\cceckwMR.ltrans0.ltrans.o
 .text.eeprom_read_word
                0x080047d8       0x1e C:\QMK_MSYS\tmp\cceckwMR.ltrans0.ltrans.o
 .text.eeprom_update_word
                0x080047f6       0x22 C:\QMK_MSYS\tmp\cceckwMR.ltrans0.ltrans.o
 .text.eeprom_update_dword.constprop.0
                0x08004818       0x2a C:\QMK_MSYS\tmp\cceckwMR.ltrans0.ltrans.o
 *fill*         0x08004842        0x2 
 .text.oled_clear
                0x08004844       0x2c C:\QMK_MSYS\tmp\cceckwMR.ltrans0.ltrans.o
 .text.animation_on.isra.0
                0x08004870       0x84 C:\QMK_MSYS\tmp\cceckwMR.ltrans0.ltrans.o
 .text.clear_keys_from_report
                0x080048f4       0x34 C:\QMK_MSYS\tmp\cceckwMR.ltrans0.ltrans.o
 .text.usbInitEndpointI
                0x08004928      0x134 C:\QMK_MSYS\tmp\cceckwMR.ltrans0.ltrans.o
 .text.usb_event_cb
                0x08004a5c       0x6c C:\QMK_MSYS\tmp\cceckwMR.ltrans0.ltrans.o
 .text.set_starlight_dual_sat_color.constprop.0
                0x08004ac8       0x80 C:\QMK_MSYS\tmp\cceckwMR.ltrans0.ltrans.o
 .text.set_starlight_dual_hue_color.constprop.0
                0x08004b48       0x80 C:\QMK_MSYS\tmp\cceckwMR.ltrans0.ltrans.o
 .text.oled_send_cmd
                0x08004bc8       0x16 C:\QMK_MSYS\tmp\cceckwMR.ltrans0.ltrans.o
 .text.ch_dlist_insert
                0x08004bde       0x2a C:\QMK_MSYS\tmp\cceckwMR.ltrans0.ltrans.o
 .text.vt_set_alarm
                0x08004c08       0x38 C:\QMK_MSYS\tmp\cceckwMR.ltrans0.ltrans.o
 .text.chVTDoResetI
                0x08004c40       0x6c C:\QMK_MSYS\tmp\cceckwMR.ltrans0.ltrans.o
 .text.vt_insert_first.constprop.0
                0x08004cac       0x54 C:\QMK_MSYS\tmp\cceckwMR.ltrans0.ltrans.o
 .text.vt_enqueue.constprop.0
                0x08004d00       0x50 C:\QMK_MSYS\tmp\cceckwMR.ltrans0.ltrans.o
 .text.chVTSetI.constprop.0
                0x08004d50       0x30 C:\QMK_MSYS\tmp\cceckwMR.ltrans0.ltrans.o
 .text.usb_requests_hook_cb
                0x08004d80      0x15c C:\QMK_MSYS\tmp\cceckwMR.ltrans0.ltrans.o
 .text.keyboard_idle_timer_cb
                0x08004edc       0x78 C:\QMK_MSYS\tmp\cceckwMR.ltrans0.ltrans.o
 .text.__sch_ready_behind.isra.0
                0x08004f54       0x1c C:\QMK_MSYS\tmp\cceckwMR.ltrans0.ltrans.o
 .text.chThdResumeI
                0x08004f70       0x12 C:\QMK_MSYS\tmp\cceckwMR.ltrans0.ltrans.o
 *fill*         0x08004f82        0x2 
 .text.i2c_lld_serve_rx_end_irq
                0x08004f84       0x68 C:\QMK_MSYS\tmp\cceckwMR.ltrans0.ltrans.o
 .text._usb_ep0setup
                0x08004fec      0x34c C:\QMK_MSYS\tmp\cceckwMR.ltrans0.ltrans.o
 .text.otg_epin_handler.constprop.0
                0x08005338      0x108 C:\QMK_MSYS\tmp\cceckwMR.ltrans0.ltrans.o
 .text.otg_epout_handler.constprop.0
                0x08005440       0xac C:\QMK_MSYS\tmp\cceckwMR.ltrans0.ltrans.o
 .text.__sch_wakeup
                0x080054ec       0x44 C:\QMK_MSYS\tmp\cceckwMR.ltrans0.ltrans.o
 .text.chSchGoSleepS
                0x08005530       0x1c C:\QMK_MSYS\tmp\cceckwMR.ltrans0.ltrans.o
 .text.chSchGoSleepTimeoutS
                0x0800554c       0x44 C:\QMK_MSYS\tmp\cceckwMR.ltrans0.ltrans.o
 .text.chThdSuspendTimeoutS
                0x08005590       0x1c C:\QMK_MSYS\tmp\cceckwMR.ltrans0.ltrans.o
 .text.send_report
                0x080055ac       0x50 C:\QMK_MSYS\tmp\cceckwMR.ltrans0.ltrans.o
 .text.programmable_button_flush
                0x080055fc       0x38 C:\QMK_MSYS\tmp\cceckwMR.ltrans0.ltrans.o
 .text.send_keyboard
                0x08005634       0x20 C:\QMK_MSYS\tmp\cceckwMR.ltrans0.ltrans.o
 .text.send_nkro
                0x08005654        0xa C:\QMK_MSYS\tmp\cceckwMR.ltrans0.ltrans.o
 .text.send_extra
                0x0800565e        0xa C:\QMK_MSYS\tmp\cceckwMR.ltrans0.ltrans.o
 .text.__port_irq_epilogue
                0x08005668       0x5c C:\QMK_MSYS\tmp\cceckwMR.ltrans0.ltrans.o
 .text.eeprom_update_block.constprop.0
                0x080056c4       0x2e C:\QMK_MSYS\tmp\cceckwMR.ltrans0.ltrans.o
 *fill*         0x080056f2        0x2 
 .text.rgb_matrix_task
                0x080056f4      0x97c C:\QMK_MSYS\tmp\cceckwMR.ltrans0.ltrans.o
 .text.led_init_ports
                0x08006070        0x2 C:\QMK_MSYS\tmp\cceckwMR.ltrans0.ltrans.o
                0x08006070                __cpu_init
 *fill*         0x08006072        0x2 
 .text.vprintf  0x08006074       0x28 C:\QMK_MSYS\tmp\cceckwMR.ltrans0.ltrans.o
                0x08006074                vprintf
 .text.printf   0x0800609c       0x1a C:\QMK_MSYS\tmp\cceckwMR.ltrans0.ltrans.o
 *fill*         0x080060b6        0x2 
 .text.send_keyboard_report
                0x080060b8      0x128 C:\QMK_MSYS\tmp\cceckwMR.ltrans0.ltrans.o
 .text.register_mods
                0x080061e0       0x14 C:\QMK_MSYS\tmp\cceckwMR.ltrans0.ltrans.o
 .text.unregister_mods
                0x080061f4       0x18 C:\QMK_MSYS\tmp\cceckwMR.ltrans0.ltrans.o
 .text.register_weak_mods
                0x0800620c       0x14 C:\QMK_MSYS\tmp\cceckwMR.ltrans0.ltrans.o
 .text.unregister_weak_mods
                0x08006220       0x18 C:\QMK_MSYS\tmp\cceckwMR.ltrans0.ltrans.o
 .text.clear_keyboard
                0x08006238       0x38 C:\QMK_MSYS\tmp\cceckwMR.ltrans0.ltrans.o
 .text.process_tap_dance_action_on_reset
                0x08006270       0x28 C:\QMK_MSYS\tmp\cceckwMR.ltrans0.ltrans.o
 .text.process_tap_dance_action_on_dance_finished
                0x08006298       0x48 C:\QMK_MSYS\tmp\cceckwMR.ltrans0.ltrans.o
 .text.add_key_to_report
                0x080062e0       0x90 C:\QMK_MSYS\tmp\cceckwMR.ltrans0.ltrans.o
 .text.del_key_from_report
                0x08006370       0x7c C:\QMK_MSYS\tmp\cceckwMR.ltrans0.ltrans.o
 .text.unregister_code.part.0
                0x080063ec       0x74 C:\QMK_MSYS\tmp\cceckwMR.ltrans0.ltrans.o
 .text.unregister_code
                0x08006460       0x3c C:\QMK_MSYS\tmp\cceckwMR.ltrans0.ltrans.o
 .text.unregister_code16
                0x0800649c       0x2c C:\QMK_MSYS\tmp\cceckwMR.ltrans0.ltrans.o
 .text.rgb_matrix_set_speed_eeprom_helper.constprop.0
                0x080064c8       0x34 C:\QMK_MSYS\tmp\cceckwMR.ltrans0.ltrans.o
 .text.rgb_matrix_increase_speed
                0x080064fc       0x18 C:\QMK_MSYS\tmp\cceckwMR.ltrans0.ltrans.o
 .text.rgb_matrix_decrease_speed
                0x08006514       0x14 C:\QMK_MSYS\tmp\cceckwMR.ltrans0.ltrans.o
 .text.rgb_matrix_sethsv_eeprom_helper.constprop.0
                0x08006528       0x48 C:\QMK_MSYS\tmp\cceckwMR.ltrans0.ltrans.o
 .text.rgb_matrix_increase_hue
                0x08006570       0x14 C:\QMK_MSYS\tmp\cceckwMR.ltrans0.ltrans.o
 .text.rgb_matrix_decrease_hue
                0x08006584       0x14 C:\QMK_MSYS\tmp\cceckwMR.ltrans0.ltrans.o
 .text.rgb_matrix_increase_sat
                0x08006598       0x1c C:\QMK_MSYS\tmp\cceckwMR.ltrans0.ltrans.o
 .text.rgb_matrix_decrease_sat
                0x080065b4       0x18 C:\QMK_MSYS\tmp\cceckwMR.ltrans0.ltrans.o
 .text.rgb_matrix_increase_val
                0x080065cc       0x1c C:\QMK_MSYS\tmp\cceckwMR.ltrans0.ltrans.o
 .text.rgb_matrix_decrease_val
                0x080065e8       0x18 C:\QMK_MSYS\tmp\cceckwMR.ltrans0.ltrans.o
 .text.rgb_matrix_mode_eeprom_helper.constprop.0
                0x08006600       0x50 C:\QMK_MSYS\tmp\cceckwMR.ltrans0.ltrans.o
 .text.rgb_matrix_step
                0x08006650       0x18 C:\QMK_MSYS\tmp\cceckwMR.ltrans0.ltrans.o
 .text.rgb_matrix_step_reverse
                0x08006668       0x1c C:\QMK_MSYS\tmp\cceckwMR.ltrans0.ltrans.o
 .text.oled_init.constprop.0.isra.0
                0x08006684       0xb4 C:\QMK_MSYS\tmp\cceckwMR.ltrans0.ltrans.o
 .text.oled_off.isra.0
                0x08006738       0x38 C:\QMK_MSYS\tmp\cceckwMR.ltrans0.ltrans.o
 .text.oled_on.isra.0
                0x08006770       0x4c C:\QMK_MSYS\tmp\cceckwMR.ltrans0.ltrans.o
 .text.oled_task
                0x080067bc      0x250 C:\QMK_MSYS\tmp\cceckwMR.ltrans0.ltrans.o
 .text.__early_init
                0x08006a0c      0x22c C:\QMK_MSYS\tmp\cceckwMR.ltrans0.ltrans.o
                0x08006a0c                __early_init
 .text.__late_init
                0x08006c38        0x2 C:\QMK_MSYS\tmp\cceckwMR.ltrans0.ltrans.o
                0x08006c38                __late_init
 .text.__default_exit
                0x08006c3a        0x2 C:\QMK_MSYS\tmp\cceckwMR.ltrans0.ltrans.o
                0x08006c3a                __default_exit
 .text.__init_ram_areas
                0x08006c3c       0x58 C:\QMK_MSYS\tmp\cceckwMR.ltrans0.ltrans.o
                0x08006c3c                __init_ram_areas
 .text.__sch_reschedule_ahead
                0x08006c94       0x3c C:\QMK_MSYS\tmp\cceckwMR.ltrans0.ltrans.o
                0x08006c94                chSchDoPreemption
 .text.chSchRescheduleS
                0x08006cd0       0x18 C:\QMK_MSYS\tmp\cceckwMR.ltrans0.ltrans.o
 .text.usbStop.constprop.0
                0x08006ce8       0x94 C:\QMK_MSYS\tmp\cceckwMR.ltrans0.ltrans.o
 .text.__interrupt_unlock__.isra.0
                0x08006d7c       0x1e C:\QMK_MSYS\tmp\cceckwMR.ltrans0.ltrans.o
 *fill*         0x08006d9a        0x2 
 .text.rbuf_has_data
                0x08006d9c       0x24 C:\QMK_MSYS\tmp\cceckwMR.ltrans0.ltrans.o
 .text.sendchar
                0x08006dc0       0x34 C:\QMK_MSYS\tmp\cceckwMR.ltrans0.ltrans.o
 .text.chThdExit
                0x08006df4       0x18 C:\QMK_MSYS\tmp\cceckwMR.ltrans0.ltrans.o
                0x08006df4                chThdExit
 .text.chThdSleep
                0x08006e0c       0x18 C:\QMK_MSYS\tmp\cceckwMR.ltrans0.ltrans.o
                0x08006e0c                chThdSleep
 .text.register_code.part.0
                0x08006e24       0xf8 C:\QMK_MSYS\tmp\cceckwMR.ltrans0.ltrans.o
 .text.register_code
                0x08006f1c       0x32 C:\QMK_MSYS\tmp\cceckwMR.ltrans0.ltrans.o
 *fill*         0x08006f4e        0x2 
 .text.register_code16
                0x08006f50       0x2c C:\QMK_MSYS\tmp\cceckwMR.ltrans0.ltrans.o
 .text.tap_dance_pair_on_each_tap
                0x08006f7c       0x1a C:\QMK_MSYS\tmp\cceckwMR.ltrans0.ltrans.o
 .text.tap_dance_pair_finished
                0x08006f96        0x6 C:\QMK_MSYS\tmp\cceckwMR.ltrans0.ltrans.o
 .text.tap_code
                0x08006f9c       0x26 C:\QMK_MSYS\tmp\cceckwMR.ltrans0.ltrans.o
 *fill*         0x08006fc2        0x2 
 .text.perform_space_cadet.constprop.0.isra.0
                0x08006fc4       0xa8 C:\QMK_MSYS\tmp\cceckwMR.ltrans0.ltrans.o
 .text.process_record
                0x0800706c      0x9b4 C:\QMK_MSYS\tmp\cceckwMR.ltrans0.ltrans.o
 .text.waiting_buffer_scan_tap
                0x08007a20       0x80 C:\QMK_MSYS\tmp\cceckwMR.ltrans0.ltrans.o
 .text.process_tapping
                0x08007aa0      0x1fc C:\QMK_MSYS\tmp\cceckwMR.ltrans0.ltrans.o
 .text.action_exec
                0x08007c9c       0xcc C:\QMK_MSYS\tmp\cceckwMR.ltrans0.ltrans.o
 .text.generate_tick_event
                0x08007d68       0x38 C:\QMK_MSYS\tmp\cceckwMR.ltrans0.ltrans.o
 .text.tap_dance_pair_reset
                0x08007da0       0x22 C:\QMK_MSYS\tmp\cceckwMR.ltrans0.ltrans.o
 *fill*         0x08007dc2        0x2 
 .text.SVC_Handler
                0x08007dc4       0x20 C:\QMK_MSYS\tmp\cceckwMR.ltrans0.ltrans.o
                0x08007dc4                SVC_Handler
 .text.i2cStart
                0x08007de4      0x188 C:\QMK_MSYS\tmp\cceckwMR.ltrans0.ltrans.o
                0x08007de4                i2cStart
 .text.i2cStop  0x08007f6c       0x7c C:\QMK_MSYS\tmp\cceckwMR.ltrans0.ltrans.o
                0x08007f6c                i2cStop
 .text.i2cMasterTransmitTimeout
                0x08007fe8      0x104 C:\QMK_MSYS\tmp\cceckwMR.ltrans0.ltrans.o
                0x08007fe8                i2cMasterTransmitTimeout
 .text.VectorB0
                0x080080ec       0xd0 C:\QMK_MSYS\tmp\cceckwMR.ltrans0.ltrans.o
                0x080080ec                VectorB0
 .text.Vector6C
                0x080081bc       0x28 C:\QMK_MSYS\tmp\cceckwMR.ltrans0.ltrans.o
                0x080081bc                Vector6C
 .text.Vector70
                0x080081e4       0x2c C:\QMK_MSYS\tmp\cceckwMR.ltrans0.ltrans.o
                0x080081e4                Vector70
 .text.Vector74
                0x08008210       0x2c C:\QMK_MSYS\tmp\cceckwMR.ltrans0.ltrans.o
                0x08008210                Vector74
 .text.Vector78
                0x0800823c       0x2c C:\QMK_MSYS\tmp\cceckwMR.ltrans0.ltrans.o
                0x0800823c                Vector78
 .text.Vector7C
                0x08008268       0x28 C:\QMK_MSYS\tmp\cceckwMR.ltrans0.ltrans.o
                0x08008268                Vector7C
 .text.Vector80
                0x08008290       0x2c C:\QMK_MSYS\tmp\cceckwMR.ltrans0.ltrans.o
                0x08008290                Vector80
 .text.Vector84
                0x080082bc       0x2c C:\QMK_MSYS\tmp\cceckwMR.ltrans0.ltrans.o
                0x080082bc                Vector84
 .text.VectorFC
                0x080082e8       0x2c C:\QMK_MSYS\tmp\cceckwMR.ltrans0.ltrans.o
                0x080082e8                VectorFC
 .text.Vector120
                0x08008314       0x28 C:\QMK_MSYS\tmp\cceckwMR.ltrans0.ltrans.o
                0x08008314                Vector120
 .text.Vector124
                0x0800833c       0x2c C:\QMK_MSYS\tmp\cceckwMR.ltrans0.ltrans.o
                0x0800833c                Vector124
 .text.Vector128
                0x08008368       0x2c C:\QMK_MSYS\tmp\cceckwMR.ltrans0.ltrans.o
                0x08008368                Vector128
 .text.Vector12C
                0x08008394       0x2c C:\QMK_MSYS\tmp\cceckwMR.ltrans0.ltrans.o
                0x08008394                Vector12C
 .text.Vector130
                0x080083c0       0x28 C:\QMK_MSYS\tmp\cceckwMR.ltrans0.ltrans.o
                0x080083c0                Vector130
 .text.Vector150
                0x080083e8       0x2c C:\QMK_MSYS\tmp\cceckwMR.ltrans0.ltrans.o
                0x080083e8                Vector150
 .text.Vector154
                0x08008414       0x2c C:\QMK_MSYS\tmp\cceckwMR.ltrans0.ltrans.o
                0x08008414                Vector154
 .text.Vector158
                0x08008440       0x2c C:\QMK_MSYS\tmp\cceckwMR.ltrans0.ltrans.o
                0x08008440                Vector158
 .text._pal_lld_setgroupmode
                0x0800846c       0xd6 C:\QMK_MSYS\tmp\cceckwMR.ltrans0.ltrans.o
                0x0800846c                _pal_lld_setgroupmode
 .text.setPinInputHigh_atomic
                0x08008542       0x22 C:\QMK_MSYS\tmp\cceckwMR.ltrans0.ltrans.o
 .text.flush    0x08008564       0x88 C:\QMK_MSYS\tmp\cceckwMR.ltrans0.ltrans.o
 .text.encoder_quadrature_init_pin
                0x080085ec       0x24 C:\QMK_MSYS\tmp\cceckwMR.ltrans0.ltrans.o
 .text.matrix_scan.isra.0
                0x08008610      0x2bc C:\QMK_MSYS\tmp\cceckwMR.ltrans0.ltrans.o
 .text.startup.main
                0x080088cc      0xc78 C:\QMK_MSYS\tmp\cceckwMR.ltrans0.ltrans.o
                0x080088cc                main
 .text.VectorBC
                0x08009544      0x114 C:\QMK_MSYS\tmp\cceckwMR.ltrans0.ltrans.o
                0x08009544                VectorBC
 .text.VectorC0
                0x08009658       0xd0 C:\QMK_MSYS\tmp\cceckwMR.ltrans0.ltrans.o
                0x08009658                VectorC0
 .text.Vector14C
                0x08009728      0x450 C:\QMK_MSYS\tmp\cceckwMR.ltrans0.ltrans.o
                0x08009728                Vector14C
 .text._read_r  0x08009b78        0xa C:\QMK_MSYS\tmp\cceckwMR.ltrans0.ltrans.o
                0x08009b78                _read_r
 .text._lseek_r
                0x08009b82        0x4 C:\QMK_MSYS\tmp\cceckwMR.ltrans0.ltrans.o
                0x08009b82                _lseek_r
 .text._write_r
                0x08009b86        0x4 C:\QMK_MSYS\tmp\cceckwMR.ltrans0.ltrans.o
                0x08009b86                _write_r
 .text._close_r
                0x08009b8a        0x4 C:\QMK_MSYS\tmp\cceckwMR.ltrans0.ltrans.o
                0x08009b8a                _close_r
 *fill*         0x08009b8e        0x2 
 .text._sbrk_r  0x08009b90       0x3c C:\QMK_MSYS\tmp\cceckwMR.ltrans0.ltrans.o
                0x08009b90                _sbrk_r
 .text._fstat_r
                0x08009bcc       0x18 C:\QMK_MSYS\tmp\cceckwMR.ltrans0.ltrans.o
                0x08009bcc                _fstat_r
 .text._isatty_r
                0x08009be4        0x4 C:\QMK_MSYS\tmp\cceckwMR.ltrans0.ltrans.o
                0x08009be4                _isatty_r
 .text._exit    0x08009be8       0x14 C:\QMK_MSYS\tmp\cceckwMR.ltrans0.ltrans.o
                0x08009be8                _exit
 .text._kill    0x08009bfc       0x14 C:\QMK_MSYS\tmp\cceckwMR.ltrans0.ltrans.o
                0x08009bfc                _kill
 .text._getpid  0x08009c10        0x4 C:\QMK_MSYS\tmp\cceckwMR.ltrans0.ltrans.o
                0x08009c10                _getpid
 .text._fini    0x08009c14        0x2 C:\QMK_MSYS\tmp\cceckwMR.ltrans0.ltrans.o
                0x08009c14                _fini
 *fill*         0x08009c16        0x2 
 .text.i2c_epilogue
                0x08009c18       0x20 .build/obj_vessel_base/i2c_master.a(i2c_master.o)
 .text.i2c_init
                0x08009c38       0x50 .build/obj_vessel_base/i2c_master.a(i2c_master.o)
                0x08009c38                i2c_init
 .text.i2c_transmit
                0x08009c88       0x68 .build/obj_vessel_base/i2c_master.a(i2c_master.o)
                0x08009c88                i2c_transmit
 .text.i2c_write_register
                0x08009cf0       0x90 .build/obj_vessel_base/i2c_master.a(i2c_master.o)
                0x08009cf0                i2c_write_register
 .text.__udivmoddi4
                0x08009d80      0x2a0 c:/qmk_msys/mingw64/bin/../lib/gcc/arm-none-eabi/12.2.0/thumb/v7e-m+fp/hard\libgcc.a(_udivmoddi4.o)
                0x08009d80                __udivmoddi4
 *(.glue_7t)
 .glue_7t       0x0800a020        0x0 linker stubs
 *(.glue_7)
 .glue_7        0x0800a020        0x0 linker stubs
 *(.gcc*)
                0x0800a020                        __text_end__ = .

.vfp11_veneer   0x0800a020        0x0
 .vfp11_veneer  0x0800a020        0x0 linker stubs

.v4_bx          0x0800a020        0x0
 .v4_bx         0x0800a020        0x0 linker stubs

.iplt           0x0800a020        0x0
 .iplt          0x0800a020        0x0 .build/obj_vessel_base/i2c_master.a(i2c_master.o)

.rodata         0x0800a020     0x5f20
                0x0800a020                        __rodata_base__ = .
 *(.rodata)
 *(.rodata.*)
 .rodata.i2c_lld_serve_tx_end_irq.str1.1
                0x0800a020      0x4be C:\QMK_MSYS\tmp\cceckwMR.ltrans0.ltrans.o
                                  0xc (size before relaxing)
 .rodata.vsnprintf_impl.constprop.0.str1.1
                0x0800a4de        0xd C:\QMK_MSYS\tmp\cceckwMR.ltrans0.ltrans.o
 .rodata.send_keyboard_report.str1.1
                0x0800a4de       0x36 C:\QMK_MSYS\tmp\cceckwMR.ltrans0.ltrans.o
 .rodata.add_key_to_report.str1.1
                0x0800a4de       0x1e C:\QMK_MSYS\tmp\cceckwMR.ltrans0.ltrans.o
 .rodata.del_key_from_report.str1.1
                0x0800a4de       0x1e C:\QMK_MSYS\tmp\cceckwMR.ltrans0.ltrans.o
 .rodata.rgb_matrix_set_speed_eeprom_helper.constprop.0.str1.1
                0x0800a4de       0x26 C:\QMK_MSYS\tmp\cceckwMR.ltrans0.ltrans.o
 .rodata.rgb_matrix_sethsv_eeprom_helper.constprop.0.str1.1
                0x0800a4de       0x23 C:\QMK_MSYS\tmp\cceckwMR.ltrans0.ltrans.o
 .rodata.rgb_matrix_mode_eeprom_helper.constprop.0.str1.1
                0x0800a4de       0x1a C:\QMK_MSYS\tmp\cceckwMR.ltrans0.ltrans.o
 .rodata.oled_init.constprop.0.isra.0.str1.1
                0x0800a4de       0x71 C:\QMK_MSYS\tmp\cceckwMR.ltrans0.ltrans.o
 .rodata.oled_off.isra.0.str1.1
                0x0800a4de       0x15 C:\QMK_MSYS\tmp\cceckwMR.ltrans0.ltrans.o
 .rodata.oled_on.isra.0.str1.1
                0x0800a4de       0x14 C:\QMK_MSYS\tmp\cceckwMR.ltrans0.ltrans.o
 .rodata.oled_task.str1.1
                0x0800a4de       0x70 C:\QMK_MSYS\tmp\cceckwMR.ltrans0.ltrans.o
 .rodata.process_record.str1.1
                0x0800a4de       0xe9 C:\QMK_MSYS\tmp\cceckwMR.ltrans0.ltrans.o
 .rodata.main.str1.1
                0x0800a4de      0x1d2 C:\QMK_MSYS\tmp\cceckwMR.ltrans0.ltrans.o
 .rodata._exit.str1.1
                0x0800a4de        0x5 C:\QMK_MSYS\tmp\cceckwMR.ltrans0.ltrans.o
 .rodata._kill.str1.1
                0x0800a4de        0x5 C:\QMK_MSYS\tmp\cceckwMR.ltrans0.ltrans.o
 .rodata.epd_bitmap_frame_18_delay_0.21
                0x0800a4de      0x400 C:\QMK_MSYS\tmp\cceckwMR.ltrans0.ltrans.o
 .rodata.epd_bitmap_frame_17_delay_0.20
                0x0800a8de      0x400 C:\QMK_MSYS\tmp\cceckwMR.ltrans0.ltrans.o
 .rodata.epd_bitmap_frame_16_delay_0.19
                0x0800acde      0x400 C:\QMK_MSYS\tmp\cceckwMR.ltrans0.ltrans.o
 .rodata.epd_bitmap_frame_15_delay_0.18
                0x0800b0de      0x400 C:\QMK_MSYS\tmp\cceckwMR.ltrans0.ltrans.o
 .rodata.epd_bitmap_frame_14_delay_0.17
                0x0800b4de      0x400 C:\QMK_MSYS\tmp\cceckwMR.ltrans0.ltrans.o
 .rodata.epd_bitmap_frame_13_delay_0.16
                0x0800b8de      0x400 C:\QMK_MSYS\tmp\cceckwMR.ltrans0.ltrans.o
 .rodata.epd_bitmap_frame_12_delay_0.15
                0x0800bcde      0x400 C:\QMK_MSYS\tmp\cceckwMR.ltrans0.ltrans.o
 .rodata.epd_bitmap_frame_11_delay_0.14
                0x0800c0de      0x400 C:\QMK_MSYS\tmp\cceckwMR.ltrans0.ltrans.o
 .rodata.epd_bitmap_frame_10_delay_0.13
                0x0800c4de      0x400 C:\QMK_MSYS\tmp\cceckwMR.ltrans0.ltrans.o
 .rodata.epd_bitmap_frame_9_delay_0.12
                0x0800c8de      0x400 C:\QMK_MSYS\tmp\cceckwMR.ltrans0.ltrans.o
 .rodata.epd_bitmap_frame_8_delay_0.11
                0x0800ccde      0x400 C:\QMK_MSYS\tmp\cceckwMR.ltrans0.ltrans.o
 .rodata.epd_bitmap_frame_7_delay_0.10
                0x0800d0de      0x400 C:\QMK_MSYS\tmp\cceckwMR.ltrans0.ltrans.o
 .rodata.epd_bitmap_frame_6_delay_0.9
                0x0800d4de      0x400 C:\QMK_MSYS\tmp\cceckwMR.ltrans0.ltrans.o
 .rodata.epd_bitmap_frame_5_delay_0.8
                0x0800d8de      0x400 C:\QMK_MSYS\tmp\cceckwMR.ltrans0.ltrans.o
 .rodata.epd_bitmap_frame_4_delay_0.7
                0x0800dcde      0x400 C:\QMK_MSYS\tmp\cceckwMR.ltrans0.ltrans.o
 .rodata.epd_bitmap_frame_3_delay_0.6
                0x0800e0de      0x400 C:\QMK_MSYS\tmp\cceckwMR.ltrans0.ltrans.o
 .rodata.epd_bitmap_frame_2_delay_0.5
                0x0800e4de      0x400 C:\QMK_MSYS\tmp\cceckwMR.ltrans0.ltrans.o
 .rodata.epd_bitmap_frame_1_delay_0.4
                0x0800e8de      0x400 C:\QMK_MSYS\tmp\cceckwMR.ltrans0.ltrans.o
 .rodata.epd_bitmap_frame_0_delay_0.3
                0x0800ecde      0x400 C:\QMK_MSYS\tmp\cceckwMR.ltrans0.ltrans.o
 .rodata.ConsoleReport
                0x0800f0de       0x15 C:\QMK_MSYS\tmp\cceckwMR.ltrans0.ltrans.o
 .rodata.SharedReport
                0x0800f0f3       0x8b C:\QMK_MSYS\tmp\cceckwMR.ltrans0.ltrans.o
 .rodata.KeyboardReport
                0x0800f17e       0x44 C:\QMK_MSYS\tmp\cceckwMR.ltrans0.ltrans.o
 .rodata.ProductString
                0x0800f1c2       0x14 C:\QMK_MSYS\tmp\cceckwMR.ltrans0.ltrans.o
 .rodata.ManufacturerString
                0x0800f1d6       0x24 C:\QMK_MSYS\tmp\cceckwMR.ltrans0.ltrans.o
 .rodata.LanguageString
                0x0800f1fa        0x4 C:\QMK_MSYS\tmp\cceckwMR.ltrans0.ltrans.o
 .rodata.frame_sizes.22
                0x0800f1fe       0x26 C:\QMK_MSYS\tmp\cceckwMR.ltrans0.ltrans.o
 .rodata.epd_bitmap_allArray.23
                0x0800f224       0x4c C:\QMK_MSYS\tmp\cceckwMR.ltrans0.ltrans.o
 .rodata.display_on.5
                0x0800f270        0x2 C:\QMK_MSYS\tmp\cceckwMR.ltrans0.ltrans.o
 .rodata.display_off.4
                0x0800f272        0x2 C:\QMK_MSYS\tmp\cceckwMR.ltrans0.ltrans.o
 .rodata.display_setup2.11
                0x0800f274        0xd C:\QMK_MSYS\tmp\cceckwMR.ltrans0.ltrans.o
 .rodata.display_flipped.12
                0x0800f281        0x5 C:\QMK_MSYS\tmp\cceckwMR.ltrans0.ltrans.o
 .rodata.display_normal.13
                0x0800f286        0x5 C:\QMK_MSYS\tmp\cceckwMR.ltrans0.ltrans.o
 .rodata.display_setup1.14
                0x0800f28b        0xb C:\QMK_MSYS\tmp\cceckwMR.ltrans0.ltrans.o
 *fill*         0x0800f296        0x2 
 .rodata.ep0config
                0x0800f298       0x24 C:\QMK_MSYS\tmp\cceckwMR.ltrans0.ltrans.o
 .rodata.active_status
                0x0800f2bc        0x2 C:\QMK_MSYS\tmp\cceckwMR.ltrans0.ltrans.o
 .rodata.halted_status
                0x0800f2be        0x2 C:\QMK_MSYS\tmp\cceckwMR.ltrans0.ltrans.o
 .rodata.zero_status
                0x0800f2c0        0x2 C:\QMK_MSYS\tmp\cceckwMR.ltrans0.ltrans.o
 *fill*         0x0800f2c2        0x2 
 .rodata.ram_areas
                0x0800f2c4       0x80 C:\QMK_MSYS\tmp\cceckwMR.ltrans0.ltrans.o
 .rodata.gpio_default_config
                0x0800f344       0xe0 C:\QMK_MSYS\tmp\cceckwMR.ltrans0.ltrans.o
 .rodata.console_ep_config
                0x0800f424       0x24 C:\QMK_MSYS\tmp\cceckwMR.ltrans0.ltrans.o
 .rodata.shared_ep_config
                0x0800f448       0x24 C:\QMK_MSYS\tmp\cceckwMR.ltrans0.ltrans.o
 .rodata.kbd_ep_config
                0x0800f46c       0x24 C:\QMK_MSYS\tmp\cceckwMR.ltrans0.ltrans.o
 .rodata.ConfigurationDescriptor
                0x0800f490       0x54 C:\QMK_MSYS\tmp\cceckwMR.ltrans0.ltrans.o
 .rodata.DeviceDescriptor
                0x0800f4e4       0x12 C:\QMK_MSYS\tmp\cceckwMR.ltrans0.ltrans.o
 .rodata.CSWTCH.5
                0x0800f4f6        0x3 C:\QMK_MSYS\tmp\cceckwMR.ltrans0.ltrans.o
 *fill*         0x0800f4f9        0x3 
 .rodata.CSWTCH.4
                0x0800f4fc        0xc C:\QMK_MSYS\tmp\cceckwMR.ltrans0.ltrans.o
 .rodata.CSWTCH.3
                0x0800f508        0xc C:\QMK_MSYS\tmp\cceckwMR.ltrans0.ltrans.o
 .rodata.CSWTCH.2
                0x0800f514        0x3 C:\QMK_MSYS\tmp\cceckwMR.ltrans0.ltrans.o
 *fill*         0x0800f517        0x1 
 .rodata.CSWTCH.1
                0x0800f518        0xc C:\QMK_MSYS\tmp\cceckwMR.ltrans0.ltrans.o
 .rodata.caps_active.1
                0x0800f524      0x400 C:\QMK_MSYS\tmp\cceckwMR.ltrans0.ltrans.o
 .rodata.target_map.7
                0x0800f924        0x8 C:\QMK_MSYS\tmp\cceckwMR.ltrans0.ltrans.o
 .rodata.source_map.8
                0x0800f92c        0x8 C:\QMK_MSYS\tmp\cceckwMR.ltrans0.ltrans.o
 .rodata.b_m16_interleave
                0x0800f934        0x8 C:\QMK_MSYS\tmp\cceckwMR.ltrans0.ltrans.o
 .rodata.CIE1931_CURVE
                0x0800f93c      0x100 C:\QMK_MSYS\tmp\cceckwMR.ltrans0.ltrans.o
 .rodata._stm32_dma_streams
                0x0800fa3c       0xc0 C:\QMK_MSYS\tmp\cceckwMR.ltrans0.ltrans.o
 .rodata.fsparams
                0x0800fafc        0xc C:\QMK_MSYS\tmp\cceckwMR.ltrans0.ltrans.o
 .rodata.str1.1
                0x0800fb08        0x3 C:\QMK_MSYS\tmp\cceckwMR.ltrans0.ltrans.o
 .rodata.ch_core0_cfg
                0x0800fb08        0xc C:\QMK_MSYS\tmp\cceckwMR.ltrans0.ltrans.o
 .rodata.row_pins
                0x0800fb14       0x1c C:\QMK_MSYS\tmp\cceckwMR.ltrans0.ltrans.o
 .rodata.col_pins
                0x0800fb30       0x44 C:\QMK_MSYS\tmp\cceckwMR.ltrans0.ltrans.o
 .rodata.usbcfg
                0x0800fb74       0x10 C:\QMK_MSYS\tmp\cceckwMR.ltrans0.ltrans.o
 .rodata.encoder_LUT
                0x0800fb84       0x10 C:\QMK_MSYS\tmp\cceckwMR.ltrans0.ltrans.o
 .rodata.keymaps
                0x0800fb94       0xee C:\QMK_MSYS\tmp\cceckwMR.ltrans0.ltrans.o
 .rodata.CSWTCH.10
                0x0800fc82       0x36 C:\QMK_MSYS\tmp\cceckwMR.ltrans0.ltrans.o
 .rodata.g_led_config
                0x0800fcb8      0x1a9 C:\QMK_MSYS\tmp\cceckwMR.ltrans0.ltrans.o
 *fill*         0x0800fe61        0x3 
 .rodata.i2cconfig
                0x0800fe64        0xc .build/obj_vessel_base/i2c_master.a(i2c_master.o)
 .rodata.str1.4
                0x0800fe70       0xcd c:/qmk_msys/mingw64/bin/../lib/gcc/arm-none-eabi/12.2.0/../../../../arm-none-eabi/lib/thumb/v7e-m+fp/hard\libg_nano.a(libc_a-rand.o)
                                 0x53 (size before relaxing)
 .rodata.str1.4
                0x0800ff3d       0x43 c:/qmk_msys/mingw64/bin/../lib/gcc/arm-none-eabi/12.2.0/../../../../arm-none-eabi/lib/thumb/v7e-m+fp/hard\libg_nano.a(libc_a-assert.o)
 .rodata.str1.4
                0x0800ff3d       0x13 c:/qmk_msys/mingw64/bin/../lib/gcc/arm-none-eabi/12.2.0/../../../../arm-none-eabi/lib/thumb/v7e-m+fp/hard\libg_nano.a(libc_a-nano-vfprintf.o)
 .rodata.str1.4
                0x0800ff3d       0x25 c:/qmk_msys/mingw64/bin/../lib/gcc/arm-none-eabi/12.2.0/../../../../arm-none-eabi/lib/thumb/v7e-m+fp/hard\libg_nano.a(libc_a-nano-vfprintf_i.o)
                0x0800ff80                        . = ALIGN (0x4)
 *fill*         0x0800ff3d        0x3 
                0x0800ff40                        __rodata_end__ = .

.ARM.extab
 *(.ARM.extab* .gnu.linkonce.armextab.*)

.ARM.exidx      0x0800ff40        0x8
                0x0800ff40                        __exidx_base__ = .
                0x0800ff40                        __exidx_start = .
 *(.ARM.exidx* .gnu.linkonce.armexidx.*)
 .ARM.exidx     0x0800ff40        0x8 c:/qmk_msys/mingw64/bin/../lib/gcc/arm-none-eabi/12.2.0/../../../../arm-none-eabi/lib/thumb/v7e-m+fp/hard\libg_nano.a(libc_a-memcpy.o)
 .ARM.exidx     0x0800ff48        0x0 c:/qmk_msys/mingw64/bin/../lib/gcc/arm-none-eabi/12.2.0/../../../../arm-none-eabi/lib/thumb/v7e-m+fp/hard\libg_nano.a(libc_a-memchr.o)
                                  0x8 (size before relaxing)
 .ARM.exidx.text.__udivmoddi4
                0x0800ff48        0x0 c:/qmk_msys/mingw64/bin/../lib/gcc/arm-none-eabi/12.2.0/thumb/v7e-m+fp/hard\libgcc.a(_udivmoddi4.o)
                                  0x8 (size before relaxing)
                0x0800ff48                        __exidx_end__ = .
                0x0800ff48                        __exidx_end = .

.rel.dyn        0x0800ff48        0x0
 .rel.iplt      0x0800ff48        0x0 .build/obj_vessel_base/i2c_master.a(i2c_master.o)

.eh_frame_hdr
 *(.eh_frame_hdr)

.eh_frame
 *(.eh_frame)

.data           0x20000c00       0xac load address 0x0800ff48
                [!provide]                        PROVIDE (_textdata = LOADADDR (.data))
                [!provide]                        PROVIDE (_data = .)
                0x0800ff48                        __textdata_base__ = LOADADDR (.data)
                0x20000c00                        __data_base__ = .
 *(.data)
 .data          0x20000c00       0x50 c:/qmk_msys/mingw64/bin/../lib/gcc/arm-none-eabi/12.2.0/../../../../arm-none-eabi/lib/thumb/v7e-m+fp/hard\libg_nano.a(libc_a-impure.o)
                0x20000c00                _impure_ptr
                0x20000c04                _impure_data
 .data          0x20000c50        0xc c:/qmk_msys/mingw64/bin/../lib/gcc/arm-none-eabi/12.2.0/../../../../arm-none-eabi/lib/thumb/v7e-m+fp/hard\libg_nano.a(libc_a-findfp.o)
                0x20000c50                __sglue
 *(.data.*)
 .data.__compound_literal.20
                0x20000c5c        0x4 C:\QMK_MSYS\tmp\cceckwMR.ltrans0.ltrans.o
 .data.display_start.10
                0x20000c60        0x7 C:\QMK_MSYS\tmp\cceckwMR.ltrans0.ltrans.o
 .data.rgb_last_enable
                0x20000c67        0x1 C:\QMK_MSYS\tmp\cceckwMR.ltrans0.ltrans.o
 .data.rgb_last_effect
                0x20000c68        0x1 C:\QMK_MSYS\tmp\cceckwMR.ltrans0.ltrans.o
 .data.rgb_effect_params
                0x20000c69        0x3 C:\QMK_MSYS\tmp\cceckwMR.ltrans0.ltrans.o
 .data.rand16seed
                0x20000c6c        0x2 C:\QMK_MSYS\tmp\cceckwMR.ltrans0.ltrans.o
 *fill*         0x20000c6e        0x2 
 .data.func     0x20000c70        0x4 C:\QMK_MSYS\tmp\cceckwMR.ltrans0.ltrans.o
 .data.chibios_driver
                0x20000c74       0x14 C:\QMK_MSYS\tmp\cceckwMR.ltrans0.ltrans.o
 .data.keyboard_protocol
                0x20000c88        0x1 C:\QMK_MSYS\tmp\cceckwMR.ltrans0.ltrans.o
 .data.animation_enabled
                0x20000c89        0x1 C:\QMK_MSYS\tmp\cceckwMR.ltrans0.ltrans.o
 *fill*         0x20000c8a        0x2 
 .data.tap_dance_actions
                0x20000c8c       0x1c C:\QMK_MSYS\tmp\cceckwMR.ltrans0.ltrans.o
 .data.rgb_task_state
                0x20000ca8        0x1 C:\QMK_MSYS\tmp\cceckwMR.ltrans0.ltrans.o
 *(.ramtext)
                0x20000cac                        . = ALIGN (0x4)
 *fill*         0x20000ca9        0x3 
                [!provide]                        PROVIDE (_edata = .)
                0x20000cac                        __data_end__ = .

.igot.plt       0x20000cac        0x0 load address 0x0800fff4
 .igot.plt      0x20000cac        0x0 .build/obj_vessel_base/i2c_master.a(i2c_master.o)

.bss            0x20000cb0    0x10f48 load address 0x0800fff4
                0x20000cb0                        __bss_base__ = .
 *(.bss)
 .bss           0x20000cb0        0x8 c:/qmk_msys/mingw64/bin/../lib/gcc/arm-none-eabi/12.2.0/../../../../arm-none-eabi/lib/thumb/v7e-m+fp/hard\libg_nano.a(libc_a-mallocr.o)
                0x20000cb0                __malloc_sbrk_start
                0x20000cb4                __malloc_free_list
 .bss           0x20000cb8       0x1d c:/qmk_msys/mingw64/bin/../lib/gcc/arm-none-eabi/12.2.0/../../../../arm-none-eabi/lib/thumb/v7e-m+fp/hard\libg_nano.a(libc_a-lock.o)
                0x20000cb8                __lock___arc4random_mutex
                0x20000cbc                __lock___dd_hash_mutex
                0x20000cc0                __lock___tz_mutex
                0x20000cc4                __lock___env_recursive_mutex
                0x20000cc8                __lock___malloc_recursive_mutex
                0x20000ccc                __lock___at_quick_exit_mutex
                0x20000cd0                __lock___atexit_recursive_mutex
                0x20000cd4                __lock___sfp_recursive_mutex
 *fill*         0x20000cd5        0x3 
 .bss           0x20000cd8      0x13c c:/qmk_msys/mingw64/bin/../lib/gcc/arm-none-eabi/12.2.0/../../../../arm-none-eabi/lib/thumb/v7e-m+fp/hard\libg_nano.a(libc_a-findfp.o)
                0x20000cd8                __sf
                0x20000e10                __stdio_exit_handler
 .bss           0x20000e14        0x4 c:/qmk_msys/mingw64/bin/../lib/gcc/arm-none-eabi/12.2.0/../../../../arm-none-eabi/lib/thumb/v7e-m+fp/hard\libg_nano.a(libc_a-reent.o)
                0x20000e14                errno
 *(.bss.*)
 .bss.ep0setup_buffer
                0x20000e18        0x8 C:\QMK_MSYS\tmp\cceckwMR.ltrans0.ltrans.o
 .bss.ep0_state
                0x20000e20       0x14 C:\QMK_MSYS\tmp\cceckwMR.ltrans0.ltrans.o
 .bss.console_ep_state
                0x20000e34       0x14 C:\QMK_MSYS\tmp\cceckwMR.ltrans0.ltrans.o
 .bss.shared_ep_state
                0x20000e48       0x14 C:\QMK_MSYS\tmp\cceckwMR.ltrans0.ltrans.o
 .bss.kbd_ep_state
                0x20000e5c       0x14 C:\QMK_MSYS\tmp\cceckwMR.ltrans0.ltrans.o
 .bss.ch_c0_idle_thread_wa
                0x20000e70      0x1e0 C:\QMK_MSYS\tmp\cceckwMR.ltrans0.ltrans.o
 .bss.__compound_literal.1
                0x20001050       0x20 C:\QMK_MSYS\tmp\cceckwMR.ltrans0.ltrans.o
 .bss.__compound_literal.0
                0x20001070        0x8 C:\QMK_MSYS\tmp\cceckwMR.ltrans0.ltrans.o
 .bss.timer     0x20001078        0x4 C:\QMK_MSYS\tmp\cceckwMR.ltrans0.ltrans.o
 .bss.encoder_button_state.0
                0x2000107c        0x1 C:\QMK_MSYS\tmp\cceckwMR.ltrans0.ltrans.o
 *fill*         0x2000107d        0x3 
 .bss.last_time
                0x20001080        0x4 C:\QMK_MSYS\tmp\cceckwMR.ltrans0.ltrans.o
 .bss.counters_need_update
                0x20001084        0x1 C:\QMK_MSYS\tmp\cceckwMR.ltrans0.ltrans.o
 .bss.cooked_changed
                0x20001085        0x1 C:\QMK_MSYS\tmp\cceckwMR.ltrans0.ltrans.o
 .bss.sc_timer  0x20001086        0x2 C:\QMK_MSYS\tmp\cceckwMR.ltrans0.ltrans.o
 .bss.keyboard_idle
                0x20001088        0x1 C:\QMK_MSYS\tmp\cceckwMR.ltrans0.ltrans.o
 .bss.universal_report_blank
                0x20001089        0x8 C:\QMK_MSYS\tmp\cceckwMR.ltrans0.ltrans.o
 .bss.keyboard_report_sent
                0x20001091        0x8 C:\QMK_MSYS\tmp\cceckwMR.ltrans0.ltrans.o
 .bss.keyboard_led_state
                0x20001099        0x1 C:\QMK_MSYS\tmp\cceckwMR.ltrans0.ltrans.o
 *fill*         0x2000109a        0x2 
 .bss.set_report_buf
                0x2000109c        0x2 C:\QMK_MSYS\tmp\cceckwMR.ltrans0.ltrans.o
 *fill*         0x2000109e        0x2 
 .bss.descriptor.0
                0x200010a0        0x8 C:\QMK_MSYS\tmp\cceckwMR.ltrans0.ltrans.o
 .bss.last_consumer_usage
                0x200010a8        0x2 C:\QMK_MSYS\tmp\cceckwMR.ltrans0.ltrans.o
 .bss.last_system_usage
                0x200010aa        0x2 C:\QMK_MSYS\tmp\cceckwMR.ltrans0.ltrans.o
 .bss.oled_rotation_width
                0x200010ac        0x1 C:\QMK_MSYS\tmp\cceckwMR.ltrans0.ltrans.o
 .bss.caps_lock_was_on.2
                0x200010ad        0x1 C:\QMK_MSYS\tmp\cceckwMR.ltrans0.ltrans.o
 .bss.temp_buffer.9
                0x200010ae       0x40 C:\QMK_MSYS\tmp\cceckwMR.ltrans0.ltrans.o
 .bss.oled_rotation
                0x200010ee        0x1 C:\QMK_MSYS\tmp\cceckwMR.ltrans0.ltrans.o
 .bss.oled_scrolling
                0x200010ef        0x1 C:\QMK_MSYS\tmp\cceckwMR.ltrans0.ltrans.o
 .bss.oled_timeout
                0x200010f0        0x4 C:\QMK_MSYS\tmp\cceckwMR.ltrans0.ltrans.o
 .bss.oled_initialized
                0x200010f4        0x1 C:\QMK_MSYS\tmp\cceckwMR.ltrans0.ltrans.o
 *fill*         0x200010f5        0x1 
 .bss.oled_dirty
                0x200010f6        0x2 C:\QMK_MSYS\tmp\cceckwMR.ltrans0.ltrans.o
 .bss.oled_cursor
                0x200010f8        0x4 C:\QMK_MSYS\tmp\cceckwMR.ltrans0.ltrans.o
 .bss.oled_buffer
                0x200010fc      0x400 C:\QMK_MSYS\tmp\cceckwMR.ltrans0.ltrans.o
 .bss.s_init.0  0x200014fc        0x1 C:\QMK_MSYS\tmp\cceckwMR.ltrans0.ltrans.o
 .bss.rgb_matrix_ws2812_array
                0x200014fd      0x132 C:\QMK_MSYS\tmp\cceckwMR.ltrans0.ltrans.o
 .bss.ws2812_dirty
                0x2000162f        0x1 C:\QMK_MSYS\tmp\cceckwMR.ltrans0.ltrans.o
 .bss.rgb_timer_buffer
                0x20001630        0x4 C:\QMK_MSYS\tmp\cceckwMR.ltrans0.ltrans.o
 .bss.led.1     0x20001634      0x132 C:\QMK_MSYS\tmp\cceckwMR.ltrans0.ltrans.o
 *fill*         0x20001766        0x2 
 .bss.wait_timer.2
                0x20001768        0x4 C:\QMK_MSYS\tmp\cceckwMR.ltrans0.ltrans.o
 .bss.g_rgb_timer
                0x2000176c        0x4 C:\QMK_MSYS\tmp\cceckwMR.ltrans0.ltrans.o
 .bss.transientBuffer
                0x20001770     0xffff C:\QMK_MSYS\tmp\cceckwMR.ltrans0.ltrans.o
 *fill*         0x2001176f        0x1 
 .bss.dma       0x20011770       0x84 C:\QMK_MSYS\tmp\cceckwMR.ltrans0.ltrans.o
 .bss.ch_memcore
                0x200117f4        0x8 C:\QMK_MSYS\tmp\cceckwMR.ltrans0.ltrans.o
 *fill*         0x200117fc        0x4 
 .bss.ch0       0x20011800       0x60 C:\QMK_MSYS\tmp\cceckwMR.ltrans0.ltrans.o
 .bss.keyboard_idle_timer.lto_priv.1
                0x20011860       0x18 C:\QMK_MSYS\tmp\cceckwMR.ltrans0.ltrans.o
 .bss.ms_offset
                0x20011878        0x4 C:\QMK_MSYS\tmp\cceckwMR.ltrans0.ltrans.o
 .bss.last_ticks
                0x2001187c        0x4 C:\QMK_MSYS\tmp\cceckwMR.ltrans0.ltrans.o
 .bss.ticks_offset
                0x20011880        0x4 C:\QMK_MSYS\tmp\cceckwMR.ltrans0.ltrans.o
 .bss.debounce_counters
                0x20011884        0x4 C:\QMK_MSYS\tmp\cceckwMR.ltrans0.ltrans.o
 .bss.raw_matrix
                0x20011888       0x1c C:\QMK_MSYS\tmp\cceckwMR.ltrans0.ltrans.o
 .bss.dirty_rgb_matrix
                0x200118a4        0x1 C:\QMK_MSYS\tmp\cceckwMR.ltrans0.ltrans.o
 .bss.g_last_hit_tracker
                0x200118a5       0x29 C:\QMK_MSYS\tmp\cceckwMR.ltrans0.ltrans.o
 .bss.current_frame
                0x200118ce        0x1 C:\QMK_MSYS\tmp\cceckwMR.ltrans0.ltrans.o
 *fill*         0x200118cf        0x1 
 .bss.driver.lto_priv.1
                0x200118d0        0x4 C:\QMK_MSYS\tmp\cceckwMR.ltrans0.ltrans.o
 .bss.event_queue
                0x200118d4       0x10 C:\QMK_MSYS\tmp\cceckwMR.ltrans0.ltrans.o
 .bss.event_queue_tail
                0x200118e4        0x1 C:\QMK_MSYS\tmp\cceckwMR.ltrans0.ltrans.o
 .bss.event_queue_head
                0x200118e5        0x1 C:\QMK_MSYS\tmp\cceckwMR.ltrans0.ltrans.o
 .bss.last_suspend_state
                0x200118e6        0x1 C:\QMK_MSYS\tmp\cceckwMR.ltrans0.ltrans.o
 *fill*         0x200118e7        0x1 
 .bss.matrix    0x200118e8       0x1c C:\QMK_MSYS\tmp\cceckwMR.ltrans0.ltrans.o
 .bss.last_hit_buffer
                0x20011904       0x29 C:\QMK_MSYS\tmp\cceckwMR.ltrans0.ltrans.o
 *fill*         0x2001192d        0x3 
 .bss.matrix_previous.1
                0x20011930       0x1c C:\QMK_MSYS\tmp\cceckwMR.ltrans0.ltrans.o
 .bss.encoder_pulses
                0x2001194c        0x1 C:\QMK_MSYS\tmp\cceckwMR.ltrans0.ltrans.o
 .bss.encoder_state
                0x2001194d        0x1 C:\QMK_MSYS\tmp\cceckwMR.ltrans0.ltrans.o
 .bss.thisCount
                0x2001194e        0x1 C:\QMK_MSYS\tmp\cceckwMR.ltrans0.ltrans.o
 .bss.encoder_events
                0x2001194f        0x8 C:\QMK_MSYS\tmp\cceckwMR.ltrans0.ltrans.o
 .bss.signal_queue_drain
                0x20011957        0x1 C:\QMK_MSYS\tmp\cceckwMR.ltrans0.ltrans.o
 .bss.last_led_status.0
                0x20011958        0x1 C:\QMK_MSYS\tmp\cceckwMR.ltrans0.ltrans.o
 .bss.rbuf      0x20011959      0x100 C:\QMK_MSYS\tmp\cceckwMR.ltrans0.ltrans.o
 .bss.rbuf_tail
                0x20011a59        0x1 C:\QMK_MSYS\tmp\cceckwMR.ltrans0.ltrans.o
 .bss.rbuf_head
                0x20011a5a        0x1 C:\QMK_MSYS\tmp\cceckwMR.ltrans0.ltrans.o
 *fill*         0x20011a5b        0x1 
 .bss.USBD1     0x20011a5c       0x78 C:\QMK_MSYS\tmp\cceckwMR.ltrans0.ltrans.o
 .bss.last_tick.0
                0x20011ad4        0x2 C:\QMK_MSYS\tmp\cceckwMR.ltrans0.ltrans.o
 .bss.last_report.0
                0x20011ad6       0x20 C:\QMK_MSYS\tmp\cceckwMR.ltrans0.ltrans.o
 *fill*         0x20011af6        0x2 
 .bss.driver.lto_priv.0
                0x20011af8        0x4 C:\QMK_MSYS\tmp\cceckwMR.ltrans0.ltrans.o
 .bss.last_report.1
                0x20011afc        0x8 C:\QMK_MSYS\tmp\cceckwMR.ltrans0.ltrans.o
 .bss.encoder_source_layers_cache
                0x20011b04        0x4 C:\QMK_MSYS\tmp\cceckwMR.ltrans0.ltrans.o
 .bss.source_layers_cache
                0x20011b08       0x3c C:\QMK_MSYS\tmp\cceckwMR.ltrans0.ltrans.o
 .bss.oled_active
                0x20011b44        0x1 C:\QMK_MSYS\tmp\cceckwMR.ltrans0.ltrans.o
 *fill*         0x20011b45        0x3 
 .bss.keyboard_idle_timer.lto_priv.0
                0x20011b48        0x4 C:\QMK_MSYS\tmp\cceckwMR.ltrans0.ltrans.o
 .bss.anim_off_timer
                0x20011b4c        0x4 C:\QMK_MSYS\tmp\cceckwMR.ltrans0.ltrans.o
 .bss.anim_timer
                0x20011b50        0x4 C:\QMK_MSYS\tmp\cceckwMR.ltrans0.ltrans.o
 .bss.active_td
                0x20011b54        0x2 C:\QMK_MSYS\tmp\cceckwMR.ltrans0.ltrans.o
 .bss.last_tap_time
                0x20011b56        0x2 C:\QMK_MSYS\tmp\cceckwMR.ltrans0.ltrans.o
 .bss.sc_last   0x20011b58        0x1 C:\QMK_MSYS\tmp\cceckwMR.ltrans0.ltrans.o
 *fill*         0x20011b59        0x1 
 .bss.keymap_config
                0x20011b5a        0x2 C:\QMK_MSYS\tmp\cceckwMR.ltrans0.ltrans.o
 .bss.grave_esc_was_shifted
                0x20011b5c        0x1 C:\QMK_MSYS\tmp\cceckwMR.ltrans0.ltrans.o
 *fill*         0x20011b5d        0x3 
 .bss.rgb_matrix_config
                0x20011b60        0x8 C:\QMK_MSYS\tmp\cceckwMR.ltrans0.ltrans.o
 .bss.programmable_button_report
                0x20011b68        0x4 C:\QMK_MSYS\tmp\cceckwMR.ltrans0.ltrans.o
 .bss.debug_config
                0x20011b6c        0x1 C:\QMK_MSYS\tmp\cceckwMR.ltrans0.ltrans.o
 .bss.real_mods
                0x20011b6d        0x1 C:\QMK_MSYS\tmp\cceckwMR.ltrans0.ltrans.o
 .bss.default_layer_state
                0x20011b6e        0x2 C:\QMK_MSYS\tmp\cceckwMR.ltrans0.ltrans.o
 .bss.layer_state
                0x20011b70        0x2 C:\QMK_MSYS\tmp\cceckwMR.ltrans0.ltrans.o
 .bss.weak_mods
                0x20011b72        0x1 C:\QMK_MSYS\tmp\cceckwMR.ltrans0.ltrans.o
 .bss.waiting_buffer_head
                0x20011b73        0x1 C:\QMK_MSYS\tmp\cceckwMR.ltrans0.ltrans.o
 .bss.waiting_buffer_tail
                0x20011b74        0x1 C:\QMK_MSYS\tmp\cceckwMR.ltrans0.ltrans.o
 *fill*         0x20011b75        0x1 
 .bss.waiting_buffer
                0x20011b76       0x40 C:\QMK_MSYS\tmp\cceckwMR.ltrans0.ltrans.o
 .bss.tapping_key
                0x20011bb6        0x8 C:\QMK_MSYS\tmp\cceckwMR.ltrans0.ltrans.o
 .bss.is_initialised.0
                0x20011bbe        0x1 .build/obj_vessel_base/i2c_master.a(i2c_master.o)
 *(COMMON)
 *fill*         0x20011bbf        0x1 
 COMMON         0x20011bc0       0x38 C:\QMK_MSYS\tmp\cceckwMR.ltrans0.ltrans.o
                0x20011bc0                I2CD1
                0x20011bf8                        . = ALIGN (0x4)
                0x20011bf8                        __bss_end__ = .
                [!provide]                        PROVIDE (end = .)
                0x20000000                        __ram0_base__ = ORIGIN (ram0)
                0x00020000                        __ram0_size__ = LENGTH (ram0)
                0x20020000                        __ram0_end__ = (__ram0_base__ + __ram0_size__)
                0x20000000                        __ram1_base__ = ORIGIN (ram1)
                0x0001c000                        __ram1_size__ = LENGTH (ram1)
                0x2001c000                        __ram1_end__ = (__ram1_base__ + __ram1_size__)
                0x00000000                        __ram2_base__ = ORIGIN (ram2)
                0x00004000                        __ram2_size__ = LENGTH (ram2)
                0x00004000                        __ram2_end__ = (__ram2_base__ + __ram2_size__)
                0x00000000                        __ram3_base__ = ORIGIN (ram3)
                0x00000000                        __ram3_size__ = LENGTH (ram3)
                0x00000000                        __ram3_end__ = (__ram3_base__ + __ram3_size__)
                0x00000000                        __ram4_base__ = ORIGIN (ram4)
                0x00000000                        __ram4_size__ = LENGTH (ram4)
                0x00000000                        __ram4_end__ = (__ram4_base__ + __ram4_size__)
                0x00000000                        __ram5_base__ = ORIGIN (ram5)
                0x00000000                        __ram5_size__ = LENGTH (ram5)
                0x00000000                        __ram5_end__ = (__ram5_base__ + __ram5_size__)
                0x00000000                        __ram6_base__ = ORIGIN (ram6)
                0x00000000                        __ram6_size__ = LENGTH (ram6)
                0x00000000                        __ram6_end__ = (__ram6_base__ + __ram6_size__)