Archive member included to satisfy reference by file (symbol)

.build/obj_vessel_base/i2c_master.a(i2c_master.o)
                              .build/obj_vessel_base/oled_driver.o (symbol from plugin) (i2c_init)
c:/qmk_msys/mingw64/bin/../lib/gcc/arm-none-eabi/12.2.0/thumb/v7e-m+fp/hard\libgcc.a(_aeabi_ldivmod.o)
                              .build/obj_vessel_base/i2c_master.a(i2c_master.o) (__aeabi_ldivmod)
c:/qmk_msys/mingw64/bin/../lib/gcc/arm-none-eabi/12.2.0/thumb/v7e-m+fp/hard\libgcc.a(_aeabi_uldivmod.o)
                              .build/obj_vessel_base/i2c_master.a(i2c_master.o) (__aeabi_uldivmod)
c:/qmk_msys/mingw64/bin/../lib/gcc/arm-none-eabi/12.2.0/thumb/v7e-m+fp/hard\libgcc.a(_udivmoddi4.o)
                              c:/qmk_msys/mingw64/bin/../lib/gcc/arm-none-eabi/12.2.0/thumb/v7e-m+fp/hard\libgcc.a(_aeabi_ldivmod.o) (__udivmoddi4)
c:/qmk_msys/mingw64/bin/../lib/gcc/arm-none-eabi/12.2.0/thumb/v7e-m+fp/hard\libgcc.a(_dvmd_tls.o)
                              c:/qmk_msys/mingw64/bin/../lib/gcc/arm-none-eabi/12.2.0/thumb/v7e-m+fp/hard\libgcc.a(_aeabi_ldivmod.o) (__aeabi_ldiv0)
c:/qmk_msys/mingw64/bin/../lib/gcc/arm-none-eabi/12.2.0/../../../../arm-none-eabi/lib/thumb/v7e-m+fp/hard\libg_nano.a(libc_a-rand.o)
                              .build/obj_vessel_base/quantum/rgb_matrix/rgb_matrix.o (symbol from plugin) (rand)
c:/qmk_msys/mingw64/bin/../lib/gcc/arm-none-eabi/12.2.0/../../../../arm-none-eabi/lib/thumb/v7e-m+fp/hard\libg_nano.a(libc_a-ctype_.o)
                              .build/obj_vessel_base/quantum/send_string/send_string.o (symbol from plugin) (_ctype_)
c:/qmk_msys/mingw64/bin/../lib/gcc/arm-none-eabi/12.2.0/../../../../arm-none-eabi/lib/thumb/v7e-m+fp/hard\libg_nano.a(libc_a-impure.o)
                              c:/qmk_msys/mingw64/bin/../lib/gcc/arm-none-eabi/12.2.0/../../../../arm-none-eabi/lib/thumb/v7e-m+fp/hard\libg_nano.a(libc_a-rand.o) (_impure_ptr)
c:/qmk_msys/mingw64/bin/../lib/gcc/arm-none-eabi/12.2.0/../../../../arm-none-eabi/lib/thumb/v7e-m+fp/hard\libg_nano.a(libc_a-errno.o)
                              .build/obj_vessel_base/platforms/chibios/syscall-fallbacks.o (symbol from plugin) (__errno)
c:/qmk_msys/mingw64/bin/../lib/gcc/arm-none-eabi/12.2.0/../../../../arm-none-eabi/lib/thumb/v7e-m+fp/hard\libg_nano.a(libc_a-memcpy.o)
                              .build/obj_vessel_base/i2c_master.a(i2c_master.o) (memcpy)
c:/qmk_msys/mingw64/bin/../lib/gcc/arm-none-eabi/12.2.0/../../../../arm-none-eabi/lib/thumb/v7e-m+fp/hard\libg_nano.a(libc_a-assert.o)
                              c:/qmk_msys/mingw64/bin/../lib/gcc/arm-none-eabi/12.2.0/../../../../arm-none-eabi/lib/thumb/v7e-m+fp/hard\libg_nano.a(libc_a-rand.o) (__assert_func)
c:/qmk_msys/mingw64/bin/../lib/gcc/arm-none-eabi/12.2.0/../../../../arm-none-eabi/lib/thumb/v7e-m+fp/hard\libg_nano.a(libc_a-malloc.o)
                              c:/qmk_msys/mingw64/bin/../lib/gcc/arm-none-eabi/12.2.0/../../../../arm-none-eabi/lib/thumb/v7e-m+fp/hard\libg_nano.a(libc_a-rand.o) (malloc)
c:/qmk_msys/mingw64/bin/../lib/gcc/arm-none-eabi/12.2.0/../../../../arm-none-eabi/lib/thumb/v7e-m+fp/hard\libg_nano.a(libc_a-mallocr.o)
                              c:/qmk_msys/mingw64/bin/../lib/gcc/arm-none-eabi/12.2.0/../../../../arm-none-eabi/lib/thumb/v7e-m+fp/hard\libg_nano.a(libc_a-malloc.o) (_malloc_r)
c:/qmk_msys/mingw64/bin/../lib/gcc/arm-none-eabi/12.2.0/../../../../arm-none-eabi/lib/thumb/v7e-m+fp/hard\libg_nano.a(libc_a-mlock.o)
                              c:/qmk_msys/mingw64/bin/../lib/gcc/arm-none-eabi/12.2.0/../../../../arm-none-eabi/lib/thumb/v7e-m+fp/hard\libg_nano.a(libc_a-mallocr.o) (__malloc_lock)
c:/qmk_msys/mingw64/bin/../lib/gcc/arm-none-eabi/12.2.0/../../../../arm-none-eabi/lib/thumb/v7e-m+fp/hard\libg_nano.a(libc_a-fprintf.o)
                              c:/qmk_msys/mingw64/bin/../lib/gcc/arm-none-eabi/12.2.0/../../../../arm-none-eabi/lib/thumb/v7e-m+fp/hard\libg_nano.a(libc_a-assert.o) (fiprintf)
c:/qmk_msys/mingw64/bin/../lib/gcc/arm-none-eabi/12.2.0/../../../../arm-none-eabi/lib/thumb/v7e-m+fp/hard\libg_nano.a(libc_a-lock.o)
                              c:/qmk_msys/mingw64/bin/../lib/gcc/arm-none-eabi/12.2.0/../../../../arm-none-eabi/lib/thumb/v7e-m+fp/hard\libg_nano.a(libc_a-mlock.o) (__retarget_lock_acquire_recursive)
c:/qmk_msys/mingw64/bin/../lib/gcc/arm-none-eabi/12.2.0/../../../../arm-none-eabi/lib/thumb/v7e-m+fp/hard\libg_nano.a(libc_a-abort.o)
                              c:/qmk_msys/mingw64/bin/../lib/gcc/arm-none-eabi/12.2.0/../../../../arm-none-eabi/lib/thumb/v7e-m+fp/hard\libg_nano.a(libc_a-assert.o) (abort)
c:/qmk_msys/mingw64/bin/../lib/gcc/arm-none-eabi/12.2.0/../../../../arm-none-eabi/lib/thumb/v7e-m+fp/hard\libg_nano.a(libc_a-freer.o)
                              c:/qmk_msys/mingw64/bin/../lib/gcc/arm-none-eabi/12.2.0/../../../../arm-none-eabi/lib/thumb/v7e-m+fp/hard\libg_nano.a(libc_a-malloc.o) (_free_r)
[...]
Memory Configuration

Name             Origin             Length             Attributes
flash0           0x08000000         0x00080000         xr
flash1           0x00000000         0x00000000         xr
flash2           0x00000000         0x00000000         xr
flash3           0x00000000         0x00000000         xr
flash4           0x00000000         0x00000000         xr
flash5           0x00000000         0x00000000         xr
flash6           0x00000000         0x00000000         xr
flash7           0x00000000         0x00000000         xr
ram0             0x20000000         0x00020000         xw
ram1             0x20000000         0x0001c000         xw
ram2             0x00000000         0x00004000         xw
ram3             0x00000000         0x00000000         xw
ram4             0x00000000         0x00000000         xw
ram5             0x00000000         0x00000000         xw
ram6             0x00000000         0x00000000         xw
ram7             0x00000000         0x00000000         xw
*default*        0x00000000         0xffffffff

Linker script and memory map

LOAD .build/obj_vessel_base/keyboards/vessel/vessel.o
LOAD C:\QMK_MSYS\tmp\ccY3rPNd.ltrans0.ltrans.o
LOAD C:\QMK_MSYS\tmp\cczGA0bw.debug.temp.o
LOAD C:\QMK_MSYS\tmp\ccuTsuQK.debug.temp.o
LOAD C:\QMK_MSYS\tmp\ccDLghGZ.debug.temp.o
LOAD C:\QMK_MSYS\tmp\ccKKOdKe.debug.temp.o
LOAD C:\QMK_MSYS\tmp\ccNxp4It.debug.temp.o
LOAD C:\QMK_MSYS\tmp\ccenJyHI.debug.temp.o
LOAD C:\QMK_MSYS\tmp\ccRACGTX.debug.temp.o
LOAD C:\QMK_MSYS\tmp\ccWADL4b.debug.temp.o
LOAD C:\QMK_MSYS\tmp\ccTmfibq.debug.temp.o
LOAD C:\QMK_MSYS\tmp\ccah6SvE.debug.temp.o
LOAD C:\QMK_MSYS\tmp\ccLDoZLS.debug.temp.o
LOAD C:\QMK_MSYS\tmp\ccCsLsf7.debug.temp.o
LOAD C:\QMK_MSYS\tmp\ccD0IyEl.debug.temp.o
LOAD C:\QMK_MSYS\tmp\ccSx6HhA.debug.temp.o
LOAD C:\QMK_MSYS\tmp\ccPDKyQO.debug.temp.o
LOAD C:\QMK_MSYS\tmp\ccoheC86.debug.temp.o
LOAD C:\QMK_MSYS\tmp\ccL4dYlp.debug.temp.o
LOAD C:\QMK_MSYS\tmp\cc4PxEMH.debug.temp.o
LOAD C:\QMK_MSYS\tmp\cc5DBT8Z.debug.temp.o
LOAD C:\QMK_MSYS\tmp\ccy0j6ti.debug.temp.o
LOAD C:\QMK_MSYS\tmp\ccVf2l2A.debug.temp.o
LOAD C:\QMK_MSYS\tmp\ccoaQuwT.debug.temp.o
LOAD C:\QMK_MSYS\tmp\ccFQRWdc.debug.temp.o
LOAD C:\QMK_MSYS\tmp\ccMdazQu.debug.temp.o
LOAD C:\QMK_MSYS\tmp\cc1itFvM.debug.temp.o
LOAD C:\QMK_MSYS\tmp\cc87jW53.debug.temp.o
LOAD C:\QMK_MSYS\tmp\ccLd5bXl.debug.temp.o
LOAD C:\QMK_MSYS\tmp\ccGcuOJD.debug.temp.o
LOAD C:\QMK_MSYS\tmp\ccZJUZIV.debug.temp.o
LOAD C:\QMK_MSYS\tmp\ccWL68Dd.debug.temp.o
LOAD C:\QMK_MSYS\tmp\ccH52JMv.debug.temp.o
LOAD C:\QMK_MSYS\tmp\ccABP5QN.debug.temp.o
LOAD C:\QMK_MSYS\tmp\ccrW8kU5.debug.temp.o
LOAD C:\QMK_MSYS\tmp\cc6yyjWm.debug.temp.o
LOAD C:\QMK_MSYS\tmp\ccXrz2XD.debug.temp.o
LOAD C:\QMK_MSYS\tmp\ccCEnudV.debug.temp.o
LOAD C:\QMK_MSYS\tmp\cc1mAOnc.debug.temp.o
LOAD C:\QMK_MSYS\tmp\ccizY9Ht.debug.temp.o
LOAD C:\QMK_MSYS\tmp\ccn9fMgL.debug.temp.o
LOAD C:\QMK_MSYS\tmp\cccreVL2.debug.temp.o
LOAD C:\QMK_MSYS\tmp\cc9YMXjj.debug.temp.o
LOAD C:\QMK_MSYS\tmp\cc6UpMMz.debug.temp.o
LOAD C:\QMK_MSYS\tmp\ccxI8xtQ.debug.temp.o
LOAD C:\QMK_MSYS\tmp\ccCs3R56.debug.temp.o
LOAD C:\QMK_MSYS\tmp\ccv0eMVn.debug.temp.o
LOAD C:\QMK_MSYS\tmp\ccAkijHE.debug.temp.o
LOAD C:\QMK_MSYS\tmp\cc1hivGV.debug.temp.o
LOAD C:\QMK_MSYS\tmp\ccekuIAc.debug.temp.o
LOAD C:\QMK_MSYS\tmp\ccd5MBdx.debug.temp.o
LOAD C:\QMK_MSYS\tmp\ccaFCoPR.debug.temp.o
LOAD C:\QMK_MSYS\tmp\cc3y1dmc.debug.temp.o
LOAD C:\QMK_MSYS\tmp\ccgXWS5w.debug.temp.o
LOAD C:\QMK_MSYS\tmp\ccBXlSOR.debug.temp.o
LOAD C:\QMK_MSYS\tmp\ccMcDuKc.debug.temp.o
LOAD C:\QMK_MSYS\tmp\cchmMcBx.debug.temp.o
LOAD C:\QMK_MSYS\tmp\cc44mQFS.debug.temp.o
LOAD C:\QMK_MSYS\tmp\cczg5lFd.debug.temp.o
LOAD C:\QMK_MSYS\tmp\ccitSJIx.debug.temp.o
LOAD C:\QMK_MSYS\tmp\ccPhC0GR.debug.temp.o
LOAD C:\QMK_MSYS\tmp\cc6jBZSb.debug.temp.o
LOAD C:\QMK_MSYS\tmp\ccHcCM3v.debug.temp.o
LOAD C:\QMK_MSYS\tmp\ccYokC8P.debug.temp.o
LOAD C:\QMK_MSYS\tmp\ccjLsNqa.debug.temp.o
LOAD C:\QMK_MSYS\tmp\cc02W3Hu.debug.temp.o
LOAD C:\QMK_MSYS\tmp\cchFAMbP.debug.temp.o
LOAD C:\QMK_MSYS\tmp\ccCPWPA9.debug.temp.o
LOAD C:\QMK_MSYS\tmp\ccvhpyZt.debug.temp.o
LOAD C:\QMK_MSYS\tmp\cc2HKGqN.debug.temp.o
LOAD C:\QMK_MSYS\tmp\ccVZ55L6.debug.temp.o
LOAD C:\QMK_MSYS\tmp\ccSrRQkq.debug.temp.o
LOAD C:\QMK_MSYS\tmp\cczZDaPJ.debug.temp.o
LOAD C:\QMK_MSYS\tmp\ccSuJTA3.debug.temp.o
LOAD C:\QMK_MSYS\tmp\ccHaithn.debug.temp.o
LOAD C:\QMK_MSYS\tmp\ccibtjcH.debug.temp.o
LOAD C:\QMK_MSYS\tmp\ccnr2520.debug.temp.o
LOAD C:\QMK_MSYS\tmp\ccCYpvWj.debug.temp.o
LOAD C:\QMK_MSYS\tmp\ccRrr6KC.debug.temp.o
LOAD C:\QMK_MSYS\tmp\ccq1EuNV.debug.temp.o
LOAD C:\QMK_MSYS\tmp\ccRkq3Ke.debug.temp.o
LOAD C:\QMK_MSYS\tmp\cccxbFVx.debug.temp.o
LOAD C:\QMK_MSYS\tmp\ccbeIe2Q.debug.temp.o
LOAD C:\QMK_MSYS\tmp\ccQ6LNia.debug.temp.o
LOAD C:\QMK_MSYS\tmp\ccVudkyt.debug.temp.o
LOAD C:\QMK_MSYS\tmp\ccymZjxQ.debug.temp.o
LOAD C:\QMK_MSYS\tmp\ccBP1Prd.debug.temp.o
LOAD C:\QMK_MSYS\tmp\ccS7e2yA.debug.temp.o
LOAD C:\QMK_MSYS\tmp\ccbjuREX.debug.temp.o
LOAD C:\QMK_MSYS\tmp\ccA5I1Fk.debug.temp.o
LOAD C:\QMK_MSYS\tmp\ccfo86UH.debug.temp.o
LOAD C:\QMK_MSYS\tmp\cce3PS44.debug.temp.o
LOAD C:\QMK_MSYS\tmp\ccBkFLrs.debug.temp.o
LOAD C:\QMK_MSYS\tmp\cc6hOgKP.debug.temp.o
LOAD C:\QMK_MSYS\tmp\ccbaBI9b.debug.temp.o
LOAD C:\QMK_MSYS\tmp\ccyns7ty.debug.temp.o
LOAD C:\QMK_MSYS\tmp\ccFk5m2U.debug.temp.o
LOAD C:\QMK_MSYS\tmp\cc274Yvh.debug.temp.o
LOAD C:\QMK_MSYS\tmp\ccJZd7cE.debug.temp.o
LOAD C:\QMK_MSYS\tmp\ccwWPrP0.debug.temp.o
LOAD C:\QMK_MSYS\tmp\ccbhKeFn.debug.temp.o
LOAD C:\QMK_MSYS\tmp\ccMTaNpK.debug.temp.o
LOAD C:\QMK_MSYS\tmp\ccPeT0c6.debug.temp.o
LOAD C:\QMK_MSYS\tmp\ccc8bzWr.debug.temp.o
LOAD C:\QMK_MSYS\tmp\ccpQZqTN.debug.temp.o
LOAD C:\QMK_MSYS\tmp\cco5FaP9.debug.temp.o
LOAD C:\QMK_MSYS\tmp\ccthD0Ev.debug.temp.o
LOAD C:\QMK_MSYS\tmp\ccMgIfHR.debug.temp.o
LOAD C:\QMK_MSYS\tmp\ccrlaKWd.debug.temp.o
LOAD C:\QMK_MSYS\tmp\ccodn2aA.debug.temp.o
LOAD C:\QMK_MSYS\tmp\cc1YT3jW.debug.temp.o
LOAD C:\QMK_MSYS\tmp\ccMwx7vh.debug.temp.o
LOAD C:\QMK_MSYS\tmp\ccx0OmDC.debug.temp.o
LOAD C:\QMK_MSYS\tmp\ccMj9hYX.debug.temp.o
LOAD C:\QMK_MSYS\tmp\ccxjtcej.debug.temp.o
LOAD C:\QMK_MSYS\tmp\ccwEuVGE.debug.temp.o
LOAD C:\QMK_MSYS\tmp\cc5Nmb9Z.debug.temp.o
LOAD C:\QMK_MSYS\tmp\ccCk7wNl.debug.temp.o
LOAD C:\QMK_MSYS\tmp\ccbWVTnH.debug.temp.o
LOAD C:\QMK_MSYS\tmp\ccgukSH6.debug.temp.o
LOAD C:\QMK_MSYS\tmp\ccTJcP0v.debug.temp.o
LOAD C:\QMK_MSYS\tmp\ccg323eV.debug.temp.o
LOAD C:\QMK_MSYS\tmp\ccDkCOFk.debug.temp.o
LOAD C:\QMK_MSYS\tmp\ccinT54J.debug.temp.o
LOAD C:\QMK_MSYS\tmp\ccVmF9G9.debug.temp.o
LOAD C:\QMK_MSYS\tmp\ccwPq5ez.debug.temp.o
LOAD C:\QMK_MSYS\tmp\ccXCdt0Y.debug.temp.o
LOAD C:\QMK_MSYS\tmp\cc2MzIGo.debug.temp.o
LOAD C:\QMK_MSYS\tmp\ccbZnqmO.debug.temp.o
LOAD C:\QMK_MSYS\tmp\ccAX6w3c.debug.temp.o
LOAD C:\QMK_MSYS\tmp\ccN3yVJB.debug.temp.o
LOAD C:\QMK_MSYS\tmp\ccMefoC0.debug.temp.o
LOAD C:\QMK_MSYS\tmp\ccLP2Tpp.debug.temp.o
LOAD C:\QMK_MSYS\tmp\ccoLCgcO.debug.temp.o
LOAD C:\QMK_MSYS\tmp\ccPc2J9c.debug.temp.o
LOAD C:\QMK_MSYS\tmp\ccGDi25B.debug.temp.o
LOAD C:\QMK_MSYS\tmp\ccb9Y1f1.debug.temp.o
LOAD C:\QMK_MSYS\tmp\cc4AZzkq.debug.temp.o
LOAD C:\QMK_MSYS\tmp\ccZ3BbrO.debug.temp.o
LOAD C:\QMK_MSYS\tmp\ccwo63sc.debug.temp.o
LOAD C:\QMK_MSYS\tmp\ccRUrPLA.debug.temp.o
LOAD C:\QMK_MSYS\tmp\ccATDhZY.debug.temp.o
LOAD C:\QMK_MSYS\tmp\ccfmGcqn.debug.temp.o
LOAD C:\QMK_MSYS\tmp\ccWfkaQL.debug.temp.o
LOAD C:\QMK_MSYS\tmp\ccBuLTaa.debug.temp.o
LOAD C:\QMK_MSYS\tmp\cc6xHWIy.debug.temp.o
LOAD C:\QMK_MSYS\tmp\ccFJY0cX.debug.temp.o
LOAD C:\QMK_MSYS\tmp\ccU0v3Jk.debug.temp.o
LOAD C:\QMK_MSYS\tmp\ccfbgHrI.debug.temp.o
LOAD C:\QMK_MSYS\tmp\ccwFPD85.debug.temp.o
LOAD C:\QMK_MSYS\tmp\cctFohLt.debug.temp.o
LOAD C:\QMK_MSYS\tmp\ccoGyfBR.debug.temp.o
LOAD C:\QMK_MSYS\tmp\ccZaFDmf.debug.temp.o
LOAD C:\QMK_MSYS\tmp\cckT0JlD.debug.temp.o
LOAD C:\QMK_MSYS\tmp\ccdjAyf1.debug.temp.o
LOAD C:\QMK_MSYS\tmp\ccqjZoSs.debug.temp.o
LOAD C:\QMK_MSYS\tmp\cc7sDmqU.debug.temp.o
LOAD .build/obj_vessel_base/.build/obj_vessel_base/src/default_keyboard.o
LOAD .build/obj_vessel_base/quantum/keymap_introspection.o
LOAD .build/obj_vessel_base/quantum/quantum.o
LOAD .build/obj_vessel_base/quantum/bitwise.o
LOAD .build/obj_vessel_base/quantum/led.o
LOAD .build/obj_vessel_base/quantum/action.o
LOAD .build/obj_vessel_base/quantum/action_layer.o
LOAD .build/obj_vessel_base/quantum/action_tapping.o
LOAD .build/obj_vessel_base/quantum/action_util.o
LOAD .build/obj_vessel_base/quantum/eeconfig.o
LOAD .build/obj_vessel_base/quantum/keyboard.o
LOAD .build/obj_vessel_base/quantum/keymap_common.o
LOAD .build/obj_vessel_base/quantum/keycode_config.o
LOAD .build/obj_vessel_base/quantum/sync_timer.o
LOAD .build/obj_vessel_base/quantum/logging/debug.o
LOAD .build/obj_vessel_base/quantum/logging/sendchar.o
LOAD .build/obj_vessel_base/quantum/logging/print.o
LOAD .build/obj_vessel_base/quantum/matrix_common.o
LOAD .build/obj_vessel_base/quantum/matrix.o
LOAD .build/obj_vessel_base/quantum/debounce/sym_defer_pk.o
LOAD .build/obj_vessel_base/quantum/main.o
LOAD .build/obj_vessel_base/printf.o
LOAD .build/obj_vessel_base/eeprom_driver.o
LOAD .build/obj_vessel_base/eeprom_transient.o
LOAD .build/obj_vessel_base/quantum/color.o
LOAD .build/obj_vessel_base/quantum/rgb_matrix/rgb_matrix.o
LOAD .build/obj_vessel_base/quantum/rgb_matrix/rgb_matrix_drivers.o
LOAD .build/obj_vessel_base/quantum/process_keycode/process_rgb.o
LOAD .build/obj_vessel_base/quantum/led_tables.o
LOAD .build/obj_vessel_base/lib/lib8tion/lib8tion.o
LOAD .build/obj_vessel_base/oled_driver.o
LOAD .build/obj_vessel_base/quantum/encoder.o
LOAD .build/obj_vessel_base/encoder_quadrature.o
LOAD .build/obj_vessel_base/ws2812_bitbang.o
LOAD .build/obj_vessel_base/quantum/bootmagic/bootmagic.o
LOAD .build/obj_vessel_base/quantum/process_keycode/process_grave_esc.o
LOAD .build/obj_vessel_base/quantum/process_keycode/process_magic.o
LOAD .build/obj_vessel_base/quantum/process_keycode/process_programmable_button.o
LOAD .build/obj_vessel_base/quantum/programmable_button.o
LOAD .build/obj_vessel_base/quantum/send_string/send_string.o
LOAD .build/obj_vessel_base/quantum/process_keycode/process_space_cadet.o
LOAD .build/obj_vessel_base/quantum/process_keycode/process_tap_dance.o
LOAD .build/obj_vessel_base/protocol/host.o
LOAD .build/obj_vessel_base/protocol/report.o
LOAD .build/obj_vessel_base/protocol/usb_device_state.o
LOAD .build/obj_vessel_base/protocol/usb_util.o
LOAD .build/obj_vessel_base/platforms/suspend.o
LOAD .build/obj_vessel_base/platforms/synchronization_util.o
LOAD .build/obj_vessel_base/platforms/timer.o
LOAD .build/obj_vessel_base/platforms/chibios/hardware_id.o
LOAD .build/obj_vessel_base/platforms/chibios/platform.o
LOAD .build/obj_vessel_base/platforms/chibios/suspend.o
LOAD .build/obj_vessel_base/platforms/chibios/timer.o
LOAD .build/obj_vessel_base/platforms/chibios/bootloaders/stm32_dfu.o
LOAD .build/obj_vessel_base/i2c_master.a
LOAD .build/obj_vessel_base/./lib/chibios/os/common/startup/ARMCMx/compilers/GCC/crt0_v7m.o
LOAD .build/obj_vessel_base/./lib/chibios/os/common/startup/ARMCMx/compilers/GCC/vectors.o
LOAD .build/obj_vessel_base/./lib/chibios/os/common/ports/ARMv7-M/compilers/GCC/chcoreasm.o
LOAD .build/obj_vessel_base/protocol/chibios/usb_main.o
LOAD .build/obj_vessel_base/protocol/chibios/chibios.o
LOAD .build/obj_vessel_base/usb_descriptor.o
LOAD .build/obj_vessel_base/protocol/chibios/usb_driver.o
LOAD .build/obj_vessel_base/protocol/chibios/usb_util.o
LOAD .build/obj_vessel_base/./lib/chibios/os/oslib/src/chmboxes.o
LOAD .build/obj_vessel_base/./lib/chibios/os/oslib/src/chmemcore.o
LOAD .build/obj_vessel_base/./lib/chibios/os/oslib/src/chmemheaps.o
LOAD .build/obj_vessel_base/./lib/chibios/os/oslib/src/chmempools.o
LOAD .build/obj_vessel_base/./lib/chibios/os/oslib/src/chpipes.o
LOAD .build/obj_vessel_base/./lib/chibios/os/oslib/src/chobjcaches.o
LOAD .build/obj_vessel_base/./lib/chibios/os/oslib/src/chdelegates.o
LOAD .build/obj_vessel_base/./lib/chibios/os/oslib/src/chfactory.o
LOAD .build/obj_vessel_base/lib/chibios/os/common/startup/ARMCMx/compilers/GCC/crt1.o
LOAD .build/obj_vessel_base/lib/chibios/os/rt/src/chsys.o
LOAD .build/obj_vessel_base/lib/chibios/os/rt/src/chrfcu.o
LOAD .build/obj_vessel_base/lib/chibios/os/rt/src/chdebug.o
LOAD .build/obj_vessel_base/lib/chibios/os/rt/src/chtrace.o
LOAD .build/obj_vessel_base/lib/chibios/os/rt/src/chvt.o
LOAD .build/obj_vessel_base/lib/chibios/os/rt/src/chschd.o
LOAD .build/obj_vessel_base/lib/chibios/os/rt/src/chinstances.o
LOAD .build/obj_vessel_base/lib/chibios/os/rt/src/chthreads.o
LOAD .build/obj_vessel_base/lib/chibios/os/rt/src/chtm.o
LOAD .build/obj_vessel_base/lib/chibios/os/rt/src/chstats.o
LOAD .build/obj_vessel_base/lib/chibios/os/rt/src/chregistry.o
LOAD .build/obj_vessel_base/lib/chibios/os/rt/src/chsem.o
LOAD .build/obj_vessel_base/lib/chibios/os/rt/src/chmtx.o
LOAD .build/obj_vessel_base/lib/chibios/os/rt/src/chcond.o
LOAD .build/obj_vessel_base/lib/chibios/os/rt/src/chevents.o
LOAD .build/obj_vessel_base/lib/chibios/os/rt/src/chmsg.o
LOAD .build/obj_vessel_base/lib/chibios/os/rt/src/chdynamic.o
LOAD .build/obj_vessel_base/lib/chibios/os/common/ports/ARMv7-M/chcore.o
LOAD .build/obj_vessel_base/lib/chibios/os/hal/osal/rt-nil/osal.o
LOAD .build/obj_vessel_base/lib/chibios/os/hal/src/hal.o
LOAD .build/obj_vessel_base/lib/chibios/os/hal/src/hal_st.o
LOAD .build/obj_vessel_base/lib/chibios/os/hal/src/hal_buffers.o
LOAD .build/obj_vessel_base/lib/chibios/os/hal/src/hal_queues.o
LOAD .build/obj_vessel_base/lib/chibios/os/hal/src/hal_flash.o
LOAD .build/obj_vessel_base/lib/chibios/os/hal/src/hal_mmcsd.o
LOAD .build/obj_vessel_base/lib/chibios/os/hal/src/hal_adc.o
LOAD .build/obj_vessel_base/lib/chibios/os/hal/src/hal_can.o
LOAD .build/obj_vessel_base/lib/chibios/os/hal/src/hal_crypto.o
LOAD .build/obj_vessel_base/lib/chibios/os/hal/src/hal_dac.o
LOAD .build/obj_vessel_base/lib/chibios/os/hal/src/hal_efl.o
LOAD .build/obj_vessel_base/lib/chibios/os/hal/src/hal_gpt.o
LOAD .build/obj_vessel_base/lib/chibios/os/hal/src/hal_i2c.o
LOAD .build/obj_vessel_base/lib/chibios/os/hal/src/hal_i2s.o
LOAD .build/obj_vessel_base/lib/chibios/os/hal/src/hal_icu.o
LOAD .build/obj_vessel_base/lib/chibios/os/hal/src/hal_mac.o
LOAD .build/obj_vessel_base/lib/chibios/os/hal/src/hal_mmc_spi.o
LOAD .build/obj_vessel_base/lib/chibios/os/hal/src/hal_pal.o
LOAD .build/obj_vessel_base/lib/chibios/os/hal/src/hal_pwm.o
LOAD .build/obj_vessel_base/lib/chibios/os/hal/src/hal_rtc.o
LOAD .build/obj_vessel_base/lib/chibios/os/hal/src/hal_sdc.o
LOAD .build/obj_vessel_base/lib/chibios/os/hal/src/hal_serial.o
LOAD .build/obj_vessel_base/lib/chibios/os/hal/src/hal_serial_usb.o
LOAD .build/obj_vessel_base/lib/chibios/os/hal/src/hal_sio.o
LOAD .build/obj_vessel_base/lib/chibios/os/hal/src/hal_spi.o
LOAD .build/obj_vessel_base/lib/chibios/os/hal/src/hal_trng.o
LOAD .build/obj_vessel_base/lib/chibios/os/hal/src/hal_uart.o
LOAD .build/obj_vessel_base/lib/chibios/os/hal/src/hal_usb.o
LOAD .build/obj_vessel_base/lib/chibios/os/hal/src/hal_wdg.o
LOAD .build/obj_vessel_base/lib/chibios/os/hal/src/hal_wspi.o
LOAD .build/obj_vessel_base/lib/chibios/os/hal/ports/common/ARMCMx/nvic.o
LOAD .build/obj_vessel_base/lib/chibios/os/hal/ports/STM32/STM32F4xx/stm32_isr.o
LOAD .build/obj_vessel_base/lib/chibios/os/hal/ports/STM32/STM32F4xx/hal_lld.o
LOAD .build/obj_vessel_base/lib/chibios/os/hal/ports/STM32/STM32F4xx/hal_efl_lld.o
LOAD .build/obj_vessel_base/lib/chibios/os/hal/ports/STM32/LLD/ADCv2/hal_adc_lld.o
LOAD .build/obj_vessel_base/lib/chibios/os/hal/ports/STM32/LLD/CANv1/hal_can_lld.o
LOAD .build/obj_vessel_base/lib/chibios/os/hal/ports/STM32/LLD/CRYPv1/hal_crypto_lld.o
LOAD .build/obj_vessel_base/lib/chibios/os/hal/ports/STM32/LLD/DACv1/hal_dac_lld.o
LOAD .build/obj_vessel_base/lib/chibios/os/hal/ports/STM32/LLD/DMAv2/stm32_dma.o
LOAD .build/obj_vessel_base/lib/chibios/os/hal/ports/STM32/LLD/EXTIv1/stm32_exti.o
LOAD .build/obj_vessel_base/lib/chibios/os/hal/ports/STM32/LLD/GPIOv2/hal_pal_lld.o
LOAD .build/obj_vessel_base/lib/chibios/os/hal/ports/STM32/LLD/I2Cv1/hal_i2c_lld.o
LOAD .build/obj_vessel_base/lib/chibios/os/hal/ports/STM32/LLD/MACv1/hal_mac_lld.o
LOAD .build/obj_vessel_base/lib/chibios/os/hal/ports/STM32/LLD/OTGv1/hal_usb_lld.o
LOAD .build/obj_vessel_base/lib/chibios/os/hal/ports/STM32/LLD/QUADSPIv1/hal_wspi_lld.o
LOAD .build/obj_vessel_base/lib/chibios/os/hal/ports/STM32/LLD/RTCv2/hal_rtc_lld.o
LOAD .build/obj_vessel_base/lib/chibios/os/hal/ports/STM32/LLD/SPIv1/hal_i2s_lld.o
LOAD .build/obj_vessel_base/lib/chibios/os/hal/ports/STM32/LLD/SPIv1/hal_spi_v2_lld.o
LOAD .build/obj_vessel_base/lib/chibios/os/hal/ports/STM32/LLD/SDIOv1/hal_sdc_lld.o
LOAD .build/obj_vessel_base/lib/chibios/os/hal/ports/STM32/LLD/SYSTICKv1/hal_st_lld.o
LOAD .build/obj_vessel_base/lib/chibios/os/hal/ports/STM32/LLD/TIMv1/hal_gpt_lld.o
LOAD .build/obj_vessel_base/lib/chibios/os/hal/ports/STM32/LLD/TIMv1/hal_icu_lld.o
LOAD .build/obj_vessel_base/lib/chibios/os/hal/ports/STM32/LLD/TIMv1/hal_pwm_lld.o
LOAD .build/obj_vessel_base/lib/chibios/os/hal/ports/STM32/LLD/USARTv1/hal_serial_lld.o
LOAD .build/obj_vessel_base/lib/chibios/os/hal/ports/STM32/LLD/USARTv1/hal_uart_lld.o
LOAD .build/obj_vessel_base/lib/chibios/os/hal/ports/STM32/LLD/xWDGv1/hal_wdg_lld.o
LOAD .build/obj_vessel_base/lib/chibios/os/hal/boards/ST_NUCLEO64_F446RE/board.o
LOAD .build/obj_vessel_base/lib/chibios/os/hal/lib/streams/chprintf.o
LOAD .build/obj_vessel_base/lib/chibios/os/hal/lib/streams/chscanf.o
LOAD .build/obj_vessel_base/lib/chibios/os/hal/lib/streams/memstreams.o
LOAD .build/obj_vessel_base/lib/chibios/os/hal/lib/streams/nullstreams.o
LOAD .build/obj_vessel_base/lib/chibios/os/hal/lib/streams/bufstreams.o
LOAD .build/obj_vessel_base/lib/chibios/os/various/syscalls.o
LOAD .build/obj_vessel_base/platforms/chibios/syscall-fallbacks.o
LOAD .build/obj_vessel_base/platforms/chibios/wait.o
LOAD .build/obj_vessel_base/platforms/chibios/synchronization_util.o
LOAD .build/obj_vessel_base/platforms/chibios/interrupt_handlers.o
                0x00000800                        __process_stack_size__ = 0x800
                0x00000400                        __main_stack_size__ = 0x400
LOAD c:/qmk_msys/mingw64/bin/../lib/gcc/arm-none-eabi/12.2.0/../../../../arm-none-eabi/lib/thumb/v7e-m+fp/hard\libm.a
START GROUP
LOAD c:/qmk_msys/mingw64/bin/../lib/gcc/arm-none-eabi/12.2.0/thumb/v7e-m+fp/hard\libgcc.a
LOAD c:/qmk_msys/mingw64/bin/../lib/gcc/arm-none-eabi/12.2.0/../../../../arm-none-eabi/lib/thumb/v7e-m+fp/hard\libg_nano.a
LOAD c:/qmk_msys/mingw64/bin/../lib/gcc/arm-none-eabi/12.2.0/../../../../arm-none-eabi/lib/thumb/v7e-m+fp/hard\libc_nano.a
END GROUP
START GROUP
LOAD c:/qmk_msys/mingw64/bin/../lib/gcc/arm-none-eabi/12.2.0/thumb/v7e-m+fp/hard\libgcc.a
LOAD c:/qmk_msys/mingw64/bin/../lib/gcc/arm-none-eabi/12.2.0/../../../../arm-none-eabi/lib/thumb/v7e-m+fp/hard\libc_nano.a
END GROUP

.mstack         0x20000000      0x400
                0x20000000                        . = ALIGN (0x8)
                0x20000000                        __main_stack_base__ = .
                0x20000400                        . = (. + __main_stack_size__)
 *fill*         0x20000000      0x400 
                0x20000400                        . = ALIGN (0x8)
                0x20000400                        __main_stack_end__ = .

.pstack         0x20000400      0x800
                0x20000400                        . = ALIGN (0x8)
                0x20000400                        __process_stack_base__ = .
                0x20000400                        __main_thread_stack_base__ = .
                0x20000c00                        . = (. + __process_stack_size__)
 *fill*         0x20000400      0x800 
                0x20000c00                        . = ALIGN (0x8)
                0x20000c00                        __process_stack_end__ = .
                0x20000c00                        __main_thread_stack_end__ = .

.vectors        0x08000000      0x1e0
                0x08000000                        __textvectors_base__ = LOADADDR (.vectors)
                0x08000000                        __vectors_base__ = .
 *(.vectors)
 .vectors       0x08000000      0x1e0 .build/obj_vessel_base/./lib/chibios/os/common/startup/ARMCMx/compilers/GCC/vectors.o
                0x08000000                _vectors
                0x080001e0                        __vectors_end__ = .

.xtors          0x080001e0        0x0
                0x080001e0                        __init_array_base__ = .
 *(SORT_BY_NAME(.init_array.*))
 *(.init_array)
                0x080001e0                        __init_array_end__ = .
                0x080001e0                        __fini_array_base__ = .
 *(.fini_array)
 *(SORT_BY_NAME(.fini_array.*))
                0x080001e0                        __fini_array_end__ = .

.text           0x080001e0     0x9258
                0x080001e0                        __text_base__ = .
 *(.text)
 .text          0x080001e0      0x11c .build/obj_vessel_base/./lib/chibios/os/common/startup/ARMCMx/compilers/GCC/crt0_v7m.o
                0x080001e0                _crt0_entry
 .text          0x080002fc        0x8 .build/obj_vessel_base/./lib/chibios/os/common/startup/ARMCMx/compilers/GCC/vectors.o
                0x080002fc                Reset_Handler
                0x080002fe                VectorE8
                0x080002fe                Vector9C
                0x080002fe                VectorAC
                0x080002fe                DebugMon_Handler
                0x080002fe                Vector1A0
                0x080002fe                Vector5C
                0x080002fe                Vector11C
                0x080002fe                HardFault_Handler
                0x080002fe                Vector1B8
                0x080002fe                Vector19C
                0x080002fe                Vector8C
                0x080002fe                SysTick_Handler
                0x080002fe                VectorDC
                0x080002fe                PendSV_Handler
                0x080002fe                Vector168
                0x080002fe                NMI_Handler
                0x080002fe                Vector110
                0x080002fe                Vector1D8
                0x080002fe                VectorC8
                0x080002fe                Vector94
                0x080002fe                VectorA8
                0x080002fe                VectorB4
                0x080002fe                Vector160
                0x080002fe                Vector1B0
                0x080002fe                UsageFault_Handler
                0x080002fe                VectorEC
                0x080002fe                Vector40
                0x080002fe                VectorF8
                0x080002fe                Vector108
                0x080002fe                Vector190
                0x080002fe                Vector1C4
                0x080002fe                Vector1CC
                0x080002fe                Vector148
                0x080002fe                Vector188
                0x080002fe                Vector198
                0x080002fe                Vector118
                0x080002fe                Vector64
                0x080002fe                Vector58
                0x080002fe                VectorCC
                0x080002fe                Vector54
                0x080002fe                Vector98
                0x080002fe                VectorD8
                0x080002fe                Vector138
                0x080002fe                Vector24
                0x080002fe                Vector1AC
                0x080002fe                Vector178
                0x080002fe                SecureFault_Handler
                0x080002fe                Vector1A4
                0x080002fe                VectorD0
                0x080002fe                Vector1B4
                0x080002fe                Vector140
                0x080002fe                VectorE4
                0x080002fe                Vector1C0
                0x080002fe                Vector134
                0x080002fe                Vector1D0
                0x080002fe                VectorF0
                0x080002fe                Vector13C
                0x080002fe                Vector100
                0x080002fe                VectorE0
                0x080002fe                VectorF4
                0x080002fe                MemManage_Handler
                0x080002fe                VectorA0
                0x080002fe                VectorC4
                0x080002fe                Vector180
                0x080002fe                Vector90
                0x080002fe                Vector114
                0x080002fe                Vector164
                0x080002fe                Vector60
                0x080002fe                Vector1BC
                0x080002fe                Vector1D4
                0x080002fe                Vector17C
                0x080002fe                Vector48
                0x080002fe                Vector1A8
                0x080002fe                Vector16C
                0x080002fe                VectorD4
                0x080002fe                Vector4C
                0x080002fe                Vector144
                0x080002fe                Vector15C
                0x080002fe                Vector68
                0x080002fe                Vector18C
                0x080002fe                Vector170
                0x080002fe                Vector88
                0x080002fe                Vector104
                0x080002fe                Vector184
                0x080002fe                Vector10C
                0x080002fe                BusFault_Handler
                0x080002fe                Vector50
                0x080002fe                Vector1C8
                0x080002fe                Vector194
                0x080002fe                Vector1DC
                0x080002fe                Vector44
                0x080002fe                Vector28
                0x080002fe                VectorB8
                0x080002fe                Vector34
                0x080002fe                VectorA4
                0x080002fe                Vector20
                0x080002fe                Vector174
                0x08000302                _unhandled_exception
 .text          0x08000304       0x32 .build/obj_vessel_base/./lib/chibios/os/common/ports/ARMv7-M/compilers/GCC/chcoreasm.o
                0x08000304                __port_switch
                0x0800031c                __port_thread_start
                0x0800032e                __port_switch_from_isr
                0x08000332                __port_exit_from_isr
 *fill*         0x08000336        0x2 
 .text          0x08000338       0x30 c:/qmk_msys/mingw64/bin/../lib/gcc/arm-none-eabi/12.2.0/thumb/v7e-m+fp/hard\libgcc.a(_aeabi_uldivmod.o)
                0x08000338                __aeabi_uldivmod
 .text          0x08000368        0x4 c:/qmk_msys/mingw64/bin/../lib/gcc/arm-none-eabi/12.2.0/thumb/v7e-m+fp/hard\libgcc.a(_dvmd_tls.o)
                0x08000368                __aeabi_idiv0
                0x08000368                __aeabi_ldiv0
 *fill*         0x0800036c        0x4 
 .text          0x08000370       0xfc c:/qmk_msys/mingw64/bin/../lib/gcc/arm-none-eabi/12.2.0/../../../../arm-none-eabi/lib/thumb/v7e-m+fp/hard\libg_nano.a(libc_a-rand.o)
                0x08000370                srand
                0x080003d4                rand
 .text          0x0800046c      0x134 c:/qmk_msys/mingw64/bin/../lib/gcc/arm-none-eabi/12.2.0/../../../../arm-none-eabi/lib/thumb/v7e-m+fp/hard\libg_nano.a(libc_a-memcpy.o)
                0x0800046c                memcpy
 .text          0x080005a0       0x4c c:/qmk_msys/mingw64/bin/../lib/gcc/arm-none-eabi/12.2.0/../../../../arm-none-eabi/lib/thumb/v7e-m+fp/hard\libg_nano.a(libc_a-assert.o)
                0x080005a0                __assert_func
                0x080005e0                __assert
 .text          0x080005ec       0x20 c:/qmk_msys/mingw64/bin/../lib/gcc/arm-none-eabi/12.2.0/../../../../arm-none-eabi/lib/thumb/v7e-m+fp/hard\libg_nano.a(libc_a-malloc.o)
                0x080005ec                malloc
                0x080005fc                free
 .text          0x0800060c      0x140 c:/qmk_msys/mingw64/bin/../lib/gcc/arm-none-eabi/12.2.0/../../../../arm-none-eabi/lib/thumb/v7e-m+fp/hard\libg_nano.a(libc_a-mallocr.o)
                0x08000654                _malloc_r
 .text          0x0800074c       0x18 c:/qmk_msys/mingw64/bin/../lib/gcc/arm-none-eabi/12.2.0/../../../../arm-none-eabi/lib/thumb/v7e-m+fp/hard\libg_nano.a(libc_a-mlock.o)
                0x0800074c                __malloc_lock
                0x08000758                __malloc_unlock
 .text          0x08000764       0x44 c:/qmk_msys/mingw64/bin/../lib/gcc/arm-none-eabi/12.2.0/../../../../arm-none-eabi/lib/thumb/v7e-m+fp/hard\libg_nano.a(libc_a-fprintf.o)
                0x08000764                _fprintf_r
                0x08000764                _fiprintf_r
                0x08000780                fiprintf
                0x08000780                fprintf
 .text          0x080007a8       0x28 c:/qmk_msys/mingw64/bin/../lib/gcc/arm-none-eabi/12.2.0/../../../../arm-none-eabi/lib/thumb/v7e-m+fp/hard\libg_nano.a(libc_a-lock.o)
                0x080007a8                __retarget_lock_init
                0x080007ac                __retarget_lock_init_recursive
                0x080007b0                __retarget_lock_close
                0x080007b4                __retarget_lock_close_recursive
                0x080007b8                __retarget_lock_acquire
                0x080007bc                __retarget_lock_acquire_recursive
                0x080007c0                __retarget_lock_try_acquire
                0x080007c4                __retarget_lock_try_acquire_recursive
                0x080007c8                __retarget_lock_release
                0x080007cc                __retarget_lock_release_recursive
 .text          0x080007d0       0x10 c:/qmk_msys/mingw64/bin/../lib/gcc/arm-none-eabi/12.2.0/../../../../arm-none-eabi/lib/thumb/v7e-m+fp/hard\libg_nano.a(libc_a-abort.o)
                0x080007d0                abort
 .text          0x080007e0       0xbc c:/qmk_msys/mingw64/bin/../lib/gcc/arm-none-eabi/12.2.0/../../../../arm-none-eabi/lib/thumb/v7e-m+fp/hard\libg_nano.a(libc_a-freer.o)
                0x080007e0                _free_r
 .text          0x0800089c      0x368 c:/qmk_msys/mingw64/bin/../lib/gcc/arm-none-eabi/12.2.0/../../../../arm-none-eabi/lib/thumb/v7e-m+fp/hard\libg_nano.a(libc_a-nano-vfprintf.o)
                0x080008d8                __sfputs_r
                0x08000908                __sprint_r
                0x08000928                _vfiprintf_r
                0x08000928                _vfprintf_r
                0x08000be8                vfprintf
                0x08000be8                vfiprintf
 .text          0x08000c04      0x3a4 c:/qmk_msys/mingw64/bin/../lib/gcc/arm-none-eabi/12.2.0/../../../../arm-none-eabi/lib/thumb/v7e-m+fp/hard\libg_nano.a(libc_a-nano-vfprintf_i.o)
                0x08000c04                _printf_common
                0x08000d28                _printf_i
 .text          0x08000fa8      0x2dc c:/qmk_msys/mingw64/bin/../lib/gcc/arm-none-eabi/12.2.0/../../../../arm-none-eabi/lib/thumb/v7e-m+fp/hard\libg_nano.a(libc_a-findfp.o)
                0x08001124                __sfp
                0x080011e4                __sinit
                0x08001224                __sfp_lock_acquire
                0x08001230                __sfp_lock_release
                0x0800123c                __fp_lock_all
                0x08001260                __fp_unlock_all
 .text          0x08001284      0x300 c:/qmk_msys/mingw64/bin/../lib/gcc/arm-none-eabi/12.2.0/../../../../arm-none-eabi/lib/thumb/v7e-m+fp/hard\libg_nano.a(libc_a-fvwrite.o)
                0x08001284                __sfvwrite_r
 .text          0x08001584       0x48 c:/qmk_msys/mingw64/bin/../lib/gcc/arm-none-eabi/12.2.0/../../../../arm-none-eabi/lib/thumb/v7e-m+fp/hard\libg_nano.a(libc_a-fwalk.o)
                0x08001584                _fwalk_sglue
 .text          0x080015cc       0x94 c:/qmk_msys/mingw64/bin/../lib/gcc/arm-none-eabi/12.2.0/../../../../arm-none-eabi/lib/thumb/v7e-m+fp/hard\libg_nano.a(libc_a-stdio.o)
                0x080015cc                __sread
                0x080015f0                __seofread
                0x080015f4                __swrite
                0x08001634                __sseek
                0x08001658                __sclose
 .text          0x08001660       0xa0 c:/qmk_msys/mingw64/bin/../lib/gcc/arm-none-eabi/12.2.0/../../../../arm-none-eabi/lib/thumb/v7e-m+fp/hard\libg_nano.a(libc_a-wbuf.o)
                0x08001660                __swbuf_r
                0x080016e8                __swbuf
 .text          0x08001700       0xc0 c:/qmk_msys/mingw64/bin/../lib/gcc/arm-none-eabi/12.2.0/../../../../arm-none-eabi/lib/thumb/v7e-m+fp/hard\libg_nano.a(libc_a-wsetup.o)
                0x08001700                __swsetup_r
 .text          0x080017c0      0x100 c:/qmk_msys/mingw64/bin/../lib/gcc/arm-none-eabi/12.2.0/../../../../arm-none-eabi/lib/thumb/v7e-m+fp/hard\libg_nano.a(libc_a-memmove.o)
                0x080017c0                memmove
 .text          0x080018c0       0xa4 c:/qmk_msys/mingw64/bin/../lib/gcc/arm-none-eabi/12.2.0/../../../../arm-none-eabi/lib/thumb/v7e-m+fp/hard\libg_nano.a(libc_a-memset.o)
                0x080018c0                memset
 .text          0x08001964      0x260 c:/qmk_msys/mingw64/bin/../lib/gcc/arm-none-eabi/12.2.0/../../../../arm-none-eabi/lib/thumb/v7e-m+fp/hard\libg_nano.a(libc_a-signal.o)
                0x08001964                _init_signal_r
                0x08001990                _signal_r
                0x080019dc                _raise_r
                0x08001a2c                __sigtramp_r
                0x08001a8c                raise
                0x08001ae0                signal
                0x08001b2c                _init_signal
                0x08001b60                __sigtramp
 .text          0x08001bc4       0x30 c:/qmk_msys/mingw64/bin/../lib/gcc/arm-none-eabi/12.2.0/../../../../arm-none-eabi/lib/thumb/v7e-m+fp/hard\libg_nano.a(libc_a-signalr.o)
                0x08001bc4                _kill_r
                0x08001bf0                _getpid_r
 *fill*         0x08001bf4        0xc 
 .text          0x08001c00       0xa0 c:/qmk_msys/mingw64/bin/../lib/gcc/arm-none-eabi/12.2.0/../../../../arm-none-eabi/lib/thumb/v7e-m+fp/hard\libg_nano.a(libc_a-memchr.o)
                0x08001c00                memchr
 .text          0x08001ca0       0x68 c:/qmk_msys/mingw64/bin/../lib/gcc/arm-none-eabi/12.2.0/../../../../arm-none-eabi/lib/thumb/v7e-m+fp/hard\libg_nano.a(libc_a-reallocr.o)
                0x08001ca0                _realloc_r
 .text          0x08001d08      0x1a0 c:/qmk_msys/mingw64/bin/../lib/gcc/arm-none-eabi/12.2.0/../../../../arm-none-eabi/lib/thumb/v7e-m+fp/hard\libg_nano.a(libc_a-fflush.o)
                0x08001d08                __sflush_r
                0x08001e28                _fflush_r
                0x08001e80                fflush
 .text          0x08001ea8      0x114 c:/qmk_msys/mingw64/bin/../lib/gcc/arm-none-eabi/12.2.0/../../../../arm-none-eabi/lib/thumb/v7e-m+fp/hard\libg_nano.a(libc_a-makebuf.o)
                0x08001ea8                __smakebuf_r
                0x08001f6c                __swhatbuf_r
 .text          0x08001fbc       0x10 c:/qmk_msys/mingw64/bin/../lib/gcc/arm-none-eabi/12.2.0/../../../../arm-none-eabi/lib/thumb/v7e-m+fp/hard\libg_nano.a(libc_a-msizer.o)
                0x08001fbc                _malloc_usable_size_r
 .text          0x08001fcc       0x60 c:/qmk_msys/mingw64/bin/../lib/gcc/arm-none-eabi/12.2.0/../../../../arm-none-eabi/lib/thumb/v7e-m+fp/hard\libg_nano.a(libc_a-memcmp.o)
                0x08001fcc                memcmp
 *(.text.*)
 .text.do_code16
                0x0800202c       0x58 C:\QMK_MSYS\tmp\ccY3rPNd.ltrans0.ltrans.o
 .text.layer_on
                0x08002084       0x14 C:\QMK_MSYS\tmp\ccY3rPNd.ltrans0.ltrans.o
 .text.layer_off
                0x08002098       0x14 C:\QMK_MSYS\tmp\ccY3rPNd.ltrans0.ltrans.o
 .text.update_source_layers_cache_impl
                0x080020ac       0x32 C:\QMK_MSYS\tmp\ccY3rPNd.ltrans0.ltrans.o
 .text.read_source_layers_cache_impl
                0x080020de       0x26 C:\QMK_MSYS\tmp\ccY3rPNd.ltrans0.ltrans.o
 .text.update_source_layers_cache
                0x08002104       0x44 C:\QMK_MSYS\tmp\ccY3rPNd.ltrans0.ltrans.o
 .text.read_source_layers_cache
                0x08002148       0x3c C:\QMK_MSYS\tmp\ccY3rPNd.ltrans0.ltrans.o
 .text.debug_waiting_buffer
                0x08002184       0x20 C:\QMK_MSYS\tmp\ccY3rPNd.ltrans0.ltrans.o
 .text.keymap_key_to_keycode
                0x080021a4       0x50 C:\QMK_MSYS\tmp\ccY3rPNd.ltrans0.ltrans.o
 .text.keycode_config
                0x080021f4      0x10c C:\QMK_MSYS\tmp\ccY3rPNd.ltrans0.ltrans.o
 .text.mod_config
                0x08002300       0xc4 C:\QMK_MSYS\tmp\ccY3rPNd.ltrans0.ltrans.o
 .text.action_for_keycode
                0x080023c4      0x1a8 C:\QMK_MSYS\tmp\ccY3rPNd.ltrans0.ltrans.o
 .text.layer_switch_get_layer
                0x0800256c       0x50 C:\QMK_MSYS\tmp\ccY3rPNd.ltrans0.ltrans.o
 .text.get_record_keycode
                0x080025bc       0x34 C:\QMK_MSYS\tmp\ccY3rPNd.ltrans0.ltrans.o
 .text.layer_switch_get_action
                0x080025f0       0x24 C:\QMK_MSYS\tmp\ccY3rPNd.ltrans0.ltrans.o
 .text.is_tap_record
                0x08002614       0x50 C:\QMK_MSYS\tmp\ccY3rPNd.ltrans0.ltrans.o
 .text.sendchar
                0x08002664        0x4 C:\QMK_MSYS\tmp\ccY3rPNd.ltrans0.ltrans.o
 .text.null_sendchar_func
                0x08002668        0x4 C:\QMK_MSYS\tmp\ccY3rPNd.ltrans0.ltrans.o
 .text.__idle_thread
                0x0800266c        0x4 C:\QMK_MSYS\tmp\ccY3rPNd.ltrans0.ltrans.o
 .text.hsv_to_rgb
                0x08002670       0xac C:\QMK_MSYS\tmp\ccY3rPNd.ltrans0.ltrans.o
 .text.sqrt16   0x0800271c       0x4c C:\QMK_MSYS\tmp\ccY3rPNd.ltrans0.ltrans.o
 .text.random8  0x08002768       0x24 C:\QMK_MSYS\tmp\ccY3rPNd.ltrans0.ltrans.o
 .text.sin8_C   0x0800278c       0x48 C:\QMK_MSYS\tmp\ccY3rPNd.ltrans0.ltrans.o
 .text.atan2_8  0x080027d4       0x46 C:\QMK_MSYS\tmp\ccY3rPNd.ltrans0.ltrans.o
 *fill*         0x0800281a        0x2 
 .text.BAND_SAT_math
                0x0800281c       0x5c C:\QMK_MSYS\tmp\ccY3rPNd.ltrans0.ltrans.o
 .text.BAND_VAL_math
                0x08002878       0x5c C:\QMK_MSYS\tmp\ccY3rPNd.ltrans0.ltrans.o
 .text.BAND_PINWHEEL_SAT_math
                0x080028d4       0x48 C:\QMK_MSYS\tmp\ccY3rPNd.ltrans0.ltrans.o
 .text.BAND_PINWHEEL_VAL_math
                0x0800291c       0x48 C:\QMK_MSYS\tmp\ccY3rPNd.ltrans0.ltrans.o
 .text.BAND_SPIRAL_SAT_math
                0x08002964       0x46 C:\QMK_MSYS\tmp\ccY3rPNd.ltrans0.ltrans.o
 .text.BAND_SPIRAL_VAL_math
                0x080029aa       0x46 C:\QMK_MSYS\tmp\ccY3rPNd.ltrans0.ltrans.o
 .text.CYCLE_ALL_math
                0x080029f0       0x26 C:\QMK_MSYS\tmp\ccY3rPNd.ltrans0.ltrans.o
 *fill*         0x08002a16        0x2 
 .text.CYCLE_LEFT_RIGHT_math
                0x08002a18       0x38 C:\QMK_MSYS\tmp\ccY3rPNd.ltrans0.ltrans.o
 .text.CYCLE_UP_DOWN_math
                0x08002a50       0x38 C:\QMK_MSYS\tmp\ccY3rPNd.ltrans0.ltrans.o
 .text.RAINBOW_MOVING_CHEVRON_math
                0x08002a88       0x54 C:\QMK_MSYS\tmp\ccY3rPNd.ltrans0.ltrans.o
 .text.CYCLE_OUT_IN_math
                0x08002adc       0x32 C:\QMK_MSYS\tmp\ccY3rPNd.ltrans0.ltrans.o
 .text.CYCLE_OUT_IN_DUAL_math
                0x08002b0e       0x48 C:\QMK_MSYS\tmp\ccY3rPNd.ltrans0.ltrans.o
 .text.CYCLE_PINWHEEL_math
                0x08002b56       0x30 C:\QMK_MSYS\tmp\ccY3rPNd.ltrans0.ltrans.o
 .text.CYCLE_SPIRAL_math
                0x08002b86       0x36 C:\QMK_MSYS\tmp\ccY3rPNd.ltrans0.ltrans.o
 .text.DUAL_BEACON_math
                0x08002bbc       0x50 C:\QMK_MSYS\tmp\ccY3rPNd.ltrans0.ltrans.o
 .text.RAINBOW_BEACON_math
                0x08002c0c       0x50 C:\QMK_MSYS\tmp\ccY3rPNd.ltrans0.ltrans.o
 .text.RAINBOW_PINWHEELS_math
                0x08002c5c       0x60 C:\QMK_MSYS\tmp\ccY3rPNd.ltrans0.ltrans.o
 .text.FLOWER_BLOOMING_math
                0x08002cbc       0x48 C:\QMK_MSYS\tmp\ccY3rPNd.ltrans0.ltrans.o
 .text.HUE_PENDULUM_math
                0x08002d04       0x64 C:\QMK_MSYS\tmp\ccY3rPNd.ltrans0.ltrans.o
 .text.HUE_WAVE_math
                0x08002d68       0x4c C:\QMK_MSYS\tmp\ccY3rPNd.ltrans0.ltrans.o
 .text.SOLID_REACTIVE_SIMPLE_math
                0x08002db4       0x58 C:\QMK_MSYS\tmp\ccY3rPNd.ltrans0.ltrans.o
 .text.SOLID_REACTIVE_math
                0x08002e0c       0x50 C:\QMK_MSYS\tmp\ccY3rPNd.ltrans0.ltrans.o
 .text.SOLID_REACTIVE_WIDE_math
                0x08002e5c       0x70 C:\QMK_MSYS\tmp\ccY3rPNd.ltrans0.ltrans.o
 .text.SOLID_REACTIVE_CROSS_math
                0x08002ecc       0x9c C:\QMK_MSYS\tmp\ccY3rPNd.ltrans0.ltrans.o
 .text.SOLID_REACTIVE_NEXUS_math
                0x08002f68       0x94 C:\QMK_MSYS\tmp\ccY3rPNd.ltrans0.ltrans.o
 .text.SPLASH_math
                0x08002ffc       0x4e C:\QMK_MSYS\tmp\ccY3rPNd.ltrans0.ltrans.o
 .text.SOLID_SPLASH_math
                0x0800304a       0x44 C:\QMK_MSYS\tmp\ccY3rPNd.ltrans0.ltrans.o
 .text.rgb_matrix_set_color
                0x0800308e        0x4 C:\QMK_MSYS\tmp\ccY3rPNd.ltrans0.ltrans.o
 .text.rgb_matrix_set_color_all
                0x08003092        0x4 C:\QMK_MSYS\tmp\ccY3rPNd.ltrans0.ltrans.o
 .text.rgb_matrix_get_limits
                0x08003096       0x2a C:\QMK_MSYS\tmp\ccY3rPNd.ltrans0.ltrans.o
 .text.rgb_matrix_disable_noeeprom
                0x080030c0       0x20 C:\QMK_MSYS\tmp\ccY3rPNd.ltrans0.ltrans.o
 .text.init     0x080030e0        0xc C:\QMK_MSYS\tmp\ccY3rPNd.ltrans0.ltrans.o
 .text.setled   0x080030ec       0x3c C:\QMK_MSYS\tmp\ccY3rPNd.ltrans0.ltrans.o
 .text.setled_all
                0x08003128       0x1c C:\QMK_MSYS\tmp\ccY3rPNd.ltrans0.ltrans.o
 .text.handleKeycodeRGB
                0x08003144        0x6 C:\QMK_MSYS\tmp\ccY3rPNd.ltrans0.ltrans.o
 *fill*         0x0800314a        0x2 
 .text.oled_write_raw
                0x0800314c       0x60 C:\QMK_MSYS\tmp\ccY3rPNd.ltrans0.ltrans.o
 .text.encoder_quadrature_read_pin
                0x080031ac       0x24 C:\QMK_MSYS\tmp\ccY3rPNd.ltrans0.ltrans.o
 .text.sendByte
                0x080031d0       0x78 C:\QMK_MSYS\tmp\ccY3rPNd.ltrans0.ltrans.o
 .text._process_tap_dance_action_fn
                0x08003248        0x6 C:\QMK_MSYS\tmp\ccY3rPNd.ltrans0.ltrans.o
 *fill*         0x0800324e        0x2 
 .text.host_keyboard_leds
                0x08003250       0x10 C:\QMK_MSYS\tmp\ccY3rPNd.ltrans0.ltrans.o
 .text.host_system_send
                0x08003260       0x38 C:\QMK_MSYS\tmp\ccY3rPNd.ltrans0.ltrans.o
 .text.host_consumer_send
                0x08003298       0x38 C:\QMK_MSYS\tmp\ccY3rPNd.ltrans0.ltrans.o
 .text.add_key_to_report
                0x080032d0       0x70 C:\QMK_MSYS\tmp\ccY3rPNd.ltrans0.ltrans.o
 .text.del_key_from_report
                0x08003340       0x5c C:\QMK_MSYS\tmp\ccY3rPNd.ltrans0.ltrans.o
 .text.timer_read32
                0x0800339c       0x6c C:\QMK_MSYS\tmp\ccY3rPNd.ltrans0.ltrans.o
 .text.__NVIC_SystemReset
                0x08003408       0x24 C:\QMK_MSYS\tmp\ccY3rPNd.ltrans0.ltrans.o
 .text.usb_get_descriptor_cb
                0x0800342c       0xb8 C:\QMK_MSYS\tmp\ccY3rPNd.ltrans0.ltrans.o
 .text.dummy_usb_cb
                0x080034e4        0x2 C:\QMK_MSYS\tmp\ccY3rPNd.ltrans0.ltrans.o
 *fill*         0x080034e6        0x2 
 .text.set_led_transfer_cb
                0x080034e8       0x34 C:\QMK_MSYS\tmp\ccY3rPNd.ltrans0.ltrans.o
 .text.usb_sof_cb
                0x0800351c        0xe C:\QMK_MSYS\tmp\ccY3rPNd.ltrans0.ltrans.o
 *fill*         0x0800352a        0x2 
 .text.keyboard_leds
                0x0800352c        0xc C:\QMK_MSYS\tmp\ccY3rPNd.ltrans0.ltrans.o
 .text.send_mouse
                0x08003538        0x2 C:\QMK_MSYS\tmp\ccY3rPNd.ltrans0.ltrans.o
 *fill*         0x0800353a        0x2 
 .text.chSysPolledDelayX
                0x0800353c       0x14 C:\QMK_MSYS\tmp\ccY3rPNd.ltrans0.ltrans.o
 .text.dmaStreamFreeI
                0x08003550       0x7c C:\QMK_MSYS\tmp\ccY3rPNd.ltrans0.ltrans.o
 .text.i2c_lld_abort_operation
                0x080035cc       0x4a C:\QMK_MSYS\tmp\ccY3rPNd.ltrans0.ltrans.o
 *fill*         0x08003616        0x2 
 .text.i2c_lld_serve_tx_end_irq
                0x08003618       0x44 C:\QMK_MSYS\tmp\ccY3rPNd.ltrans0.ltrans.o
 .text.otg_disable_ep
                0x0800365c       0x56 C:\QMK_MSYS\tmp\ccY3rPNd.ltrans0.ltrans.o
 .text.usb_lld_start_in
                0x080036b2       0x8a C:\QMK_MSYS\tmp\ccY3rPNd.ltrans0.ltrans.o
 .text.usbStartTransmitI
                0x0800373c       0x24 C:\QMK_MSYS\tmp\ccY3rPNd.ltrans0.ltrans.o
 .text._usb_ep0out
                0x08003760       0x80 C:\QMK_MSYS\tmp\ccY3rPNd.ltrans0.ltrans.o
 .text.gpio_init
                0x080037e0       0x1e C:\QMK_MSYS\tmp\ccY3rPNd.ltrans0.ltrans.o
 *fill*         0x080037fe        0x2 
 .text._usb_wakeup.constprop.0
                0x08003800       0x1c C:\QMK_MSYS\tmp\ccY3rPNd.ltrans0.ltrans.o
 .text.usb_lld_start_out.constprop.0
                0x0800381c       0x66 C:\QMK_MSYS\tmp\ccY3rPNd.ltrans0.ltrans.o
 .text.usbStartReceiveI.constprop.0
                0x08003882       0x20 C:\QMK_MSYS\tmp\ccY3rPNd.ltrans0.ltrans.o
 .text._usb_ep0in
                0x080038a2       0xb8 C:\QMK_MSYS\tmp\ccY3rPNd.ltrans0.ltrans.o
 *fill*         0x0800395a        0x2 
 .text.dmaStreamAllocI.part.0.constprop.0
                0x0800395c       0xa8 C:\QMK_MSYS\tmp\ccY3rPNd.ltrans0.ltrans.o
 .text.effect_runner_dx_dy.constprop.0
                0x08003a04       0xc4 C:\QMK_MSYS\tmp\ccY3rPNd.ltrans0.ltrans.o
 .text.effect_runner_dx_dy_dist.constprop.0
                0x08003ac8       0xec C:\QMK_MSYS\tmp\ccY3rPNd.ltrans0.ltrans.o
 .text.effect_runner_sin_cos_i.constprop.0
                0x08003bb4       0xd4 C:\QMK_MSYS\tmp\ccY3rPNd.ltrans0.ltrans.o
 .text.effect_runner_i.constprop.0
                0x08003c88       0xac C:\QMK_MSYS\tmp\ccY3rPNd.ltrans0.ltrans.o
 .text.effect_runner_reactive.constprop.0
                0x08003d34       0xf8 C:\QMK_MSYS\tmp\ccY3rPNd.ltrans0.ltrans.o
 .text.effect_runner_reactive_splash.constprop.0
                0x08003e2c      0x140 C:\QMK_MSYS\tmp\ccY3rPNd.ltrans0.ltrans.o
 .text.set_starlight_color.constprop.0
                0x08003f6c       0x68 C:\QMK_MSYS\tmp\ccY3rPNd.ltrans0.ltrans.o
 .text.eeconfig_flag_rgb_matrix.constprop.0
                0x08003fd4       0x10 C:\QMK_MSYS\tmp\ccY3rPNd.ltrans0.ltrans.o
 .text.rgb_matrix_enable
                0x08003fe4       0x24 C:\QMK_MSYS\tmp\ccY3rPNd.ltrans0.ltrans.o
 .text.rgb_matrix_increase_speed
                0x08004008       0x18 C:\QMK_MSYS\tmp\ccY3rPNd.ltrans0.ltrans.o
 .text.rgb_matrix_decrease_speed
                0x08004020       0x14 C:\QMK_MSYS\tmp\ccY3rPNd.ltrans0.ltrans.o
 .text.rgb_matrix_sethsv_eeprom_helper.constprop.0
                0x08004034       0x28 C:\QMK_MSYS\tmp\ccY3rPNd.ltrans0.ltrans.o
 .text.rgb_matrix_increase_hue
                0x0800405c       0x14 C:\QMK_MSYS\tmp\ccY3rPNd.ltrans0.ltrans.o
 .text.rgb_matrix_decrease_hue
                0x08004070       0x14 C:\QMK_MSYS\tmp\ccY3rPNd.ltrans0.ltrans.o
 .text.rgb_matrix_increase_sat
                0x08004084       0x1c C:\QMK_MSYS\tmp\ccY3rPNd.ltrans0.ltrans.o
 .text.rgb_matrix_decrease_sat
                0x080040a0       0x18 C:\QMK_MSYS\tmp\ccY3rPNd.ltrans0.ltrans.o
 .text.rgb_matrix_increase_val
                0x080040b8       0x1c C:\QMK_MSYS\tmp\ccY3rPNd.ltrans0.ltrans.o
 .text.rgb_matrix_decrease_val
                0x080040d4       0x18 C:\QMK_MSYS\tmp\ccY3rPNd.ltrans0.ltrans.o
 .text.rgb_matrix_mode_eeprom_helper.constprop.0
                0x080040ec       0x28 C:\QMK_MSYS\tmp\ccY3rPNd.ltrans0.ltrans.o
 .text.rgb_matrix_step
                0x08004114       0x18 C:\QMK_MSYS\tmp\ccY3rPNd.ltrans0.ltrans.o
 .text.rgb_matrix_step_reverse
                0x0800412c       0x1c C:\QMK_MSYS\tmp\ccY3rPNd.ltrans0.ltrans.o
 .text.usbStart.constprop.0.isra.0
                0x08004148       0xe4 C:\QMK_MSYS\tmp\ccY3rPNd.ltrans0.ltrans.o
 .text.otg_txfifo_flush.isra.0
                0x0800422c       0x14 C:\QMK_MSYS\tmp\ccY3rPNd.ltrans0.ltrans.o
 .text.usb_event_queue_enqueue.isra.0
                0x08004240       0x28 C:\QMK_MSYS\tmp\ccY3rPNd.ltrans0.ltrans.o
 .text.waiting_buffer_typed.isra.0
                0x08004268       0x44 C:\QMK_MSYS\tmp\ccY3rPNd.ltrans0.ltrans.o
 .text.send_keyboard_report
                0x080042ac       0x94 C:\QMK_MSYS\tmp\ccY3rPNd.ltrans0.ltrans.o
 .text.register_mods
                0x08004340       0x14 C:\QMK_MSYS\tmp\ccY3rPNd.ltrans0.ltrans.o
 .text.unregister_mods
                0x08004354       0x18 C:\QMK_MSYS\tmp\ccY3rPNd.ltrans0.ltrans.o
 .text.register_weak_mods
                0x0800436c       0x14 C:\QMK_MSYS\tmp\ccY3rPNd.ltrans0.ltrans.o
 .text.unregister_weak_mods
                0x08004380       0x18 C:\QMK_MSYS\tmp\ccY3rPNd.ltrans0.ltrans.o
 .text.unregister_code.part.0
                0x08004398       0x74 C:\QMK_MSYS\tmp\ccY3rPNd.ltrans0.ltrans.o
 .text.unregister_code
                0x0800440c       0x3c C:\QMK_MSYS\tmp\ccY3rPNd.ltrans0.ltrans.o
 .text.unregister_code16
                0x08004448       0x2c C:\QMK_MSYS\tmp\ccY3rPNd.ltrans0.ltrans.o
 .text.process_tap_dance_action_on_reset
                0x08004474       0x28 C:\QMK_MSYS\tmp\ccY3rPNd.ltrans0.ltrans.o
 .text.process_tap_dance_action_on_dance_finished
                0x0800449c       0x48 C:\QMK_MSYS\tmp\ccY3rPNd.ltrans0.ltrans.o
 .text.eeprom_write_block
                0x080044e4       0x24 C:\QMK_MSYS\tmp\ccY3rPNd.ltrans0.ltrans.o
 .text.eeprom_driver_erase
                0x08004508       0x10 C:\QMK_MSYS\tmp\ccY3rPNd.ltrans0.ltrans.o
 .text.eeprom_read_block
                0x08004518       0x34 C:\QMK_MSYS\tmp\ccY3rPNd.ltrans0.ltrans.o
 .text.eeprom_update_byte
                0x0800454c       0x34 C:\QMK_MSYS\tmp\ccY3rPNd.ltrans0.ltrans.o
 .text.eeprom_read_word
                0x08004580       0x1e C:\QMK_MSYS\tmp\ccY3rPNd.ltrans0.ltrans.o
 .text.eeprom_update_word
                0x0800459e       0x22 C:\QMK_MSYS\tmp\ccY3rPNd.ltrans0.ltrans.o
 .text.eeprom_update_dword.constprop.0
                0x080045c0       0x2a C:\QMK_MSYS\tmp\ccY3rPNd.ltrans0.ltrans.o
 *fill*         0x080045ea        0x2 
 .text.oled_clear
                0x080045ec       0x2c C:\QMK_MSYS\tmp\ccY3rPNd.ltrans0.ltrans.o
 .text.animation_on.isra.0
                0x08004618       0x84 C:\QMK_MSYS\tmp\ccY3rPNd.ltrans0.ltrans.o
 .text.clear_keys_from_report
                0x0800469c       0x34 C:\QMK_MSYS\tmp\ccY3rPNd.ltrans0.ltrans.o
 .text.usbInitEndpointI
                0x080046d0      0x134 C:\QMK_MSYS\tmp\ccY3rPNd.ltrans0.ltrans.o
 .text.usb_event_cb
                0x08004804       0x5c C:\QMK_MSYS\tmp\ccY3rPNd.ltrans0.ltrans.o
 .text.set_starlight_dual_sat_color.constprop.0
                0x08004860       0x80 C:\QMK_MSYS\tmp\ccY3rPNd.ltrans0.ltrans.o
 .text.set_starlight_dual_hue_color.constprop.0
                0x080048e0       0x80 C:\QMK_MSYS\tmp\ccY3rPNd.ltrans0.ltrans.o
 .text.oled_send_cmd
                0x08004960       0x16 C:\QMK_MSYS\tmp\ccY3rPNd.ltrans0.ltrans.o
 *fill*         0x08004976        0x2 
 .text.oled_on.isra.0
                0x08004978       0x3c C:\QMK_MSYS\tmp\ccY3rPNd.ltrans0.ltrans.o
 .text.oled_off.isra.0
                0x080049b4       0x2c C:\QMK_MSYS\tmp\ccY3rPNd.ltrans0.ltrans.o
 .text.oled_task
                0x080049e0      0x218 C:\QMK_MSYS\tmp\ccY3rPNd.ltrans0.ltrans.o
 .text.ch_dlist_insert
                0x08004bf8       0x2a C:\QMK_MSYS\tmp\ccY3rPNd.ltrans0.ltrans.o
 *fill*         0x08004c22        0x2 
 .text.vt_set_alarm
                0x08004c24       0x38 C:\QMK_MSYS\tmp\ccY3rPNd.ltrans0.ltrans.o
 .text.chVTDoResetI
                0x08004c5c       0x6c C:\QMK_MSYS\tmp\ccY3rPNd.ltrans0.ltrans.o
 .text.vt_insert_first.constprop.0
                0x08004cc8       0x54 C:\QMK_MSYS\tmp\ccY3rPNd.ltrans0.ltrans.o
 .text.vt_enqueue.constprop.0
                0x08004d1c       0x50 C:\QMK_MSYS\tmp\ccY3rPNd.ltrans0.ltrans.o
 .text.chVTSetI.constprop.0
                0x08004d6c       0x30 C:\QMK_MSYS\tmp\ccY3rPNd.ltrans0.ltrans.o
 .text.usb_requests_hook_cb
                0x08004d9c      0x15c C:\QMK_MSYS\tmp\ccY3rPNd.ltrans0.ltrans.o
 .text.keyboard_idle_timer_cb
                0x08004ef8       0x78 C:\QMK_MSYS\tmp\ccY3rPNd.ltrans0.ltrans.o
 .text.__sch_ready_behind.isra.0
                0x08004f70       0x1c C:\QMK_MSYS\tmp\ccY3rPNd.ltrans0.ltrans.o
 .text.chThdResumeI
                0x08004f8c       0x12 C:\QMK_MSYS\tmp\ccY3rPNd.ltrans0.ltrans.o
 *fill*         0x08004f9e        0x2 
 .text.i2c_lld_serve_rx_end_irq
                0x08004fa0       0x68 C:\QMK_MSYS\tmp\ccY3rPNd.ltrans0.ltrans.o
 .text._usb_ep0setup
                0x08005008      0x34c C:\QMK_MSYS\tmp\ccY3rPNd.ltrans0.ltrans.o
 .text.otg_epin_handler.constprop.0
                0x08005354      0x108 C:\QMK_MSYS\tmp\ccY3rPNd.ltrans0.ltrans.o
 .text.otg_epout_handler.constprop.0
                0x0800545c       0xac C:\QMK_MSYS\tmp\ccY3rPNd.ltrans0.ltrans.o
 .text.__sch_wakeup
                0x08005508       0x44 C:\QMK_MSYS\tmp\ccY3rPNd.ltrans0.ltrans.o
 .text.chSchGoSleepS
                0x0800554c       0x1c C:\QMK_MSYS\tmp\ccY3rPNd.ltrans0.ltrans.o
 .text.chSchGoSleepTimeoutS
                0x08005568       0x44 C:\QMK_MSYS\tmp\ccY3rPNd.ltrans0.ltrans.o
 .text.chThdSuspendTimeoutS
                0x080055ac       0x1c C:\QMK_MSYS\tmp\ccY3rPNd.ltrans0.ltrans.o
 .text.send_report
                0x080055c8       0x50 C:\QMK_MSYS\tmp\ccY3rPNd.ltrans0.ltrans.o
 .text.programmable_button_flush
                0x08005618       0x38 C:\QMK_MSYS\tmp\ccY3rPNd.ltrans0.ltrans.o
 .text.clear_keyboard
                0x08005650       0x38 C:\QMK_MSYS\tmp\ccY3rPNd.ltrans0.ltrans.o
 .text.send_keyboard
                0x08005688       0x20 C:\QMK_MSYS\tmp\ccY3rPNd.ltrans0.ltrans.o
 .text.send_nkro
                0x080056a8        0xa C:\QMK_MSYS\tmp\ccY3rPNd.ltrans0.ltrans.o
 .text.send_extra
                0x080056b2        0xa C:\QMK_MSYS\tmp\ccY3rPNd.ltrans0.ltrans.o
 .text.__port_irq_epilogue
                0x080056bc       0x5c C:\QMK_MSYS\tmp\ccY3rPNd.ltrans0.ltrans.o
 .text.eeprom_update_block.constprop.0
                0x08005718       0x2e C:\QMK_MSYS\tmp\ccY3rPNd.ltrans0.ltrans.o
 *fill*         0x08005746        0x2 
 .text.rgb_matrix_task
                0x08005748      0x97c C:\QMK_MSYS\tmp\ccY3rPNd.ltrans0.ltrans.o
 .text.oled_init.constprop.0.isra.0
                0x080060c4       0x88 C:\QMK_MSYS\tmp\ccY3rPNd.ltrans0.ltrans.o
 .text.led_init_ports
                0x0800614c        0x2 C:\QMK_MSYS\tmp\ccY3rPNd.ltrans0.ltrans.o
                0x0800614c                __cpu_init
 *fill*         0x0800614e        0x2 
 .text.__early_init
                0x08006150      0x22c C:\QMK_MSYS\tmp\ccY3rPNd.ltrans0.ltrans.o
                0x08006150                __early_init
 .text.__late_init
                0x0800637c        0x2 C:\QMK_MSYS\tmp\ccY3rPNd.ltrans0.ltrans.o
                0x0800637c                __late_init
 .text.__default_exit
                0x0800637e        0x2 C:\QMK_MSYS\tmp\ccY3rPNd.ltrans0.ltrans.o
                0x0800637e                __default_exit
 .text.__init_ram_areas
                0x08006380       0x58 C:\QMK_MSYS\tmp\ccY3rPNd.ltrans0.ltrans.o
                0x08006380                __init_ram_areas
 .text.__sch_reschedule_ahead
                0x080063d8       0x3c C:\QMK_MSYS\tmp\ccY3rPNd.ltrans0.ltrans.o
                0x080063d8                chSchDoPreemption
 .text.usbStop.constprop.0
                0x08006414       0xac C:\QMK_MSYS\tmp\ccY3rPNd.ltrans0.ltrans.o
 .text.chThdExit
                0x080064c0       0x18 C:\QMK_MSYS\tmp\ccY3rPNd.ltrans0.ltrans.o
                0x080064c0                chThdExit
 .text.chThdSleep
                0x080064d8       0x18 C:\QMK_MSYS\tmp\ccY3rPNd.ltrans0.ltrans.o
                0x080064d8                chThdSleep
 .text.register_code.part.0
                0x080064f0       0xf8 C:\QMK_MSYS\tmp\ccY3rPNd.ltrans0.ltrans.o
 .text.register_code
                0x080065e8       0x32 C:\QMK_MSYS\tmp\ccY3rPNd.ltrans0.ltrans.o
 *fill*         0x0800661a        0x2 
 .text.register_code16
                0x0800661c       0x2c C:\QMK_MSYS\tmp\ccY3rPNd.ltrans0.ltrans.o
 .text.tap_dance_pair_on_each_tap
                0x08006648       0x1a C:\QMK_MSYS\tmp\ccY3rPNd.ltrans0.ltrans.o
 .text.tap_dance_pair_finished
                0x08006662        0x6 C:\QMK_MSYS\tmp\ccY3rPNd.ltrans0.ltrans.o
 .text.tap_code
                0x08006668       0x26 C:\QMK_MSYS\tmp\ccY3rPNd.ltrans0.ltrans.o
 *fill*         0x0800668e        0x2 
 .text.perform_space_cadet.constprop.0.isra.0
                0x08006690       0xa8 C:\QMK_MSYS\tmp\ccY3rPNd.ltrans0.ltrans.o
 .text.process_record
                0x08006738      0x934 C:\QMK_MSYS\tmp\ccY3rPNd.ltrans0.ltrans.o
 .text.waiting_buffer_scan_tap
                0x0800706c       0x80 C:\QMK_MSYS\tmp\ccY3rPNd.ltrans0.ltrans.o
 .text.process_tapping
                0x080070ec      0x1fc C:\QMK_MSYS\tmp\ccY3rPNd.ltrans0.ltrans.o
 .text.action_exec
                0x080072e8       0xcc C:\QMK_MSYS\tmp\ccY3rPNd.ltrans0.ltrans.o
 .text.generate_tick_event
                0x080073b4       0x38 C:\QMK_MSYS\tmp\ccY3rPNd.ltrans0.ltrans.o
 .text.tap_dance_pair_reset
                0x080073ec       0x22 C:\QMK_MSYS\tmp\ccY3rPNd.ltrans0.ltrans.o
 *fill*         0x0800740e        0x2 
 .text.SVC_Handler
                0x08007410       0x20 C:\QMK_MSYS\tmp\ccY3rPNd.ltrans0.ltrans.o
                0x08007410                SVC_Handler
 .text.i2cStart
                0x08007430      0x188 C:\QMK_MSYS\tmp\ccY3rPNd.ltrans0.ltrans.o
                0x08007430                i2cStart
 .text.i2cStop  0x080075b8       0x7c C:\QMK_MSYS\tmp\ccY3rPNd.ltrans0.ltrans.o
                0x080075b8                i2cStop
 .text.i2cMasterTransmitTimeout
                0x08007634      0x104 C:\QMK_MSYS\tmp\ccY3rPNd.ltrans0.ltrans.o
                0x08007634                i2cMasterTransmitTimeout
 .text.VectorB0
                0x08007738       0xd0 C:\QMK_MSYS\tmp\ccY3rPNd.ltrans0.ltrans.o
                0x08007738                VectorB0
 .text.Vector6C
                0x08007808       0x28 C:\QMK_MSYS\tmp\ccY3rPNd.ltrans0.ltrans.o
                0x08007808                Vector6C
 .text.Vector70
                0x08007830       0x2c C:\QMK_MSYS\tmp\ccY3rPNd.ltrans0.ltrans.o
                0x08007830                Vector70
 .text.Vector74
                0x0800785c       0x2c C:\QMK_MSYS\tmp\ccY3rPNd.ltrans0.ltrans.o
                0x0800785c                Vector74
 .text.Vector78
                0x08007888       0x2c C:\QMK_MSYS\tmp\ccY3rPNd.ltrans0.ltrans.o
                0x08007888                Vector78
 .text.Vector7C
                0x080078b4       0x28 C:\QMK_MSYS\tmp\ccY3rPNd.ltrans0.ltrans.o
                0x080078b4                Vector7C
 .text.Vector80
                0x080078dc       0x2c C:\QMK_MSYS\tmp\ccY3rPNd.ltrans0.ltrans.o
                0x080078dc                Vector80
 .text.Vector84
                0x08007908       0x2c C:\QMK_MSYS\tmp\ccY3rPNd.ltrans0.ltrans.o
                0x08007908                Vector84
 .text.VectorFC
                0x08007934       0x2c C:\QMK_MSYS\tmp\ccY3rPNd.ltrans0.ltrans.o
                0x08007934                VectorFC
 .text.Vector120
                0x08007960       0x28 C:\QMK_MSYS\tmp\ccY3rPNd.ltrans0.ltrans.o
                0x08007960                Vector120
 .text.Vector124
                0x08007988       0x2c C:\QMK_MSYS\tmp\ccY3rPNd.ltrans0.ltrans.o
                0x08007988                Vector124
 .text.Vector128
                0x080079b4       0x2c C:\QMK_MSYS\tmp\ccY3rPNd.ltrans0.ltrans.o
                0x080079b4                Vector128
 .text.Vector12C
                0x080079e0       0x2c C:\QMK_MSYS\tmp\ccY3rPNd.ltrans0.ltrans.o
                0x080079e0                Vector12C
 .text.Vector130
                0x08007a0c       0x28 C:\QMK_MSYS\tmp\ccY3rPNd.ltrans0.ltrans.o
                0x08007a0c                Vector130
 .text.Vector150
                0x08007a34       0x2c C:\QMK_MSYS\tmp\ccY3rPNd.ltrans0.ltrans.o
                0x08007a34                Vector150
 .text.Vector154
                0x08007a60       0x2c C:\QMK_MSYS\tmp\ccY3rPNd.ltrans0.ltrans.o
                0x08007a60                Vector154
 .text.Vector158
                0x08007a8c       0x2c C:\QMK_MSYS\tmp\ccY3rPNd.ltrans0.ltrans.o
                0x08007a8c                Vector158
 .text._pal_lld_setgroupmode
                0x08007ab8       0xd6 C:\QMK_MSYS\tmp\ccY3rPNd.ltrans0.ltrans.o
                0x08007ab8                _pal_lld_setgroupmode
 .text.setPinInputHigh_atomic
                0x08007b8e       0x22 C:\QMK_MSYS\tmp\ccY3rPNd.ltrans0.ltrans.o
 .text.flush    0x08007bb0       0x88 C:\QMK_MSYS\tmp\ccY3rPNd.ltrans0.ltrans.o
 .text.encoder_quadrature_init_pin
                0x08007c38       0x24 C:\QMK_MSYS\tmp\ccY3rPNd.ltrans0.ltrans.o
 .text.matrix_scan.isra.0
                0x08007c5c      0x2bc C:\QMK_MSYS\tmp\ccY3rPNd.ltrans0.ltrans.o
 .text.startup.main
                0x08007f18      0xa44 C:\QMK_MSYS\tmp\ccY3rPNd.ltrans0.ltrans.o
                0x08007f18                main
 .text.VectorBC
                0x0800895c      0x114 C:\QMK_MSYS\tmp\ccY3rPNd.ltrans0.ltrans.o
                0x0800895c                VectorBC
 .text.VectorC0
                0x08008a70       0xd0 C:\QMK_MSYS\tmp\ccY3rPNd.ltrans0.ltrans.o
                0x08008a70                VectorC0
 .text.Vector14C
                0x08008b40      0x450 C:\QMK_MSYS\tmp\ccY3rPNd.ltrans0.ltrans.o
                0x08008b40                Vector14C
 .text._read_r  0x08008f90        0xa C:\QMK_MSYS\tmp\ccY3rPNd.ltrans0.ltrans.o
                0x08008f90                _read_r
 .text._lseek_r
                0x08008f9a        0x4 C:\QMK_MSYS\tmp\ccY3rPNd.ltrans0.ltrans.o
                0x08008f9a                _lseek_r
 .text._write_r
                0x08008f9e        0x4 C:\QMK_MSYS\tmp\ccY3rPNd.ltrans0.ltrans.o
                0x08008f9e                _write_r
 .text._close_r
                0x08008fa2        0x4 C:\QMK_MSYS\tmp\ccY3rPNd.ltrans0.ltrans.o
                0x08008fa2                _close_r
 *fill*         0x08008fa6        0x2 
 .text._sbrk_r  0x08008fa8       0x3c C:\QMK_MSYS\tmp\ccY3rPNd.ltrans0.ltrans.o
                0x08008fa8                _sbrk_r
 .text._fstat_r
                0x08008fe4       0x18 C:\QMK_MSYS\tmp\ccY3rPNd.ltrans0.ltrans.o
                0x08008fe4                _fstat_r
 .text._isatty_r
                0x08008ffc        0x4 C:\QMK_MSYS\tmp\ccY3rPNd.ltrans0.ltrans.o
                0x08008ffc                _isatty_r
 .text._exit    0x08009000       0x14 C:\QMK_MSYS\tmp\ccY3rPNd.ltrans0.ltrans.o
                0x08009000                _exit
 .text._kill    0x08009014       0x14 C:\QMK_MSYS\tmp\ccY3rPNd.ltrans0.ltrans.o
                0x08009014                _kill
 .text._getpid  0x08009028        0x4 C:\QMK_MSYS\tmp\ccY3rPNd.ltrans0.ltrans.o
                0x08009028                _getpid
 .text._fini    0x0800902c        0x2 C:\QMK_MSYS\tmp\ccY3rPNd.ltrans0.ltrans.o
                0x0800902c                _fini
 *fill*         0x0800902e        0x2 
 .text.i2c_epilogue
                0x08009030       0x20 .build/obj_vessel_base/i2c_master.a(i2c_master.o)
 .text.i2c_init
                0x08009050       0x50 .build/obj_vessel_base/i2c_master.a(i2c_master.o)
                0x08009050                i2c_init
 .text.i2c_transmit
                0x080090a0       0x68 .build/obj_vessel_base/i2c_master.a(i2c_master.o)
                0x080090a0                i2c_transmit
 .text.i2c_write_register
                0x08009108       0x90 .build/obj_vessel_base/i2c_master.a(i2c_master.o)
                0x08009108                i2c_write_register
 .text.__udivmoddi4
                0x08009198      0x2a0 c:/qmk_msys/mingw64/bin/../lib/gcc/arm-none-eabi/12.2.0/thumb/v7e-m+fp/hard\libgcc.a(_udivmoddi4.o)
                0x08009198                __udivmoddi4
 *(.glue_7t)
 .glue_7t       0x08009438        0x0 linker stubs
 *(.glue_7)
 .glue_7        0x08009438        0x0 linker stubs
 *(.gcc*)
                0x08009438                        __text_end__ = .

.vfp11_veneer   0x08009438        0x0
 .vfp11_veneer  0x08009438        0x0 linker stubs

.v4_bx          0x08009438        0x0
 .v4_bx         0x08009438        0x0 linker stubs

.iplt           0x08009438        0x0
 .iplt          0x08009438        0x0 .build/obj_vessel_base/i2c_master.a(i2c_master.o)

.rodata         0x08009438     0x5a0c
                0x08009438                        __rodata_base__ = .
 *(.rodata)
 *(.rodata.*)
 .rodata.i2c_lld_serve_tx_end_irq.str1.1
                0x08009438       0x19 C:\QMK_MSYS\tmp\ccY3rPNd.ltrans0.ltrans.o
                                  0xc (size before relaxing)
 .rodata._exit.str1.1
                0x08009451        0x5 C:\QMK_MSYS\tmp\ccY3rPNd.ltrans0.ltrans.o
 .rodata._kill.str1.1
                0x08009451        0x5 C:\QMK_MSYS\tmp\ccY3rPNd.ltrans0.ltrans.o
 .rodata.epd_bitmap_frame_18_delay_0.21
                0x08009451      0x400 C:\QMK_MSYS\tmp\ccY3rPNd.ltrans0.ltrans.o
 .rodata.epd_bitmap_frame_17_delay_0.20
                0x08009851      0x400 C:\QMK_MSYS\tmp\ccY3rPNd.ltrans0.ltrans.o
 .rodata.epd_bitmap_frame_16_delay_0.19
                0x08009c51      0x400 C:\QMK_MSYS\tmp\ccY3rPNd.ltrans0.ltrans.o
 .rodata.epd_bitmap_frame_15_delay_0.18
                0x0800a051      0x400 C:\QMK_MSYS\tmp\ccY3rPNd.ltrans0.ltrans.o
 .rodata.epd_bitmap_frame_14_delay_0.17
                0x0800a451      0x400 C:\QMK_MSYS\tmp\ccY3rPNd.ltrans0.ltrans.o
 .rodata.epd_bitmap_frame_13_delay_0.16
                0x0800a851      0x400 C:\QMK_MSYS\tmp\ccY3rPNd.ltrans0.ltrans.o
 .rodata.epd_bitmap_frame_12_delay_0.15
                0x0800ac51      0x400 C:\QMK_MSYS\tmp\ccY3rPNd.ltrans0.ltrans.o
 .rodata.epd_bitmap_frame_11_delay_0.14
                0x0800b051      0x400 C:\QMK_MSYS\tmp\ccY3rPNd.ltrans0.ltrans.o
 .rodata.epd_bitmap_frame_10_delay_0.13
                0x0800b451      0x400 C:\QMK_MSYS\tmp\ccY3rPNd.ltrans0.ltrans.o
 .rodata.epd_bitmap_frame_9_delay_0.12
                0x0800b851      0x400 C:\QMK_MSYS\tmp\ccY3rPNd.ltrans0.ltrans.o
 .rodata.epd_bitmap_frame_8_delay_0.11
                0x0800bc51      0x400 C:\QMK_MSYS\tmp\ccY3rPNd.ltrans0.ltrans.o
 .rodata.epd_bitmap_frame_7_delay_0.10
                0x0800c051      0x400 C:\QMK_MSYS\tmp\ccY3rPNd.ltrans0.ltrans.o
 .rodata.epd_bitmap_frame_6_delay_0.9
                0x0800c451      0x400 C:\QMK_MSYS\tmp\ccY3rPNd.ltrans0.ltrans.o
 .rodata.epd_bitmap_frame_5_delay_0.8
                0x0800c851      0x400 C:\QMK_MSYS\tmp\ccY3rPNd.ltrans0.ltrans.o
 .rodata.epd_bitmap_frame_4_delay_0.7
                0x0800cc51      0x400 C:\QMK_MSYS\tmp\ccY3rPNd.ltrans0.ltrans.o
 .rodata.epd_bitmap_frame_3_delay_0.6
                0x0800d051      0x400 C:\QMK_MSYS\tmp\ccY3rPNd.ltrans0.ltrans.o
 .rodata.epd_bitmap_frame_2_delay_0.5
                0x0800d451      0x400 C:\QMK_MSYS\tmp\ccY3rPNd.ltrans0.ltrans.o
 .rodata.epd_bitmap_frame_1_delay_0.4
                0x0800d851      0x400 C:\QMK_MSYS\tmp\ccY3rPNd.ltrans0.ltrans.o
 .rodata.epd_bitmap_frame_0_delay_0.3
                0x0800dc51      0x400 C:\QMK_MSYS\tmp\ccY3rPNd.ltrans0.ltrans.o
 .rodata.ProductString
                0x0800e051       0x14 C:\QMK_MSYS\tmp\ccY3rPNd.ltrans0.ltrans.o
 .rodata.ManufacturerString
                0x0800e065       0x24 C:\QMK_MSYS\tmp\ccY3rPNd.ltrans0.ltrans.o
 .rodata.LanguageString
                0x0800e089        0x4 C:\QMK_MSYS\tmp\ccY3rPNd.ltrans0.ltrans.o
 *fill*         0x0800e08d        0x1 
 .rodata.frame_sizes.22
                0x0800e08e       0x26 C:\QMK_MSYS\tmp\ccY3rPNd.ltrans0.ltrans.o
 .rodata.epd_bitmap_allArray.23
                0x0800e0b4       0x4c C:\QMK_MSYS\tmp\ccY3rPNd.ltrans0.ltrans.o
 .rodata.display_on.5
                0x0800e100        0x2 C:\QMK_MSYS\tmp\ccY3rPNd.ltrans0.ltrans.o
 .rodata.display_off.4
                0x0800e102        0x2 C:\QMK_MSYS\tmp\ccY3rPNd.ltrans0.ltrans.o
 .rodata.display_setup2.11
                0x0800e104        0xd C:\QMK_MSYS\tmp\ccY3rPNd.ltrans0.ltrans.o
 .rodata.display_flipped.12
                0x0800e111        0x5 C:\QMK_MSYS\tmp\ccY3rPNd.ltrans0.ltrans.o
 .rodata.display_normal.13
                0x0800e116        0x5 C:\QMK_MSYS\tmp\ccY3rPNd.ltrans0.ltrans.o
 .rodata.display_setup1.14
                0x0800e11b        0xb C:\QMK_MSYS\tmp\ccY3rPNd.ltrans0.ltrans.o
 *fill*         0x0800e126        0x2 
 .rodata.ep0config
                0x0800e128       0x24 C:\QMK_MSYS\tmp\ccY3rPNd.ltrans0.ltrans.o
 .rodata.active_status
                0x0800e14c        0x2 C:\QMK_MSYS\tmp\ccY3rPNd.ltrans0.ltrans.o
 .rodata.halted_status
                0x0800e14e        0x2 C:\QMK_MSYS\tmp\ccY3rPNd.ltrans0.ltrans.o
 .rodata.zero_status
                0x0800e150        0x2 C:\QMK_MSYS\tmp\ccY3rPNd.ltrans0.ltrans.o
 *fill*         0x0800e152        0x2 
 .rodata.ram_areas
                0x0800e154       0x80 C:\QMK_MSYS\tmp\ccY3rPNd.ltrans0.ltrans.o
 .rodata.gpio_default_config
                0x0800e1d4       0xe0 C:\QMK_MSYS\tmp\ccY3rPNd.ltrans0.ltrans.o
 .rodata.shared_ep_config
                0x0800e2b4       0x24 C:\QMK_MSYS\tmp\ccY3rPNd.ltrans0.ltrans.o
 .rodata.kbd_ep_config
                0x0800e2d8       0x24 C:\QMK_MSYS\tmp\ccY3rPNd.ltrans0.ltrans.o
 .rodata.SharedReport
                0x0800e2fc       0x8b C:\QMK_MSYS\tmp\ccY3rPNd.ltrans0.ltrans.o
 .rodata.KeyboardReport
                0x0800e387       0x44 C:\QMK_MSYS\tmp\ccY3rPNd.ltrans0.ltrans.o
 .rodata.ConfigurationDescriptor
                0x0800e3cb       0x3b C:\QMK_MSYS\tmp\ccY3rPNd.ltrans0.ltrans.o
 .rodata.DeviceDescriptor
                0x0800e406       0x12 C:\QMK_MSYS\tmp\ccY3rPNd.ltrans0.ltrans.o
 .rodata.CSWTCH.2
                0x0800e418        0x3 C:\QMK_MSYS\tmp\ccY3rPNd.ltrans0.ltrans.o
 *fill*         0x0800e41b        0x1 
 .rodata.CSWTCH.1
                0x0800e41c        0xc C:\QMK_MSYS\tmp\ccY3rPNd.ltrans0.ltrans.o
 .rodata.caps_active.1
                0x0800e428      0x400 C:\QMK_MSYS\tmp\ccY3rPNd.ltrans0.ltrans.o
 .rodata.target_map.7
                0x0800e828        0x8 C:\QMK_MSYS\tmp\ccY3rPNd.ltrans0.ltrans.o
 .rodata.source_map.8
                0x0800e830        0x8 C:\QMK_MSYS\tmp\ccY3rPNd.ltrans0.ltrans.o
 .rodata.b_m16_interleave
                0x0800e838        0x8 C:\QMK_MSYS\tmp\ccY3rPNd.ltrans0.ltrans.o
 .rodata.CIE1931_CURVE
                0x0800e840      0x100 C:\QMK_MSYS\tmp\ccY3rPNd.ltrans0.ltrans.o
 .rodata._stm32_dma_streams
                0x0800e940       0xc0 C:\QMK_MSYS\tmp\ccY3rPNd.ltrans0.ltrans.o
 .rodata.fsparams
                0x0800ea00        0xc C:\QMK_MSYS\tmp\ccY3rPNd.ltrans0.ltrans.o
 .rodata.str1.1
                0x0800ea0c        0x3 C:\QMK_MSYS\tmp\ccY3rPNd.ltrans0.ltrans.o
 .rodata.ch_core0_cfg
                0x0800ea0c        0xc C:\QMK_MSYS\tmp\ccY3rPNd.ltrans0.ltrans.o
 .rodata.row_pins
                0x0800ea18       0x1c C:\QMK_MSYS\tmp\ccY3rPNd.ltrans0.ltrans.o
 .rodata.col_pins
                0x0800ea34       0x44 C:\QMK_MSYS\tmp\ccY3rPNd.ltrans0.ltrans.o
 .rodata.usbcfg
                0x0800ea78       0x10 C:\QMK_MSYS\tmp\ccY3rPNd.ltrans0.ltrans.o
 .rodata.g_led_config
                0x0800ea88      0x1a9 C:\QMK_MSYS\tmp\ccY3rPNd.ltrans0.ltrans.o
 .rodata.encoder_LUT
                0x0800ec31       0x10 C:\QMK_MSYS\tmp\ccY3rPNd.ltrans0.ltrans.o
 *fill*         0x0800ec41        0x1 
 .rodata.keymaps
                0x0800ec42       0xee C:\QMK_MSYS\tmp\ccY3rPNd.ltrans0.ltrans.o
 .rodata.CSWTCH.10
                0x0800ed30       0x36 C:\QMK_MSYS\tmp\ccY3rPNd.ltrans0.ltrans.o
 *fill*         0x0800ed66        0x2 
 .rodata.i2cconfig
                0x0800ed68        0xc .build/obj_vessel_base/i2c_master.a(i2c_master.o)
 .rodata.str1.4
                0x0800ed74       0xcd c:/qmk_msys/mingw64/bin/../lib/gcc/arm-none-eabi/12.2.0/../../../../arm-none-eabi/lib/thumb/v7e-m+fp/hard\libg_nano.a(libc_a-rand.o)
                                 0x53 (size before relaxing)
 .rodata.str1.4
                0x0800ee41       0x43 c:/qmk_msys/mingw64/bin/../lib/gcc/arm-none-eabi/12.2.0/../../../../arm-none-eabi/lib/thumb/v7e-m+fp/hard\libg_nano.a(libc_a-assert.o)
 .rodata.str1.4
                0x0800ee41       0x13 c:/qmk_msys/mingw64/bin/../lib/gcc/arm-none-eabi/12.2.0/../../../../arm-none-eabi/lib/thumb/v7e-m+fp/hard\libg_nano.a(libc_a-nano-vfprintf.o)
 .rodata.str1.4
                0x0800ee41       0x25 c:/qmk_msys/mingw64/bin/../lib/gcc/arm-none-eabi/12.2.0/../../../../arm-none-eabi/lib/thumb/v7e-m+fp/hard\libg_nano.a(libc_a-nano-vfprintf_i.o)
                0x0800ee84                        . = ALIGN (0x4)
 *fill*         0x0800ee41        0x3 
                0x0800ee44                        __rodata_end__ = .

.ARM.extab
 *(.ARM.extab* .gnu.linkonce.armextab.*)

.ARM.exidx      0x0800ee44        0x8
                0x0800ee44                        __exidx_base__ = .
                0x0800ee44                        __exidx_start = .
 *(.ARM.exidx* .gnu.linkonce.armexidx.*)
 .ARM.exidx     0x0800ee44        0x8 c:/qmk_msys/mingw64/bin/../lib/gcc/arm-none-eabi/12.2.0/../../../../arm-none-eabi/lib/thumb/v7e-m+fp/hard\libg_nano.a(libc_a-memcpy.o)
 .ARM.exidx     0x0800ee4c        0x0 c:/qmk_msys/mingw64/bin/../lib/gcc/arm-none-eabi/12.2.0/../../../../arm-none-eabi/lib/thumb/v7e-m+fp/hard\libg_nano.a(libc_a-memchr.o)
                                  0x8 (size before relaxing)
 .ARM.exidx.text.__udivmoddi4
                0x0800ee4c        0x0 c:/qmk_msys/mingw64/bin/../lib/gcc/arm-none-eabi/12.2.0/thumb/v7e-m+fp/hard\libgcc.a(_udivmoddi4.o)
                                  0x8 (size before relaxing)
                0x0800ee4c                        __exidx_end__ = .
                0x0800ee4c                        __exidx_end = .

.rel.dyn        0x0800ee4c        0x0
 .rel.iplt      0x0800ee4c        0x0 .build/obj_vessel_base/i2c_master.a(i2c_master.o)

.eh_frame_hdr
 *(.eh_frame_hdr)

.eh_frame
 *(.eh_frame)

.data           0x20000c00       0xac load address 0x0800ee4c
                [!provide]                        PROVIDE (_textdata = LOADADDR (.data))
                [!provide]                        PROVIDE (_data = .)
                0x0800ee4c                        __textdata_base__ = LOADADDR (.data)
                0x20000c00                        __data_base__ = .
 *(.data)
 .data          0x20000c00       0x50 c:/qmk_msys/mingw64/bin/../lib/gcc/arm-none-eabi/12.2.0/../../../../arm-none-eabi/lib/thumb/v7e-m+fp/hard\libg_nano.a(libc_a-impure.o)
                0x20000c00                _impure_ptr
                0x20000c04                _impure_data
 .data          0x20000c50        0xc c:/qmk_msys/mingw64/bin/../lib/gcc/arm-none-eabi/12.2.0/../../../../arm-none-eabi/lib/thumb/v7e-m+fp/hard\libg_nano.a(libc_a-findfp.o)
                0x20000c50                __sglue
 *(.data.*)
 .data.__compound_literal.20
                0x20000c5c        0x4 C:\QMK_MSYS\tmp\ccY3rPNd.ltrans0.ltrans.o
 .data.display_start.10
                0x20000c60        0x7 C:\QMK_MSYS\tmp\ccY3rPNd.ltrans0.ltrans.o
 .data.rgb_last_enable
                0x20000c67        0x1 C:\QMK_MSYS\tmp\ccY3rPNd.ltrans0.ltrans.o
 .data.rgb_last_effect
                0x20000c68        0x1 C:\QMK_MSYS\tmp\ccY3rPNd.ltrans0.ltrans.o
 .data.rgb_effect_params
                0x20000c69        0x3 C:\QMK_MSYS\tmp\ccY3rPNd.ltrans0.ltrans.o
 .data.rand16seed
                0x20000c6c        0x2 C:\QMK_MSYS\tmp\ccY3rPNd.ltrans0.ltrans.o
 *fill*         0x20000c6e        0x2 
 .data.func     0x20000c70        0x4 C:\QMK_MSYS\tmp\ccY3rPNd.ltrans0.ltrans.o
 .data.chibios_driver
                0x20000c74       0x14 C:\QMK_MSYS\tmp\ccY3rPNd.ltrans0.ltrans.o
 .data.keyboard_protocol
                0x20000c88        0x1 C:\QMK_MSYS\tmp\ccY3rPNd.ltrans0.ltrans.o
 .data.animation_enabled
                0x20000c89        0x1 C:\QMK_MSYS\tmp\ccY3rPNd.ltrans0.ltrans.o
 *fill*         0x20000c8a        0x2 
 .data.tap_dance_actions
                0x20000c8c       0x1c C:\QMK_MSYS\tmp\ccY3rPNd.ltrans0.ltrans.o
 .data.rgb_task_state
                0x20000ca8        0x1 C:\QMK_MSYS\tmp\ccY3rPNd.ltrans0.ltrans.o
 *(.ramtext)
                0x20000cac                        . = ALIGN (0x4)
 *fill*         0x20000ca9        0x3 
                [!provide]                        PROVIDE (_edata = .)
                0x20000cac                        __data_end__ = .

.igot.plt       0x20000cac        0x0 load address 0x0800eef8
 .igot.plt      0x20000cac        0x0 .build/obj_vessel_base/i2c_master.a(i2c_master.o)

.bss            0x20000cb0    0x10e38 load address 0x0800eef8
                0x20000cb0                        __bss_base__ = .
 *(.bss)
 .bss           0x20000cb0        0x8 c:/qmk_msys/mingw64/bin/../lib/gcc/arm-none-eabi/12.2.0/../../../../arm-none-eabi/lib/thumb/v7e-m+fp/hard\libg_nano.a(libc_a-mallocr.o)
                0x20000cb0                __malloc_sbrk_start
                0x20000cb4                __malloc_free_list
 .bss           0x20000cb8       0x1d c:/qmk_msys/mingw64/bin/../lib/gcc/arm-none-eabi/12.2.0/../../../../arm-none-eabi/lib/thumb/v7e-m+fp/hard\libg_nano.a(libc_a-lock.o)
                0x20000cb8                __lock___arc4random_mutex
                0x20000cbc                __lock___dd_hash_mutex
                0x20000cc0                __lock___tz_mutex
                0x20000cc4                __lock___env_recursive_mutex
                0x20000cc8                __lock___malloc_recursive_mutex
                0x20000ccc                __lock___at_quick_exit_mutex
                0x20000cd0                __lock___atexit_recursive_mutex
                0x20000cd4                __lock___sfp_recursive_mutex
 *fill*         0x20000cd5        0x3 
 .bss           0x20000cd8      0x13c c:/qmk_msys/mingw64/bin/../lib/gcc/arm-none-eabi/12.2.0/../../../../arm-none-eabi/lib/thumb/v7e-m+fp/hard\libg_nano.a(libc_a-findfp.o)
                0x20000cd8                __sf
                0x20000e10                __stdio_exit_handler
 .bss           0x20000e14        0x4 c:/qmk_msys/mingw64/bin/../lib/gcc/arm-none-eabi/12.2.0/../../../../arm-none-eabi/lib/thumb/v7e-m+fp/hard\libg_nano.a(libc_a-reent.o)
                0x20000e14                errno
 *(.bss.*)
 .bss.ep0setup_buffer
                0x20000e18        0x8 C:\QMK_MSYS\tmp\ccY3rPNd.ltrans0.ltrans.o
 .bss.ep0_state
                0x20000e20       0x14 C:\QMK_MSYS\tmp\ccY3rPNd.ltrans0.ltrans.o
 .bss.shared_ep_state
                0x20000e34       0x14 C:\QMK_MSYS\tmp\ccY3rPNd.ltrans0.ltrans.o
 .bss.kbd_ep_state
                0x20000e48       0x14 C:\QMK_MSYS\tmp\ccY3rPNd.ltrans0.ltrans.o
 *fill*         0x20000e5c        0x4 
 .bss.ch_c0_idle_thread_wa
                0x20000e60      0x1e0 C:\QMK_MSYS\tmp\ccY3rPNd.ltrans0.ltrans.o
 .bss.__compound_literal.1
                0x20001040       0x20 C:\QMK_MSYS\tmp\ccY3rPNd.ltrans0.ltrans.o
 .bss.__compound_literal.0
                0x20001060        0x8 C:\QMK_MSYS\tmp\ccY3rPNd.ltrans0.ltrans.o
 .bss.timer     0x20001068        0x4 C:\QMK_MSYS\tmp\ccY3rPNd.ltrans0.ltrans.o
 .bss.encoder_button_state.0
                0x2000106c        0x1 C:\QMK_MSYS\tmp\ccY3rPNd.ltrans0.ltrans.o
 *fill*         0x2000106d        0x3 
 .bss.last_time
                0x20001070        0x4 C:\QMK_MSYS\tmp\ccY3rPNd.ltrans0.ltrans.o
 .bss.counters_need_update
                0x20001074        0x1 C:\QMK_MSYS\tmp\ccY3rPNd.ltrans0.ltrans.o
 .bss.cooked_changed
                0x20001075        0x1 C:\QMK_MSYS\tmp\ccY3rPNd.ltrans0.ltrans.o
 .bss.sc_timer  0x20001076        0x2 C:\QMK_MSYS\tmp\ccY3rPNd.ltrans0.ltrans.o
 .bss.keyboard_idle
                0x20001078        0x1 C:\QMK_MSYS\tmp\ccY3rPNd.ltrans0.ltrans.o
 .bss.universal_report_blank
                0x20001079        0x8 C:\QMK_MSYS\tmp\ccY3rPNd.ltrans0.ltrans.o
 .bss.keyboard_report_sent
                0x20001081        0x8 C:\QMK_MSYS\tmp\ccY3rPNd.ltrans0.ltrans.o
 .bss.keyboard_led_state
                0x20001089        0x1 C:\QMK_MSYS\tmp\ccY3rPNd.ltrans0.ltrans.o
 *fill*         0x2000108a        0x2 
 .bss.set_report_buf
                0x2000108c        0x2 C:\QMK_MSYS\tmp\ccY3rPNd.ltrans0.ltrans.o
 *fill*         0x2000108e        0x2 
 .bss.descriptor.0
                0x20001090        0x8 C:\QMK_MSYS\tmp\ccY3rPNd.ltrans0.ltrans.o
 .bss.last_consumer_usage
                0x20001098        0x2 C:\QMK_MSYS\tmp\ccY3rPNd.ltrans0.ltrans.o
 .bss.last_system_usage
                0x2000109a        0x2 C:\QMK_MSYS\tmp\ccY3rPNd.ltrans0.ltrans.o
 .bss.oled_rotation_width
                0x2000109c        0x1 C:\QMK_MSYS\tmp\ccY3rPNd.ltrans0.ltrans.o
 .bss.caps_lock_was_on.2
                0x2000109d        0x1 C:\QMK_MSYS\tmp\ccY3rPNd.ltrans0.ltrans.o
 .bss.temp_buffer.9
                0x2000109e       0x40 C:\QMK_MSYS\tmp\ccY3rPNd.ltrans0.ltrans.o
 .bss.oled_rotation
                0x200010de        0x1 C:\QMK_MSYS\tmp\ccY3rPNd.ltrans0.ltrans.o
 .bss.oled_scrolling
                0x200010df        0x1 C:\QMK_MSYS\tmp\ccY3rPNd.ltrans0.ltrans.o
 .bss.oled_timeout
                0x200010e0        0x4 C:\QMK_MSYS\tmp\ccY3rPNd.ltrans0.ltrans.o
 .bss.oled_initialized
                0x200010e4        0x1 C:\QMK_MSYS\tmp\ccY3rPNd.ltrans0.ltrans.o
 *fill*         0x200010e5        0x1 
 .bss.oled_dirty
                0x200010e6        0x2 C:\QMK_MSYS\tmp\ccY3rPNd.ltrans0.ltrans.o
 .bss.oled_cursor
                0x200010e8        0x4 C:\QMK_MSYS\tmp\ccY3rPNd.ltrans0.ltrans.o
 .bss.oled_buffer
                0x200010ec      0x400 C:\QMK_MSYS\tmp\ccY3rPNd.ltrans0.ltrans.o
 .bss.s_init.0  0x200014ec        0x1 C:\QMK_MSYS\tmp\ccY3rPNd.ltrans0.ltrans.o
 .bss.rgb_matrix_ws2812_array
                0x200014ed      0x132 C:\QMK_MSYS\tmp\ccY3rPNd.ltrans0.ltrans.o
 .bss.ws2812_dirty
                0x2000161f        0x1 C:\QMK_MSYS\tmp\ccY3rPNd.ltrans0.ltrans.o
 .bss.rgb_timer_buffer
                0x20001620        0x4 C:\QMK_MSYS\tmp\ccY3rPNd.ltrans0.ltrans.o
 .bss.led.1     0x20001624      0x132 C:\QMK_MSYS\tmp\ccY3rPNd.ltrans0.ltrans.o
 *fill*         0x20001756        0x2 
 .bss.wait_timer.2
                0x20001758        0x4 C:\QMK_MSYS\tmp\ccY3rPNd.ltrans0.ltrans.o
 .bss.g_rgb_timer
                0x2000175c        0x4 C:\QMK_MSYS\tmp\ccY3rPNd.ltrans0.ltrans.o
 .bss.transientBuffer
                0x20001760     0xffff C:\QMK_MSYS\tmp\ccY3rPNd.ltrans0.ltrans.o
 *fill*         0x2001175f        0x1 
 .bss.dma       0x20011760       0x84 C:\QMK_MSYS\tmp\ccY3rPNd.ltrans0.ltrans.o
 .bss.ch_memcore
                0x200117e4        0x8 C:\QMK_MSYS\tmp\ccY3rPNd.ltrans0.ltrans.o
 *fill*         0x200117ec        0x4 
 .bss.ch0       0x200117f0       0x60 C:\QMK_MSYS\tmp\ccY3rPNd.ltrans0.ltrans.o
 .bss.keyboard_idle_timer.lto_priv.1
                0x20011850       0x18 C:\QMK_MSYS\tmp\ccY3rPNd.ltrans0.ltrans.o
 .bss.ms_offset
                0x20011868        0x4 C:\QMK_MSYS\tmp\ccY3rPNd.ltrans0.ltrans.o
 .bss.last_ticks
                0x2001186c        0x4 C:\QMK_MSYS\tmp\ccY3rPNd.ltrans0.ltrans.o
 .bss.ticks_offset
                0x20011870        0x4 C:\QMK_MSYS\tmp\ccY3rPNd.ltrans0.ltrans.o
 .bss.debounce_counters
                0x20011874        0x4 C:\QMK_MSYS\tmp\ccY3rPNd.ltrans0.ltrans.o
 .bss.raw_matrix
                0x20011878       0x1c C:\QMK_MSYS\tmp\ccY3rPNd.ltrans0.ltrans.o
 .bss.dirty_rgb_matrix
                0x20011894        0x1 C:\QMK_MSYS\tmp\ccY3rPNd.ltrans0.ltrans.o
 .bss.g_last_hit_tracker
                0x20011895       0x29 C:\QMK_MSYS\tmp\ccY3rPNd.ltrans0.ltrans.o
 .bss.current_frame
                0x200118be        0x1 C:\QMK_MSYS\tmp\ccY3rPNd.ltrans0.ltrans.o
 *fill*         0x200118bf        0x1 
 .bss.driver.lto_priv.1
                0x200118c0        0x4 C:\QMK_MSYS\tmp\ccY3rPNd.ltrans0.ltrans.o
 .bss.event_queue
                0x200118c4       0x10 C:\QMK_MSYS\tmp\ccY3rPNd.ltrans0.ltrans.o
 .bss.event_queue_tail
                0x200118d4        0x1 C:\QMK_MSYS\tmp\ccY3rPNd.ltrans0.ltrans.o
 .bss.event_queue_head
                0x200118d5        0x1 C:\QMK_MSYS\tmp\ccY3rPNd.ltrans0.ltrans.o
 .bss.last_suspend_state
                0x200118d6        0x1 C:\QMK_MSYS\tmp\ccY3rPNd.ltrans0.ltrans.o
 *fill*         0x200118d7        0x1 
 .bss.USBD1     0x200118d8       0x78 C:\QMK_MSYS\tmp\ccY3rPNd.ltrans0.ltrans.o
 .bss.matrix    0x20011950       0x1c C:\QMK_MSYS\tmp\ccY3rPNd.ltrans0.ltrans.o
 .bss.last_hit_buffer
                0x2001196c       0x29 C:\QMK_MSYS\tmp\ccY3rPNd.ltrans0.ltrans.o
 .bss.debug_config
                0x20011995        0x1 C:\QMK_MSYS\tmp\ccY3rPNd.ltrans0.ltrans.o
 *fill*         0x20011996        0x2 
 .bss.matrix_previous.1
                0x20011998       0x1c C:\QMK_MSYS\tmp\ccY3rPNd.ltrans0.ltrans.o
 .bss.encoder_pulses
                0x200119b4        0x1 C:\QMK_MSYS\tmp\ccY3rPNd.ltrans0.ltrans.o
 .bss.encoder_state
                0x200119b5        0x1 C:\QMK_MSYS\tmp\ccY3rPNd.ltrans0.ltrans.o
 .bss.thisCount
                0x200119b6        0x1 C:\QMK_MSYS\tmp\ccY3rPNd.ltrans0.ltrans.o
 .bss.encoder_events
                0x200119b7        0x8 C:\QMK_MSYS\tmp\ccY3rPNd.ltrans0.ltrans.o
 .bss.signal_queue_drain
                0x200119bf        0x1 C:\QMK_MSYS\tmp\ccY3rPNd.ltrans0.ltrans.o
 .bss.last_led_status.0
                0x200119c0        0x1 C:\QMK_MSYS\tmp\ccY3rPNd.ltrans0.ltrans.o
 *fill*         0x200119c1        0x1 
 .bss.last_tick.0
                0x200119c2        0x2 C:\QMK_MSYS\tmp\ccY3rPNd.ltrans0.ltrans.o
 .bss.last_report.0
                0x200119c4       0x20 C:\QMK_MSYS\tmp\ccY3rPNd.ltrans0.ltrans.o
 .bss.driver.lto_priv.0
                0x200119e4        0x4 C:\QMK_MSYS\tmp\ccY3rPNd.ltrans0.ltrans.o
 .bss.last_report.1
                0x200119e8        0x8 C:\QMK_MSYS\tmp\ccY3rPNd.ltrans0.ltrans.o
 .bss.encoder_source_layers_cache
                0x200119f0        0x4 C:\QMK_MSYS\tmp\ccY3rPNd.ltrans0.ltrans.o
 .bss.source_layers_cache
                0x200119f4       0x3c C:\QMK_MSYS\tmp\ccY3rPNd.ltrans0.ltrans.o
 .bss.oled_active
                0x20011a30        0x1 C:\QMK_MSYS\tmp\ccY3rPNd.ltrans0.ltrans.o
 *fill*         0x20011a31        0x3 
 .bss.keyboard_idle_timer.lto_priv.0
                0x20011a34        0x4 C:\QMK_MSYS\tmp\ccY3rPNd.ltrans0.ltrans.o
 .bss.anim_off_timer
                0x20011a38        0x4 C:\QMK_MSYS\tmp\ccY3rPNd.ltrans0.ltrans.o
 .bss.anim_timer
                0x20011a3c        0x4 C:\QMK_MSYS\tmp\ccY3rPNd.ltrans0.ltrans.o
 .bss.active_td
                0x20011a40        0x2 C:\QMK_MSYS\tmp\ccY3rPNd.ltrans0.ltrans.o
 .bss.last_tap_time
                0x20011a42        0x2 C:\QMK_MSYS\tmp\ccY3rPNd.ltrans0.ltrans.o
 .bss.sc_last   0x20011a44        0x1 C:\QMK_MSYS\tmp\ccY3rPNd.ltrans0.ltrans.o
 *fill*         0x20011a45        0x1 
 .bss.keymap_config
                0x20011a46        0x2 C:\QMK_MSYS\tmp\ccY3rPNd.ltrans0.ltrans.o
 .bss.grave_esc_was_shifted
                0x20011a48        0x1 C:\QMK_MSYS\tmp\ccY3rPNd.ltrans0.ltrans.o
 *fill*         0x20011a49        0x7 
 .bss.rgb_matrix_config
                0x20011a50        0x8 C:\QMK_MSYS\tmp\ccY3rPNd.ltrans0.ltrans.o
 .bss.programmable_button_report
                0x20011a58        0x4 C:\QMK_MSYS\tmp\ccY3rPNd.ltrans0.ltrans.o
 .bss.real_mods
                0x20011a5c        0x1 C:\QMK_MSYS\tmp\ccY3rPNd.ltrans0.ltrans.o
 *fill*         0x20011a5d        0x1 
 .bss.default_layer_state
                0x20011a5e        0x2 C:\QMK_MSYS\tmp\ccY3rPNd.ltrans0.ltrans.o
 .bss.layer_state
                0x20011a60        0x2 C:\QMK_MSYS\tmp\ccY3rPNd.ltrans0.ltrans.o
 .bss.weak_mods
                0x20011a62        0x1 C:\QMK_MSYS\tmp\ccY3rPNd.ltrans0.ltrans.o
 .bss.waiting_buffer_head
                0x20011a63        0x1 C:\QMK_MSYS\tmp\ccY3rPNd.ltrans0.ltrans.o
 .bss.waiting_buffer_tail
                0x20011a64        0x1 C:\QMK_MSYS\tmp\ccY3rPNd.ltrans0.ltrans.o
 *fill*         0x20011a65        0x1 
 .bss.waiting_buffer
                0x20011a66       0x40 C:\QMK_MSYS\tmp\ccY3rPNd.ltrans0.ltrans.o
 .bss.tapping_key
                0x20011aa6        0x8 C:\QMK_MSYS\tmp\ccY3rPNd.ltrans0.ltrans.o
 .bss.is_initialised.0
                0x20011aae        0x1 .build/obj_vessel_base/i2c_master.a(i2c_master.o)
 *(COMMON)
 *fill*         0x20011aaf        0x1 
 COMMON         0x20011ab0       0x38 C:\QMK_MSYS\tmp\ccY3rPNd.ltrans0.ltrans.o
                0x20011ab0                I2CD1
                0x20011ae8                        . = ALIGN (0x4)
                0x20011ae8                        __bss_end__ = .
                [!provide]                        PROVIDE (end = .)
                0x20000000                        __ram0_base__ = ORIGIN (ram0)
                0x00020000                        __ram0_size__ = LENGTH (ram0)
                0x20020000                        __ram0_end__ = (__ram0_base__ + __ram0_size__)
                0x20000000                        __ram1_base__ = ORIGIN (ram1)
                0x0001c000                        __ram1_size__ = LENGTH (ram1)
                0x2001c000                        __ram1_end__ = (__ram1_base__ + __ram1_size__)
                0x00000000                        __ram2_base__ = ORIGIN (ram2)
                0x00004000                        __ram2_size__ = LENGTH (ram2)
                0x00004000                        __ram2_end__ = (__ram2_base__ + __ram2_size__)
                0x00000000                        __ram3_base__ = ORIGIN (ram3)
                0x00000000                        __ram3_size__ = LENGTH (ram3)
                0x00000000                        __ram3_end__ = (__ram3_base__ + __ram3_size__)
                0x00000000                        __ram4_base__ = ORIGIN (ram4)
                0x00000000                        __ram4_size__ = LENGTH (ram4)
                0x00000000                        __ram4_end__ = (__ram4_base__ + __ram4_size__)
                0x00000000                        __ram5_base__ = ORIGIN (ram5)
                0x00000000                        __ram5_size__ = LENGTH (ram5)
                0x00000000                        __ram5_end__ = (__ram5_base__ + __ram5_size__)
                0x00000000                        __ram6_base__ = ORIGIN (ram6)
                0x00000000                        __ram6_size__ = LENGTH (ram6)
                0x00000000                        __ram6_end__ = (__ram6_base__ + __ram6_size__)
                0x00000000                        __ram7_base__ = ORIGIN (ram7)
                0x00000000                        __ram7_size__ = LENGTH (ram7)
                0x00000000                        __ram7_end__ = (__ram7_base__ + __ram7_size__)
                0x08000000                        __flash0_base__ = ORIGIN (flash0)
                0x00080000                        __flash0_size__ = LENGTH (flash0)
                0x08080000                        __flash0_end__ = (__flash0_base__ + __flash0_size__)
                0x00000000                        __flash1_base__ = ORIGIN (flash1)
                0x00000000                        __flash1_size__ = LENGTH (flash1)
                0x00000000                        __flash1_end__ = (__flash1_base__ + __flash1_size__)
                0x00000000                        __flash2_base__ = ORIGIN (flash2)
                0x00000000                        __flash2_size__ = LENGTH (flash2)
                0x00000000                        __flash2_end__ = (__flash2_base__ + __flash2_size__)
                0x00000000                        __flash3_base__ = ORIGIN (flash3)
                0x00000000                        __flash3_size__ = LENGTH (flash3)
                0x00000000                        __flash3_end__ = (__flash3_base__ + __flash3_size__)
                0x00000000                        __flash4_base__ = ORIGIN (flash4)
                0x00000000                        __flash4_size__ = LENGTH (flash4)
                0x00000000                        __flash4_end__ = (__flash4_base__ + __flash4_size__)
                0x00000000                        __flash5_base__ = ORIGIN (flash5)
                0x00000000                        __flash5_size__ = LENGTH (flash5)
                0x00000000                        __flash5_end__ = (__flash5_base__ + __flash5_size__)
                0x00000000                        __flash6_base__ = ORIGIN (flash6)
                0x00000000                        __flash6_size__ = LENGTH (flash6)
                0x00000000                        __flash6_end__ = (__flash6_base__ + __flash6_size__)
                0x00000000                        __flash7_base__ = ORIGIN (flash7)
                0x00000000                        __flash7_size__ = LENGTH (flash7)
                0x00000000                        __flash7_end__ = (__flash7_base__ + __flash7_size__)

.ram0_init      0x20011ae8        0x0 load address 0x0800eef8
                0x0800eef8                        __ram0_init_text__ = LOADADDR (.ram0_init)
                0x20011ae8                        __ram0_init__ = .
 *(.ram0_init)
 *(.ram0_init.*)
                0x20011ae8                        . = ALIGN (0x4)

.ram0           0x20011ae8        0x0 load address 0x0800eef8
                0x20011ae8                        __ram0_clear__ = .
 *(.ram0_clear)
 *(.ram0_clear.*)
                0x20011ae8                        . = ALIGN (0x4)
                0x20011ae8                        __ram0_noinit__ = .
 *(.ram0)
 *(.ram0.*)
                0x20011ae8                        . = ALIGN (0x4)
                0x20011ae8                        __ram0_free__ = .

.ram1_init      0x20000000        0x0 load address 0x0800eef8
                0x0800eef8                        __ram1_init_text__ = LOADADDR (.ram1_init)
                0x20000000                        __ram1_init__ = .
 *(.ram1_init)
 *(.ram1_init.*)
                0x20000000                        . = ALIGN (0x4)

.ram1           0x20000000        0x0 load address 0x0800eef8
                0x20000000                        __ram1_clear__ = .
 *(.ram1_clear)
 *(.ram1_clear.*)
                0x20000000                        . = ALIGN (0x4)
                0x20000000                        __ram1_noinit__ = .
 *(.ram1)
 *(.ram1.*)