Archive member included to satisfy reference by file (symbol)

.build/obj_vessel_base/i2c_master.a(i2c_master.o)
                              .build/obj_vessel_base/oled_driver.o (symbol from plugin) (i2c_init)
c:/qmk_msys/mingw64/bin/../lib/gcc/arm-none-eabi/12.2.0/thumb/v7e-m+fp/hard\libgcc.a(_aeabi_ldivmod.o)
                              .build/obj_vessel_base/i2c_master.a(i2c_master.o) (__aeabi_ldivmod)
c:/qmk_msys/mingw64/bin/../lib/gcc/arm-none-eabi/12.2.0/thumb/v7e-m+fp/hard\libgcc.a(_aeabi_uldivmod.o)
                              .build/obj_vessel_base/i2c_master.a(i2c_master.o) (__aeabi_uldivmod)
c:/qmk_msys/mingw64/bin/../lib/gcc/arm-none-eabi/12.2.0/thumb/v7e-m+fp/hard\libgcc.a(_udivmoddi4.o)
                              c:/qmk_msys/mingw64/bin/../lib/gcc/arm-none-eabi/12.2.0/thumb/v7e-m+fp/hard\libgcc.a(_aeabi_ldivmod.o) (__udivmoddi4)
c:/qmk_msys/mingw64/bin/../lib/gcc/arm-none-eabi/12.2.0/thumb/v7e-m+fp/hard\libgcc.a(_dvmd_tls.o)
                              c:/qmk_msys/mingw64/bin/../lib/gcc/arm-none-eabi/12.2.0/thumb/v7e-m+fp/hard\libgcc.a(_aeabi_ldivmod.o) (__aeabi_ldiv0)
c:/qmk_msys/mingw64/bin/../lib/gcc/arm-none-eabi/12.2.0/../../../../arm-none-eabi/lib/thumb/v7e-m+fp/hard\libg_nano.a(libc_a-rand.o)
                              .build/obj_vessel_base/quantum/send_string/send_string.o (symbol from plugin) (rand)
c:/qmk_msys/mingw64/bin/../lib/gcc/arm-none-eabi/12.2.0/../../../../arm-none-eabi/lib/thumb/v7e-m+fp/hard\libg_nano.a(libc_a-ctype_.o)
                              .build/obj_vessel_base/quantum/send_string/send_string.o (symbol from plugin) (_ctype_)
c:/qmk_msys/mingw64/bin/../lib/gcc/arm-none-eabi/12.2.0/../../../../arm-none-eabi/lib/thumb/v7e-m+fp/hard\libg_nano.a(libc_a-impure.o)
                              c:/qmk_msys/mingw64/bin/../lib/gcc/arm-none-eabi/12.2.0/../../../../arm-none-eabi/lib/thumb/v7e-m+fp/hard\libg_nano.a(libc_a-rand.o) (_impure_ptr)
c:/qmk_msys/mingw64/bin/../lib/gcc/arm-none-eabi/12.2.0/../../../../arm-none-eabi/lib/thumb/v7e-m+fp/hard\libg_nano.a(libc_a-errno.o)
                              .build/obj_vessel_base/platforms/chibios/syscall-fallbacks.o (symbol from plugin) (__errno)
c:/qmk_msys/mingw64/bin/../lib/gcc/arm-none-eabi/12.2.0/../../../../arm-none-eabi/lib/thumb/v7e-m+fp/hard\libg_nano.a(libc_a-memcpy.o)
                              .build/obj_vessel_base/i2c_master.a(i2c_master.o) (memcpy)
c:/qmk_msys/mingw64/bin/../lib/gcc/arm-none-eabi/12.2.0/../../../../arm-none-eabi/lib/thumb/v7e-m+fp/hard\libg_nano.a(libc_a-assert.o)
                              c:/qmk_msys/mingw64/bin/../lib/gcc/arm-none-eabi/12.2.0/../../../../arm-none-eabi/lib/thumb/v7e-m+fp/hard\libg_nano.a(libc_a-rand.o) (__assert_func)
c:/qmk_msys/mingw64/bin/../lib/gcc/arm-none-eabi/12.2.0/../../../../arm-none-eabi/lib/thumb/v7e-m+fp/hard\libg_nano.a(libc_a-malloc.o)
                              c:/qmk_msys/mingw64/bin/../lib/gcc/arm-none-eabi/12.2.0/../../../../arm-none-eabi/lib/thumb/v7e-m+fp/hard\libg_nano.a(libc_a-rand.o) (malloc)
c:/qmk_msys/mingw64/bin/../lib/gcc/arm-none-eabi/12.2.0/../../../../arm-none-eabi/lib/thumb/v7e-m+fp/hard\libg_nano.a(libc_a-mallocr.o)
                              c:/qmk_msys/mingw64/bin/../lib/gcc/arm-none-eabi/12.2.0/../../../../arm-none-eabi/lib/thumb/v7e-m+fp/hard\libg_nano.a(libc_a-malloc.o) (_malloc_r)
c:/qmk_msys/mingw64/bin/../lib/gcc/arm-none-eabi/12.2.0/../../../../arm-none-eabi/lib/thumb/v7e-m+fp/hard\libg_nano.a(libc_a-mlock.o)
                              c:/qmk_msys/mingw64/bin/../lib/gcc/arm-none-eabi/12.2.0/../../../../arm-none-eabi/lib/thumb/v7e-m+fp/hard\libg_nano.a(libc_a-mallocr.o) (__malloc_lock)
c:/qmk_msys/mingw64/bin/../lib/gcc/arm-none-eabi/12.2.0/../../../../arm-none-eabi/lib/thumb/v7e-m+fp/hard\libg_nano.a(libc_a-fprintf.o)
                              c:/qmk_msys/mingw64/bin/../lib/gcc/arm-none-eabi/12.2.0/../../../../arm-none-eabi/lib/thumb/v7e-m+fp/hard\libg_nano.a(libc_a-assert.o) (fiprintf)
c:/qmk_msys/mingw64/bin/../lib/gcc/arm-none-eabi/12.2.0/../../../../arm-none-eabi/lib/thumb/v7e-m+fp/hard\libg_nano.a(libc_a-lock.o)
                              c:/qmk_msys/mingw64/bin/../lib/gcc/arm-none-eabi/12.2.0/../../../../arm-none-eabi/lib/thumb/v7e-m+fp/hard\libg_nano.a(libc_a-mlock.o) (__retarget_lock_acquire_recursive)
c:/qmk_msys/mingw64/bin/../lib/gcc/arm-none-eabi/12.2.0/../../../../arm-none-eabi/lib/thumb/v7e-m+fp/hard\libg_nano.a(libc_a-abort.o)
                              c:/qmk_msys/mingw64/bin/../lib/gcc/arm-none-eabi/12.2.0/../../../../arm-none-eabi/lib/thumb/v7e-m+fp/hard\libg_nano.a(libc_a-assert.o) (abort)
c:/qmk_msys/mingw64/bin/../lib/gcc/arm-none-eabi/12.2.0/../../../../arm-none-eabi/lib/thumb/v7e-m+fp/hard\libg_nano.a(libc_a-freer.o)
                              c:/qmk_msys/mingw64/bin/../lib/gcc/arm-none-eabi/12.2.0/../../../../arm-none-eabi/lib/thumb/v7e-m+fp/hard\libg_nano.a(libc_a-malloc.o) (_free_r)
[...]
Memory Configuration

Name             Origin             Length             Attributes
flash0           0x08000000         0x00080000         xr
flash1           0x00000000         0x00000000         xr
flash2           0x00000000         0x00000000         xr
flash3           0x00000000         0x00000000         xr
flash4           0x00000000         0x00000000         xr
flash5           0x00000000         0x00000000         xr
flash6           0x00000000         0x00000000         xr
flash7           0x00000000         0x00000000         xr
ram0             0x20000000         0x00020000         xw
ram1             0x20000000         0x0001c000         xw
ram2             0x00000000         0x00004000         xw
ram3             0x00000000         0x00000000         xw
ram4             0x00000000         0x00000000         xw
ram5             0x00000000         0x00000000         xw
ram6             0x00000000         0x00000000         xw
ram7             0x00000000         0x00000000         xw
*default*        0x00000000         0xffffffff

Linker script and memory map

LOAD .build/obj_vessel_base/keyboards/vessel/vessel.o
LOAD C:\QMK_MSYS\tmp\ccGvxA1V.ltrans0.ltrans.o
LOAD C:\QMK_MSYS\tmp\ccqZbNuR.debug.temp.o
LOAD C:\QMK_MSYS\tmp\ccIVjQZ0.debug.temp.o
LOAD C:\QMK_MSYS\tmp\cc4FAtJa.debug.temp.o
LOAD C:\QMK_MSYS\tmp\cc6rnWok.debug.temp.o
LOAD C:\QMK_MSYS\tmp\ccmHhx5t.debug.temp.o
LOAD C:\QMK_MSYS\tmp\ccIHsTZD.debug.temp.o
LOAD C:\QMK_MSYS\tmp\ccOleeQN.debug.temp.o
LOAD C:\QMK_MSYS\tmp\ccgVRaOX.debug.temp.o
LOAD C:\QMK_MSYS\tmp\ccI47NM7.debug.temp.o
LOAD C:\QMK_MSYS\tmp\cc9eZvE9.debug.temp.o
LOAD C:\QMK_MSYS\tmp\ccaYyOxb.debug.temp.o
LOAD C:\QMK_MSYS\tmp\ccnBWzjd.debug.temp.o
LOAD C:\QMK_MSYS\tmp\ccqHxTjf.debug.temp.o
LOAD C:\QMK_MSYS\tmp\ccxpX5fh.debug.temp.o
LOAD C:\QMK_MSYS\tmp\ccaWODcj.debug.temp.o
LOAD C:\QMK_MSYS\tmp\ccL7ZKnl.debug.temp.o
LOAD C:\QMK_MSYS\tmp\ccYm5wrn.debug.temp.o
LOAD C:\QMK_MSYS\tmp\cc7dr5wp.debug.temp.o
LOAD C:\QMK_MSYS\tmp\ccq8T3Rr.debug.temp.o
LOAD C:\QMK_MSYS\tmp\ccrb094t.debug.temp.o
LOAD C:\QMK_MSYS\tmp\ccYGEamv.debug.temp.o
LOAD C:\QMK_MSYS\tmp\cctJERDw.debug.temp.o
LOAD C:\QMK_MSYS\tmp\ccGq44Rx.debug.temp.o
LOAD C:\QMK_MSYS\tmp\ccxeXgkz.debug.temp.o
LOAD C:\QMK_MSYS\tmp\ccQIqgIA.debug.temp.o
LOAD C:\QMK_MSYS\tmp\ccLgQXfC.debug.temp.o
LOAD C:\QMK_MSYS\tmp\ccAJgWJD.debug.temp.o
LOAD C:\QMK_MSYS\tmp\ccdAOofF.debug.temp.o
LOAD C:\QMK_MSYS\tmp\ccO9LYZG.debug.temp.o
LOAD C:\QMK_MSYS\tmp\ccNVb3CI.debug.temp.o
LOAD C:\QMK_MSYS\tmp\cc6R7FhK.debug.temp.o
LOAD C:\QMK_MSYS\tmp\cclO2rZK.debug.temp.o
LOAD C:\QMK_MSYS\tmp\cc4vSiDL.debug.temp.o
LOAD C:\QMK_MSYS\tmp\ccFH9qvM.debug.temp.o
LOAD C:\QMK_MSYS\tmp\ccqGRtfN.debug.temp.o
LOAD C:\QMK_MSYS\tmp\ccxYhHeO.debug.temp.o
LOAD C:\QMK_MSYS\tmp\ccGrb1eP.debug.temp.o
LOAD C:\QMK_MSYS\tmp\ccJlCKbQ.debug.temp.o
LOAD C:\QMK_MSYS\tmp\ccqsp1iR.debug.temp.o
LOAD C:\QMK_MSYS\tmp\cctgtIrS.debug.temp.o
LOAD C:\QMK_MSYS\tmp\ccO3HVyS.debug.temp.o
LOAD C:\QMK_MSYS\tmp\ccjIvEPS.debug.temp.o
LOAD C:\QMK_MSYS\tmp\ccUJZPgT.debug.temp.o
LOAD C:\QMK_MSYS\tmp\ccZUI8CT.debug.temp.o
LOAD C:\QMK_MSYS\tmp\ccOL7JcU.debug.temp.o
LOAD C:\QMK_MSYS\tmp\ccZHBhEU.debug.temp.o
LOAD C:\QMK_MSYS\tmp\cc8sO8QY.debug.temp.o
LOAD C:\QMK_MSYS\tmp\cc7aWC52.debug.temp.o
LOAD C:\QMK_MSYS\tmp\ccMwZDc7.debug.temp.o
LOAD C:\QMK_MSYS\tmp\ccVjLiyb.debug.temp.o
LOAD C:\QMK_MSYS\tmp\ccuoPfVf.debug.temp.o
LOAD C:\QMK_MSYS\tmp\ccDJU3ck.debug.temp.o
LOAD C:\QMK_MSYS\tmp\cceroeJo.debug.temp.o
LOAD C:\QMK_MSYS\tmp\cctbdMbt.debug.temp.o
LOAD C:\QMK_MSYS\tmp\cc0AmOOx.debug.temp.o
LOAD C:\QMK_MSYS\tmp\ccTBnboC.debug.temp.o
LOAD C:\QMK_MSYS\tmp\ccaNjiYG.debug.temp.o
LOAD C:\QMK_MSYS\tmp\cc3xA3BK.debug.temp.o
LOAD C:\QMK_MSYS\tmp\ccWmH6bO.debug.temp.o
LOAD C:\QMK_MSYS\tmp\ccHfCRWR.debug.temp.o
LOAD C:\QMK_MSYS\tmp\ccASWMDV.debug.temp.o
LOAD C:\QMK_MSYS\tmp\ccFR1hlZ.debug.temp.o
LOAD C:\QMK_MSYS\tmp\ccWgJHg3.debug.temp.o
LOAD C:\QMK_MSYS\tmp\ccPJA286.debug.temp.o
LOAD C:\QMK_MSYS\tmp\ccQCpQbb.debug.temp.o
LOAD C:\QMK_MSYS\tmp\ccvavfgf.debug.temp.o
LOAD C:\QMK_MSYS\tmp\ccqE6Pgj.debug.temp.o
LOAD C:\QMK_MSYS\tmp\ccVe8uhm.debug.temp.o
LOAD C:\QMK_MSYS\tmp\ccCfK1ep.debug.temp.o
LOAD C:\QMK_MSYS\tmp\cc5Ac2ds.debug.temp.o
LOAD C:\QMK_MSYS\tmp\ccSynYqv.debug.temp.o
LOAD C:\QMK_MSYS\tmp\cchujKvy.debug.temp.o
LOAD C:\QMK_MSYS\tmp\ccynaFOB.debug.temp.o
LOAD C:\QMK_MSYS\tmp\ccnI6l4E.debug.temp.o
LOAD C:\QMK_MSYS\tmp\cc0m4YkI.debug.temp.o
LOAD C:\QMK_MSYS\tmp\ccjhVpQL.debug.temp.o
LOAD C:\QMK_MSYS\tmp\cc85QueP.debug.temp.o
LOAD C:\QMK_MSYS\tmp\cclbftGR.debug.temp.o
LOAD C:\QMK_MSYS\tmp\ccwLVQ8T.debug.temp.o
LOAD C:\QMK_MSYS\tmp\cc3Sn1wW.debug.temp.o
LOAD C:\QMK_MSYS\tmp\ccYeDg9Y.debug.temp.o
LOAD C:\QMK_MSYS\tmp\cc5sDHD1.debug.temp.o
LOAD C:\QMK_MSYS\tmp\cck5NAm4.debug.temp.o
LOAD C:\QMK_MSYS\tmp\ccnvd116.debug.temp.o
LOAD C:\QMK_MSYS\tmp\ccow4FI9.debug.temp.o
LOAD C:\QMK_MSYS\tmp\ccTWAHDc.debug.temp.o
LOAD C:\QMK_MSYS\tmp\ccWINpqf.debug.temp.o
LOAD C:\QMK_MSYS\tmp\cc3kmmXl.debug.temp.o
LOAD C:\QMK_MSYS\tmp\ccCHBEqs.debug.temp.o
LOAD C:\QMK_MSYS\tmp\ccrCimVy.debug.temp.o
LOAD C:\QMK_MSYS\tmp\ccyIQGAF.debug.temp.o
LOAD C:\QMK_MSYS\tmp\ccRKv1cM.debug.temp.o
LOAD C:\QMK_MSYS\tmp\ccSxZXQS.debug.temp.o
LOAD C:\QMK_MSYS\tmp\cc7p2MJZ.debug.temp.o
LOAD C:\QMK_MSYS\tmp\ccsvuEu6.debug.temp.o
LOAD C:\QMK_MSYS\tmp\ccxWnkud.debug.temp.o
LOAD C:\QMK_MSYS\tmp\ccmRCBok.debug.temp.o
LOAD C:\QMK_MSYS\tmp\ccZ5g9lq.debug.temp.o
LOAD C:\QMK_MSYS\tmp\cc4w2Cfw.debug.temp.o
LOAD C:\QMK_MSYS\tmp\ccZOzU9B.debug.temp.o
LOAD C:\QMK_MSYS\tmp\ccAo3gjI.debug.temp.o
LOAD C:\QMK_MSYS\tmp\ccVbu2kO.debug.temp.o
LOAD C:\QMK_MSYS\tmp\cckhLsoU.debug.temp.o
LOAD C:\QMK_MSYS\tmp\ccp8rPG0.debug.temp.o
LOAD C:\QMK_MSYS\tmp\ccqrE4Q6.debug.temp.o
LOAD C:\QMK_MSYS\tmp\ccnMgcfd.debug.temp.o
LOAD C:\QMK_MSYS\tmp\ccIL1Ezj.debug.temp.o
LOAD C:\QMK_MSYS\tmp\ccv3i9Up.debug.temp.o
LOAD C:\QMK_MSYS\tmp\ccivdlkv.debug.temp.o
LOAD C:\QMK_MSYS\tmp\cchRVZBA.debug.temp.o
LOAD C:\QMK_MSYS\tmp\ccwnxO8F.debug.temp.o
LOAD C:\QMK_MSYS\tmp\ccBkx7GL.debug.temp.o
LOAD C:\QMK_MSYS\tmp\cce9ZvbR.debug.temp.o
LOAD C:\QMK_MSYS\tmp\ccP2TwPW.debug.temp.o
LOAD C:\QMK_MSYS\tmp\cceaqop2.debug.temp.o
LOAD C:\QMK_MSYS\tmp\ccnXByc8.debug.temp.o
LOAD C:\QMK_MSYS\tmp\cci3kFWd.debug.temp.o
LOAD C:\QMK_MSYS\tmp\ccfgrkHj.debug.temp.o
LOAD C:\QMK_MSYS\tmp\ccWg1Vvo.debug.temp.o
LOAD C:\QMK_MSYS\tmp\cclshWct.debug.temp.o
LOAD C:\QMK_MSYS\tmp\ccCb5L8x.debug.temp.o
LOAD C:\QMK_MSYS\tmp\ccX2dD0C.debug.temp.o
LOAD C:\QMK_MSYS\tmp\ccoFRsTH.debug.temp.o
LOAD C:\QMK_MSYS\tmp\cc1Ng20M.debug.temp.o
LOAD C:\QMK_MSYS\tmp\ccwO9B0R.debug.temp.o
LOAD C:\QMK_MSYS\tmp\ccdnRcfX.debug.temp.o
LOAD C:\QMK_MSYS\tmp\cc0gGsv2.debug.temp.o
LOAD C:\QMK_MSYS\tmp\ccLHkSD7.debug.temp.o
LOAD C:\QMK_MSYS\tmp\ccYCJ7wg.debug.temp.o
LOAD C:\QMK_MSYS\tmp\ccRLc7rp.debug.temp.o
LOAD C:\QMK_MSYS\tmp\ccYNUhjy.debug.temp.o
LOAD C:\QMK_MSYS\tmp\cc1TPlkH.debug.temp.o
LOAD C:\QMK_MSYS\tmp\ccCnKDhQ.debug.temp.o
LOAD C:\QMK_MSYS\tmp\ccpjykgZ.debug.temp.o
LOAD C:\QMK_MSYS\tmp\cciycct8.debug.temp.o
LOAD C:\QMK_MSYS\tmp\ccte4PBh.debug.temp.o
LOAD C:\QMK_MSYS\tmp\ccMe0nYq.debug.temp.o
LOAD C:\QMK_MSYS\tmp\ccjCoIcA.debug.temp.o
LOAD C:\QMK_MSYS\tmp\ccYrFAvI.debug.temp.o
LOAD C:\QMK_MSYS\tmp\ccxaUsKQ.debug.temp.o
LOAD C:\QMK_MSYS\tmp\ccSdZO0Y.debug.temp.o
LOAD C:\QMK_MSYS\tmp\ccngPMr7.debug.temp.o
LOAD C:\QMK_MSYS\tmp\ccMl8nUf.debug.temp.o
LOAD C:\QMK_MSYS\tmp\ccXfv4jo.debug.temp.o
LOAD C:\QMK_MSYS\tmp\cc4jetUw.debug.temp.o
LOAD C:\QMK_MSYS\tmp\ccJjwvrF.debug.temp.o
LOAD C:\QMK_MSYS\tmp\ccoVtvZN.debug.temp.o
LOAD C:\QMK_MSYS\tmp\cchAX6LW.debug.temp.o
LOAD C:\QMK_MSYS\tmp\cc45lru5.debug.temp.o
LOAD C:\QMK_MSYS\tmp\ccBpYrcd.debug.temp.o
LOAD C:\QMK_MSYS\tmp\ccMRkVVk.debug.temp.o
LOAD C:\QMK_MSYS\tmp\ccPhAuCs.debug.temp.o
LOAD C:\QMK_MSYS\tmp\ccQUsMtA.debug.temp.o
LOAD .build/obj_vessel_base/.build/obj_vessel_base/src/default_keyboard.o
LOAD .build/obj_vessel_base/quantum/keymap_introspection.o
LOAD .build/obj_vessel_base/quantum/quantum.o
LOAD .build/obj_vessel_base/quantum/bitwise.o
LOAD .build/obj_vessel_base/quantum/led.o
LOAD .build/obj_vessel_base/quantum/action.o
LOAD .build/obj_vessel_base/quantum/action_layer.o
LOAD .build/obj_vessel_base/quantum/action_tapping.o
LOAD .build/obj_vessel_base/quantum/action_util.o
LOAD .build/obj_vessel_base/quantum/eeconfig.o
LOAD .build/obj_vessel_base/quantum/keyboard.o
LOAD .build/obj_vessel_base/quantum/keymap_common.o
LOAD .build/obj_vessel_base/quantum/keycode_config.o
LOAD .build/obj_vessel_base/quantum/sync_timer.o
LOAD .build/obj_vessel_base/quantum/logging/debug.o
LOAD .build/obj_vessel_base/quantum/logging/sendchar.o
LOAD .build/obj_vessel_base/quantum/logging/print.o
LOAD .build/obj_vessel_base/quantum/matrix_common.o
LOAD .build/obj_vessel_base/quantum/matrix.o
LOAD .build/obj_vessel_base/quantum/debounce/sym_defer_g.o
LOAD .build/obj_vessel_base/quantum/main.o
LOAD .build/obj_vessel_base/printf.o
LOAD .build/obj_vessel_base/eeprom_driver.o
LOAD .build/obj_vessel_base/eeprom_transient.o
LOAD .build/obj_vessel_base/quantum/color.o
LOAD .build/obj_vessel_base/quantum/rgblight/rgblight.o
LOAD .build/obj_vessel_base/quantum/rgblight/rgblight_drivers.o
LOAD .build/obj_vessel_base/quantum/process_keycode/process_rgb.o
LOAD .build/obj_vessel_base/quantum/led_tables.o
LOAD .build/obj_vessel_base/oled_driver.o
LOAD .build/obj_vessel_base/quantum/encoder.o
LOAD .build/obj_vessel_base/encoder_quadrature.o
LOAD .build/obj_vessel_base/ws2812_bitbang.o
LOAD .build/obj_vessel_base/quantum/bootmagic/bootmagic.o
LOAD .build/obj_vessel_base/quantum/process_keycode/process_grave_esc.o
LOAD .build/obj_vessel_base/quantum/process_keycode/process_magic.o
LOAD .build/obj_vessel_base/quantum/process_keycode/process_programmable_button.o
LOAD .build/obj_vessel_base/quantum/programmable_button.o
LOAD .build/obj_vessel_base/quantum/send_string/send_string.o
LOAD .build/obj_vessel_base/quantum/process_keycode/process_space_cadet.o
LOAD .build/obj_vessel_base/protocol/host.o
LOAD .build/obj_vessel_base/protocol/report.o
LOAD .build/obj_vessel_base/protocol/usb_device_state.o
LOAD .build/obj_vessel_base/protocol/usb_util.o
LOAD .build/obj_vessel_base/platforms/suspend.o
LOAD .build/obj_vessel_base/platforms/synchronization_util.o
LOAD .build/obj_vessel_base/platforms/timer.o
LOAD .build/obj_vessel_base/platforms/chibios/hardware_id.o
LOAD .build/obj_vessel_base/platforms/chibios/platform.o
LOAD .build/obj_vessel_base/platforms/chibios/suspend.o
LOAD .build/obj_vessel_base/platforms/chibios/timer.o
LOAD .build/obj_vessel_base/platforms/chibios/bootloaders/stm32_dfu.o
LOAD .build/obj_vessel_base/i2c_master.a
LOAD .build/obj_vessel_base/./lib/chibios/os/common/startup/ARMCMx/compilers/GCC/crt0_v7m.o
LOAD .build/obj_vessel_base/./lib/chibios/os/common/startup/ARMCMx/compilers/GCC/vectors.o
LOAD .build/obj_vessel_base/./lib/chibios/os/common/ports/ARMv7-M/compilers/GCC/chcoreasm.o
LOAD .build/obj_vessel_base/protocol/chibios/usb_main.o
LOAD .build/obj_vessel_base/protocol/chibios/chibios.o
LOAD .build/obj_vessel_base/usb_descriptor.o
LOAD .build/obj_vessel_base/protocol/chibios/usb_driver.o
LOAD .build/obj_vessel_base/protocol/chibios/usb_util.o
LOAD .build/obj_vessel_base/./lib/chibios/os/oslib/src/chmboxes.o
LOAD .build/obj_vessel_base/./lib/chibios/os/oslib/src/chmemcore.o
LOAD .build/obj_vessel_base/./lib/chibios/os/oslib/src/chmemheaps.o
LOAD .build/obj_vessel_base/./lib/chibios/os/oslib/src/chmempools.o
LOAD .build/obj_vessel_base/./lib/chibios/os/oslib/src/chpipes.o
LOAD .build/obj_vessel_base/./lib/chibios/os/oslib/src/chobjcaches.o
LOAD .build/obj_vessel_base/./lib/chibios/os/oslib/src/chdelegates.o
LOAD .build/obj_vessel_base/./lib/chibios/os/oslib/src/chfactory.o
LOAD .build/obj_vessel_base/lib/chibios/os/common/startup/ARMCMx/compilers/GCC/crt1.o
LOAD .build/obj_vessel_base/lib/chibios/os/rt/src/chsys.o
LOAD .build/obj_vessel_base/lib/chibios/os/rt/src/chrfcu.o
LOAD .build/obj_vessel_base/lib/chibios/os/rt/src/chdebug.o
LOAD .build/obj_vessel_base/lib/chibios/os/rt/src/chtrace.o
LOAD .build/obj_vessel_base/lib/chibios/os/rt/src/chvt.o
LOAD .build/obj_vessel_base/lib/chibios/os/rt/src/chschd.o
LOAD .build/obj_vessel_base/lib/chibios/os/rt/src/chinstances.o
LOAD .build/obj_vessel_base/lib/chibios/os/rt/src/chthreads.o
LOAD .build/obj_vessel_base/lib/chibios/os/rt/src/chtm.o
LOAD .build/obj_vessel_base/lib/chibios/os/rt/src/chstats.o
LOAD .build/obj_vessel_base/lib/chibios/os/rt/src/chregistry.o
LOAD .build/obj_vessel_base/lib/chibios/os/rt/src/chsem.o
LOAD .build/obj_vessel_base/lib/chibios/os/rt/src/chmtx.o
LOAD .build/obj_vessel_base/lib/chibios/os/rt/src/chcond.o
LOAD .build/obj_vessel_base/lib/chibios/os/rt/src/chevents.o
LOAD .build/obj_vessel_base/lib/chibios/os/rt/src/chmsg.o
LOAD .build/obj_vessel_base/lib/chibios/os/rt/src/chdynamic.o
LOAD .build/obj_vessel_base/lib/chibios/os/common/ports/ARMv7-M/chcore.o
LOAD .build/obj_vessel_base/lib/chibios/os/hal/osal/rt-nil/osal.o
LOAD .build/obj_vessel_base/lib/chibios/os/hal/src/hal.o
LOAD .build/obj_vessel_base/lib/chibios/os/hal/src/hal_st.o
LOAD .build/obj_vessel_base/lib/chibios/os/hal/src/hal_buffers.o
LOAD .build/obj_vessel_base/lib/chibios/os/hal/src/hal_queues.o
LOAD .build/obj_vessel_base/lib/chibios/os/hal/src/hal_flash.o
LOAD .build/obj_vessel_base/lib/chibios/os/hal/src/hal_mmcsd.o
LOAD .build/obj_vessel_base/lib/chibios/os/hal/src/hal_adc.o
LOAD .build/obj_vessel_base/lib/chibios/os/hal/src/hal_can.o
LOAD .build/obj_vessel_base/lib/chibios/os/hal/src/hal_crypto.o
LOAD .build/obj_vessel_base/lib/chibios/os/hal/src/hal_dac.o
LOAD .build/obj_vessel_base/lib/chibios/os/hal/src/hal_efl.o
LOAD .build/obj_vessel_base/lib/chibios/os/hal/src/hal_gpt.o
LOAD .build/obj_vessel_base/lib/chibios/os/hal/src/hal_i2c.o
LOAD .build/obj_vessel_base/lib/chibios/os/hal/src/hal_i2s.o
LOAD .build/obj_vessel_base/lib/chibios/os/hal/src/hal_icu.o
LOAD .build/obj_vessel_base/lib/chibios/os/hal/src/hal_mac.o
LOAD .build/obj_vessel_base/lib/chibios/os/hal/src/hal_mmc_spi.o
LOAD .build/obj_vessel_base/lib/chibios/os/hal/src/hal_pal.o
LOAD .build/obj_vessel_base/lib/chibios/os/hal/src/hal_pwm.o
LOAD .build/obj_vessel_base/lib/chibios/os/hal/src/hal_rtc.o
LOAD .build/obj_vessel_base/lib/chibios/os/hal/src/hal_sdc.o
LOAD .build/obj_vessel_base/lib/chibios/os/hal/src/hal_serial.o
LOAD .build/obj_vessel_base/lib/chibios/os/hal/src/hal_serial_usb.o
LOAD .build/obj_vessel_base/lib/chibios/os/hal/src/hal_sio.o
LOAD .build/obj_vessel_base/lib/chibios/os/hal/src/hal_spi.o
LOAD .build/obj_vessel_base/lib/chibios/os/hal/src/hal_trng.o
LOAD .build/obj_vessel_base/lib/chibios/os/hal/src/hal_uart.o
LOAD .build/obj_vessel_base/lib/chibios/os/hal/src/hal_usb.o
LOAD .build/obj_vessel_base/lib/chibios/os/hal/src/hal_wdg.o
LOAD .build/obj_vessel_base/lib/chibios/os/hal/src/hal_wspi.o
LOAD .build/obj_vessel_base/lib/chibios/os/hal/ports/common/ARMCMx/nvic.o
LOAD .build/obj_vessel_base/lib/chibios/os/hal/ports/STM32/STM32F4xx/stm32_isr.o
LOAD .build/obj_vessel_base/lib/chibios/os/hal/ports/STM32/STM32F4xx/hal_lld.o
LOAD .build/obj_vessel_base/lib/chibios/os/hal/ports/STM32/STM32F4xx/hal_efl_lld.o
LOAD .build/obj_vessel_base/lib/chibios/os/hal/ports/STM32/LLD/ADCv2/hal_adc_lld.o
LOAD .build/obj_vessel_base/lib/chibios/os/hal/ports/STM32/LLD/CANv1/hal_can_lld.o
LOAD .build/obj_vessel_base/lib/chibios/os/hal/ports/STM32/LLD/CRYPv1/hal_crypto_lld.o
LOAD .build/obj_vessel_base/lib/chibios/os/hal/ports/STM32/LLD/DACv1/hal_dac_lld.o
LOAD .build/obj_vessel_base/lib/chibios/os/hal/ports/STM32/LLD/DMAv2/stm32_dma.o
LOAD .build/obj_vessel_base/lib/chibios/os/hal/ports/STM32/LLD/EXTIv1/stm32_exti.o
LOAD .build/obj_vessel_base/lib/chibios/os/hal/ports/STM32/LLD/GPIOv2/hal_pal_lld.o
LOAD .build/obj_vessel_base/lib/chibios/os/hal/ports/STM32/LLD/I2Cv1/hal_i2c_lld.o
LOAD .build/obj_vessel_base/lib/chibios/os/hal/ports/STM32/LLD/MACv1/hal_mac_lld.o
LOAD .build/obj_vessel_base/lib/chibios/os/hal/ports/STM32/LLD/OTGv1/hal_usb_lld.o
LOAD .build/obj_vessel_base/lib/chibios/os/hal/ports/STM32/LLD/QUADSPIv1/hal_wspi_lld.o
LOAD .build/obj_vessel_base/lib/chibios/os/hal/ports/STM32/LLD/RTCv2/hal_rtc_lld.o
LOAD .build/obj_vessel_base/lib/chibios/os/hal/ports/STM32/LLD/SPIv1/hal_i2s_lld.o
LOAD .build/obj_vessel_base/lib/chibios/os/hal/ports/STM32/LLD/SPIv1/hal_spi_v2_lld.o
LOAD .build/obj_vessel_base/lib/chibios/os/hal/ports/STM32/LLD/SDIOv1/hal_sdc_lld.o
LOAD .build/obj_vessel_base/lib/chibios/os/hal/ports/STM32/LLD/SYSTICKv1/hal_st_lld.o
LOAD .build/obj_vessel_base/lib/chibios/os/hal/ports/STM32/LLD/TIMv1/hal_gpt_lld.o
LOAD .build/obj_vessel_base/lib/chibios/os/hal/ports/STM32/LLD/TIMv1/hal_icu_lld.o
LOAD .build/obj_vessel_base/lib/chibios/os/hal/ports/STM32/LLD/TIMv1/hal_pwm_lld.o
LOAD .build/obj_vessel_base/lib/chibios/os/hal/ports/STM32/LLD/USARTv1/hal_serial_lld.o
LOAD .build/obj_vessel_base/lib/chibios/os/hal/ports/STM32/LLD/USARTv1/hal_uart_lld.o
LOAD .build/obj_vessel_base/lib/chibios/os/hal/ports/STM32/LLD/xWDGv1/hal_wdg_lld.o
LOAD .build/obj_vessel_base/lib/chibios/os/hal/boards/ST_NUCLEO64_F446RE/board.o
LOAD .build/obj_vessel_base/lib/chibios/os/hal/lib/streams/chprintf.o
LOAD .build/obj_vessel_base/lib/chibios/os/hal/lib/streams/chscanf.o
LOAD .build/obj_vessel_base/lib/chibios/os/hal/lib/streams/memstreams.o
LOAD .build/obj_vessel_base/lib/chibios/os/hal/lib/streams/nullstreams.o
LOAD .build/obj_vessel_base/lib/chibios/os/hal/lib/streams/bufstreams.o
LOAD .build/obj_vessel_base/lib/chibios/os/various/syscalls.o
LOAD .build/obj_vessel_base/platforms/chibios/syscall-fallbacks.o
LOAD .build/obj_vessel_base/platforms/chibios/wait.o
LOAD .build/obj_vessel_base/platforms/chibios/synchronization_util.o
LOAD .build/obj_vessel_base/platforms/chibios/interrupt_handlers.o
                0x00000800                        __process_stack_size__ = 0x800
                0x00000400                        __main_stack_size__ = 0x400
LOAD c:/qmk_msys/mingw64/bin/../lib/gcc/arm-none-eabi/12.2.0/../../../../arm-none-eabi/lib/thumb/v7e-m+fp/hard\libm.a
START GROUP
LOAD c:/qmk_msys/mingw64/bin/../lib/gcc/arm-none-eabi/12.2.0/thumb/v7e-m+fp/hard\libgcc.a
LOAD c:/qmk_msys/mingw64/bin/../lib/gcc/arm-none-eabi/12.2.0/../../../../arm-none-eabi/lib/thumb/v7e-m+fp/hard\libg_nano.a
LOAD c:/qmk_msys/mingw64/bin/../lib/gcc/arm-none-eabi/12.2.0/../../../../arm-none-eabi/lib/thumb/v7e-m+fp/hard\libc_nano.a
END GROUP
START GROUP
LOAD c:/qmk_msys/mingw64/bin/../lib/gcc/arm-none-eabi/12.2.0/thumb/v7e-m+fp/hard\libgcc.a
LOAD c:/qmk_msys/mingw64/bin/../lib/gcc/arm-none-eabi/12.2.0/../../../../arm-none-eabi/lib/thumb/v7e-m+fp/hard\libc_nano.a
END GROUP

.mstack         0x20000000      0x400
                0x20000000                        . = ALIGN (0x8)
                0x20000000                        __main_stack_base__ = .
                0x20000400                        . = (. + __main_stack_size__)
 *fill*         0x20000000      0x400 
                0x20000400                        . = ALIGN (0x8)
                0x20000400                        __main_stack_end__ = .

.pstack         0x20000400      0x800
                0x20000400                        . = ALIGN (0x8)
                0x20000400                        __process_stack_base__ = .
                0x20000400                        __main_thread_stack_base__ = .
                0x20000c00                        . = (. + __process_stack_size__)
 *fill*         0x20000400      0x800 
                0x20000c00                        . = ALIGN (0x8)
                0x20000c00                        __process_stack_end__ = .
                0x20000c00                        __main_thread_stack_end__ = .

.vectors        0x08000000      0x1e0
                0x08000000                        __textvectors_base__ = LOADADDR (.vectors)
                0x08000000                        __vectors_base__ = .
 *(.vectors)
 .vectors       0x08000000      0x1e0 .build/obj_vessel_base/./lib/chibios/os/common/startup/ARMCMx/compilers/GCC/vectors.o
                0x08000000                _vectors
                0x080001e0                        __vectors_end__ = .

.xtors          0x080001e0        0x0
                0x080001e0                        __init_array_base__ = .
 *(SORT_BY_NAME(.init_array.*))
 *(.init_array)
                0x080001e0                        __init_array_end__ = .
                0x080001e0                        __fini_array_base__ = .
 *(.fini_array)
 *(SORT_BY_NAME(.fini_array.*))
                0x080001e0                        __fini_array_end__ = .

.text           0x08000200     0x59c4
                0x08000200                        __text_base__ = .
 *(.text)
 .text          0x08000200      0x11c .build/obj_vessel_base/./lib/chibios/os/common/startup/ARMCMx/compilers/GCC/crt0_v7m.o
                0x08000200                _crt0_entry
 .text          0x0800031c        0x8 .build/obj_vessel_base/./lib/chibios/os/common/startup/ARMCMx/compilers/GCC/vectors.o
                0x0800031c                Reset_Handler
                0x0800031e                VectorE8
                0x0800031e                Vector9C
                0x0800031e                VectorAC
                0x0800031e                DebugMon_Handler
                0x0800031e                Vector1A0
                0x0800031e                Vector5C
                0x0800031e                Vector11C
                0x0800031e                HardFault_Handler
                0x0800031e                Vector1B8
                0x0800031e                Vector19C
                0x0800031e                Vector8C
                0x0800031e                SysTick_Handler
                0x0800031e                VectorDC
                0x0800031e                PendSV_Handler
                0x0800031e                Vector168
                0x0800031e                NMI_Handler
                0x0800031e                Vector110
                0x0800031e                Vector1D8
                0x0800031e                VectorC8
                0x0800031e                Vector94
                0x0800031e                VectorA8
                0x0800031e                VectorB4
                0x0800031e                Vector160
                0x0800031e                Vector1B0
                0x0800031e                UsageFault_Handler
                0x0800031e                VectorEC
                0x0800031e                Vector40
                0x0800031e                VectorF8
                0x0800031e                Vector108
                0x0800031e                Vector190
                0x0800031e                Vector1C4
                0x0800031e                Vector1CC
                0x0800031e                Vector148
                0x0800031e                Vector188
                0x0800031e                Vector198
                0x0800031e                Vector118
                0x0800031e                Vector64
                0x0800031e                Vector58
                0x0800031e                VectorCC
                0x0800031e                Vector54
                0x0800031e                Vector98
                0x0800031e                VectorD8
                0x0800031e                Vector138
                0x0800031e                Vector24
                0x0800031e                Vector1AC
                0x0800031e                Vector178
                0x0800031e                SecureFault_Handler
                0x0800031e                Vector1A4
                0x0800031e                VectorD0
                0x0800031e                Vector1B4
                0x0800031e                Vector140
                0x0800031e                VectorE4
                0x0800031e                Vector1C0
                0x0800031e                Vector134
                0x0800031e                Vector1D0
                0x0800031e                VectorF0
                0x0800031e                Vector13C
                0x0800031e                Vector100
                0x0800031e                VectorE0
                0x0800031e                VectorF4
                0x0800031e                MemManage_Handler
                0x0800031e                VectorA0
                0x0800031e                VectorC4
                0x0800031e                Vector180
                0x0800031e                Vector90
                0x0800031e                Vector114
                0x0800031e                Vector164
                0x0800031e                Vector60
                0x0800031e                Vector1BC
                0x0800031e                Vector1D4
                0x0800031e                Vector17C
                0x0800031e                Vector48
                0x0800031e                Vector1A8
                0x0800031e                Vector16C
                0x0800031e                VectorD4
                0x0800031e                Vector4C
                0x0800031e                Vector144
                0x0800031e                Vector15C
                0x0800031e                Vector68
                0x0800031e                Vector18C
                0x0800031e                Vector170
                0x0800031e                Vector88
                0x0800031e                Vector104
                0x0800031e                Vector184
                0x0800031e                Vector10C
                0x0800031e                BusFault_Handler
                0x0800031e                Vector50
                0x0800031e                Vector1C8
                0x0800031e                Vector194
                0x0800031e                Vector1DC
                0x0800031e                Vector44
                0x0800031e                Vector28
                0x0800031e                VectorB8
                0x0800031e                Vector34
                0x0800031e                VectorA4
                0x0800031e                Vector20
                0x0800031e                Vector174
                0x08000322                _unhandled_exception
 .text          0x08000324       0x32 .build/obj_vessel_base/./lib/chibios/os/common/ports/ARMv7-M/compilers/GCC/chcoreasm.o
                0x08000324                __port_switch
                0x0800033c                __port_thread_start
                0x0800034e                __port_switch_from_isr
                0x08000352                __port_exit_from_isr
 *fill*         0x08000356        0x2 
 .text          0x08000358       0x30 c:/qmk_msys/mingw64/bin/../lib/gcc/arm-none-eabi/12.2.0/thumb/v7e-m+fp/hard\libgcc.a(_aeabi_uldivmod.o)
                0x08000358                __aeabi_uldivmod
 .text          0x08000388        0x4 c:/qmk_msys/mingw64/bin/../lib/gcc/arm-none-eabi/12.2.0/thumb/v7e-m+fp/hard\libgcc.a(_dvmd_tls.o)
                0x08000388                __aeabi_idiv0
                0x08000388                __aeabi_ldiv0
 .text          0x0800038c      0x134 c:/qmk_msys/mingw64/bin/../lib/gcc/arm-none-eabi/12.2.0/../../../../arm-none-eabi/lib/thumb/v7e-m+fp/hard\libg_nano.a(libc_a-memcpy.o)
                0x0800038c                memcpy
 .text          0x080004c0       0xa4 c:/qmk_msys/mingw64/bin/../lib/gcc/arm-none-eabi/12.2.0/../../../../arm-none-eabi/lib/thumb/v7e-m+fp/hard\libg_nano.a(libc_a-memset.o)
                0x080004c0                memset
 *fill*         0x08000564        0xc 
 .text          0x08000570       0xa0 c:/qmk_msys/mingw64/bin/../lib/gcc/arm-none-eabi/12.2.0/../../../../arm-none-eabi/lib/thumb/v7e-m+fp/hard\libg_nano.a(libc_a-memchr.o)
                0x08000570                memchr
 .text          0x08000610       0x60 c:/qmk_msys/mingw64/bin/../lib/gcc/arm-none-eabi/12.2.0/../../../../arm-none-eabi/lib/thumb/v7e-m+fp/hard\libg_nano.a(libc_a-memcmp.o)
                0x08000610                memcmp
 *fill*         0x08000670       0x10 
 .text          0x08000680       0xd8 c:/qmk_msys/mingw64/bin/../lib/gcc/arm-none-eabi/12.2.0/../../../../arm-none-eabi/lib/thumb/v7e-m+fp/hard\libg_nano.a(libc_a-strlen.o)
                0x08000680                strlen
 *(.text.*)
 .text.layer_on
                0x08000758       0x14 C:\QMK_MSYS\tmp\ccGvxA1V.ltrans0.ltrans.o
 .text.layer_off
                0x0800076c       0x14 C:\QMK_MSYS\tmp\ccGvxA1V.ltrans0.ltrans.o
 .text.update_source_layers_cache
                0x08000780       0x54 C:\QMK_MSYS\tmp\ccGvxA1V.ltrans0.ltrans.o
 .text.read_source_layers_cache
                0x080007d4       0x50 C:\QMK_MSYS\tmp\ccGvxA1V.ltrans0.ltrans.o
 .text.debug_waiting_buffer
                0x08000824       0x20 C:\QMK_MSYS\tmp\ccGvxA1V.ltrans0.ltrans.o
 .text.keymap_key_to_keycode
                0x08000844       0x34 C:\QMK_MSYS\tmp\ccGvxA1V.ltrans0.ltrans.o
 .text.keycode_config
                0x08000878      0x10c C:\QMK_MSYS\tmp\ccGvxA1V.ltrans0.ltrans.o
 .text.mod_config
                0x08000984       0xc4 C:\QMK_MSYS\tmp\ccGvxA1V.ltrans0.ltrans.o
 .text.action_for_keycode
                0x08000a48      0x1a8 C:\QMK_MSYS\tmp\ccGvxA1V.ltrans0.ltrans.o
 .text.layer_switch_get_layer
                0x08000bf0       0x50 C:\QMK_MSYS\tmp\ccGvxA1V.ltrans0.ltrans.o
 .text.get_record_keycode
                0x08000c40       0x34 C:\QMK_MSYS\tmp\ccGvxA1V.ltrans0.ltrans.o
 .text.layer_switch_get_action
                0x08000c74       0x24 C:\QMK_MSYS\tmp\ccGvxA1V.ltrans0.ltrans.o
 .text.is_tap_record
                0x08000c98       0x50 C:\QMK_MSYS\tmp\ccGvxA1V.ltrans0.ltrans.o
 .text.sendchar
                0x08000ce8        0x4 C:\QMK_MSYS\tmp\ccGvxA1V.ltrans0.ltrans.o
 .text.null_sendchar_func
                0x08000cec        0x4 C:\QMK_MSYS\tmp\ccGvxA1V.ltrans0.ltrans.o
 .text.rgblight_effect_dummy
                0x08000cf0        0x2 C:\QMK_MSYS\tmp\ccGvxA1V.ltrans0.ltrans.o
 .text.__idle_thread
                0x08000cf2        0x4 C:\QMK_MSYS\tmp\ccGvxA1V.ltrans0.ltrans.o
 *fill*         0x08000cf6        0x2 
 .text.sethsv_raw
                0x08000cf8       0x94 C:\QMK_MSYS\tmp\ccGvxA1V.ltrans0.ltrans.o
 .text.rgblight_check_config
                0x08000d8c       0x28 C:\QMK_MSYS\tmp\ccGvxA1V.ltrans0.ltrans.o
 .text.rgblight_set
                0x08000db4       0x30 C:\QMK_MSYS\tmp\ccGvxA1V.ltrans0.ltrans.o
 .text.rgblight_effect_rainbow_swirl
                0x08000de4       0x50 C:\QMK_MSYS\tmp\ccGvxA1V.ltrans0.ltrans.o
 .text.handleKeycodeRGB
                0x08000e34        0x6 C:\QMK_MSYS\tmp\ccGvxA1V.ltrans0.ltrans.o
 *fill*         0x08000e3a        0x2 
 .text.encoder_quadrature_read_pin
                0x08000e3c       0x24 C:\QMK_MSYS\tmp\ccGvxA1V.ltrans0.ltrans.o
 .text.sendByte
                0x08000e60       0x78 C:\QMK_MSYS\tmp\ccGvxA1V.ltrans0.ltrans.o
 .text.host_keyboard_leds
                0x08000ed8       0x10 C:\QMK_MSYS\tmp\ccGvxA1V.ltrans0.ltrans.o
 .text.host_system_send
                0x08000ee8       0x38 C:\QMK_MSYS\tmp\ccGvxA1V.ltrans0.ltrans.o
 .text.host_consumer_send
                0x08000f20       0x38 C:\QMK_MSYS\tmp\ccGvxA1V.ltrans0.ltrans.o
 .text.add_key_to_report
                0x08000f58       0x70 C:\QMK_MSYS\tmp\ccGvxA1V.ltrans0.ltrans.o
 .text.del_key_from_report
                0x08000fc8       0x5c C:\QMK_MSYS\tmp\ccGvxA1V.ltrans0.ltrans.o
 .text.timer_read32
                0x08001024       0x6c C:\QMK_MSYS\tmp\ccGvxA1V.ltrans0.ltrans.o
 .text.__NVIC_SystemReset
                0x08001090       0x24 C:\QMK_MSYS\tmp\ccGvxA1V.ltrans0.ltrans.o
 .text.usb_get_descriptor_cb
                0x080010b4       0xb8 C:\QMK_MSYS\tmp\ccGvxA1V.ltrans0.ltrans.o
 .text.dummy_usb_cb
                0x0800116c        0x2 C:\QMK_MSYS\tmp\ccGvxA1V.ltrans0.ltrans.o
 *fill*         0x0800116e        0x2 
 .text.set_led_transfer_cb
                0x08001170       0x34 C:\QMK_MSYS\tmp\ccGvxA1V.ltrans0.ltrans.o
 .text.usb_sof_cb
                0x080011a4        0xe C:\QMK_MSYS\tmp\ccGvxA1V.ltrans0.ltrans.o
 *fill*         0x080011b2        0x2 
 .text.keyboard_leds
                0x080011b4        0xc C:\QMK_MSYS\tmp\ccGvxA1V.ltrans0.ltrans.o
 .text.send_mouse
                0x080011c0        0x2 C:\QMK_MSYS\tmp\ccGvxA1V.ltrans0.ltrans.o
 *fill*         0x080011c2        0x2 
 .text.chSysPolledDelayX
                0x080011c4       0x14 C:\QMK_MSYS\tmp\ccGvxA1V.ltrans0.ltrans.o
 .text.dmaStreamFreeI
                0x080011d8       0x7c C:\QMK_MSYS\tmp\ccGvxA1V.ltrans0.ltrans.o
 .text.i2c_lld_abort_operation
                0x08001254       0x4a C:\QMK_MSYS\tmp\ccGvxA1V.ltrans0.ltrans.o
 *fill*         0x0800129e        0x2 
 .text.i2c_lld_serve_tx_end_irq
                0x080012a0       0x44 C:\QMK_MSYS\tmp\ccGvxA1V.ltrans0.ltrans.o
 .text.otg_disable_ep
                0x080012e4       0x56 C:\QMK_MSYS\tmp\ccGvxA1V.ltrans0.ltrans.o
 .text.usb_lld_start_in
                0x0800133a       0x8a C:\QMK_MSYS\tmp\ccGvxA1V.ltrans0.ltrans.o
 .text.usbStartTransmitI
                0x080013c4       0x24 C:\QMK_MSYS\tmp\ccGvxA1V.ltrans0.ltrans.o
 .text._usb_ep0out
                0x080013e8       0x80 C:\QMK_MSYS\tmp\ccGvxA1V.ltrans0.ltrans.o
 .text.gpio_init
                0x08001468       0x1e C:\QMK_MSYS\tmp\ccGvxA1V.ltrans0.ltrans.o
 *fill*         0x08001486        0x2 
 .text._usb_wakeup.constprop.0
                0x08001488       0x1c C:\QMK_MSYS\tmp\ccGvxA1V.ltrans0.ltrans.o
 .text.usb_lld_start_out.constprop.0
                0x080014a4       0x66 C:\QMK_MSYS\tmp\ccGvxA1V.ltrans0.ltrans.o
 .text.usbStartReceiveI.constprop.0
                0x0800150a       0x20 C:\QMK_MSYS\tmp\ccGvxA1V.ltrans0.ltrans.o
 .text._usb_ep0in
                0x0800152a       0xb8 C:\QMK_MSYS\tmp\ccGvxA1V.ltrans0.ltrans.o
 *fill*         0x080015e2        0x2 
 .text.dmaStreamAllocI.part.0.constprop.0
                0x080015e4       0xa8 C:\QMK_MSYS\tmp\ccGvxA1V.ltrans0.ltrans.o
 .text.usbStart.constprop.0.isra.0
                0x0800168c       0xe4 C:\QMK_MSYS\tmp\ccGvxA1V.ltrans0.ltrans.o
 .text.otg_txfifo_flush.isra.0
                0x08001770       0x14 C:\QMK_MSYS\tmp\ccGvxA1V.ltrans0.ltrans.o
 .text.usb_event_queue_enqueue.isra.0
                0x08001784       0x28 C:\QMK_MSYS\tmp\ccGvxA1V.ltrans0.ltrans.o
 .text.encoder_queue_event.isra.0
                0x080017ac       0x28 C:\QMK_MSYS\tmp\ccGvxA1V.ltrans0.ltrans.o
 .text.waiting_buffer_typed.isra.0
                0x080017d4       0x44 C:\QMK_MSYS\tmp\ccGvxA1V.ltrans0.ltrans.o
 .text.send_keyboard_report
                0x08001818       0x94 C:\QMK_MSYS\tmp\ccGvxA1V.ltrans0.ltrans.o
 .text.unregister_code
                0x080018ac       0x9c C:\QMK_MSYS\tmp\ccGvxA1V.ltrans0.ltrans.o
 .text.register_mods
                0x08001948       0x14 C:\QMK_MSYS\tmp\ccGvxA1V.ltrans0.ltrans.o
 .text.unregister_mods
                0x0800195c       0x18 C:\QMK_MSYS\tmp\ccGvxA1V.ltrans0.ltrans.o
 .text.eeprom_driver_erase
                0x08001974       0x10 C:\QMK_MSYS\tmp\ccGvxA1V.ltrans0.ltrans.o
 .text.clear_keys_from_report
                0x08001984       0x34 C:\QMK_MSYS\tmp\ccGvxA1V.ltrans0.ltrans.o
 .text.usbInitEndpointI
                0x080019b8      0x134 C:\QMK_MSYS\tmp\ccGvxA1V.ltrans0.ltrans.o
 .text.usb_event_cb
                0x08001aec       0x5c C:\QMK_MSYS\tmp\ccGvxA1V.ltrans0.ltrans.o
 .text.eeprom_read_block
                0x08001b48       0x34 C:\QMK_MSYS\tmp\ccGvxA1V.ltrans0.ltrans.o
 .text.eeprom_read_byte
                0x08001b7c       0x1e C:\QMK_MSYS\tmp\ccGvxA1V.ltrans0.ltrans.o
 .text.eeprom_read_word
                0x08001b9a       0x1e C:\QMK_MSYS\tmp\ccGvxA1V.ltrans0.ltrans.o
 .text.eeconfig_read_rgblight
                0x08001bb8       0x22 C:\QMK_MSYS\tmp\ccGvxA1V.ltrans0.ltrans.o
 *fill*         0x08001bda        0x2 
 .text.eeprom_write_block
                0x08001bdc       0x24 C:\QMK_MSYS\tmp\ccGvxA1V.ltrans0.ltrans.o
 .text.eeprom_update_byte
                0x08001c00       0x22 C:\QMK_MSYS\tmp\ccGvxA1V.ltrans0.ltrans.o
 .text.eeprom_update_word
                0x08001c22       0x22 C:\QMK_MSYS\tmp\ccGvxA1V.ltrans0.ltrans.o
 .text.eeprom_update_dword
                0x08001c44       0x2e C:\QMK_MSYS\tmp\ccGvxA1V.ltrans0.ltrans.o
 .text.eeconfig_update_rgblight
                0x08001c72       0x1c C:\QMK_MSYS\tmp\ccGvxA1V.ltrans0.ltrans.o
 *fill*         0x08001c8e        0x2 
 .text.rgblight_decrease_speed
                0x08001c90       0x18 C:\QMK_MSYS\tmp\ccGvxA1V.ltrans0.ltrans.o
 .text.rgblight_increase_speed
                0x08001ca8       0x18 C:\QMK_MSYS\tmp\ccGvxA1V.ltrans0.ltrans.o
 .text.rgblight_sethsv_eeprom_helper
                0x08001cc0       0x98 C:\QMK_MSYS\tmp\ccGvxA1V.ltrans0.ltrans.o
 .text.rgblight_increase_hue
                0x08001d58       0x18 C:\QMK_MSYS\tmp\ccGvxA1V.ltrans0.ltrans.o
 .text.rgblight_decrease_hue
                0x08001d70       0x18 C:\QMK_MSYS\tmp\ccGvxA1V.ltrans0.ltrans.o
 .text.rgblight_increase_sat
                0x08001d88       0x1c C:\QMK_MSYS\tmp\ccGvxA1V.ltrans0.ltrans.o
 .text.rgblight_decrease_sat
                0x08001da4       0x1c C:\QMK_MSYS\tmp\ccGvxA1V.ltrans0.ltrans.o
 .text.rgblight_increase_val
                0x08001dc0       0x1c C:\QMK_MSYS\tmp\ccGvxA1V.ltrans0.ltrans.o
 .text.rgblight_decrease_val
                0x08001ddc       0x1c C:\QMK_MSYS\tmp\ccGvxA1V.ltrans0.ltrans.o
 .text.rgblight_mode_eeprom_helper
                0x08001df8       0x78 C:\QMK_MSYS\tmp\ccGvxA1V.ltrans0.ltrans.o
 .text.rgblight_step
                0x08001e70       0x1c C:\QMK_MSYS\tmp\ccGvxA1V.ltrans0.ltrans.o
 .text.rgblight_step_reverse
                0x08001e8c       0x20 C:\QMK_MSYS\tmp\ccGvxA1V.ltrans0.ltrans.o
 .text.handleKeycodeRGBMode.constprop.0
                0x08001eac       0x28 C:\QMK_MSYS\tmp\ccGvxA1V.ltrans0.ltrans.o
 .text.oled_send_cmd
                0x08001ed4       0x16 C:\QMK_MSYS\tmp\ccGvxA1V.ltrans0.ltrans.o
 *fill*         0x08001eea        0x2 
 .text.oled_off.isra.0
                0x08001eec       0x2c C:\QMK_MSYS\tmp\ccGvxA1V.ltrans0.ltrans.o
 .text.oled_on.isra.0
                0x08001f18       0x3c C:\QMK_MSYS\tmp\ccGvxA1V.ltrans0.ltrans.o
 .text.ch_dlist_insert
                0x08001f54       0x2a C:\QMK_MSYS\tmp\ccGvxA1V.ltrans0.ltrans.o
 *fill*         0x08001f7e        0x2 
 .text.vt_set_alarm
                0x08001f80       0x38 C:\QMK_MSYS\tmp\ccGvxA1V.ltrans0.ltrans.o
 .text.chVTDoResetI
                0x08001fb8       0x6c C:\QMK_MSYS\tmp\ccGvxA1V.ltrans0.ltrans.o
 .text.vt_insert_first.constprop.0
                0x08002024       0x54 C:\QMK_MSYS\tmp\ccGvxA1V.ltrans0.ltrans.o
 .text.vt_enqueue.constprop.0
                0x08002078       0x50 C:\QMK_MSYS\tmp\ccGvxA1V.ltrans0.ltrans.o
 .text.chVTSetI.constprop.0
                0x080020c8       0x30 C:\QMK_MSYS\tmp\ccGvxA1V.ltrans0.ltrans.o
 .text.usb_requests_hook_cb
                0x080020f8      0x15c C:\QMK_MSYS\tmp\ccGvxA1V.ltrans0.ltrans.o
 .text.keyboard_idle_timer_cb
                0x08002254       0x78 C:\QMK_MSYS\tmp\ccGvxA1V.ltrans0.ltrans.o
 .text.__sch_ready_behind.isra.0
                0x080022cc       0x1c C:\QMK_MSYS\tmp\ccGvxA1V.ltrans0.ltrans.o
 .text.chThdResumeI
                0x080022e8       0x12 C:\QMK_MSYS\tmp\ccGvxA1V.ltrans0.ltrans.o
 *fill*         0x080022fa        0x2 
 .text.i2c_lld_serve_rx_end_irq
                0x080022fc       0x68 C:\QMK_MSYS\tmp\ccGvxA1V.ltrans0.ltrans.o
 .text._usb_ep0setup
                0x08002364      0x34c C:\QMK_MSYS\tmp\ccGvxA1V.ltrans0.ltrans.o
 .text.otg_epin_handler.constprop.0
                0x080026b0      0x108 C:\QMK_MSYS\tmp\ccGvxA1V.ltrans0.ltrans.o
 .text.otg_epout_handler.constprop.0
                0x080027b8       0xac C:\QMK_MSYS\tmp\ccGvxA1V.ltrans0.ltrans.o
 .text.__sch_wakeup
                0x08002864       0x44 C:\QMK_MSYS\tmp\ccGvxA1V.ltrans0.ltrans.o
 .text.chSchGoSleepS
                0x080028a8       0x1c C:\QMK_MSYS\tmp\ccGvxA1V.ltrans0.ltrans.o
 .text.chSchGoSleepTimeoutS
                0x080028c4       0x44 C:\QMK_MSYS\tmp\ccGvxA1V.ltrans0.ltrans.o
 .text.chThdSuspendTimeoutS
                0x08002908       0x1c C:\QMK_MSYS\tmp\ccGvxA1V.ltrans0.ltrans.o
 .text.send_report
                0x08002924       0x50 C:\QMK_MSYS\tmp\ccGvxA1V.ltrans0.ltrans.o
 .text.programmable_button_flush
                0x08002974       0x38 C:\QMK_MSYS\tmp\ccGvxA1V.ltrans0.ltrans.o
 .text.clear_keyboard
                0x080029ac       0x38 C:\QMK_MSYS\tmp\ccGvxA1V.ltrans0.ltrans.o
 .text.send_keyboard
                0x080029e4       0x20 C:\QMK_MSYS\tmp\ccGvxA1V.ltrans0.ltrans.o
 .text.send_nkro
                0x08002a04        0xa C:\QMK_MSYS\tmp\ccGvxA1V.ltrans0.ltrans.o
 .text.send_extra
                0x08002a0e        0xa C:\QMK_MSYS\tmp\ccGvxA1V.ltrans0.ltrans.o
 .text.__port_irq_epilogue
                0x08002a18       0x5c C:\QMK_MSYS\tmp\ccGvxA1V.ltrans0.ltrans.o
 .text.oled_write_char.constprop.0
                0x08002a74       0xb8 C:\QMK_MSYS\tmp\ccGvxA1V.ltrans0.ltrans.o
 .text.oled_advance_page
                0x08002b2c       0x58 C:\QMK_MSYS\tmp\ccGvxA1V.ltrans0.ltrans.o
 .text.oled_write.constprop.0
                0x08002b84       0x1a C:\QMK_MSYS\tmp\ccGvxA1V.ltrans0.ltrans.o
 *fill*         0x08002b9e        0x2 
 .text.oled_task
                0x08002ba0      0x224 C:\QMK_MSYS\tmp\ccGvxA1V.ltrans0.ltrans.o
 .text.oled_init.constprop.0.isra.0
                0x08002dc4       0xac C:\QMK_MSYS\tmp\ccGvxA1V.ltrans0.ltrans.o
 .text.led_init_ports
                0x08002e70        0x2 C:\QMK_MSYS\tmp\ccGvxA1V.ltrans0.ltrans.o
                0x08002e70                __cpu_init
 *fill*         0x08002e72        0x2 
 .text.__early_init
                0x08002e74      0x22c C:\QMK_MSYS\tmp\ccGvxA1V.ltrans0.ltrans.o
                0x08002e74                __early_init
 .text.__late_init
                0x080030a0        0x2 C:\QMK_MSYS\tmp\ccGvxA1V.ltrans0.ltrans.o
                0x080030a0                __late_init
 .text.__default_exit
                0x080030a2        0x2 C:\QMK_MSYS\tmp\ccGvxA1V.ltrans0.ltrans.o
                0x080030a2                __default_exit
 .text.__init_ram_areas
                0x080030a4       0x58 C:\QMK_MSYS\tmp\ccGvxA1V.ltrans0.ltrans.o
                0x080030a4                __init_ram_areas
 .text.__sch_reschedule_ahead
                0x080030fc       0x3c C:\QMK_MSYS\tmp\ccGvxA1V.ltrans0.ltrans.o
                0x080030fc                chSchDoPreemption
 .text.usbStop.constprop.0
                0x08003138       0xac C:\QMK_MSYS\tmp\ccGvxA1V.ltrans0.ltrans.o
 .text.chThdExit
                0x080031e4       0x18 C:\QMK_MSYS\tmp\ccGvxA1V.ltrans0.ltrans.o
                0x080031e4                chThdExit
 .text.chThdSleep
                0x080031fc       0x18 C:\QMK_MSYS\tmp\ccGvxA1V.ltrans0.ltrans.o
                0x080031fc                chThdSleep
 .text.register_code
                0x08003214      0x114 C:\QMK_MSYS\tmp\ccGvxA1V.ltrans0.ltrans.o
 .text.tap_code_delay
                0x08003328       0x40 C:\QMK_MSYS\tmp\ccGvxA1V.ltrans0.ltrans.o
 .text.perform_space_cadet.constprop.0.isra.0
                0x08003368       0xac C:\QMK_MSYS\tmp\ccGvxA1V.ltrans0.ltrans.o
 .text.process_record
                0x08003414      0x738 C:\QMK_MSYS\tmp\ccGvxA1V.ltrans0.ltrans.o
 .text.waiting_buffer_scan_tap
                0x08003b4c       0x80 C:\QMK_MSYS\tmp\ccGvxA1V.ltrans0.ltrans.o
 .text.process_tapping
                0x08003bcc      0x1fc C:\QMK_MSYS\tmp\ccGvxA1V.ltrans0.ltrans.o
 .text.action_exec
                0x08003dc8       0xcc C:\QMK_MSYS\tmp\ccGvxA1V.ltrans0.ltrans.o
 .text.generate_tick_event
                0x08003e94       0x38 C:\QMK_MSYS\tmp\ccGvxA1V.ltrans0.ltrans.o
 .text.SVC_Handler
                0x08003ecc       0x20 C:\QMK_MSYS\tmp\ccGvxA1V.ltrans0.ltrans.o
                0x08003ecc                SVC_Handler
 .text.i2cStart
                0x08003eec      0x188 C:\QMK_MSYS\tmp\ccGvxA1V.ltrans0.ltrans.o
                0x08003eec                i2cStart
 .text.i2cStop  0x08004074       0x7c C:\QMK_MSYS\tmp\ccGvxA1V.ltrans0.ltrans.o
                0x08004074                i2cStop
 .text.i2cMasterTransmitTimeout
                0x080040f0      0x104 C:\QMK_MSYS\tmp\ccGvxA1V.ltrans0.ltrans.o
                0x080040f0                i2cMasterTransmitTimeout
 .text.VectorB0
                0x080041f4       0xd0 C:\QMK_MSYS\tmp\ccGvxA1V.ltrans0.ltrans.o
                0x080041f4                VectorB0
 .text.Vector6C
                0x080042c4       0x28 C:\QMK_MSYS\tmp\ccGvxA1V.ltrans0.ltrans.o
                0x080042c4                Vector6C
 .text.Vector70
                0x080042ec       0x2c C:\QMK_MSYS\tmp\ccGvxA1V.ltrans0.ltrans.o
                0x080042ec                Vector70
 .text.Vector74
                0x08004318       0x2c C:\QMK_MSYS\tmp\ccGvxA1V.ltrans0.ltrans.o
                0x08004318                Vector74
 .text.Vector78
                0x08004344       0x2c C:\QMK_MSYS\tmp\ccGvxA1V.ltrans0.ltrans.o
                0x08004344                Vector78
 .text.Vector7C
                0x08004370       0x28 C:\QMK_MSYS\tmp\ccGvxA1V.ltrans0.ltrans.o
                0x08004370                Vector7C
 .text.Vector80
                0x08004398       0x2c C:\QMK_MSYS\tmp\ccGvxA1V.ltrans0.ltrans.o
                0x08004398                Vector80
 .text.Vector84
                0x080043c4       0x2c C:\QMK_MSYS\tmp\ccGvxA1V.ltrans0.ltrans.o
                0x080043c4                Vector84
 .text.VectorFC
                0x080043f0       0x2c C:\QMK_MSYS\tmp\ccGvxA1V.ltrans0.ltrans.o
                0x080043f0                VectorFC
 .text.Vector120
                0x0800441c       0x28 C:\QMK_MSYS\tmp\ccGvxA1V.ltrans0.ltrans.o
                0x0800441c                Vector120
 .text.Vector124
                0x08004444       0x2c C:\QMK_MSYS\tmp\ccGvxA1V.ltrans0.ltrans.o
                0x08004444                Vector124
 .text.Vector128
                0x08004470       0x2c C:\QMK_MSYS\tmp\ccGvxA1V.ltrans0.ltrans.o
                0x08004470                Vector128
 .text.Vector12C
                0x0800449c       0x2c C:\QMK_MSYS\tmp\ccGvxA1V.ltrans0.ltrans.o
                0x0800449c                Vector12C
 .text.Vector130
                0x080044c8       0x28 C:\QMK_MSYS\tmp\ccGvxA1V.ltrans0.ltrans.o
                0x080044c8                Vector130
 .text.Vector150
                0x080044f0       0x2c C:\QMK_MSYS\tmp\ccGvxA1V.ltrans0.ltrans.o
                0x080044f0                Vector150
 .text.Vector154
                0x0800451c       0x2c C:\QMK_MSYS\tmp\ccGvxA1V.ltrans0.ltrans.o
                0x0800451c                Vector154
 .text.Vector158
                0x08004548       0x2c C:\QMK_MSYS\tmp\ccGvxA1V.ltrans0.ltrans.o
                0x08004548                Vector158
 .text._pal_lld_setgroupmode
                0x08004574       0xd6 C:\QMK_MSYS\tmp\ccGvxA1V.ltrans0.ltrans.o
                0x08004574                _pal_lld_setgroupmode
 .text.setPinInputHigh_atomic
                0x0800464a       0x22 C:\QMK_MSYS\tmp\ccGvxA1V.ltrans0.ltrans.o
 .text.ws2812_setleds
                0x0800466c       0x84 C:\QMK_MSYS\tmp\ccGvxA1V.ltrans0.ltrans.o
 .text.encoder_quadrature_init_pin
                0x080046f0       0x24 C:\QMK_MSYS\tmp\ccGvxA1V.ltrans0.ltrans.o
 .text.matrix_scan.isra.0
                0x08004714      0x18c C:\QMK_MSYS\tmp\ccGvxA1V.ltrans0.ltrans.o
 .text.startup.main
                0x080048a0      0x8e4 C:\QMK_MSYS\tmp\ccGvxA1V.ltrans0.ltrans.o
                0x080048a0                main
 .text.VectorBC
                0x08005184      0x114 C:\QMK_MSYS\tmp\ccGvxA1V.ltrans0.ltrans.o
                0x08005184                VectorBC
 .text.VectorC0
                0x08005298       0xd0 C:\QMK_MSYS\tmp\ccGvxA1V.ltrans0.ltrans.o
                0x08005298                VectorC0
 .text.Vector14C
                0x08005368      0x450 C:\QMK_MSYS\tmp\ccGvxA1V.ltrans0.ltrans.o
                0x08005368                Vector14C
 .text._fini    0x080057b8        0x2 C:\QMK_MSYS\tmp\ccGvxA1V.ltrans0.ltrans.o
                0x080057b8                _fini
 *fill*         0x080057ba        0x2 
 .text.i2c_epilogue
                0x080057bc       0x20 .build/obj_vessel_base/i2c_master.a(i2c_master.o)
 .text.i2c_init
                0x080057dc       0x50 .build/obj_vessel_base/i2c_master.a(i2c_master.o)
                0x080057dc                i2c_init
 .text.i2c_transmit
                0x0800582c       0x68 .build/obj_vessel_base/i2c_master.a(i2c_master.o)
                0x0800582c                i2c_transmit
 .text.i2c_write_register
                0x08005894       0x90 .build/obj_vessel_base/i2c_master.a(i2c_master.o)
                0x08005894                i2c_write_register
 .text.__udivmoddi4
                0x08005924      0x2a0 c:/qmk_msys/mingw64/bin/../lib/gcc/arm-none-eabi/12.2.0/thumb/v7e-m+fp/hard\libgcc.a(_udivmoddi4.o)
                0x08005924                __udivmoddi4
 *(.glue_7t)
 .glue_7t       0x08005bc4        0x0 linker stubs
 *(.glue_7)
 .glue_7        0x08005bc4        0x0 linker stubs
 *(.gcc*)
                0x08005bc4                        __text_end__ = .

.vfp11_veneer   0x08005bc4        0x0
 .vfp11_veneer  0x08005bc4        0x0 linker stubs

.v4_bx          0x08005bc4        0x0
 .v4_bx         0x08005bc4        0x0 linker stubs

.iplt           0x08005bc4        0x0
 .iplt          0x08005bc4        0x0 .build/obj_vessel_base/i2c_master.a(i2c_master.o)

.rodata         0x08005bc4      0xc8c
                0x08005bc4                        __rodata_base__ = .
 *(.rodata)
 *(.rodata.*)
 .rodata.i2c_lld_serve_tx_end_irq.str1.1
                0x08005bc4       0x44 C:\QMK_MSYS\tmp\ccGvxA1V.ltrans0.ltrans.o
                                  0xc (size before relaxing)
 .rodata.oled_task.str1.1
                0x08005c08       0x35 C:\QMK_MSYS\tmp\ccGvxA1V.ltrans0.ltrans.o
 .rodata.ProductString
                0x08005c08       0x14 C:\QMK_MSYS\tmp\ccGvxA1V.ltrans0.ltrans.o
 .rodata.ManufacturerString
                0x08005c1c       0x24 C:\QMK_MSYS\tmp\ccGvxA1V.ltrans0.ltrans.o
 .rodata.LanguageString
                0x08005c40        0x4 C:\QMK_MSYS\tmp\ccGvxA1V.ltrans0.ltrans.o
 .rodata.display_on.5
                0x08005c44        0x2 C:\QMK_MSYS\tmp\ccGvxA1V.ltrans0.ltrans.o
 .rodata.display_off.4
                0x08005c46        0x2 C:\QMK_MSYS\tmp\ccGvxA1V.ltrans0.ltrans.o
 .rodata.display_setup2.11
                0x08005c48        0xd C:\QMK_MSYS\tmp\ccGvxA1V.ltrans0.ltrans.o
 .rodata.display_flipped.12
                0x08005c55        0x5 C:\QMK_MSYS\tmp\ccGvxA1V.ltrans0.ltrans.o
 .rodata.display_normal.13
                0x08005c5a        0x5 C:\QMK_MSYS\tmp\ccGvxA1V.ltrans0.ltrans.o
 .rodata.display_setup1.14
                0x08005c5f        0xb C:\QMK_MSYS\tmp\ccGvxA1V.ltrans0.ltrans.o
 .rodata.font   0x08005c6a      0x540 C:\QMK_MSYS\tmp\ccGvxA1V.ltrans0.ltrans.o
 *fill*         0x080061aa        0x2 
 .rodata.ep0config
                0x080061ac       0x24 C:\QMK_MSYS\tmp\ccGvxA1V.ltrans0.ltrans.o
 .rodata.active_status
                0x080061d0        0x2 C:\QMK_MSYS\tmp\ccGvxA1V.ltrans0.ltrans.o
 .rodata.halted_status
                0x080061d2        0x2 C:\QMK_MSYS\tmp\ccGvxA1V.ltrans0.ltrans.o
 .rodata.zero_status
                0x080061d4        0x2 C:\QMK_MSYS\tmp\ccGvxA1V.ltrans0.ltrans.o
 *fill*         0x080061d6        0x2 
 .rodata.ram_areas
                0x080061d8       0x80 C:\QMK_MSYS\tmp\ccGvxA1V.ltrans0.ltrans.o
 .rodata.gpio_default_config
                0x08006258       0xe0 C:\QMK_MSYS\tmp\ccGvxA1V.ltrans0.ltrans.o
 .rodata.shared_ep_config
                0x08006338       0x24 C:\QMK_MSYS\tmp\ccGvxA1V.ltrans0.ltrans.o
 .rodata.kbd_ep_config
                0x0800635c       0x24 C:\QMK_MSYS\tmp\ccGvxA1V.ltrans0.ltrans.o
 .rodata.SharedReport
                0x08006380       0x8b C:\QMK_MSYS\tmp\ccGvxA1V.ltrans0.ltrans.o
 .rodata.KeyboardReport
                0x0800640b       0x44 C:\QMK_MSYS\tmp\ccGvxA1V.ltrans0.ltrans.o
 .rodata.ConfigurationDescriptor
                0x0800644f       0x3b C:\QMK_MSYS\tmp\ccGvxA1V.ltrans0.ltrans.o
 .rodata.DeviceDescriptor
                0x0800648a       0x12 C:\QMK_MSYS\tmp\ccGvxA1V.ltrans0.ltrans.o
 .rodata.CSWTCH.2
                0x0800649c        0x3 C:\QMK_MSYS\tmp\ccGvxA1V.ltrans0.ltrans.o
 *fill*         0x0800649f        0x1 
 .rodata.CSWTCH.1
                0x080064a0        0xc C:\QMK_MSYS\tmp\ccGvxA1V.ltrans0.ltrans.o
 .rodata.target_map.7
                0x080064ac        0x8 C:\QMK_MSYS\tmp\ccGvxA1V.ltrans0.ltrans.o
 .rodata.source_map.8
                0x080064b4        0x8 C:\QMK_MSYS\tmp\ccGvxA1V.ltrans0.ltrans.o
 .rodata.mode_base_table
                0x080064bc        0x8 C:\QMK_MSYS\tmp\ccGvxA1V.ltrans0.ltrans.o
 .rodata.CIE1931_CURVE
                0x080064c4      0x100 C:\QMK_MSYS\tmp\ccGvxA1V.ltrans0.ltrans.o
 .rodata._stm32_dma_streams
                0x080065c4       0xc0 C:\QMK_MSYS\tmp\ccGvxA1V.ltrans0.ltrans.o
 .rodata.fsparams
                0x08006684        0xc C:\QMK_MSYS\tmp\ccGvxA1V.ltrans0.ltrans.o
 .rodata.str1.1
                0x08006690        0x3 C:\QMK_MSYS\tmp\ccGvxA1V.ltrans0.ltrans.o
 .rodata.ch_core0_cfg
                0x08006690        0xc C:\QMK_MSYS\tmp\ccGvxA1V.ltrans0.ltrans.o
 .rodata.row_pins
                0x0800669c       0x1c C:\QMK_MSYS\tmp\ccGvxA1V.ltrans0.ltrans.o
 .rodata.col_pins
                0x080066b8       0x44 C:\QMK_MSYS\tmp\ccGvxA1V.ltrans0.ltrans.o
 .rodata.usbcfg
                0x080066fc       0x10 C:\QMK_MSYS\tmp\ccGvxA1V.ltrans0.ltrans.o
 .rodata.RGBLED_RAINBOW_SWIRL_INTERVALS
                0x0800670c        0x3 C:\QMK_MSYS\tmp\ccGvxA1V.ltrans0.ltrans.o
 .rodata.encoder_LUT
                0x0800670f       0x10 C:\QMK_MSYS\tmp\ccGvxA1V.ltrans0.ltrans.o
 *fill*         0x0800671f        0x1 
 .rodata.keymaps
                0x08006720       0xee C:\QMK_MSYS\tmp\ccGvxA1V.ltrans0.ltrans.o
 .rodata.CSWTCH.10
                0x0800680e       0x36 C:\QMK_MSYS\tmp\ccGvxA1V.ltrans0.ltrans.o
 .rodata.i2cconfig
                0x08006844        0xc .build/obj_vessel_base/i2c_master.a(i2c_master.o)
                0x08006850                        . = ALIGN (0x4)
                0x08006850                        __rodata_end__ = .

.ARM.extab
 *(.ARM.extab* .gnu.linkonce.armextab.*)

.ARM.exidx      0x08006850        0x8
                0x08006850                        __exidx_base__ = .
                0x08006850                        __exidx_start = .
 *(.ARM.exidx* .gnu.linkonce.armexidx.*)
 .ARM.exidx     0x08006850        0x8 c:/qmk_msys/mingw64/bin/../lib/gcc/arm-none-eabi/12.2.0/../../../../arm-none-eabi/lib/thumb/v7e-m+fp/hard\libg_nano.a(libc_a-memcpy.o)
 .ARM.exidx     0x08006858        0x0 c:/qmk_msys/mingw64/bin/../lib/gcc/arm-none-eabi/12.2.0/../../../../arm-none-eabi/lib/thumb/v7e-m+fp/hard\libg_nano.a(libc_a-memchr.o)
                                  0x8 (size before relaxing)
 .ARM.exidx     0x08006858        0x0 c:/qmk_msys/mingw64/bin/../lib/gcc/arm-none-eabi/12.2.0/../../../../arm-none-eabi/lib/thumb/v7e-m+fp/hard\libg_nano.a(libc_a-strlen.o)
                                  0x8 (size before relaxing)
 .ARM.exidx.text.__udivmoddi4
                0x08006858        0x0 c:/qmk_msys/mingw64/bin/../lib/gcc/arm-none-eabi/12.2.0/thumb/v7e-m+fp/hard\libgcc.a(_udivmoddi4.o)
                                  0x8 (size before relaxing)
                0x08006858                        __exidx_end__ = .
                0x08006858                        __exidx_end = .

.rel.dyn        0x08006858        0x0
 .rel.iplt      0x08006858        0x0 .build/obj_vessel_base/i2c_master.a(i2c_master.o)

.eh_frame_hdr
 *(.eh_frame_hdr)

.eh_frame
 *(.eh_frame)

.data           0x20000c00       0x24 load address 0x08006858
                [!provide]                        PROVIDE (_textdata = LOADADDR (.data))
                [!provide]                        PROVIDE (_data = .)
                0x08006858                        __textdata_base__ = LOADADDR (.data)
                0x20000c00                        __data_base__ = .
 *(.data)
 *(.data.*)
 .data.display_start.10
                0x20000c00        0x7 C:\QMK_MSYS\tmp\ccGvxA1V.ltrans0.ltrans.o
 .data.static_effect_table
                0x20000c07        0x1 C:\QMK_MSYS\tmp\ccGvxA1V.ltrans0.ltrans.o
 .data.func     0x20000c08        0x4 C:\QMK_MSYS\tmp\ccGvxA1V.ltrans0.ltrans.o
 .data.chibios_driver
                0x20000c0c       0x14 C:\QMK_MSYS\tmp\ccGvxA1V.ltrans0.ltrans.o
 .data.keyboard_protocol
                0x20000c20        0x1 C:\QMK_MSYS\tmp\ccGvxA1V.ltrans0.ltrans.o
 *(.ramtext)
                0x20000c24                        . = ALIGN (0x4)
 *fill*         0x20000c21        0x3 
                [!provide]                        PROVIDE (_edata = .)
                0x20000c24                        __data_end__ = .

.igot.plt       0x20000c24        0x0 load address 0x0800687c
 .igot.plt      0x20000c24        0x0 .build/obj_vessel_base/i2c_master.a(i2c_master.o)

.bss            0x20000c28    0x10b28 load address 0x0800687c
                0x20000c28                        __bss_base__ = .
 *(.bss)
 *(.bss.*)
 .bss.ep0setup_buffer
                0x20000c28        0x8 C:\QMK_MSYS\tmp\ccGvxA1V.ltrans0.ltrans.o
 .bss.ep0_state
                0x20000c30       0x14 C:\QMK_MSYS\tmp\ccGvxA1V.ltrans0.ltrans.o
 .bss.shared_ep_state
                0x20000c44       0x14 C:\QMK_MSYS\tmp\ccGvxA1V.ltrans0.ltrans.o
 .bss.kbd_ep_state
                0x20000c58       0x14 C:\QMK_MSYS\tmp\ccGvxA1V.ltrans0.ltrans.o
 *fill*         0x20000c6c        0x4 
 .bss.ch_c0_idle_thread_wa
                0x20000c70      0x1e0 C:\QMK_MSYS\tmp\ccGvxA1V.ltrans0.ltrans.o
 .bss.__compound_literal.1
                0x20000e50       0x20 C:\QMK_MSYS\tmp\ccGvxA1V.ltrans0.ltrans.o
 .bss.__compound_literal.0
                0x20000e70        0x8 C:\QMK_MSYS\tmp\ccGvxA1V.ltrans0.ltrans.o
 .bss.encoder_button_state.1
                0x20000e78        0x1 C:\QMK_MSYS\tmp\ccGvxA1V.ltrans0.ltrans.o
 *fill*         0x20000e79        0x3 
 .bss.debouncing_time
                0x20000e7c        0x4 C:\QMK_MSYS\tmp\ccGvxA1V.ltrans0.ltrans.o
 .bss.debouncing
                0x20000e80        0x1 C:\QMK_MSYS\tmp\ccGvxA1V.ltrans0.ltrans.o
 *fill*         0x20000e81        0x1 
 .bss.sc_timer  0x20000e82        0x2 C:\QMK_MSYS\tmp\ccGvxA1V.ltrans0.ltrans.o
 .bss.oled_temp_buffer.6
                0x20000e84        0x6 C:\QMK_MSYS\tmp\ccGvxA1V.ltrans0.ltrans.o
 .bss.keyboard_idle
                0x20000e8a        0x1 C:\QMK_MSYS\tmp\ccGvxA1V.ltrans0.ltrans.o
 .bss.universal_report_blank
                0x20000e8b        0x8 C:\QMK_MSYS\tmp\ccGvxA1V.ltrans0.ltrans.o
 .bss.keyboard_report_sent
                0x20000e93        0x8 C:\QMK_MSYS\tmp\ccGvxA1V.ltrans0.ltrans.o
 .bss.keyboard_led_state
                0x20000e9b        0x1 C:\QMK_MSYS\tmp\ccGvxA1V.ltrans0.ltrans.o
 .bss.set_report_buf
                0x20000e9c        0x2 C:\QMK_MSYS\tmp\ccGvxA1V.ltrans0.ltrans.o
 *fill*         0x20000e9e        0x2 
 .bss.descriptor.0
                0x20000ea0        0x8 C:\QMK_MSYS\tmp\ccGvxA1V.ltrans0.ltrans.o
 .bss.last_consumer_usage
                0x20000ea8        0x2 C:\QMK_MSYS\tmp\ccGvxA1V.ltrans0.ltrans.o
 .bss.last_system_usage
                0x20000eaa        0x2 C:\QMK_MSYS\tmp\ccGvxA1V.ltrans0.ltrans.o
 .bss.s_init.0  0x20000eac        0x1 C:\QMK_MSYS\tmp\ccGvxA1V.ltrans0.ltrans.o
 .bss.temp_buffer.9
                0x20000ead       0x40 C:\QMK_MSYS\tmp\ccGvxA1V.ltrans0.ltrans.o
 .bss.oled_rotation
                0x20000eed        0x1 C:\QMK_MSYS\tmp\ccGvxA1V.ltrans0.ltrans.o
 .bss.oled_scrolling
                0x20000eee        0x1 C:\QMK_MSYS\tmp\ccGvxA1V.ltrans0.ltrans.o
 *fill*         0x20000eef        0x1 
 .bss.oled_dirty
                0x20000ef0        0x2 C:\QMK_MSYS\tmp\ccGvxA1V.ltrans0.ltrans.o
 *fill*         0x20000ef2        0x2 
 .bss.oled_timeout
                0x20000ef4        0x4 C:\QMK_MSYS\tmp\ccGvxA1V.ltrans0.ltrans.o
 .bss.oled_initialized
                0x20000ef8        0x1 C:\QMK_MSYS\tmp\ccGvxA1V.ltrans0.ltrans.o
 .bss.oled_rotation_width
                0x20000ef9        0x1 C:\QMK_MSYS\tmp\ccGvxA1V.ltrans0.ltrans.o
 .bss.oled_buffer
                0x20000efa      0x400 C:\QMK_MSYS\tmp\ccGvxA1V.ltrans0.ltrans.o
 *fill*         0x200012fa        0x2 
 .bss.oled_cursor
                0x200012fc        0x4 C:\QMK_MSYS\tmp\ccGvxA1V.ltrans0.ltrans.o
 .bss.led       0x20001300      0x132 C:\QMK_MSYS\tmp\ccGvxA1V.ltrans0.ltrans.o
 *fill*         0x20001432        0x2 
 .bss.transientBuffer
                0x20001434     0xffff C:\QMK_MSYS\tmp\ccGvxA1V.ltrans0.ltrans.o
 *fill*         0x20011433        0x1 
 .bss.dma       0x20011434       0x84 C:\QMK_MSYS\tmp\ccGvxA1V.ltrans0.ltrans.o
 .bss.ch_memcore
                0x200114b8        0x8 C:\QMK_MSYS\tmp\ccGvxA1V.ltrans0.ltrans.o
 .bss.ch0       0x200114c0       0x60 C:\QMK_MSYS\tmp\ccGvxA1V.ltrans0.ltrans.o
 .bss.keyboard_idle_timer
                0x20011520       0x18 C:\QMK_MSYS\tmp\ccGvxA1V.ltrans0.ltrans.o
 .bss.ms_offset
                0x20011538        0x4 C:\QMK_MSYS\tmp\ccGvxA1V.ltrans0.ltrans.o
 .bss.last_ticks
                0x2001153c        0x4 C:\QMK_MSYS\tmp\ccGvxA1V.ltrans0.ltrans.o
 .bss.ticks_offset
                0x20011540        0x4 C:\QMK_MSYS\tmp\ccGvxA1V.ltrans0.ltrans.o
 .bss.raw_matrix
                0x20011544       0x1c C:\QMK_MSYS\tmp\ccGvxA1V.ltrans0.ltrans.o
 .bss.is_rgblight_initialized
                0x20011560        0x1 C:\QMK_MSYS\tmp\ccGvxA1V.ltrans0.ltrans.o
 *fill*         0x20011561        0x3 
 .bss.driver.lto_priv.1
                0x20011564        0x4 C:\QMK_MSYS\tmp\ccGvxA1V.ltrans0.ltrans.o
 .bss.event_queue
                0x20011568       0x10 C:\QMK_MSYS\tmp\ccGvxA1V.ltrans0.ltrans.o
 .bss.event_queue_tail
                0x20011578        0x1 C:\QMK_MSYS\tmp\ccGvxA1V.ltrans0.ltrans.o
 .bss.event_queue_head
                0x20011579        0x1 C:\QMK_MSYS\tmp\ccGvxA1V.ltrans0.ltrans.o
 .bss.last_suspend_state
                0x2001157a        0x1 C:\QMK_MSYS\tmp\ccGvxA1V.ltrans0.ltrans.o
 *fill*         0x2001157b        0x1 
 .bss.USBD1     0x2001157c       0x78 C:\QMK_MSYS\tmp\ccGvxA1V.ltrans0.ltrans.o
 .bss.matrix    0x200115f4       0x1c C:\QMK_MSYS\tmp\ccGvxA1V.ltrans0.ltrans.o
 .bss.debug_config
                0x20011610        0x1 C:\QMK_MSYS\tmp\ccGvxA1V.ltrans0.ltrans.o
 *fill*         0x20011611        0x3 
 .bss.matrix_previous.1
                0x20011614       0x1c C:\QMK_MSYS\tmp\ccGvxA1V.ltrans0.ltrans.o
 .bss.animation_status
                0x20011630        0x6 C:\QMK_MSYS\tmp\ccGvxA1V.ltrans0.ltrans.o
 .bss.encoder_pulses
                0x20011636        0x1 C:\QMK_MSYS\tmp\ccGvxA1V.ltrans0.ltrans.o
 .bss.encoder_state
                0x20011637        0x1 C:\QMK_MSYS\tmp\ccGvxA1V.ltrans0.ltrans.o
 .bss.thisCount
                0x20011638        0x1 C:\QMK_MSYS\tmp\ccGvxA1V.ltrans0.ltrans.o
 .bss.encoder_events
                0x20011639        0x6 C:\QMK_MSYS\tmp\ccGvxA1V.ltrans0.ltrans.o
 .bss.last_led_status.0
                0x2001163f        0x1 C:\QMK_MSYS\tmp\ccGvxA1V.ltrans0.ltrans.o
 .bss.last_tick.0
                0x20011640        0x2 C:\QMK_MSYS\tmp\ccGvxA1V.ltrans0.ltrans.o
 .bss.last_report.0
                0x20011642       0x20 C:\QMK_MSYS\tmp\ccGvxA1V.ltrans0.ltrans.o
 *fill*         0x20011662        0x2 
 .bss.driver.lto_priv.0
                0x20011664        0x4 C:\QMK_MSYS\tmp\ccGvxA1V.ltrans0.ltrans.o
 .bss.last_report.1
                0x20011668        0x8 C:\QMK_MSYS\tmp\ccGvxA1V.ltrans0.ltrans.o
 .bss.source_layers_cache
                0x20011670       0x3c C:\QMK_MSYS\tmp\ccGvxA1V.ltrans0.ltrans.o
 .bss.oled_active
                0x200116ac        0x1 C:\QMK_MSYS\tmp\ccGvxA1V.ltrans0.ltrans.o
 .bss.sc_last   0x200116ad        0x1 C:\QMK_MSYS\tmp\ccGvxA1V.ltrans0.ltrans.o
 .bss.keymap_config
                0x200116ae        0x2 C:\QMK_MSYS\tmp\ccGvxA1V.ltrans0.ltrans.o
 .bss.grave_esc_was_shifted
                0x200116b0        0x1 C:\QMK_MSYS\tmp\ccGvxA1V.ltrans0.ltrans.o
 .bss.rgblight_status
                0x200116b1        0x2 C:\QMK_MSYS\tmp\ccGvxA1V.ltrans0.ltrans.o
 *fill*         0x200116b3        0x5 
 .bss.rgblight_config
                0x200116b8        0x8 C:\QMK_MSYS\tmp\ccGvxA1V.ltrans0.ltrans.o
 .bss.programmable_button_report
                0x200116c0        0x4 C:\QMK_MSYS\tmp\ccGvxA1V.ltrans0.ltrans.o
 .bss.real_mods
                0x200116c4        0x1 C:\QMK_MSYS\tmp\ccGvxA1V.ltrans0.ltrans.o
 *fill*         0x200116c5        0x1 
 .bss.default_layer_state
                0x200116c6        0x2 C:\QMK_MSYS\tmp\ccGvxA1V.ltrans0.ltrans.o
 .bss.layer_state
                0x200116c8        0x2 C:\QMK_MSYS\tmp\ccGvxA1V.ltrans0.ltrans.o
 .bss.weak_mods
                0x200116ca        0x1 C:\QMK_MSYS\tmp\ccGvxA1V.ltrans0.ltrans.o
 .bss.waiting_buffer_head
                0x200116cb        0x1 C:\QMK_MSYS\tmp\ccGvxA1V.ltrans0.ltrans.o
 .bss.waiting_buffer_tail
                0x200116cc        0x1 C:\QMK_MSYS\tmp\ccGvxA1V.ltrans0.ltrans.o
 *fill*         0x200116cd        0x1 
 .bss.waiting_buffer
                0x200116ce       0x40 C:\QMK_MSYS\tmp\ccGvxA1V.ltrans0.ltrans.o
 .bss.tapping_key
                0x2001170e        0x8 C:\QMK_MSYS\tmp\ccGvxA1V.ltrans0.ltrans.o
 .bss.is_initialised.0
                0x20011716        0x1 .build/obj_vessel_base/i2c_master.a(i2c_master.o)
 *(COMMON)
 *fill*         0x20011717        0x1 
 COMMON         0x20011718       0x38 C:\QMK_MSYS\tmp\ccGvxA1V.ltrans0.ltrans.o
                0x20011718                I2CD1
                0x20011750                        . = ALIGN (0x4)
                0x20011750                        __bss_end__ = .
                [!provide]                        PROVIDE (end = .)
                0x20000000                        __ram0_base__ = ORIGIN (ram0)
                0x00020000                        __ram0_size__ = LENGTH (ram0)
                0x20020000                        __ram0_end__ = (__ram0_base__ + __ram0_size__)
                0x20000000                        __ram1_base__ = ORIGIN (ram1)
                0x0001c000                        __ram1_size__ = LENGTH (ram1)
                0x2001c000                        __ram1_end__ = (__ram1_base__ + __ram1_size__)
                0x00000000                        __ram2_base__ = ORIGIN (ram2)
                0x00004000                        __ram2_size__ = LENGTH (ram2)
                0x00004000                        __ram2_end__ = (__ram2_base__ + __ram2_size__)
                0x00000000                        __ram3_base__ = ORIGIN (ram3)
                0x00000000                        __ram3_size__ = LENGTH (ram3)
                0x00000000                        __ram3_end__ = (__ram3_base__ + __ram3_size__)
                0x00000000                        __ram4_base__ = ORIGIN (ram4)
                0x00000000                        __ram4_size__ = LENGTH (ram4)
                0x00000000                        __ram4_end__ = (__ram4_base__ + __ram4_size__)
                0x00000000                        __ram5_base__ = ORIGIN (ram5)
                0x00000000                        __ram5_size__ = LENGTH (ram5)
                0x00000000                        __ram5_end__ = (__ram5_base__ + __ram5_size__)
                0x00000000                        __ram6_base__ = ORIGIN (ram6)
                0x00000000                        __ram6_size__ = LENGTH (ram6)
                0x00000000                        __ram6_end__ = (__ram6_base__ + __ram6_size__)
                0x00000000                        __ram7_base__ = ORIGIN (ram7)
                0x00000000                        __ram7_size__ = LENGTH (ram7)
                0x00000000                        __ram7_end__ = (__ram7_base__ + __ram7_size__)
                0x08000000                        __flash0_base__ = ORIGIN (flash0)
                0x00080000                        __flash0_size__ = LENGTH (flash0)
                0x08080000                        __flash0_end__ = (__flash0_base__ + __flash0_size__)
                0x00000000                        __flash1_base__ = ORIGIN (flash1)
                0x00000000                        __flash1_size__ = LENGTH (flash1)
                0x00000000                        __flash1_end__ = (__flash1_base__ + __flash1_size__)
                0x00000000                        __flash2_base__ = ORIGIN (flash2)
                0x00000000                        __flash2_size__ = LENGTH (flash2)
                0x00000000                        __flash2_end__ = (__flash2_base__ + __flash2_size__)
                0x00000000                        __flash3_base__ = ORIGIN (flash3)
                0x00000000                        __flash3_size__ = LENGTH (flash3)
                0x00000000                        __flash3_end__ = (__flash3_base__ + __flash3_size__)
                0x00000000                        __flash4_base__ = ORIGIN (flash4)
                0x00000000                        __flash4_size__ = LENGTH (flash4)
                0x00000000                        __flash4_end__ = (__flash4_base__ + __flash4_size__)
                0x00000000                        __flash5_base__ = ORIGIN (flash5)
                0x00000000                        __flash5_size__ = LENGTH (flash5)
                0x00000000                        __flash5_end__ = (__flash5_base__ + __flash5_size__)
                0x00000000                        __flash6_base__ = ORIGIN (flash6)
                0x00000000                        __flash6_size__ = LENGTH (flash6)
                0x00000000                        __flash6_end__ = (__flash6_base__ + __flash6_size__)
                0x00000000                        __flash7_base__ = ORIGIN (flash7)
                0x00000000                        __flash7_size__ = LENGTH (flash7)
                0x00000000                        __flash7_end__ = (__flash7_base__ + __flash7_size__)

.ram0_init      0x20011750        0x0 load address 0x0800687c
                0x0800687c                        __ram0_init_text__ = LOADADDR (.ram0_init)
                0x20011750                        __ram0_init__ = .
 *(.ram0_init)
 *(.ram0_init.*)
                0x20011750                        . = ALIGN (0x4)

.ram0           0x20011750        0x0 load address 0x0800687c
                0x20011750                        __ram0_clear__ = .
 *(.ram0_clear)
 *(.ram0_clear.*)
                0x20011750                        . = ALIGN (0x4)
                0x20011750                        __ram0_noinit__ = .
 *(.ram0)
 *(.ram0.*)
                0x20011750                        . = ALIGN (0x4)
                0x20011750                        __ram0_free__ = .

.ram1_init      0x20000000        0x0 load address 0x0800687c
                0x0800687c                        __ram1_init_text__ = LOADADDR (.ram1_init)
                0x20000000                        __ram1_init__ = .
 *(.ram1_init)
 *(.ram1_init.*)
                0x20000000                        . = ALIGN (0x4)

.ram1           0x20000000        0x0 load address 0x0800687c
                0x20000000                        __ram1_clear__ = .
 *(.ram1_clear)
 *(.ram1_clear.*)
                0x20000000                        . = ALIGN (0x4)
                0x20000000                        __ram1_noinit__ = .
 *(.ram1)
 *(.ram1.*)
                0x20000000                        . = ALIGN (0x4)
                0x20000000                        __ram1_free__ = .

.ram2_init      0x00000000        0x0 load address 0x0800687c
                0x0800687c                        __ram2_init_text__ = LOADADDR (.ram2_init)
                0x00000000                        __ram2_init__ = .
 *(.ram2_init)
 *(.ram2_init.*)
                0x00000000                        . = ALIGN (0x4)

.ram2           0x00000000        0x0 load address 0x0800687c
                0x00000000                        __ram2_clear__ = .
 *(.ram2_clear)
 *(.ram2_clear.*)
                0x00000000                        . = ALIGN (0x4)
                0x00000000                        __ram2_noinit__ = .
 *(.ram2)
 *(.ram2.*)
                0x00000000                        . = ALIGN (0x4)
                0x00000000                        __ram2_free__ = .

.ram3_init      0x00000000        0x0 load address 0x0800687c
                0x0800687c                        __ram3_init_text__ = LOADADDR (.ram3_init)
                0x00000000                        __ram3_init__ = .
 *(.ram3_init)
 *(.ram3_init.*)
                0x00000000                        . = ALIGN (0x4)

.ram3           0x00000000        0x0 load address 0x0800687c
                0x00000000                        __ram3_clear__ = .
 *(.ram3_clear)
 *(.ram3_clear.*)
                0x00000000                        . = ALIGN (0x4)
                0x00000000                        __ram3_noinit__ = .
 *(.ram3)
 *(.ram3.*)
                0x00000000                        . = ALIGN (0x4)
                0x00000000                        __ram3_free__ = .

.ram4_init      0x00000000        0x0 load address 0x0800687c
                0x0800687c                        __ram4_init_text__ = LOADADDR (.ram4_init)
                0x00000000                        __ram4_init__ = .
 *(.ram4_init)
 *(.ram4_init.*)
                0x00000000                        . = ALIGN (0x4)

.ram4           0x00000000        0x0 load address 0x0800687c
                0x00000000                        __ram4_clear__ = .
 *(.ram4_clear)
 *(.ram4_clear.*)
                0x00000000                        . = ALIGN (0x4)
                0x00000000                        __ram4_noinit__ = .
 *(.ram4)
 *(.ram4.*)
                0x00000000                        . = ALIGN (0x4)
                0x00000000                        __ram4_free__ = .

.ram5_init      0x00000000        0x0 load address 0x0800687c
                0x0800687c                        __ram5_init_text__ = LOADADDR (.ram5_init)
                0x00000000                        __ram5_init__ = .
 *(.ram5_init)
 *(.ram5_init.*)
                0x00000000                        . = ALIGN (0x4)

.ram5           0x00000000        0x0 load address 0x0800687c
                0x00000000                        __ram5_clear__ = .
 *(.ram5_clear)
 *(.ram5_clear.*)
                0x00000000                        . = ALIGN (0x4)
                0x00000000                        __ram5_noinit__ = .
 *(.ram5)
 *(.ram5.*)
                0x00000000                        . = ALIGN (0x4)
                0x00000000                        __ram5_free__ = .

.ram6_init      0x00000000        0x0 load address 0x0800687c
                0x0800687c                        __ram6_init_text__ = LOADADDR (.ram6_init)
                0x00000000                        __ram6_init__ = .
 *(.ram6_init)
 *(.ram6_init.*)
                0x00000000                        . = ALIGN (0x4)

.ram6           0x00000000        0x0 load address 0x0800687c
                0x00000000                        __ram6_clear__ = .
 *(.ram6_clear)
 *(.ram6_clear.*)
                0x00000000                        . = ALIGN (0x4)
                0x00000000                        __ram6_noinit__ = .
 *(.ram6)
 *(.ram6.*)
                0x00000000                        . = ALIGN (0x4)
                0x00000000                        __ram6_free__ = .

.ram7_init      0x00000000        0x0 load address 0x0800687c
                0x0800687c                        __ram7_init_text__ = LOADADDR (.ram7_init)
                0x00000000                        __ram7_init__ = .
 *(.ram7_init)
 *(.ram7_init.*)
                0x00000000                        . = ALIGN (0x4)

.ram7           0x00000000        0x0 load address 0x0800687c
                0x00000000                        __ram7_clear__ = .
 *(.ram7_clear)
 *(.ram7_clear.*)
                0x00000000                        . = ALIGN (0x4)
                0x00000000                        __ram7_noinit__ = .
 *(.ram7)
 *(.ram7.*)
                0x00000000                        . = ALIGN (0x4)
                0x00000000                        __ram7_free__ = .

.flash0         0x0800687c        0x0
                0x0800687c                        __flash0_init__ = .
 *(.flash0_init)
 *(.flash0_init.*)
                0x0800687c                        __flash0_free__ = .

.flash1         0x00000000        0x0
                0x00000000                        __flash1_init__ = .
 *(.flash1_init)
 *(.flash1_init.*)
                0x00000000                        __flash1_free__ = .

.flash2         0x00000000        0x0
                0x00000000                        __flash2_init__ = .
 *(.flash2_init)
 *(.flash2_init.*)
                0x00000000                        __flash2_free__ = .

.flash3         0x00000000        0x0
                0x00000000                        __flash3_init__ = .
 *(.flash3_init)
 *(.flash3_init.*)
                0x00000000                        __flash3_free__ = .

.flash4         0x00000000        0x0
                0x00000000                        __flash4_init__ = .
 *(.flash4_init)
 *(.flash4_init.*)
                0x00000000                        __flash4_free__ = .

.flash5         0x00000000        0x0
                0x00000000                        __flash5_init__ = .
 *(.flash5_init)
 *(.flash5_init.*)
                0x00000000                        __flash5_free__ = .

.flash6         0x00000000        0x0
                0x00000000                        __flash6_init__ = .
 *(.flash6_init)
 *(.flash6_init.*)
                0x00000000                        __flash6_free__ = .

.flash7         0x00000000        0x0
                0x00000000                        __flash7_init__ = .
 *(.flash7_init)
 *(.flash7_init.*)
                0x00000000                        __flash7_free__ = .

.heap           0x20011750     0xe8b0
                0x20011750                        . = ALIGN (0x8)
                0x20011750                        __heap_base__ = .
                0x20020000                        . = (ORIGIN (HEAP_RAM) + LENGTH (HEAP_RAM))
 *fill*         0x20011750     0xe8b0 
                0x20020000                        __heap_end__ = .
OUTPUT(.build/vessel_base.elf elf32-littlearm)
LOAD linker stubs

.debug_info     0x00000000    0x4851e
 .debug_info    0x00000000     0xdc6f C:\QMK_MSYS\tmp\ccGvxA1V.ltrans0.ltrans.o
 .debug_info    0x0000dc6f      0x1d6 C:\QMK_MSYS\tmp\ccqZbNuR.debug.temp.o
                0x0000dc6f                vessel.c.827f692c
 .debug_info    0x0000de45     0x29aa C:\QMK_MSYS\tmp\cc4FAtJa.debug.temp.o
                0x0000de45                keymap_introspection.c.a30fd7b1
 .debug_info    0x000107ef     0x2b8f C:\QMK_MSYS\tmp\cc6rnWok.debug.temp.o
                0x000107ef                quantum.c.d98f76a9
 .debug_info    0x0001337e      0x1cd C:\QMK_MSYS\tmp\ccmHhx5t.debug.temp.o
                0x0001337e                bitwise.c.2f5c6f26
 .debug_info    0x0001354b      0x2b8 C:\QMK_MSYS\tmp\ccIHsTZD.debug.temp.o
                0x0001354b                led.c.2635df83
 .debug_info    0x00013803     0x2fee C:\QMK_MSYS\tmp\ccOleeQN.debug.temp.o
                0x00013803                action.c.54f355ce
 .debug_info    0x000167f1      0x873 C:\QMK_MSYS\tmp\ccgVRaOX.debug.temp.o
                0x000167f1                action_layer.c.f92bc589
 .debug_info    0x00017064     0x27da C:\QMK_MSYS\tmp\ccI47NM7.debug.temp.o
                0x00017064                action_tapping.c.92dee2f9
 .debug_info    0x0001983e      0x4cb C:\QMK_MSYS\tmp\cc9eZvE9.debug.temp.o
                0x0001983e                action_util.c.1ce65cd8
 .debug_info    0x00019d09      0x34c C:\QMK_MSYS\tmp\ccaYyOxb.debug.temp.o
                0x00019d09                eeconfig.c.6f27fa32
 .debug_info    0x0001a055      0x8a4 C:\QMK_MSYS\tmp\ccnBWzjd.debug.temp.o
                0x0001a055                keyboard.c.4a4c5989
 .debug_info    0x0001a8f9     0x2967 C:\QMK_MSYS\tmp\ccqHxTjf.debug.temp.o
                0x0001a8f9                keymap_common.c.2ceef6ca
 .debug_info    0x0001d260     0x236b C:\QMK_MSYS\tmp\ccxpX5fh.debug.temp.o
                0x0001d260                keycode_config.c.9685fd94
 .debug_info    0x0001f5cb      0x113 C:\QMK_MSYS\tmp\ccL7ZKnl.debug.temp.o
                0x0001f5cb                debug.c.02f64141
 .debug_info    0x0001f6de       0xac C:\QMK_MSYS\tmp\ccYm5wrn.debug.temp.o
                0x0001f6de                sendchar.c.07013afe
 .debug_info    0x0001f78a      0x113 C:\QMK_MSYS\tmp\cc7dr5wp.debug.temp.o
                0x0001f78a                print.c.f723b586
 .debug_info    0x0001f89d      0x2a1 C:\QMK_MSYS\tmp\ccq8T3Rr.debug.temp.o
                0x0001f89d                matrix_common.c.54b58fa9
 .debug_info    0x0001fb3e      0x538 C:\QMK_MSYS\tmp\ccrb094t.debug.temp.o
                0x0001fb3e                matrix.c.1d15b433
 .debug_info    0x00020076      0x1f6 C:\QMK_MSYS\tmp\ccYGEamv.debug.temp.o
                0x00020076                sym_defer_g.c.8a38ece9
 .debug_info    0x0002026c       0xca C:\QMK_MSYS\tmp\cctJERDw.debug.temp.o
                0x0002026c                main.c.9543c423
 .debug_info    0x00020336      0x7f4 C:\QMK_MSYS\tmp\ccGq44Rx.debug.temp.o
                0x00020336                printf.c.76d6aec7
 .debug_info    0x00020b2a      0x2f8 C:\QMK_MSYS\tmp\ccxeXgkz.debug.temp.o
                0x00020b2a                eeprom_driver.c.625e1a15
 .debug_info    0x00020e22      0x1ad C:\QMK_MSYS\tmp\ccQIqgIA.debug.temp.o
                0x00020e22                eeprom_transient.c.45650dc5
 .debug_info    0x00020fcf      0x1ee C:\QMK_MSYS\tmp\ccLgQXfC.debug.temp.o
                0x00020fcf                color.c.02bd994b
 .debug_info    0x000211bd      0xf1d C:\QMK_MSYS\tmp\ccAJgWJD.debug.temp.o
                0x000211bd                rgblight.c.0068bc64
 .debug_info    0x000220da     0x2512 C:\QMK_MSYS\tmp\ccO9LYZG.debug.temp.o
                0x000220da                process_rgb.c.f6c3188d
 .debug_info    0x000245ec       0xcd C:\QMK_MSYS\tmp\ccNVb3CI.debug.temp.o
                0x000245ec                led_tables.c.ac95cc91
 .debug_info    0x000246b9      0xaaa C:\QMK_MSYS\tmp\cc6R7FhK.debug.temp.o
                0x000246b9                oled_driver.c.0fd01761
 .debug_info    0x00025163     0x2512 C:\QMK_MSYS\tmp\cclO2rZK.debug.temp.o
                0x00025163                encoder.c.c36e0a90
 .debug_info    0x00027675      0x412 C:\QMK_MSYS\tmp\cc4vSiDL.debug.temp.o
                0x00027675                encoder_quadrature.c.2aceb572
 .debug_info    0x00027a87      0x344 C:\QMK_MSYS\tmp\ccFH9qvM.debug.temp.o
                0x00027a87                ws2812_bitbang.c.a428d8ee
 .debug_info    0x00027dcb      0x163 C:\QMK_MSYS\tmp\ccqGRtfN.debug.temp.o
                0x00027dcb                bootmagic.c.a90d673d
 .debug_info    0x00027f2e     0x2456 C:\QMK_MSYS\tmp\ccxYhHeO.debug.temp.o
                0x00027f2e                process_grave_esc.c.5b1a53c1
 .debug_info    0x0002a384     0x24c3 C:\QMK_MSYS\tmp\ccGrb1eP.debug.temp.o
                0x0002a384                process_magic.c.a626f36c
 .debug_info    0x0002c847      0x3e9 C:\QMK_MSYS\tmp\ccJlCKbQ.debug.temp.o
                0x0002c847                process_programmable_button.c.8fbe8c5e
 .debug_info    0x0002cc30      0x15c C:\QMK_MSYS\tmp\ccqsp1iR.debug.temp.o
                0x0002cc30                programmable_button.c.4f5754cf
 .debug_info    0x0002cd8c     0x243c C:\QMK_MSYS\tmp\ccO3HVyS.debug.temp.o
                0x0002cd8c                process_space_cadet.c.284e95a1
 .debug_info    0x0002f1c8      0x61d C:\QMK_MSYS\tmp\ccjIvEPS.debug.temp.o
                0x0002f1c8                host.c.949e6f3f
 .debug_info    0x0002f7e5     0x2556 C:\QMK_MSYS\tmp\ccUJZPgT.debug.temp.o
                0x0002f7e5                report.c.1a3a56d0
 .debug_info    0x00031d3b      0x178 C:\QMK_MSYS\tmp\ccZUI8CT.debug.temp.o
                0x00031d3b                usb_device_state.c.2ca6d0fe
 .debug_info    0x00031eb3      0x119 C:\QMK_MSYS\tmp\ccZHBhEU.debug.temp.o
                0x00031eb3                suspend.c.db9616b2
 .debug_info    0x00031fcc       0x93 C:\QMK_MSYS\tmp\ccVjLiyb.debug.temp.o
                0x00031fcc                platform.c.0b00a6f7
 .debug_info    0x0003205f      0x156 C:\QMK_MSYS\tmp\ccuoPfVf.debug.temp.o
                0x0003205f                suspend.c.c94a9f1f
 .debug_info    0x000321b5      0x22a C:\QMK_MSYS\tmp\ccDJU3ck.debug.temp.o
                0x000321b5                timer.c.91d55db8
 .debug_info    0x000323df      0x563 C:\QMK_MSYS\tmp\cceroeJo.debug.temp.o
                0x000323df                stm32_dfu.c.0d333a89
 .debug_info    0x00032942     0x23d1 C:\QMK_MSYS\tmp\cctbdMbt.debug.temp.o
                0x00032942                usb_main.c.02804f46
 .debug_info    0x00034d13     0x1565 C:\QMK_MSYS\tmp\cc0AmOOx.debug.temp.o
                0x00034d13                chibios.c.740bfa16
 .debug_info    0x00036278      0x6b6 C:\QMK_MSYS\tmp\ccTBnboC.debug.temp.o
                0x00036278                usb_descriptor.c.d595a5ed
 .debug_info    0x0003692e      0x2c7 C:\QMK_MSYS\tmp\ccHfCRWR.debug.temp.o
                0x0003692e                chmemcore.c.31afef2c
 .debug_info    0x00036bf5      0x296 C:\QMK_MSYS\tmp\ccqE6Pgj.debug.temp.o
                0x00036bf5                crt1.c.21b0d333
 .debug_info    0x00036e8b      0xc89 C:\QMK_MSYS\tmp\ccVe8uhm.debug.temp.o
                0x00036e8b                chsys.c.72c5b97b
 .debug_info    0x00037b14      0x76b C:\QMK_MSYS\tmp\ccCfK1ep.debug.temp.o
                0x00037b14                chrfcu.c.152df964
 .debug_info    0x0003827f      0xde3 C:\QMK_MSYS\tmp\cchujKvy.debug.temp.o
                0x0003827f                chvt.c.50e6484d
 .debug_info    0x00039062      0xc88 C:\QMK_MSYS\tmp\ccynaFOB.debug.temp.o
                0x00039062                chschd.c.23c4856b
 .debug_info    0x00039cea      0x9ae C:\QMK_MSYS\tmp\ccnI6l4E.debug.temp.o
                0x00039cea                chinstances.c.0ded196d
 .debug_info    0x0003a698      0xedb C:\QMK_MSYS\tmp\cc0m4YkI.debug.temp.o
                0x0003a698                chthreads.c.314b5a68
 .debug_info    0x0003b573      0xa8f C:\QMK_MSYS\tmp\cc3Sn1wW.debug.temp.o
                0x0003b573                chmtx.c.0dcb7267
 .debug_info    0x0003c002     0x114d C:\QMK_MSYS\tmp\ccow4FI9.debug.temp.o
                0x0003c002                chcore.c.1ea6d6ae
 .debug_info    0x0003d14f       0xb9 C:\QMK_MSYS\tmp\ccWINpqf.debug.temp.o
                0x0003d14f                hal.c.93194310
 .debug_info    0x0003d208      0x2e2 C:\QMK_MSYS\tmp\cc3kmmXl.debug.temp.o
                0x0003d208                hal_st.c.309d0b51
 .debug_info    0x0003d4ea      0xe4b C:\QMK_MSYS\tmp\cc4w2Cfw.debug.temp.o
                0x0003d4ea                hal_i2c.c.50960c71
 .debug_info    0x0003e335     0x19b8 C:\QMK_MSYS\tmp\ccP2TwPW.debug.temp.o
                0x0003e335                hal_usb.c.20630bbd
 .debug_info    0x0003fced      0x45b C:\QMK_MSYS\tmp\cci3kFWd.debug.temp.o
                0x0003fced                nvic.c.f0de0fdc
 .debug_info    0x00040148      0x29f C:\QMK_MSYS\tmp\ccfgrkHj.debug.temp.o
                0x00040148                stm32_isr.c.58880444
 .debug_info    0x000403e7      0x5b2 C:\QMK_MSYS\tmp\ccWg1Vvo.debug.temp.o
                0x000403e7                hal_lld.c.7d6aef54
 .debug_info    0x00040999      0x7f7 C:\QMK_MSYS\tmp\ccwO9B0R.debug.temp.o
                0x00040999                stm32_dma.c.64022502
 .debug_info    0x00041190      0x248 C:\QMK_MSYS\tmp\cc0gGsv2.debug.temp.o
                0x00041190                hal_pal_lld.c.0d343104
 .debug_info    0x000413d8     0x1522 C:\QMK_MSYS\tmp\ccLHkSD7.debug.temp.o
                0x000413d8                hal_i2c_lld.c.0b867ad8
 .debug_info    0x000428fa     0x1c49 C:\QMK_MSYS\tmp\ccRLc7rp.debug.temp.o
                0x000428fa                hal_usb_lld.c.8862c705
 .debug_info    0x00044543      0x509 C:\QMK_MSYS\tmp\ccte4PBh.debug.temp.o
                0x00044543                hal_st_lld.c.77d510ce
 .debug_info    0x00044a4c      0x49b C:\QMK_MSYS\tmp\ccMl8nUf.debug.temp.o
                0x00044a4c                board.c.320fdd49
 .debug_info    0x00044ee7      0xb4a C:\QMK_MSYS\tmp\cc45lru5.debug.temp.o
                0x00044ee7                syscalls.c.d4dbf207
 .debug_info    0x00045a31      0xbeb C:\QMK_MSYS\tmp\ccBpYrcd.debug.temp.o
                0x00045a31                syscall_fallbacks.c.2d29e982
 .debug_info    0x0004661c     0x14bd .build/obj_vessel_base/i2c_master.a(i2c_master.o)
 .debug_info    0x00047ad9       0x24 c:/qmk_msys/mingw64/bin/../lib/gcc/arm-none-eabi/12.2.0/thumb/v7e-m+fp/hard\libgcc.a(_aeabi_uldivmod.o)
 .debug_info    0x00047afd      0x6fd c:/qmk_msys/mingw64/bin/../lib/gcc/arm-none-eabi/12.2.0/thumb/v7e-m+fp/hard\libgcc.a(_udivmoddi4.o)
 .debug_info    0x000481fa       0x39 c:/qmk_msys/mingw64/bin/../lib/gcc/arm-none-eabi/12.2.0/thumb/v7e-m+fp/hard\libgcc.a(_dvmd_tls.o)
 .debug_info    0x00048233       0x33 c:/qmk_msys/mingw64/bin/../lib/gcc/arm-none-eabi/12.2.0/../../../../arm-none-eabi/lib/thumb/v7e-m+fp/hard\libg_nano.a(libc_a-memcpy.o)
 .debug_info    0x00048266      0x135 c:/qmk_msys/mingw64/bin/../lib/gcc/arm-none-eabi/12.2.0/../../../../arm-none-eabi/lib/thumb/v7e-m+fp/hard\libg_nano.a(libc_a-memset.o)
 .debug_info    0x0004839b       0x25 c:/qmk_msys/mingw64/bin/../lib/gcc/arm-none-eabi/12.2.0/../../../../arm-none-eabi/lib/thumb/v7e-m+fp/hard\libg_nano.a(libc_a-memchr.o)
 .debug_info    0x000483c0      0x12b c:/qmk_msys/mingw64/bin/../lib/gcc/arm-none-eabi/12.2.0/../../../../arm-none-eabi/lib/thumb/v7e-m+fp/hard\libg_nano.a(libc_a-memcmp.o)
 .debug_info    0x000484eb       0x33 c:/qmk_msys/mingw64/bin/../lib/gcc/arm-none-eabi/12.2.0/../../../../arm-none-eabi/lib/thumb/v7e-m+fp/hard\libg_nano.a(libc_a-strlen.o)

.debug_abbrev   0x00000000     0x81c7
 .debug_abbrev  0x00000000      0x3b4 C:\QMK_MSYS\tmp\ccGvxA1V.ltrans0.ltrans.o
 .debug_abbrev  0x000003b4       0xc6 C:\QMK_MSYS\tmp\ccqZbNuR.debug.temp.o
 .debug_abbrev  0x0000047a      0x264 C:\QMK_MSYS\tmp\cc4FAtJa.debug.temp.o
 .debug_abbrev  0x000006de      0x274 C:\QMK_MSYS\tmp\cc6rnWok.debug.temp.o
 .debug_abbrev  0x00000952       0x7f C:\QMK_MSYS\tmp\ccmHhx5t.debug.temp.o
 .debug_abbrev  0x000009d1      0x148 C:\QMK_MSYS\tmp\ccIHsTZD.debug.temp.o
 .debug_abbrev  0x00000b19      0x2f3 C:\QMK_MSYS\tmp\ccOleeQN.debug.temp.o
 .debug_abbrev  0x00000e0c      0x23c C:\QMK_MSYS\tmp\ccgVRaOX.debug.temp.o
 .debug_abbrev  0x00001048      0x224 C:\QMK_MSYS\tmp\ccI47NM7.debug.temp.o
 .debug_abbrev  0x0000126c      0x1f9 C:\QMK_MSYS\tmp\cc9eZvE9.debug.temp.o
 .debug_abbrev  0x00001465      0x156 C:\QMK_MSYS\tmp\ccaYyOxb.debug.temp.o
 .debug_abbrev  0x000015bb      0x2c9 C:\QMK_MSYS\tmp\ccnBWzjd.debug.temp.o
 .debug_abbrev  0x00001884      0x191 C:\QMK_MSYS\tmp\ccqHxTjf.debug.temp.o
 .debug_abbrev  0x00001a15      0x10e C:\QMK_MSYS\tmp\ccxpX5fh.debug.temp.o
 .debug_abbrev  0x00001b23       0x9e C:\QMK_MSYS\tmp\ccL7ZKnl.debug.temp.o
 .debug_abbrev  0x00001bc1       0x57 C:\QMK_MSYS\tmp\ccYm5wrn.debug.temp.o
 .debug_abbrev  0x00001c18       0xa4 C:\QMK_MSYS\tmp\cc7dr5wp.debug.temp.o
 .debug_abbrev  0x00001cbc      0x14e C:\QMK_MSYS\tmp\ccq8T3Rr.debug.temp.o
 .debug_abbrev  0x00001e0a      0x240 C:\QMK_MSYS\tmp\ccrb094t.debug.temp.o
 .debug_abbrev  0x0000204a       0xfd C:\QMK_MSYS\tmp\ccYGEamv.debug.temp.o
 .debug_abbrev  0x00002147       0x60 C:\QMK_MSYS\tmp\cctJERDw.debug.temp.o
 .debug_abbrev  0x000021a7      0x18f C:\QMK_MSYS\tmp\ccGq44Rx.debug.temp.o
 .debug_abbrev  0x00002336      0x10e C:\QMK_MSYS\tmp\ccxeXgkz.debug.temp.o
 .debug_abbrev  0x00002444       0xfa C:\QMK_MSYS\tmp\ccQIqgIA.debug.temp.o
 .debug_abbrev  0x0000253e       0xf9 C:\QMK_MSYS\tmp\ccLgQXfC.debug.temp.o
 .debug_abbrev  0x00002637      0x3d6 C:\QMK_MSYS\tmp\ccAJgWJD.debug.temp.o
 .debug_abbrev  0x00002a0d      0x17f C:\QMK_MSYS\tmp\ccO9LYZG.debug.temp.o
 .debug_abbrev  0x00002b8c       0x75 C:\QMK_MSYS\tmp\ccNVb3CI.debug.temp.o
 .debug_abbrev  0x00002c01      0x20d C:\QMK_MSYS\tmp\cc6R7FhK.debug.temp.o
 .debug_abbrev  0x00002e0e      0x1f1 C:\QMK_MSYS\tmp\cclO2rZK.debug.temp.o
 .debug_abbrev  0x00002fff      0x181 C:\QMK_MSYS\tmp\cc4vSiDL.debug.temp.o
 .debug_abbrev  0x00003180      0x189 C:\QMK_MSYS\tmp\ccFH9qvM.debug.temp.o
 .debug_abbrev  0x00003309       0xc9 C:\QMK_MSYS\tmp\ccqGRtfN.debug.temp.o
 .debug_abbrev  0x000033d2      0x16a C:\QMK_MSYS\tmp\ccxYhHeO.debug.temp.o
 .debug_abbrev  0x0000353c      0x14d C:\QMK_MSYS\tmp\ccGrb1eP.debug.temp.o
 .debug_abbrev  0x00003689      0x105 C:\QMK_MSYS\tmp\ccJlCKbQ.debug.temp.o
 .debug_abbrev  0x0000378e       0xc0 C:\QMK_MSYS\tmp\ccqsp1iR.debug.temp.o
 .debug_abbrev  0x0000384e      0x14f C:\QMK_MSYS\tmp\ccO3HVyS.debug.temp.o
 .debug_abbrev  0x0000399d      0x1b9 C:\QMK_MSYS\tmp\ccjIvEPS.debug.temp.o
 .debug_abbrev  0x00003b56      0x1b0 C:\QMK_MSYS\tmp\ccUJZPgT.debug.temp.o
 .debug_abbrev  0x00003d06       0xcc C:\QMK_MSYS\tmp\ccZUI8CT.debug.temp.o
 .debug_abbrev  0x00003dd2       0xa4 C:\QMK_MSYS\tmp\ccZHBhEU.debug.temp.o
 .debug_abbrev  0x00003e76       0x5d C:\QMK_MSYS\tmp\ccVjLiyb.debug.temp.o
 .debug_abbrev  0x00003ed3       0x9f C:\QMK_MSYS\tmp\ccuoPfVf.debug.temp.o
 .debug_abbrev  0x00003f72      0x12e C:\QMK_MSYS\tmp\ccDJU3ck.debug.temp.o
 .debug_abbrev  0x000040a0      0x1f1 C:\QMK_MSYS\tmp\cceroeJo.debug.temp.o
 .debug_abbrev  0x00004291      0x465 C:\QMK_MSYS\tmp\cctbdMbt.debug.temp.o
 .debug_abbrev  0x000046f6      0x26c C:\QMK_MSYS\tmp\cc0AmOOx.debug.temp.o
 .debug_abbrev  0x00004962      0x148 C:\QMK_MSYS\tmp\ccTBnboC.debug.temp.o
 .debug_abbrev  0x00004aaa      0x15d C:\QMK_MSYS\tmp\ccHfCRWR.debug.temp.o
 .debug_abbrev  0x00004c07       0xec C:\QMK_MSYS\tmp\ccqE6Pgj.debug.temp.o
 .debug_abbrev  0x00004cf3      0x2ed C:\QMK_MSYS\tmp\ccVe8uhm.debug.temp.o
 .debug_abbrev  0x00004fe0      0x157 C:\QMK_MSYS\tmp\ccCfK1ep.debug.temp.o
 .debug_abbrev  0x00005137      0x2ae C:\QMK_MSYS\tmp\cchujKvy.debug.temp.o
 .debug_abbrev  0x000053e5      0x250 C:\QMK_MSYS\tmp\ccynaFOB.debug.temp.o
 .debug_abbrev  0x00005635      0x253 C:\QMK_MSYS\tmp\ccnI6l4E.debug.temp.o
 .debug_abbrev  0x00005888      0x2f8 C:\QMK_MSYS\tmp\cc0m4YkI.debug.temp.o
 .debug_abbrev  0x00005b80      0x2af C:\QMK_MSYS\tmp\cc3Sn1wW.debug.temp.o
 .debug_abbrev  0x00005e2f      0x276 C:\QMK_MSYS\tmp\ccow4FI9.debug.temp.o
 .debug_abbrev  0x000060a5       0x6e C:\QMK_MSYS\tmp\ccWINpqf.debug.temp.o
 .debug_abbrev  0x00006113      0x15c C:\QMK_MSYS\tmp\cc3kmmXl.debug.temp.o
 .debug_abbrev  0x0000626f      0x28c C:\QMK_MSYS\tmp\cc4w2Cfw.debug.temp.o
 .debug_abbrev  0x000064fb      0x333 C:\QMK_MSYS\tmp\ccP2TwPW.debug.temp.o