Archive member included to satisfy reference by file (symbol)

.build/obj_vessel_base/i2c_master.a(i2c_master.o)
                              .build/obj_vessel_base/oled_driver.o (symbol from plugin) (i2c_init)
c:/qmk_msys/mingw64/bin/../lib/gcc/arm-none-eabi/12.2.0/thumb/v7e-m+fp/hard\libgcc.a(_aeabi_ldivmod.o)
                              .build/obj_vessel_base/i2c_master.a(i2c_master.o) (__aeabi_ldivmod)
c:/qmk_msys/mingw64/bin/../lib/gcc/arm-none-eabi/12.2.0/thumb/v7e-m+fp/hard\libgcc.a(_aeabi_uldivmod.o)
                              .build/obj_vessel_base/i2c_master.a(i2c_master.o) (__aeabi_uldivmod)
c:/qmk_msys/mingw64/bin/../lib/gcc/arm-none-eabi/12.2.0/thumb/v7e-m+fp/hard\libgcc.a(_udivmoddi4.o)
                              c:/qmk_msys/mingw64/bin/../lib/gcc/arm-none-eabi/12.2.0/thumb/v7e-m+fp/hard\libgcc.a(_aeabi_ldivmod.o) (__udivmoddi4)
c:/qmk_msys/mingw64/bin/../lib/gcc/arm-none-eabi/12.2.0/thumb/v7e-m+fp/hard\libgcc.a(_dvmd_tls.o)
                              c:/qmk_msys/mingw64/bin/../lib/gcc/arm-none-eabi/12.2.0/thumb/v7e-m+fp/hard\libgcc.a(_aeabi_ldivmod.o) (__aeabi_ldiv0)
c:/qmk_msys/mingw64/bin/../lib/gcc/arm-none-eabi/12.2.0/../../../../arm-none-eabi/lib/thumb/v7e-m+fp/hard\libg_nano.a(libc_a-rand.o)
                              .build/obj_vessel_base/quantum/rgb_matrix/rgb_matrix.o (symbol from plugin) (rand)
c:/qmk_msys/mingw64/bin/../lib/gcc/arm-none-eabi/12.2.0/../../../../arm-none-eabi/lib/thumb/v7e-m+fp/hard\libg_nano.a(libc_a-ctype_.o)
                              .build/obj_vessel_base/quantum/send_string/send_string.o (symbol from plugin) (_ctype_)
c:/qmk_msys/mingw64/bin/../lib/gcc/arm-none-eabi/12.2.0/../../../../arm-none-eabi/lib/thumb/v7e-m+fp/hard\libg_nano.a(libc_a-impure.o)
                              c:/qmk_msys/mingw64/bin/../lib/gcc/arm-none-eabi/12.2.0/../../../../arm-none-eabi/lib/thumb/v7e-m+fp/hard\libg_nano.a(libc_a-rand.o) (_impure_ptr)
c:/qmk_msys/mingw64/bin/../lib/gcc/arm-none-eabi/12.2.0/../../../../arm-none-eabi/lib/thumb/v7e-m+fp/hard\libg_nano.a(libc_a-errno.o)
                              .build/obj_vessel_base/platforms/chibios/syscall-fallbacks.o (symbol from plugin) (__errno)
c:/qmk_msys/mingw64/bin/../lib/gcc/arm-none-eabi/12.2.0/../../../../arm-none-eabi/lib/thumb/v7e-m+fp/hard\libg_nano.a(libc_a-memcpy.o)
                              .build/obj_vessel_base/i2c_master.a(i2c_master.o) (memcpy)
c:/qmk_msys/mingw64/bin/../lib/gcc/arm-none-eabi/12.2.0/../../../../arm-none-eabi/lib/thumb/v7e-m+fp/hard\libg_nano.a(libc_a-assert.o)
                              c:/qmk_msys/mingw64/bin/../lib/gcc/arm-none-eabi/12.2.0/../../../../arm-none-eabi/lib/thumb/v7e-m+fp/hard\libg_nano.a(libc_a-rand.o) (__assert_func)
c:/qmk_msys/mingw64/bin/../lib/gcc/arm-none-eabi/12.2.0/../../../../arm-none-eabi/lib/thumb/v7e-m+fp/hard\libg_nano.a(libc_a-malloc.o)
                              c:/qmk_msys/mingw64/bin/../lib/gcc/arm-none-eabi/12.2.0/../../../../arm-none-eabi/lib/thumb/v7e-m+fp/hard\libg_nano.a(libc_a-rand.o) (malloc)
c:/qmk_msys/mingw64/bin/../lib/gcc/arm-none-eabi/12.2.0/../../../../arm-none-eabi/lib/thumb/v7e-m+fp/hard\libg_nano.a(libc_a-mallocr.o)
                              c:/qmk_msys/mingw64/bin/../lib/gcc/arm-none-eabi/12.2.0/../../../../arm-none-eabi/lib/thumb/v7e-m+fp/hard\libg_nano.a(libc_a-malloc.o) (_malloc_r)
c:/qmk_msys/mingw64/bin/../lib/gcc/arm-none-eabi/12.2.0/../../../../arm-none-eabi/lib/thumb/v7e-m+fp/hard\libg_nano.a(libc_a-mlock.o)
                              c:/qmk_msys/mingw64/bin/../lib/gcc/arm-none-eabi/12.2.0/../../../../arm-none-eabi/lib/thumb/v7e-m+fp/hard\libg_nano.a(libc_a-mallocr.o) (__malloc_lock)
c:/qmk_msys/mingw64/bin/../lib/gcc/arm-none-eabi/12.2.0/../../../../arm-none-eabi/lib/thumb/v7e-m+fp/hard\libg_nano.a(libc_a-fprintf.o)
                              c:/qmk_msys/mingw64/bin/../lib/gcc/arm-none-eabi/12.2.0/../../../../arm-none-eabi/lib/thumb/v7e-m+fp/hard\libg_nano.a(libc_a-assert.o) (fiprintf)
c:/qmk_msys/mingw64/bin/../lib/gcc/arm-none-eabi/12.2.0/../../../../arm-none-eabi/lib/thumb/v7e-m+fp/hard\libg_nano.a(libc_a-lock.o)
                              c:/qmk_msys/mingw64/bin/../lib/gcc/arm-none-eabi/12.2.0/../../../../arm-none-eabi/lib/thumb/v7e-m+fp/hard\libg_nano.a(libc_a-mlock.o) (__retarget_lock_acquire_recursive)
c:/qmk_msys/mingw64/bin/../lib/gcc/arm-none-eabi/12.2.0/../../../../arm-none-eabi/lib/thumb/v7e-m+fp/hard\libg_nano.a(libc_a-abort.o)
                              c:/qmk_msys/mingw64/bin/../lib/gcc/arm-none-eabi/12.2.0/../../../../arm-none-eabi/lib/thumb/v7e-m+fp/hard\libg_nano.a(libc_a-assert.o) (abort)
c:/qmk_msys/mingw64/bin/../lib/gcc/arm-none-eabi/12.2.0/../../../../arm-none-eabi/lib/thumb/v7e-m+fp/hard\libg_nano.a(libc_a-freer.o)
                              c:/qmk_msys/mingw64/bin/../lib/gcc/arm-none-eabi/12.2.0/../../../../arm-none-eabi/lib/thumb/v7e-m+fp/hard\libg_nano.a(libc_a-malloc.o) (_free_r)
[...]
Memory Configuration

Name             Origin             Length             Attributes
flash0           0x08000000         0x00080000         xr
flash1           0x00000000         0x00000000         xr
flash2           0x00000000         0x00000000         xr
flash3           0x00000000         0x00000000         xr
flash4           0x00000000         0x00000000         xr
flash5           0x00000000         0x00000000         xr
flash6           0x00000000         0x00000000         xr
flash7           0x00000000         0x00000000         xr
ram0             0x20000000         0x00020000         xw
ram1             0x20000000         0x0001c000         xw
ram2             0x00000000         0x00004000         xw
ram3             0x00000000         0x00000000         xw
ram4             0x00000000         0x00000000         xw
ram5             0x00000000         0x00000000         xw
ram6             0x00000000         0x00000000         xw
ram7             0x00000000         0x00000000         xw
*default*        0x00000000         0xffffffff

Linker script and memory map

LOAD .build/obj_vessel_base/keyboards/vessel/vessel.o
LOAD C:\QMK_MSYS\tmp\ccHMqryY.ltrans0.ltrans.o
LOAD C:\QMK_MSYS\tmp\ccHMqryY.ltrans1.ltrans.o
LOAD C:\QMK_MSYS\tmp\ccdS5nyQ.debug.temp.o
LOAD C:\QMK_MSYS\tmp\cc2JB3nU.debug.temp.o
LOAD C:\QMK_MSYS\tmp\ccxZaAcY.debug.temp.o
LOAD C:\QMK_MSYS\tmp\ccGh7we2.debug.temp.o
LOAD C:\QMK_MSYS\tmp\ccRsPQa6.debug.temp.o
LOAD C:\QMK_MSYS\tmp\ccG4uTna.debug.temp.o
LOAD C:\QMK_MSYS\tmp\ccLqotve.debug.temp.o
LOAD C:\QMK_MSYS\tmp\cc2IAtmm.debug.temp.o
LOAD C:\QMK_MSYS\tmp\cc3YRccu.debug.temp.o
LOAD C:\QMK_MSYS\tmp\cc6LDxXB.debug.temp.o
LOAD C:\QMK_MSYS\tmp\cchhOOVJ.debug.temp.o
LOAD C:\QMK_MSYS\tmp\ccGvYTOR.debug.temp.o
LOAD C:\QMK_MSYS\tmp\ccpi1CZZ.debug.temp.o
LOAD C:\QMK_MSYS\tmp\cc2lmo57.debug.temp.o
LOAD C:\QMK_MSYS\tmp\cchjEKng.debug.temp.o
LOAD C:\QMK_MSYS\tmp\ccoWDZEo.debug.temp.o
LOAD C:\QMK_MSYS\tmp\ccDHnrRw.debug.temp.o
LOAD C:\QMK_MSYS\tmp\ccE9Cs6D.debug.temp.o
LOAD C:\QMK_MSYS\tmp\ccfQQ3fL.debug.temp.o
LOAD C:\QMK_MSYS\tmp\ccYKf0GS.debug.temp.o
LOAD C:\QMK_MSYS\tmp\ccrf9m3Z.debug.temp.o
LOAD C:\QMK_MSYS\tmp\cckRRrC7.debug.temp.o
LOAD C:\QMK_MSYS\tmp\cc9Kmyaf.debug.temp.o
LOAD C:\QMK_MSYS\tmp\ccOdWICm.debug.temp.o
LOAD C:\QMK_MSYS\tmp\ccRiTgmu.debug.temp.o
LOAD C:\QMK_MSYS\tmp\cceQhk1B.debug.temp.o
LOAD C:\QMK_MSYS\tmp\ccxFQJHI.debug.temp.o
LOAD C:\QMK_MSYS\tmp\ccaxtlkP.debug.temp.o
LOAD C:\QMK_MSYS\tmp\ccNmPs9V.debug.temp.o
LOAD C:\QMK_MSYS\tmp\ccMbDdY2.debug.temp.o
LOAD C:\QMK_MSYS\tmp\cc7TtwH9.debug.temp.o
LOAD C:\QMK_MSYS\tmp\ccI2lVDg.debug.temp.o
LOAD C:\QMK_MSYS\tmp\cc1Dlcvn.debug.temp.o
LOAD C:\QMK_MSYS\tmp\ccCITPDu.debug.temp.o
LOAD C:\QMK_MSYS\tmp\ccND50HB.debug.temp.o
LOAD C:\QMK_MSYS\tmp\ccUWAnOH.debug.temp.o
LOAD C:\QMK_MSYS\tmp\cc1Hg4PN.debug.temp.o
LOAD C:\QMK_MSYS\tmp\ccGaqJQT.debug.temp.o
LOAD C:\QMK_MSYS\tmp\ccXwwZ3Z.debug.temp.o
LOAD C:\QMK_MSYS\tmp\ccQg1Ec6.debug.temp.o
LOAD C:\QMK_MSYS\tmp\ccZsAHyc.debug.temp.o
LOAD C:\QMK_MSYS\tmp\cc655kQi.debug.temp.o
LOAD C:\QMK_MSYS\tmp\ccbSopmp.debug.temp.o
LOAD C:\QMK_MSYS\tmp\cc8NCXMv.debug.temp.o
LOAD C:\QMK_MSYS\tmp\ccrzfcYF.debug.temp.o
LOAD C:\QMK_MSYS\tmp\ccW8Mk5P.debug.temp.o
LOAD C:\QMK_MSYS\tmp\cc5c8tp0.debug.temp.o
LOAD C:\QMK_MSYS\tmp\ccmZPwFa.debug.temp.o
LOAD C:\QMK_MSYS\tmp\cc9DRf9k.debug.temp.o
LOAD C:\QMK_MSYS\tmp\ccKWS8xv.debug.temp.o
LOAD C:\QMK_MSYS\tmp\ccvy9naG.debug.temp.o
LOAD C:\QMK_MSYS\tmp\ccOnauHQ.debug.temp.o
LOAD C:\QMK_MSYS\tmp\ccpG5dh0.debug.temp.o
LOAD C:\QMK_MSYS\tmp\ccqCkLM9.debug.temp.o
LOAD C:\QMK_MSYS\tmp\ccfSm1vj.debug.temp.o
LOAD C:\QMK_MSYS\tmp\cc8NjIbt.debug.temp.o
LOAD C:\QMK_MSYS\tmp\cclkGN0C.debug.temp.o
LOAD C:\QMK_MSYS\tmp\ccQ19L4M.debug.temp.o
LOAD C:\QMK_MSYS\tmp\ccTYqS3W.debug.temp.o
LOAD C:\QMK_MSYS\tmp\ccYcIe75.debug.temp.o
LOAD C:\QMK_MSYS\tmp\cccl2kY7.debug.temp.o
LOAD C:\QMK_MSYS\tmp\cc6WiRK9.debug.temp.o
LOAD C:\QMK_MSYS\tmp\ccuS5UKb.debug.temp.o
LOAD C:\QMK_MSYS\tmp\cc47j1Gd.debug.temp.o
LOAD C:\QMK_MSYS\tmp\ccwNDAMf.debug.temp.o
LOAD C:\QMK_MSYS\tmp\cccUNN5h.debug.temp.o
LOAD C:\QMK_MSYS\tmp\cc4KMmkk.debug.temp.o
LOAD C:\QMK_MSYS\tmp\ccGl9jCl.debug.temp.o
LOAD C:\QMK_MSYS\tmp\ccwPKsQm.debug.temp.o
LOAD C:\QMK_MSYS\tmp\ccCTC4io.debug.temp.o
LOAD C:\QMK_MSYS\tmp\cc0qvtDp.debug.temp.o
LOAD C:\QMK_MSYS\tmp\ccCnbfbr.debug.temp.o
LOAD C:\QMK_MSYS\tmp\ccsb3UEs.debug.temp.o
LOAD C:\QMK_MSYS\tmp\ccC336lu.debug.temp.o
LOAD C:\QMK_MSYS\tmp\cckh1fZv.debug.temp.o
LOAD C:\QMK_MSYS\tmp\ccOnwmCw.debug.temp.o
LOAD C:\QMK_MSYS\tmp\ccIrBNqx.debug.temp.o
LOAD C:\QMK_MSYS\tmp\ccqfPdby.debug.temp.o
LOAD C:\QMK_MSYS\tmp\cc4wT68y.debug.temp.o
LOAD C:\QMK_MSYS\tmp\cc8RE61z.debug.temp.o
LOAD C:\QMK_MSYS\tmp\ccWsI58A.debug.temp.o
LOAD C:\QMK_MSYS\tmp\ccMIsMcC.debug.temp.o
LOAD C:\QMK_MSYS\tmp\ccQppofC.debug.temp.o
LOAD C:\QMK_MSYS\tmp\cc4XaMvC.debug.temp.o
LOAD C:\QMK_MSYS\tmp\ccclOBHC.debug.temp.o
LOAD C:\QMK_MSYS\tmp\ccAcz56C.debug.temp.o
LOAD C:\QMK_MSYS\tmp\ccaSetsD.debug.temp.o
LOAD C:\QMK_MSYS\tmp\cck8rv2D.debug.temp.o
LOAD C:\QMK_MSYS\tmp\ccCsjcxE.debug.temp.o
LOAD C:\QMK_MSYS\tmp\ccypknLI.debug.temp.o
LOAD C:\QMK_MSYS\tmp\cc8eryUM.debug.temp.o
LOAD C:\QMK_MSYS\tmp\ccAGVQeR.debug.temp.o
LOAD C:\QMK_MSYS\tmp\cc48nCuV.debug.temp.o
LOAD C:\QMK_MSYS\tmp\ccmvgNYZ.debug.temp.o
LOAD C:\QMK_MSYS\tmp\ccyI3Go4.debug.temp.o
LOAD C:\QMK_MSYS\tmp\ccEY5028.debug.temp.o
LOAD C:\QMK_MSYS\tmp\cceQN2Bd.debug.temp.o
LOAD C:\QMK_MSYS\tmp\ccE05Mdh.debug.temp.o
LOAD C:\QMK_MSYS\tmp\ccWUVHKk.debug.temp.o
LOAD C:\QMK_MSYS\tmp\ccskIOvo.debug.temp.o
LOAD C:\QMK_MSYS\tmp\ccMX6Lcs.debug.temp.o
LOAD C:\QMK_MSYS\tmp\ccWnXL6v.debug.temp.o
LOAD C:\QMK_MSYS\tmp\cccPaqVz.debug.temp.o
LOAD C:\QMK_MSYS\tmp\ccIeZzXD.debug.temp.o
LOAD C:\QMK_MSYS\tmp\ccmi44UH.debug.temp.o
LOAD C:\QMK_MSYS\tmp\cc2UAjZK.debug.temp.o
LOAD C:\QMK_MSYS\tmp\ccmuj6YN.debug.temp.o
LOAD C:\QMK_MSYS\tmp\ccqNNJcR.debug.temp.o
LOAD C:\QMK_MSYS\tmp\ccu4YPlU.debug.temp.o
LOAD C:\QMK_MSYS\tmp\cc4FUcIX.debug.temp.o
LOAD C:\QMK_MSYS\tmp\ccs1IiW0.debug.temp.o
LOAD C:\QMK_MSYS\tmp\cc2Kmis4.debug.temp.o
LOAD C:\QMK_MSYS\tmp\ccExLLP7.debug.temp.o
LOAD C:\QMK_MSYS\tmp\cco2aJfa.debug.temp.o
LOAD C:\QMK_MSYS\tmp\ccKqveBc.debug.temp.o
LOAD C:\QMK_MSYS\tmp\cc0hstaf.debug.temp.o
LOAD C:\QMK_MSYS\tmp\ccAJ2jGh.debug.temp.o
LOAD C:\QMK_MSYS\tmp\ccuLiPpk.debug.temp.o
LOAD C:\QMK_MSYS\tmp\ccsLG1kn.debug.temp.o
LOAD C:\QMK_MSYS\tmp\ccwqUQ7p.debug.temp.o
LOAD C:\QMK_MSYS\tmp\ccqEEqFw.debug.temp.o
LOAD C:\QMK_MSYS\tmp\ccyd4L8C.debug.temp.o
LOAD C:\QMK_MSYS\tmp\ccKYWJPJ.debug.temp.o
LOAD C:\QMK_MSYS\tmp\ccKP1eEQ.debug.temp.o
LOAD C:\QMK_MSYS\tmp\cckx0xsX.debug.temp.o
LOAD C:\QMK_MSYS\tmp\ccQcjbu4.debug.temp.o
LOAD C:\QMK_MSYS\tmp\ccQvkNqb.debug.temp.o
LOAD C:\QMK_MSYS\tmp\ccMgL8ph.debug.temp.o
LOAD C:\QMK_MSYS\tmp\cc6VsLjn.debug.temp.o
LOAD C:\QMK_MSYS\tmp\ccGVgSct.debug.temp.o
LOAD C:\QMK_MSYS\tmp\ccIHQEjz.debug.temp.o
LOAD C:\QMK_MSYS\tmp\ccwCI0lF.debug.temp.o
LOAD C:\QMK_MSYS\tmp\ccummRBL.debug.temp.o
LOAD C:\QMK_MSYS\tmp\ccSnOw1R.debug.temp.o
LOAD C:\QMK_MSYS\tmp\ccYXwTmY.debug.temp.o
LOAD C:\QMK_MSYS\tmp\ccWXcxL3.debug.temp.o
LOAD C:\QMK_MSYS\tmp\ccsdGi58.debug.temp.o
LOAD C:\QMK_MSYS\tmp\cckywjCe.debug.temp.o
LOAD C:\QMK_MSYS\tmp\ccI7VI4j.debug.temp.o
LOAD C:\QMK_MSYS\tmp\ccUmEPwp.debug.temp.o
LOAD C:\QMK_MSYS\tmp\ccG0BWbv.debug.temp.o
LOAD C:\QMK_MSYS\tmp\ccuvypPA.debug.temp.o
LOAD C:\QMK_MSYS\tmp\ccAXgQFG.debug.temp.o
LOAD C:\QMK_MSYS\tmp\cckcWrqM.debug.temp.o
LOAD C:\QMK_MSYS\tmp\ccWcsLaS.debug.temp.o
LOAD C:\QMK_MSYS\tmp\cccMtbYW.debug.temp.o
LOAD C:\QMK_MSYS\tmp\ccuOTEG1.debug.temp.o
LOAD C:\QMK_MSYS\tmp\cc8ZMVC6.debug.temp.o
LOAD C:\QMK_MSYS\tmp\ccekHAub.debug.temp.o
LOAD C:\QMK_MSYS\tmp\ccgASizg.debug.temp.o
LOAD C:\QMK_MSYS\tmp\ccCgsfzl.debug.temp.o
LOAD C:\QMK_MSYS\tmp\ccyNHMLq.debug.temp.o
LOAD C:\QMK_MSYS\tmp\ccAtw4Tv.debug.temp.o
LOAD C:\QMK_MSYS\tmp\cc8Br6LE.debug.temp.o
LOAD C:\QMK_MSYS\tmp\ccKmb1zN.debug.temp.o
LOAD .build/obj_vessel_base/.build/obj_vessel_base/src/default_keyboard.o
LOAD .build/obj_vessel_base/quantum/keymap_introspection.o
LOAD .build/obj_vessel_base/quantum/quantum.o
LOAD .build/obj_vessel_base/quantum/bitwise.o
LOAD .build/obj_vessel_base/quantum/led.o
LOAD .build/obj_vessel_base/quantum/action.o
LOAD .build/obj_vessel_base/quantum/action_layer.o
LOAD .build/obj_vessel_base/quantum/action_tapping.o
LOAD .build/obj_vessel_base/quantum/action_util.o
LOAD .build/obj_vessel_base/quantum/eeconfig.o
LOAD .build/obj_vessel_base/quantum/keyboard.o
LOAD .build/obj_vessel_base/quantum/keymap_common.o
LOAD .build/obj_vessel_base/quantum/keycode_config.o
LOAD .build/obj_vessel_base/quantum/sync_timer.o
LOAD .build/obj_vessel_base/quantum/logging/debug.o
LOAD .build/obj_vessel_base/quantum/logging/sendchar.o
LOAD .build/obj_vessel_base/quantum/logging/print.o
LOAD .build/obj_vessel_base/quantum/matrix_common.o
LOAD .build/obj_vessel_base/quantum/matrix.o
LOAD .build/obj_vessel_base/quantum/debounce/sym_defer_pk.o
LOAD .build/obj_vessel_base/quantum/main.o
LOAD .build/obj_vessel_base/printf.o
LOAD .build/obj_vessel_base/eeprom_driver.o
LOAD .build/obj_vessel_base/eeprom_transient.o
LOAD .build/obj_vessel_base/quantum/color.o
LOAD .build/obj_vessel_base/quantum/rgb_matrix/rgb_matrix.o
LOAD .build/obj_vessel_base/quantum/rgb_matrix/rgb_matrix_drivers.o
LOAD .build/obj_vessel_base/quantum/process_keycode/process_rgb.o
LOAD .build/obj_vessel_base/quantum/led_tables.o
LOAD .build/obj_vessel_base/lib/lib8tion/lib8tion.o
LOAD .build/obj_vessel_base/oled_driver.o
LOAD .build/obj_vessel_base/quantum/encoder.o
LOAD .build/obj_vessel_base/encoder_quadrature.o
LOAD .build/obj_vessel_base/ws2812_bitbang.o
LOAD .build/obj_vessel_base/quantum/bootmagic/bootmagic.o
LOAD .build/obj_vessel_base/quantum/process_keycode/process_grave_esc.o
LOAD .build/obj_vessel_base/quantum/process_keycode/process_magic.o
LOAD .build/obj_vessel_base/quantum/process_keycode/process_programmable_button.o
LOAD .build/obj_vessel_base/quantum/programmable_button.o
LOAD .build/obj_vessel_base/quantum/send_string/send_string.o
LOAD .build/obj_vessel_base/quantum/process_keycode/process_space_cadet.o
LOAD .build/obj_vessel_base/quantum/process_keycode/process_tap_dance.o
LOAD .build/obj_vessel_base/protocol/host.o
LOAD .build/obj_vessel_base/protocol/report.o
LOAD .build/obj_vessel_base/protocol/usb_device_state.o
LOAD .build/obj_vessel_base/protocol/usb_util.o
LOAD .build/obj_vessel_base/platforms/suspend.o
LOAD .build/obj_vessel_base/platforms/synchronization_util.o
LOAD .build/obj_vessel_base/platforms/timer.o
LOAD .build/obj_vessel_base/platforms/chibios/hardware_id.o
LOAD .build/obj_vessel_base/platforms/chibios/platform.o
LOAD .build/obj_vessel_base/platforms/chibios/suspend.o
LOAD .build/obj_vessel_base/platforms/chibios/timer.o
LOAD .build/obj_vessel_base/platforms/chibios/bootloaders/stm32_dfu.o
LOAD .build/obj_vessel_base/i2c_master.a
LOAD .build/obj_vessel_base/./lib/chibios/os/common/startup/ARMCMx/compilers/GCC/crt0_v7m.o
LOAD .build/obj_vessel_base/./lib/chibios/os/common/startup/ARMCMx/compilers/GCC/vectors.o
LOAD .build/obj_vessel_base/./lib/chibios/os/common/ports/ARMv7-M/compilers/GCC/chcoreasm.o
LOAD .build/obj_vessel_base/protocol/chibios/usb_main.o
LOAD .build/obj_vessel_base/protocol/chibios/chibios.o
LOAD .build/obj_vessel_base/usb_descriptor.o
LOAD .build/obj_vessel_base/protocol/chibios/usb_driver.o
LOAD .build/obj_vessel_base/protocol/chibios/usb_util.o
LOAD .build/obj_vessel_base/./lib/chibios/os/oslib/src/chmboxes.o
LOAD .build/obj_vessel_base/./lib/chibios/os/oslib/src/chmemcore.o
LOAD .build/obj_vessel_base/./lib/chibios/os/oslib/src/chmemheaps.o
LOAD .build/obj_vessel_base/./lib/chibios/os/oslib/src/chmempools.o
LOAD .build/obj_vessel_base/./lib/chibios/os/oslib/src/chpipes.o
LOAD .build/obj_vessel_base/./lib/chibios/os/oslib/src/chobjcaches.o
LOAD .build/obj_vessel_base/./lib/chibios/os/oslib/src/chdelegates.o
LOAD .build/obj_vessel_base/./lib/chibios/os/oslib/src/chfactory.o
LOAD .build/obj_vessel_base/lib/chibios/os/common/startup/ARMCMx/compilers/GCC/crt1.o
LOAD .build/obj_vessel_base/lib/chibios/os/rt/src/chsys.o
LOAD .build/obj_vessel_base/lib/chibios/os/rt/src/chrfcu.o
LOAD .build/obj_vessel_base/lib/chibios/os/rt/src/chdebug.o
LOAD .build/obj_vessel_base/lib/chibios/os/rt/src/chtrace.o
LOAD .build/obj_vessel_base/lib/chibios/os/rt/src/chvt.o
LOAD .build/obj_vessel_base/lib/chibios/os/rt/src/chschd.o
LOAD .build/obj_vessel_base/lib/chibios/os/rt/src/chinstances.o
LOAD .build/obj_vessel_base/lib/chibios/os/rt/src/chthreads.o
LOAD .build/obj_vessel_base/lib/chibios/os/rt/src/chtm.o
LOAD .build/obj_vessel_base/lib/chibios/os/rt/src/chstats.o
LOAD .build/obj_vessel_base/lib/chibios/os/rt/src/chregistry.o
LOAD .build/obj_vessel_base/lib/chibios/os/rt/src/chsem.o
LOAD .build/obj_vessel_base/lib/chibios/os/rt/src/chmtx.o
LOAD .build/obj_vessel_base/lib/chibios/os/rt/src/chcond.o
LOAD .build/obj_vessel_base/lib/chibios/os/rt/src/chevents.o
LOAD .build/obj_vessel_base/lib/chibios/os/rt/src/chmsg.o
LOAD .build/obj_vessel_base/lib/chibios/os/rt/src/chdynamic.o
LOAD .build/obj_vessel_base/lib/chibios/os/common/ports/ARMv7-M/chcore.o
LOAD .build/obj_vessel_base/lib/chibios/os/hal/osal/rt-nil/osal.o
LOAD .build/obj_vessel_base/lib/chibios/os/hal/src/hal.o
LOAD .build/obj_vessel_base/lib/chibios/os/hal/src/hal_st.o
LOAD .build/obj_vessel_base/lib/chibios/os/hal/src/hal_buffers.o
LOAD .build/obj_vessel_base/lib/chibios/os/hal/src/hal_queues.o
LOAD .build/obj_vessel_base/lib/chibios/os/hal/src/hal_flash.o
LOAD .build/obj_vessel_base/lib/chibios/os/hal/src/hal_mmcsd.o
LOAD .build/obj_vessel_base/lib/chibios/os/hal/src/hal_adc.o
LOAD .build/obj_vessel_base/lib/chibios/os/hal/src/hal_can.o
LOAD .build/obj_vessel_base/lib/chibios/os/hal/src/hal_crypto.o
LOAD .build/obj_vessel_base/lib/chibios/os/hal/src/hal_dac.o
LOAD .build/obj_vessel_base/lib/chibios/os/hal/src/hal_efl.o
LOAD .build/obj_vessel_base/lib/chibios/os/hal/src/hal_gpt.o
LOAD .build/obj_vessel_base/lib/chibios/os/hal/src/hal_i2c.o
LOAD .build/obj_vessel_base/lib/chibios/os/hal/src/hal_i2s.o
LOAD .build/obj_vessel_base/lib/chibios/os/hal/src/hal_icu.o
LOAD .build/obj_vessel_base/lib/chibios/os/hal/src/hal_mac.o
LOAD .build/obj_vessel_base/lib/chibios/os/hal/src/hal_mmc_spi.o
LOAD .build/obj_vessel_base/lib/chibios/os/hal/src/hal_pal.o
LOAD .build/obj_vessel_base/lib/chibios/os/hal/src/hal_pwm.o
LOAD .build/obj_vessel_base/lib/chibios/os/hal/src/hal_rtc.o
LOAD .build/obj_vessel_base/lib/chibios/os/hal/src/hal_sdc.o
LOAD .build/obj_vessel_base/lib/chibios/os/hal/src/hal_serial.o
LOAD .build/obj_vessel_base/lib/chibios/os/hal/src/hal_serial_usb.o
LOAD .build/obj_vessel_base/lib/chibios/os/hal/src/hal_sio.o
LOAD .build/obj_vessel_base/lib/chibios/os/hal/src/hal_spi.o
LOAD .build/obj_vessel_base/lib/chibios/os/hal/src/hal_trng.o
LOAD .build/obj_vessel_base/lib/chibios/os/hal/src/hal_uart.o
LOAD .build/obj_vessel_base/lib/chibios/os/hal/src/hal_usb.o
LOAD .build/obj_vessel_base/lib/chibios/os/hal/src/hal_wdg.o
LOAD .build/obj_vessel_base/lib/chibios/os/hal/src/hal_wspi.o
LOAD .build/obj_vessel_base/lib/chibios/os/hal/ports/common/ARMCMx/nvic.o
LOAD .build/obj_vessel_base/lib/chibios/os/hal/ports/STM32/STM32F4xx/stm32_isr.o
LOAD .build/obj_vessel_base/lib/chibios/os/hal/ports/STM32/STM32F4xx/hal_lld.o
LOAD .build/obj_vessel_base/lib/chibios/os/hal/ports/STM32/STM32F4xx/hal_efl_lld.o
LOAD .build/obj_vessel_base/lib/chibios/os/hal/ports/STM32/LLD/ADCv2/hal_adc_lld.o
LOAD .build/obj_vessel_base/lib/chibios/os/hal/ports/STM32/LLD/CANv1/hal_can_lld.o
LOAD .build/obj_vessel_base/lib/chibios/os/hal/ports/STM32/LLD/CRYPv1/hal_crypto_lld.o
LOAD .build/obj_vessel_base/lib/chibios/os/hal/ports/STM32/LLD/DACv1/hal_dac_lld.o
LOAD .build/obj_vessel_base/lib/chibios/os/hal/ports/STM32/LLD/DMAv2/stm32_dma.o
LOAD .build/obj_vessel_base/lib/chibios/os/hal/ports/STM32/LLD/EXTIv1/stm32_exti.o
LOAD .build/obj_vessel_base/lib/chibios/os/hal/ports/STM32/LLD/GPIOv2/hal_pal_lld.o
LOAD .build/obj_vessel_base/lib/chibios/os/hal/ports/STM32/LLD/I2Cv1/hal_i2c_lld.o
LOAD .build/obj_vessel_base/lib/chibios/os/hal/ports/STM32/LLD/MACv1/hal_mac_lld.o
LOAD .build/obj_vessel_base/lib/chibios/os/hal/ports/STM32/LLD/OTGv1/hal_usb_lld.o
LOAD .build/obj_vessel_base/lib/chibios/os/hal/ports/STM32/LLD/QUADSPIv1/hal_wspi_lld.o
LOAD .build/obj_vessel_base/lib/chibios/os/hal/ports/STM32/LLD/RTCv2/hal_rtc_lld.o
LOAD .build/obj_vessel_base/lib/chibios/os/hal/ports/STM32/LLD/SPIv1/hal_i2s_lld.o
LOAD .build/obj_vessel_base/lib/chibios/os/hal/ports/STM32/LLD/SPIv1/hal_spi_v2_lld.o
LOAD .build/obj_vessel_base/lib/chibios/os/hal/ports/STM32/LLD/SDIOv1/hal_sdc_lld.o
LOAD .build/obj_vessel_base/lib/chibios/os/hal/ports/STM32/LLD/SYSTICKv1/hal_st_lld.o
LOAD .build/obj_vessel_base/lib/chibios/os/hal/ports/STM32/LLD/TIMv1/hal_gpt_lld.o
LOAD .build/obj_vessel_base/lib/chibios/os/hal/ports/STM32/LLD/TIMv1/hal_icu_lld.o
LOAD .build/obj_vessel_base/lib/chibios/os/hal/ports/STM32/LLD/TIMv1/hal_pwm_lld.o
LOAD .build/obj_vessel_base/lib/chibios/os/hal/ports/STM32/LLD/USARTv1/hal_serial_lld.o
LOAD .build/obj_vessel_base/lib/chibios/os/hal/ports/STM32/LLD/USARTv1/hal_uart_lld.o
LOAD .build/obj_vessel_base/lib/chibios/os/hal/ports/STM32/LLD/xWDGv1/hal_wdg_lld.o
LOAD .build/obj_vessel_base/lib/chibios/os/hal/boards/ST_NUCLEO64_F446RE/board.o
LOAD .build/obj_vessel_base/lib/chibios/os/hal/lib/streams/chprintf.o
LOAD .build/obj_vessel_base/lib/chibios/os/hal/lib/streams/chscanf.o
LOAD .build/obj_vessel_base/lib/chibios/os/hal/lib/streams/memstreams.o
LOAD .build/obj_vessel_base/lib/chibios/os/hal/lib/streams/nullstreams.o
LOAD .build/obj_vessel_base/lib/chibios/os/hal/lib/streams/bufstreams.o
LOAD .build/obj_vessel_base/lib/chibios/os/various/syscalls.o
LOAD .build/obj_vessel_base/platforms/chibios/syscall-fallbacks.o
LOAD .build/obj_vessel_base/platforms/chibios/wait.o
LOAD .build/obj_vessel_base/platforms/chibios/synchronization_util.o
LOAD .build/obj_vessel_base/platforms/chibios/interrupt_handlers.o
                0x00000800                        __process_stack_size__ = 0x800
                0x00000400                        __main_stack_size__ = 0x400
LOAD c:/qmk_msys/mingw64/bin/../lib/gcc/arm-none-eabi/12.2.0/../../../../arm-none-eabi/lib/thumb/v7e-m+fp/hard\libm.a
START GROUP
LOAD c:/qmk_msys/mingw64/bin/../lib/gcc/arm-none-eabi/12.2.0/thumb/v7e-m+fp/hard\libgcc.a
LOAD c:/qmk_msys/mingw64/bin/../lib/gcc/arm-none-eabi/12.2.0/../../../../arm-none-eabi/lib/thumb/v7e-m+fp/hard\libg_nano.a
LOAD c:/qmk_msys/mingw64/bin/../lib/gcc/arm-none-eabi/12.2.0/../../../../arm-none-eabi/lib/thumb/v7e-m+fp/hard\libc_nano.a
END GROUP
START GROUP
LOAD c:/qmk_msys/mingw64/bin/../lib/gcc/arm-none-eabi/12.2.0/thumb/v7e-m+fp/hard\libgcc.a
LOAD c:/qmk_msys/mingw64/bin/../lib/gcc/arm-none-eabi/12.2.0/../../../../arm-none-eabi/lib/thumb/v7e-m+fp/hard\libc_nano.a
END GROUP

.mstack         0x20000000      0x400
                0x20000000                        . = ALIGN (0x8)
                0x20000000                        __main_stack_base__ = .
                0x20000400                        . = (. + __main_stack_size__)
 *fill*         0x20000000      0x400 
                0x20000400                        . = ALIGN (0x8)
                0x20000400                        __main_stack_end__ = .

.pstack         0x20000400      0x800
                0x20000400                        . = ALIGN (0x8)
                0x20000400                        __process_stack_base__ = .
                0x20000400                        __main_thread_stack_base__ = .
                0x20000c00                        . = (. + __process_stack_size__)
 *fill*         0x20000400      0x800 
                0x20000c00                        . = ALIGN (0x8)
                0x20000c00                        __process_stack_end__ = .
                0x20000c00                        __main_thread_stack_end__ = .

.vectors        0x08000000      0x1e0
                0x08000000                        __textvectors_base__ = LOADADDR (.vectors)
                0x08000000                        __vectors_base__ = .
 *(.vectors)
 .vectors       0x08000000      0x1e0 .build/obj_vessel_base/./lib/chibios/os/common/startup/ARMCMx/compilers/GCC/vectors.o
                0x08000000                _vectors
                0x080001e0                        __vectors_end__ = .

.xtors          0x080001e0        0x0
                0x080001e0                        __init_array_base__ = .
 *(SORT_BY_NAME(.init_array.*))
 *(.init_array)
                0x080001e0                        __init_array_end__ = .
                0x080001e0                        __fini_array_base__ = .
 *(.fini_array)
 *(SORT_BY_NAME(.fini_array.*))
                0x080001e0                        __fini_array_end__ = .

.text           0x080001e0     0xa5e0
                0x080001e0                        __text_base__ = .
 *(.text)
 .text          0x080001e0      0x11c .build/obj_vessel_base/./lib/chibios/os/common/startup/ARMCMx/compilers/GCC/crt0_v7m.o
                0x080001e0                _crt0_entry
 .text          0x080002fc        0x8 .build/obj_vessel_base/./lib/chibios/os/common/startup/ARMCMx/compilers/GCC/vectors.o
                0x080002fc                Reset_Handler
                0x080002fe                VectorE8
                0x080002fe                Vector9C
                0x080002fe                VectorAC
                0x080002fe                DebugMon_Handler
                0x080002fe                Vector1A0
                0x080002fe                Vector5C
                0x080002fe                Vector11C
                0x080002fe                HardFault_Handler
                0x080002fe                Vector1B8
                0x080002fe                Vector19C
                0x080002fe                Vector8C
                0x080002fe                SysTick_Handler
                0x080002fe                VectorDC
                0x080002fe                PendSV_Handler
                0x080002fe                Vector168
                0x080002fe                NMI_Handler
                0x080002fe                Vector110
                0x080002fe                Vector1D8
                0x080002fe                VectorC8
                0x080002fe                Vector94
                0x080002fe                VectorA8
                0x080002fe                VectorB4
                0x080002fe                Vector160
                0x080002fe                Vector1B0
                0x080002fe                UsageFault_Handler
                0x080002fe                VectorEC
                0x080002fe                Vector40
                0x080002fe                VectorF8
                0x080002fe                Vector108
                0x080002fe                Vector190
                0x080002fe                Vector1C4
                0x080002fe                Vector1CC
                0x080002fe                Vector148
                0x080002fe                Vector188
                0x080002fe                Vector198
                0x080002fe                Vector118
                0x080002fe                Vector64
                0x080002fe                Vector58
                0x080002fe                VectorCC
                0x080002fe                Vector54
                0x080002fe                Vector98
                0x080002fe                VectorD8
                0x080002fe                Vector138
                0x080002fe                Vector24
                0x080002fe                Vector1AC
                0x080002fe                Vector178
                0x080002fe                SecureFault_Handler
                0x080002fe                Vector1A4
                0x080002fe                VectorD0
                0x080002fe                Vector1B4
                0x080002fe                Vector140
                0x080002fe                VectorE4
                0x080002fe                Vector1C0
                0x080002fe                Vector134
                0x080002fe                Vector1D0
                0x080002fe                VectorF0
                0x080002fe                Vector13C
                0x080002fe                Vector100
                0x080002fe                VectorE0
                0x080002fe                VectorF4
                0x080002fe                MemManage_Handler
                0x080002fe                VectorA0
                0x080002fe                VectorC4
                0x080002fe                Vector180
                0x080002fe                Vector90
                0x080002fe                Vector114
                0x080002fe                Vector164
                0x080002fe                Vector60
                0x080002fe                Vector1BC
                0x080002fe                Vector1D4
                0x080002fe                Vector17C
                0x080002fe                Vector48
                0x080002fe                Vector1A8
                0x080002fe                Vector16C
                0x080002fe                VectorD4
                0x080002fe                Vector4C
                0x080002fe                Vector144
                0x080002fe                Vector15C
                0x080002fe                Vector68
                0x080002fe                Vector18C
                0x080002fe                Vector170
                0x080002fe                Vector88
                0x080002fe                Vector104
                0x080002fe                Vector184
                0x080002fe                Vector10C
                0x080002fe                BusFault_Handler
                0x080002fe                Vector50
                0x080002fe                Vector1C8
                0x080002fe                Vector194
                0x080002fe                Vector1DC
                0x080002fe                Vector44
                0x080002fe                Vector28
                0x080002fe                VectorB8
                0x080002fe                Vector34
                0x080002fe                VectorA4
                0x080002fe                Vector20
                0x080002fe                Vector174
                0x08000302                _unhandled_exception
 .text          0x08000304       0x32 .build/obj_vessel_base/./lib/chibios/os/common/ports/ARMv7-M/compilers/GCC/chcoreasm.o
                0x08000304                __port_switch
                0x0800031c                __port_thread_start
                0x0800032e                __port_switch_from_isr
                0x08000332                __port_exit_from_isr
 *fill*         0x08000336        0x2 
 .text          0x08000338       0x30 c:/qmk_msys/mingw64/bin/../lib/gcc/arm-none-eabi/12.2.0/thumb/v7e-m+fp/hard\libgcc.a(_aeabi_uldivmod.o)
                0x08000338                __aeabi_uldivmod
 .text          0x08000368        0x4 c:/qmk_msys/mingw64/bin/../lib/gcc/arm-none-eabi/12.2.0/thumb/v7e-m+fp/hard\libgcc.a(_dvmd_tls.o)
                0x08000368                __aeabi_idiv0
                0x08000368                __aeabi_ldiv0
 *fill*         0x0800036c        0x4 
 .text          0x08000370       0xfc c:/qmk_msys/mingw64/bin/../lib/gcc/arm-none-eabi/12.2.0/../../../../arm-none-eabi/lib/thumb/v7e-m+fp/hard\libg_nano.a(libc_a-rand.o)
                0x08000370                srand
                0x080003d4                rand
 .text          0x0800046c      0x134 c:/qmk_msys/mingw64/bin/../lib/gcc/arm-none-eabi/12.2.0/../../../../arm-none-eabi/lib/thumb/v7e-m+fp/hard\libg_nano.a(libc_a-memcpy.o)
                0x0800046c                memcpy
 .text          0x080005a0       0x4c c:/qmk_msys/mingw64/bin/../lib/gcc/arm-none-eabi/12.2.0/../../../../arm-none-eabi/lib/thumb/v7e-m+fp/hard\libg_nano.a(libc_a-assert.o)
                0x080005a0                __assert_func
                0x080005e0                __assert
 .text          0x080005ec       0x20 c:/qmk_msys/mingw64/bin/../lib/gcc/arm-none-eabi/12.2.0/../../../../arm-none-eabi/lib/thumb/v7e-m+fp/hard\libg_nano.a(libc_a-malloc.o)
                0x080005ec                malloc
                0x080005fc                free
 .text          0x0800060c      0x140 c:/qmk_msys/mingw64/bin/../lib/gcc/arm-none-eabi/12.2.0/../../../../arm-none-eabi/lib/thumb/v7e-m+fp/hard\libg_nano.a(libc_a-mallocr.o)
                0x08000654                _malloc_r
 .text          0x0800074c       0x18 c:/qmk_msys/mingw64/bin/../lib/gcc/arm-none-eabi/12.2.0/../../../../arm-none-eabi/lib/thumb/v7e-m+fp/hard\libg_nano.a(libc_a-mlock.o)
                0x0800074c                __malloc_lock
                0x08000758                __malloc_unlock
 .text          0x08000764       0x44 c:/qmk_msys/mingw64/bin/../lib/gcc/arm-none-eabi/12.2.0/../../../../arm-none-eabi/lib/thumb/v7e-m+fp/hard\libg_nano.a(libc_a-fprintf.o)
                0x08000764                _fprintf_r
                0x08000764                _fiprintf_r
                0x08000780                fiprintf
                0x08000780                fprintf
 .text          0x080007a8       0x28 c:/qmk_msys/mingw64/bin/../lib/gcc/arm-none-eabi/12.2.0/../../../../arm-none-eabi/lib/thumb/v7e-m+fp/hard\libg_nano.a(libc_a-lock.o)
                0x080007a8                __retarget_lock_init
                0x080007ac                __retarget_lock_init_recursive
                0x080007b0                __retarget_lock_close
                0x080007b4                __retarget_lock_close_recursive
                0x080007b8                __retarget_lock_acquire
                0x080007bc                __retarget_lock_acquire_recursive
                0x080007c0                __retarget_lock_try_acquire
                0x080007c4                __retarget_lock_try_acquire_recursive
                0x080007c8                __retarget_lock_release
                0x080007cc                __retarget_lock_release_recursive
 .text          0x080007d0       0x10 c:/qmk_msys/mingw64/bin/../lib/gcc/arm-none-eabi/12.2.0/../../../../arm-none-eabi/lib/thumb/v7e-m+fp/hard\libg_nano.a(libc_a-abort.o)
                0x080007d0                abort
 .text          0x080007e0       0xbc c:/qmk_msys/mingw64/bin/../lib/gcc/arm-none-eabi/12.2.0/../../../../arm-none-eabi/lib/thumb/v7e-m+fp/hard\libg_nano.a(libc_a-freer.o)
                0x080007e0                _free_r
 .text          0x0800089c      0x368 c:/qmk_msys/mingw64/bin/../lib/gcc/arm-none-eabi/12.2.0/../../../../arm-none-eabi/lib/thumb/v7e-m+fp/hard\libg_nano.a(libc_a-nano-vfprintf.o)
                0x080008d8                __sfputs_r
                0x08000908                __sprint_r
                0x08000928                _vfiprintf_r
                0x08000928                _vfprintf_r
                0x08000be8                vfprintf
                0x08000be8                vfiprintf
 .text          0x08000c04      0x3a4 c:/qmk_msys/mingw64/bin/../lib/gcc/arm-none-eabi/12.2.0/../../../../arm-none-eabi/lib/thumb/v7e-m+fp/hard\libg_nano.a(libc_a-nano-vfprintf_i.o)
                0x08000c04                _printf_common
                0x08000d28                _printf_i
 .text          0x08000fa8      0x2dc c:/qmk_msys/mingw64/bin/../lib/gcc/arm-none-eabi/12.2.0/../../../../arm-none-eabi/lib/thumb/v7e-m+fp/hard\libg_nano.a(libc_a-findfp.o)
                0x08001124                __sfp
                0x080011e4                __sinit
                0x08001224                __sfp_lock_acquire
                0x08001230                __sfp_lock_release
                0x0800123c                __fp_lock_all
                0x08001260                __fp_unlock_all
 .text          0x08001284      0x300 c:/qmk_msys/mingw64/bin/../lib/gcc/arm-none-eabi/12.2.0/../../../../arm-none-eabi/lib/thumb/v7e-m+fp/hard\libg_nano.a(libc_a-fvwrite.o)
                0x08001284                __sfvwrite_r
 .text          0x08001584       0x48 c:/qmk_msys/mingw64/bin/../lib/gcc/arm-none-eabi/12.2.0/../../../../arm-none-eabi/lib/thumb/v7e-m+fp/hard\libg_nano.a(libc_a-fwalk.o)
                0x08001584                _fwalk_sglue
 .text          0x080015cc       0x94 c:/qmk_msys/mingw64/bin/../lib/gcc/arm-none-eabi/12.2.0/../../../../arm-none-eabi/lib/thumb/v7e-m+fp/hard\libg_nano.a(libc_a-stdio.o)
                0x080015cc                __sread
                0x080015f0                __seofread
                0x080015f4                __swrite
                0x08001634                __sseek
                0x08001658                __sclose
 .text          0x08001660       0xa0 c:/qmk_msys/mingw64/bin/../lib/gcc/arm-none-eabi/12.2.0/../../../../arm-none-eabi/lib/thumb/v7e-m+fp/hard\libg_nano.a(libc_a-wbuf.o)
                0x08001660                __swbuf_r
                0x080016e8                __swbuf
 .text          0x08001700       0xc0 c:/qmk_msys/mingw64/bin/../lib/gcc/arm-none-eabi/12.2.0/../../../../arm-none-eabi/lib/thumb/v7e-m+fp/hard\libg_nano.a(libc_a-wsetup.o)
                0x08001700                __swsetup_r
 .text          0x080017c0      0x100 c:/qmk_msys/mingw64/bin/../lib/gcc/arm-none-eabi/12.2.0/../../../../arm-none-eabi/lib/thumb/v7e-m+fp/hard\libg_nano.a(libc_a-memmove.o)
                0x080017c0                memmove
 .text          0x080018c0       0xa4 c:/qmk_msys/mingw64/bin/../lib/gcc/arm-none-eabi/12.2.0/../../../../arm-none-eabi/lib/thumb/v7e-m+fp/hard\libg_nano.a(libc_a-memset.o)
                0x080018c0                memset
 .text          0x08001964      0x260 c:/qmk_msys/mingw64/bin/../lib/gcc/arm-none-eabi/12.2.0/../../../../arm-none-eabi/lib/thumb/v7e-m+fp/hard\libg_nano.a(libc_a-signal.o)
                0x08001964                _init_signal_r
                0x08001990                _signal_r
                0x080019dc                _raise_r
                0x08001a2c                __sigtramp_r
                0x08001a8c                raise
                0x08001ae0                signal
                0x08001b2c                _init_signal
                0x08001b60                __sigtramp
 .text          0x08001bc4       0x30 c:/qmk_msys/mingw64/bin/../lib/gcc/arm-none-eabi/12.2.0/../../../../arm-none-eabi/lib/thumb/v7e-m+fp/hard\libg_nano.a(libc_a-signalr.o)
                0x08001bc4                _kill_r
                0x08001bf0                _getpid_r
 *fill*         0x08001bf4        0xc 
 .text          0x08001c00       0xa0 c:/qmk_msys/mingw64/bin/../lib/gcc/arm-none-eabi/12.2.0/../../../../arm-none-eabi/lib/thumb/v7e-m+fp/hard\libg_nano.a(libc_a-memchr.o)
                0x08001c00                memchr
 .text          0x08001ca0       0x68 c:/qmk_msys/mingw64/bin/../lib/gcc/arm-none-eabi/12.2.0/../../../../arm-none-eabi/lib/thumb/v7e-m+fp/hard\libg_nano.a(libc_a-reallocr.o)
                0x08001ca0                _realloc_r
 .text          0x08001d08      0x1a0 c:/qmk_msys/mingw64/bin/../lib/gcc/arm-none-eabi/12.2.0/../../../../arm-none-eabi/lib/thumb/v7e-m+fp/hard\libg_nano.a(libc_a-fflush.o)
                0x08001d08                __sflush_r
                0x08001e28                _fflush_r
                0x08001e80                fflush
 .text          0x08001ea8      0x114 c:/qmk_msys/mingw64/bin/../lib/gcc/arm-none-eabi/12.2.0/../../../../arm-none-eabi/lib/thumb/v7e-m+fp/hard\libg_nano.a(libc_a-makebuf.o)
                0x08001ea8                __smakebuf_r
                0x08001f6c                __swhatbuf_r
 .text          0x08001fbc       0x10 c:/qmk_msys/mingw64/bin/../lib/gcc/arm-none-eabi/12.2.0/../../../../arm-none-eabi/lib/thumb/v7e-m+fp/hard\libg_nano.a(libc_a-msizer.o)
                0x08001fbc                _malloc_usable_size_r
 .text          0x08001fcc       0x60 c:/qmk_msys/mingw64/bin/../lib/gcc/arm-none-eabi/12.2.0/../../../../arm-none-eabi/lib/thumb/v7e-m+fp/hard\libg_nano.a(libc_a-memcmp.o)
                0x08001fcc                memcmp
 *(.text.*)
 .text.do_code16
                0x0800202c       0x58 C:\QMK_MSYS\tmp\ccHMqryY.ltrans0.ltrans.o
 .text.bitrev   0x08002084       0x26 C:\QMK_MSYS\tmp\ccHMqryY.ltrans0.ltrans.o
 *fill*         0x080020aa        0x2 
 .text.layer_on
                0x080020ac       0x14 C:\QMK_MSYS\tmp\ccHMqryY.ltrans0.ltrans.o
 .text.layer_off
                0x080020c0       0x14 C:\QMK_MSYS\tmp\ccHMqryY.ltrans0.ltrans.o
 .text.update_source_layers_cache_impl
                0x080020d4       0x32 C:\QMK_MSYS\tmp\ccHMqryY.ltrans0.ltrans.o
 .text.read_source_layers_cache_impl
                0x08002106       0x26 C:\QMK_MSYS\tmp\ccHMqryY.ltrans0.ltrans.o
 .text.update_source_layers_cache
                0x0800212c       0x44 C:\QMK_MSYS\tmp\ccHMqryY.ltrans0.ltrans.o
 .text.read_source_layers_cache
                0x08002170       0x3c C:\QMK_MSYS\tmp\ccHMqryY.ltrans0.ltrans.o
 .text.debug_waiting_buffer
                0x080021ac       0x20 C:\QMK_MSYS\tmp\ccHMqryY.ltrans0.ltrans.o
 .text.keymap_key_to_keycode
                0x080021cc       0x50 C:\QMK_MSYS\tmp\ccHMqryY.ltrans0.ltrans.o
 .text.keycode_config
                0x0800221c      0x10c C:\QMK_MSYS\tmp\ccHMqryY.ltrans0.ltrans.o
 .text.mod_config
                0x08002328       0xc4 C:\QMK_MSYS\tmp\ccHMqryY.ltrans0.ltrans.o
 .text.action_for_keycode
                0x080023ec      0x1a8 C:\QMK_MSYS\tmp\ccHMqryY.ltrans0.ltrans.o
 .text.layer_switch_get_layer
                0x08002594       0x50 C:\QMK_MSYS\tmp\ccHMqryY.ltrans0.ltrans.o
 .text.get_record_keycode
                0x080025e4       0x34 C:\QMK_MSYS\tmp\ccHMqryY.ltrans0.ltrans.o
 .text.layer_switch_get_action
                0x08002618       0x24 C:\QMK_MSYS\tmp\ccHMqryY.ltrans0.ltrans.o
 .text.is_tap_record
                0x0800263c       0x50 C:\QMK_MSYS\tmp\ccHMqryY.ltrans0.ltrans.o
 .text.null_sendchar_func
                0x0800268c        0x4 C:\QMK_MSYS\tmp\ccHMqryY.ltrans0.ltrans.o
 .text.__idle_thread
                0x08002690        0x4 C:\QMK_MSYS\tmp\ccHMqryY.ltrans0.ltrans.o
 .text.putchar_via_gadget
                0x08002694       0x2a C:\QMK_MSYS\tmp\ccHMqryY.ltrans0.ltrans.o
 *fill*         0x080026be        0x2 
 .text.putchar_wrapper
                0x080026c0        0xc C:\QMK_MSYS\tmp\ccHMqryY.ltrans0.ltrans.o
 .text.out_rev_
                0x080026cc       0x60 C:\QMK_MSYS\tmp\ccHMqryY.ltrans0.ltrans.o
 .text.print_integer
                0x0800272c      0x256 C:\QMK_MSYS\tmp\ccHMqryY.ltrans0.ltrans.o
 *fill*         0x08002982        0x2 
 .text.hsv_to_rgb
                0x08002984       0xac C:\QMK_MSYS\tmp\ccHMqryY.ltrans0.ltrans.o
 .text.sqrt16   0x08002a30       0x4c C:\QMK_MSYS\tmp\ccHMqryY.ltrans0.ltrans.o
 .text.random8  0x08002a7c       0x24 C:\QMK_MSYS\tmp\ccHMqryY.ltrans0.ltrans.o
 .text.sin8_C   0x08002aa0       0x48 C:\QMK_MSYS\tmp\ccHMqryY.ltrans0.ltrans.o
 .text.atan2_8  0x08002ae8       0x46 C:\QMK_MSYS\tmp\ccHMqryY.ltrans0.ltrans.o
 *fill*         0x08002b2e        0x2 
 .text.BAND_SAT_math
                0x08002b30       0x5c C:\QMK_MSYS\tmp\ccHMqryY.ltrans0.ltrans.o
 .text.BAND_VAL_math
                0x08002b8c       0x5c C:\QMK_MSYS\tmp\ccHMqryY.ltrans0.ltrans.o
 .text.BAND_PINWHEEL_SAT_math
                0x08002be8       0x48 C:\QMK_MSYS\tmp\ccHMqryY.ltrans0.ltrans.o
 .text.BAND_PINWHEEL_VAL_math
                0x08002c30       0x48 C:\QMK_MSYS\tmp\ccHMqryY.ltrans0.ltrans.o
 .text.BAND_SPIRAL_SAT_math
                0x08002c78       0x46 C:\QMK_MSYS\tmp\ccHMqryY.ltrans0.ltrans.o
 .text.BAND_SPIRAL_VAL_math
                0x08002cbe       0x46 C:\QMK_MSYS\tmp\ccHMqryY.ltrans0.ltrans.o
 .text.CYCLE_ALL_math
                0x08002d04       0x26 C:\QMK_MSYS\tmp\ccHMqryY.ltrans0.ltrans.o
 *fill*         0x08002d2a        0x2 
 .text.CYCLE_LEFT_RIGHT_math
                0x08002d2c       0x38 C:\QMK_MSYS\tmp\ccHMqryY.ltrans0.ltrans.o
 .text.CYCLE_UP_DOWN_math
                0x08002d64       0x38 C:\QMK_MSYS\tmp\ccHMqryY.ltrans0.ltrans.o
 .text.RAINBOW_MOVING_CHEVRON_math
                0x08002d9c       0x54 C:\QMK_MSYS\tmp\ccHMqryY.ltrans0.ltrans.o
 .text.CYCLE_OUT_IN_math
                0x08002df0       0x32 C:\QMK_MSYS\tmp\ccHMqryY.ltrans0.ltrans.o
 .text.CYCLE_OUT_IN_DUAL_math
                0x08002e22       0x48 C:\QMK_MSYS\tmp\ccHMqryY.ltrans0.ltrans.o
 .text.CYCLE_PINWHEEL_math
                0x08002e6a       0x30 C:\QMK_MSYS\tmp\ccHMqryY.ltrans0.ltrans.o
 .text.CYCLE_SPIRAL_math
                0x08002e9a       0x36 C:\QMK_MSYS\tmp\ccHMqryY.ltrans0.ltrans.o
 .text.DUAL_BEACON_math
                0x08002ed0       0x50 C:\QMK_MSYS\tmp\ccHMqryY.ltrans0.ltrans.o
 .text.RAINBOW_BEACON_math
                0x08002f20       0x50 C:\QMK_MSYS\tmp\ccHMqryY.ltrans0.ltrans.o
 .text.RAINBOW_PINWHEELS_math
                0x08002f70       0x60 C:\QMK_MSYS\tmp\ccHMqryY.ltrans0.ltrans.o
 .text.FLOWER_BLOOMING_math
                0x08002fd0       0x48 C:\QMK_MSYS\tmp\ccHMqryY.ltrans0.ltrans.o
 .text.HUE_PENDULUM_math
                0x08003018       0x64 C:\QMK_MSYS\tmp\ccHMqryY.ltrans0.ltrans.o
 .text.HUE_WAVE_math
                0x0800307c       0x4c C:\QMK_MSYS\tmp\ccHMqryY.ltrans0.ltrans.o
 .text.SOLID_REACTIVE_SIMPLE_math
                0x080030c8       0x34 C:\QMK_MSYS\tmp\ccHMqryY.ltrans0.ltrans.o
 .text.SOLID_REACTIVE_math
                0x080030fc       0x30 C:\QMK_MSYS\tmp\ccHMqryY.ltrans0.ltrans.o
 .text.SOLID_REACTIVE_WIDE_math
                0x0800312c       0x48 C:\QMK_MSYS\tmp\ccHMqryY.ltrans0.ltrans.o
 .text.SOLID_REACTIVE_CROSS_math
                0x08003174       0x74 C:\QMK_MSYS\tmp\ccHMqryY.ltrans0.ltrans.o
 .text.SOLID_REACTIVE_NEXUS_math
                0x080031e8       0x78 C:\QMK_MSYS\tmp\ccHMqryY.ltrans0.ltrans.o
 .text.SPLASH_math
                0x08003260       0x4e C:\QMK_MSYS\tmp\ccHMqryY.ltrans0.ltrans.o
 .text.SOLID_SPLASH_math
                0x080032ae       0x44 C:\QMK_MSYS\tmp\ccHMqryY.ltrans0.ltrans.o
 .text.rgb_matrix_set_color
                0x080032f2        0x4 C:\QMK_MSYS\tmp\ccHMqryY.ltrans0.ltrans.o
 .text.rgb_matrix_set_color_all
                0x080032f6        0x4 C:\QMK_MSYS\tmp\ccHMqryY.ltrans0.ltrans.o
 .text.rgb_matrix_get_limits
                0x080032fa       0x2a C:\QMK_MSYS\tmp\ccHMqryY.ltrans0.ltrans.o
 .text.rgb_matrix_disable_noeeprom
                0x08003324       0x20 C:\QMK_MSYS\tmp\ccHMqryY.ltrans0.ltrans.o
 .text.init     0x08003344        0xc C:\QMK_MSYS\tmp\ccHMqryY.ltrans0.ltrans.o
 .text.setled   0x08003350       0x3c C:\QMK_MSYS\tmp\ccHMqryY.ltrans0.ltrans.o
 .text.setled_all
                0x0800338c       0x1c C:\QMK_MSYS\tmp\ccHMqryY.ltrans0.ltrans.o
 .text.handleKeycodeRGB
                0x080033a8        0x6 C:\QMK_MSYS\tmp\ccHMqryY.ltrans0.ltrans.o
 *fill*         0x080033ae        0x2 
 .text.encoder_quadrature_read_pin
                0x080033b0       0x24 C:\QMK_MSYS\tmp\ccHMqryY.ltrans0.ltrans.o
 .text.sendByte
                0x080033d4       0x78 C:\QMK_MSYS\tmp\ccHMqryY.ltrans0.ltrans.o
 .text._process_tap_dance_action_fn
                0x0800344c        0x6 C:\QMK_MSYS\tmp\ccHMqryY.ltrans0.ltrans.o
 *fill*         0x08003452        0x2 
 .text.host_keyboard_leds
                0x08003454       0x10 C:\QMK_MSYS\tmp\ccHMqryY.ltrans0.ltrans.o
 .text.host_system_send
                0x08003464       0x38 C:\QMK_MSYS\tmp\ccHMqryY.ltrans0.ltrans.o
 .text.host_consumer_send
                0x0800349c       0x38 C:\QMK_MSYS\tmp\ccHMqryY.ltrans0.ltrans.o
 .text.__NVIC_SystemReset
                0x080034d4       0x24 C:\QMK_MSYS\tmp\ccHMqryY.ltrans0.ltrans.o
 .text.usb_get_descriptor_cb
                0x080034f8       0xac C:\QMK_MSYS\tmp\ccHMqryY.ltrans0.ltrans.o
 .text.dummy_usb_cb
                0x080035a4        0x2 C:\QMK_MSYS\tmp\ccHMqryY.ltrans0.ltrans.o
 *fill*         0x080035a6        0x2 
 .text.set_led_transfer_cb
                0x080035a8       0x34 C:\QMK_MSYS\tmp\ccHMqryY.ltrans0.ltrans.o
 .text.usb_sof_cb
                0x080035dc        0xe C:\QMK_MSYS\tmp\ccHMqryY.ltrans0.ltrans.o
 *fill*         0x080035ea        0x2 
 .text.keyboard_leds
                0x080035ec        0xc C:\QMK_MSYS\tmp\ccHMqryY.ltrans0.ltrans.o
 .text.send_mouse
                0x080035f8        0x2 C:\QMK_MSYS\tmp\ccHMqryY.ltrans0.ltrans.o
 .text.chSysGetStatusAndLockX
                0x080035fa       0x12 C:\QMK_MSYS\tmp\ccHMqryY.ltrans0.ltrans.o
 .text.chSysPolledDelayX
                0x0800360c       0x14 C:\QMK_MSYS\tmp\ccHMqryY.ltrans0.ltrans.o
 .text.dmaStreamFreeI
                0x08003620       0x7c C:\QMK_MSYS\tmp\ccHMqryY.ltrans0.ltrans.o
 .text.i2c_lld_abort_operation
                0x0800369c       0x4a C:\QMK_MSYS\tmp\ccHMqryY.ltrans0.ltrans.o
 *fill*         0x080036e6        0x2 
 .text.i2c_lld_serve_tx_end_irq
                0x080036e8       0x44 C:\QMK_MSYS\tmp\ccHMqryY.ltrans0.ltrans.o
 .text.otg_disable_ep
                0x0800372c       0x56 C:\QMK_MSYS\tmp\ccHMqryY.ltrans0.ltrans.o
 .text.usb_lld_start_in
                0x08003782       0x8a C:\QMK_MSYS\tmp\ccHMqryY.ltrans0.ltrans.o
 .text.usbStartTransmitI
                0x0800380c       0x24 C:\QMK_MSYS\tmp\ccHMqryY.ltrans0.ltrans.o
 .text._usb_ep0out
                0x08003830       0x80 C:\QMK_MSYS\tmp\ccHMqryY.ltrans0.ltrans.o
 .text.gpio_init
                0x080038b0       0x1e C:\QMK_MSYS\tmp\ccHMqryY.ltrans0.ltrans.o
 *fill*         0x080038ce        0x2 
 .text._usb_wakeup.constprop.0
                0x080038d0       0x1c C:\QMK_MSYS\tmp\ccHMqryY.ltrans0.ltrans.o
 .text.usb_lld_start_out.constprop.0
                0x080038ec       0x66 C:\QMK_MSYS\tmp\ccHMqryY.ltrans0.ltrans.o
 .text.usbStartReceiveI.constprop.0
                0x08003952       0x20 C:\QMK_MSYS\tmp\ccHMqryY.ltrans0.ltrans.o
 .text._usb_ep0in
                0x08003972       0xb8 C:\QMK_MSYS\tmp\ccHMqryY.ltrans0.ltrans.o
 *fill*         0x08003a2a        0x2 
 .text.dmaStreamAllocI.part.0.constprop.0
                0x08003a2c       0xa8 C:\QMK_MSYS\tmp\ccHMqryY.ltrans0.ltrans.o
 .text.effect_runner_dx_dy.constprop.0
                0x08003ad4       0xc4 C:\QMK_MSYS\tmp\ccHMqryY.ltrans0.ltrans.o
 .text.effect_runner_dx_dy_dist.constprop.0
                0x08003b98       0xec C:\QMK_MSYS\tmp\ccHMqryY.ltrans0.ltrans.o
 .text.effect_runner_sin_cos_i.constprop.0
                0x08003c84       0xd4 C:\QMK_MSYS\tmp\ccHMqryY.ltrans0.ltrans.o
 .text.raindrops_set_color.constprop.0
                0x08003d58       0x7c C:\QMK_MSYS\tmp\ccHMqryY.ltrans0.ltrans.o
 .text.jellybean_raindrops_set_color.constprop.0
                0x08003dd4       0x60 C:\QMK_MSYS\tmp\ccHMqryY.ltrans0.ltrans.o
 .text.effect_runner_i.constprop.0
                0x08003e34       0xac C:\QMK_MSYS\tmp\ccHMqryY.ltrans0.ltrans.o
 .text.effect_runner_reactive.constprop.0
                0x08003ee0       0xf8 C:\QMK_MSYS\tmp\ccHMqryY.ltrans0.ltrans.o
 .text.effect_runner_reactive_splash.constprop.0
                0x08003fd8      0x140 C:\QMK_MSYS\tmp\ccHMqryY.ltrans0.ltrans.o
 .text.set_starlight_color.constprop.0
                0x08004118       0x68 C:\QMK_MSYS\tmp\ccHMqryY.ltrans0.ltrans.o
 .text.eeconfig_flag_rgb_matrix.constprop.0
                0x08004180       0x10 C:\QMK_MSYS\tmp\ccHMqryY.ltrans0.ltrans.o
 .text.rgb_matrix_enable
                0x08004190       0x24 C:\QMK_MSYS\tmp\ccHMqryY.ltrans0.ltrans.o
 .text.vsnprintf_impl.constprop.0
                0x080041b4      0x384 C:\QMK_MSYS\tmp\ccHMqryY.ltrans0.ltrans.o
 .text.usbStart.constprop.0.isra.0
                0x08004538       0xe4 C:\QMK_MSYS\tmp\ccHMqryY.ltrans0.ltrans.o
 .text.otg_txfifo_flush.isra.0
                0x0800461c       0x14 C:\QMK_MSYS\tmp\ccHMqryY.ltrans0.ltrans.o
 .text.usb_event_queue_enqueue.isra.0
                0x08004630       0x28 C:\QMK_MSYS\tmp\ccHMqryY.ltrans0.ltrans.o
 .text.eeprom_write_block
                0x08004658       0x24 C:\QMK_MSYS\tmp\ccHMqryY.ltrans0.ltrans.o
 .text.eeprom_driver_erase
                0x0800467c       0x10 C:\QMK_MSYS\tmp\ccHMqryY.ltrans0.ltrans.o
 .text.eeprom_read_block
                0x0800468c       0x34 C:\QMK_MSYS\tmp\ccHMqryY.ltrans0.ltrans.o
 .text.eeprom_update_byte
                0x080046c0       0x34 C:\QMK_MSYS\tmp\ccHMqryY.ltrans0.ltrans.o
 .text.eeprom_read_word
                0x080046f4       0x1e C:\QMK_MSYS\tmp\ccHMqryY.ltrans0.ltrans.o
 .text.eeprom_update_word
                0x08004712       0x22 C:\QMK_MSYS\tmp\ccHMqryY.ltrans0.ltrans.o
 .text.eeprom_update_dword.constprop.0
                0x08004734       0x2a C:\QMK_MSYS\tmp\ccHMqryY.ltrans0.ltrans.o
 *fill*         0x0800475e        0x2 
 .text.clear_keys_from_report
                0x08004760       0x34 C:\QMK_MSYS\tmp\ccHMqryY.ltrans0.ltrans.o
 .text.usbInitEndpointI
                0x08004794      0x134 C:\QMK_MSYS\tmp\ccHMqryY.ltrans0.ltrans.o
 .text.usb_event_cb
                0x080048c8       0x6c C:\QMK_MSYS\tmp\ccHMqryY.ltrans0.ltrans.o
 .text.set_starlight_dual_sat_color.constprop.0
                0x08004934       0x80 C:\QMK_MSYS\tmp\ccHMqryY.ltrans0.ltrans.o
 .text.set_starlight_dual_hue_color.constprop.0
                0x080049b4       0x80 C:\QMK_MSYS\tmp\ccHMqryY.ltrans0.ltrans.o
 .text.oled_send_cmd
                0x08004a34       0x16 C:\QMK_MSYS\tmp\ccHMqryY.ltrans0.ltrans.o
 .text.ch_dlist_insert
                0x08004a4a       0x2a C:\QMK_MSYS\tmp\ccHMqryY.ltrans0.ltrans.o
 .text.vt_set_alarm
                0x08004a74       0x38 C:\QMK_MSYS\tmp\ccHMqryY.ltrans0.ltrans.o
 .text.chVTDoResetI
                0x08004aac       0x6c C:\QMK_MSYS\tmp\ccHMqryY.ltrans0.ltrans.o
 .text.vt_insert_first.constprop.0
                0x08004b18       0x54 C:\QMK_MSYS\tmp\ccHMqryY.ltrans0.ltrans.o
 .text.vt_enqueue.constprop.0
                0x08004b6c       0x50 C:\QMK_MSYS\tmp\ccHMqryY.ltrans0.ltrans.o
 .text.chVTSetI.constprop.0
                0x08004bbc       0x30 C:\QMK_MSYS\tmp\ccHMqryY.ltrans0.ltrans.o
 .text.usb_requests_hook_cb
                0x08004bec      0x15c C:\QMK_MSYS\tmp\ccHMqryY.ltrans0.ltrans.o
 .text.keyboard_idle_timer_cb
                0x08004d48       0x78 C:\QMK_MSYS\tmp\ccHMqryY.ltrans0.ltrans.o
 .text.__sch_ready_behind.isra.0
                0x08004dc0       0x1c C:\QMK_MSYS\tmp\ccHMqryY.ltrans0.ltrans.o
 .text.chThdResumeI
                0x08004ddc       0x12 C:\QMK_MSYS\tmp\ccHMqryY.ltrans0.ltrans.o
 *fill*         0x08004dee        0x2 
 .text.i2c_lld_serve_rx_end_irq
                0x08004df0       0x68 C:\QMK_MSYS\tmp\ccHMqryY.ltrans0.ltrans.o
 .text._usb_ep0setup
                0x08004e58      0x34c C:\QMK_MSYS\tmp\ccHMqryY.ltrans0.ltrans.o
 .text.otg_epin_handler.constprop.0
                0x080051a4      0x108 C:\QMK_MSYS\tmp\ccHMqryY.ltrans0.ltrans.o
 .text.otg_epout_handler.constprop.0
                0x080052ac       0xac C:\QMK_MSYS\tmp\ccHMqryY.ltrans0.ltrans.o
 .text.__sch_wakeup
                0x08005358       0x44 C:\QMK_MSYS\tmp\ccHMqryY.ltrans0.ltrans.o
 .text.chSchGoSleepS
                0x0800539c       0x1c C:\QMK_MSYS\tmp\ccHMqryY.ltrans0.ltrans.o
 .text.chSchGoSleepTimeoutS
                0x080053b8       0x44 C:\QMK_MSYS\tmp\ccHMqryY.ltrans0.ltrans.o
 .text.chThdSuspendTimeoutS
                0x080053fc       0x1c C:\QMK_MSYS\tmp\ccHMqryY.ltrans0.ltrans.o
 .text.send_report
                0x08005418       0x50 C:\QMK_MSYS\tmp\ccHMqryY.ltrans0.ltrans.o
 .text.programmable_button_flush
                0x08005468       0x38 C:\QMK_MSYS\tmp\ccHMqryY.ltrans0.ltrans.o
 .text.send_keyboard
                0x080054a0       0x20 C:\QMK_MSYS\tmp\ccHMqryY.ltrans0.ltrans.o
 .text.send_nkro
                0x080054c0        0xa C:\QMK_MSYS\tmp\ccHMqryY.ltrans0.ltrans.o
 .text.send_extra
                0x080054ca        0xa C:\QMK_MSYS\tmp\ccHMqryY.ltrans0.ltrans.o
 .text.__port_irq_epilogue
                0x080054d4       0x5c C:\QMK_MSYS\tmp\ccHMqryY.ltrans0.ltrans.o
 .text.eeprom_update_block.constprop.0
                0x08005530       0x2e C:\QMK_MSYS\tmp\ccHMqryY.ltrans0.ltrans.o
 .text.led_init_ports
                0x0800555e        0x2 C:\QMK_MSYS\tmp\ccHMqryY.ltrans0.ltrans.o
                0x0800555e                __cpu_init
 .text.vprintf  0x08005560       0x28 C:\QMK_MSYS\tmp\ccHMqryY.ltrans0.ltrans.o
                0x08005560                vprintf
 .text.printf   0x08005588       0x1a C:\QMK_MSYS\tmp\ccHMqryY.ltrans0.ltrans.o
 *fill*         0x080055a2        0x2 
 .text.send_keyboard_report
                0x080055a4      0x128 C:\QMK_MSYS\tmp\ccHMqryY.ltrans0.ltrans.o
 .text.register_mods
                0x080056cc       0x14 C:\QMK_MSYS\tmp\ccHMqryY.ltrans0.ltrans.o
 .text.unregister_mods
                0x080056e0       0x18 C:\QMK_MSYS\tmp\ccHMqryY.ltrans0.ltrans.o
 .text.register_weak_mods
                0x080056f8       0x14 C:\QMK_MSYS\tmp\ccHMqryY.ltrans0.ltrans.o
 .text.unregister_weak_mods
                0x0800570c       0x18 C:\QMK_MSYS\tmp\ccHMqryY.ltrans0.ltrans.o
 .text.clear_keyboard
                0x08005724       0x38 C:\QMK_MSYS\tmp\ccHMqryY.ltrans0.ltrans.o
 .text.process_tap_dance_action_on_reset
                0x0800575c       0x28 C:\QMK_MSYS\tmp\ccHMqryY.ltrans0.ltrans.o
 .text.process_tap_dance_action_on_dance_finished
                0x08005784       0x48 C:\QMK_MSYS\tmp\ccHMqryY.ltrans0.ltrans.o
 .text.add_key_to_report
                0x080057cc       0x90 C:\QMK_MSYS\tmp\ccHMqryY.ltrans0.ltrans.o
 .text.del_key_from_report
                0x0800585c       0x7c C:\QMK_MSYS\tmp\ccHMqryY.ltrans0.ltrans.o
 .text.unregister_code.part.0
                0x080058d8       0x74 C:\QMK_MSYS\tmp\ccHMqryY.ltrans0.ltrans.o
 .text.unregister_code
                0x0800594c       0x3c C:\QMK_MSYS\tmp\ccHMqryY.ltrans0.ltrans.o
 .text.unregister_code16
                0x08005988       0x2c C:\QMK_MSYS\tmp\ccHMqryY.ltrans0.ltrans.o
 .text.rgb_matrix_set_speed_eeprom_helper.constprop.0
                0x080059b4       0x34 C:\QMK_MSYS\tmp\ccHMqryY.ltrans0.ltrans.o
 .text.rgb_matrix_increase_speed
                0x080059e8       0x18 C:\QMK_MSYS\tmp\ccHMqryY.ltrans0.ltrans.o
 .text.rgb_matrix_decrease_speed
                0x08005a00       0x14 C:\QMK_MSYS\tmp\ccHMqryY.ltrans0.ltrans.o
 .text.rgb_matrix_sethsv_eeprom_helper.constprop.0
                0x08005a14       0x48 C:\QMK_MSYS\tmp\ccHMqryY.ltrans0.ltrans.o
 .text.rgb_matrix_increase_hue
                0x08005a5c       0x14 C:\QMK_MSYS\tmp\ccHMqryY.ltrans0.ltrans.o
 .text.rgb_matrix_decrease_hue
                0x08005a70       0x14 C:\QMK_MSYS\tmp\ccHMqryY.ltrans0.ltrans.o
 .text.rgb_matrix_increase_sat
                0x08005a84       0x1c C:\QMK_MSYS\tmp\ccHMqryY.ltrans0.ltrans.o
 .text.rgb_matrix_decrease_sat
                0x08005aa0       0x18 C:\QMK_MSYS\tmp\ccHMqryY.ltrans0.ltrans.o
 .text.rgb_matrix_increase_val
                0x08005ab8       0x1c C:\QMK_MSYS\tmp\ccHMqryY.ltrans0.ltrans.o
 .text.rgb_matrix_decrease_val
                0x08005ad4       0x18 C:\QMK_MSYS\tmp\ccHMqryY.ltrans0.ltrans.o
 .text.rgb_matrix_mode_eeprom_helper.constprop.0
                0x08005aec       0x50 C:\QMK_MSYS\tmp\ccHMqryY.ltrans0.ltrans.o
 .text.rgb_matrix_step
                0x08005b3c       0x18 C:\QMK_MSYS\tmp\ccHMqryY.ltrans0.ltrans.o
 .text.rgb_matrix_step_reverse
                0x08005b54       0x1c C:\QMK_MSYS\tmp\ccHMqryY.ltrans0.ltrans.o
 .text.oled_off.isra.0
                0x08005b70       0x38 C:\QMK_MSYS\tmp\ccHMqryY.ltrans0.ltrans.o
 .text.oled_clear
                0x08005ba8       0x2c C:\QMK_MSYS\tmp\ccHMqryY.ltrans0.ltrans.o
                0x08005ba8                oled_clear
 .text.oled_write_raw
                0x08005bd4       0x60 C:\QMK_MSYS\tmp\ccHMqryY.ltrans0.ltrans.o
                0x08005bd4                oled_write_raw
 .text.timer_read32
                0x08005c34       0x6c C:\QMK_MSYS\tmp\ccHMqryY.ltrans0.ltrans.o
                0x08005c34                timer_read32
 .text.rgb_matrix_task
                0x08005ca0      0xfd4 C:\QMK_MSYS\tmp\ccHMqryY.ltrans0.ltrans.o
 .text.oled_init.constprop.0.isra.0
                0x08006c74       0xb4 C:\QMK_MSYS\tmp\ccHMqryY.ltrans0.ltrans.o
 .text.oled_on.isra.0
                0x08006d28       0x4c C:\QMK_MSYS\tmp\ccHMqryY.ltrans0.ltrans.o
 .text.oled_task
                0x08006d74      0x250 C:\QMK_MSYS\tmp\ccHMqryY.ltrans0.ltrans.o
 .text.__early_init
                0x08006fc4      0x22c C:\QMK_MSYS\tmp\ccHMqryY.ltrans0.ltrans.o
                0x08006fc4                __early_init
 .text.__late_init
                0x080071f0        0x2 C:\QMK_MSYS\tmp\ccHMqryY.ltrans0.ltrans.o
                0x080071f0                __late_init
 .text.__default_exit
                0x080071f2        0x2 C:\QMK_MSYS\tmp\ccHMqryY.ltrans0.ltrans.o
                0x080071f2                __default_exit
 .text.__init_ram_areas
                0x080071f4       0x58 C:\QMK_MSYS\tmp\ccHMqryY.ltrans0.ltrans.o
                0x080071f4                __init_ram_areas
 .text.__sch_reschedule_ahead
                0x0800724c       0x3c C:\QMK_MSYS\tmp\ccHMqryY.ltrans0.ltrans.o
                0x0800724c                chSchDoPreemption
 .text.chSchRescheduleS
                0x08007288       0x18 C:\QMK_MSYS\tmp\ccHMqryY.ltrans0.ltrans.o
 .text.usbStop.constprop.0
                0x080072a0       0x94 C:\QMK_MSYS\tmp\ccHMqryY.ltrans0.ltrans.o
 .text.__interrupt_unlock__.isra.0
                0x08007334       0x1e C:\QMK_MSYS\tmp\ccHMqryY.ltrans0.ltrans.o
 *fill*         0x08007352        0x2 
 .text.rbuf_has_data
                0x08007354       0x24 C:\QMK_MSYS\tmp\ccHMqryY.ltrans0.ltrans.o
 .text.sendchar
                0x08007378       0x34 C:\QMK_MSYS\tmp\ccHMqryY.ltrans0.ltrans.o
 .text.chThdExit
                0x080073ac       0x18 C:\QMK_MSYS\tmp\ccHMqryY.ltrans0.ltrans.o
                0x080073ac                chThdExit
 .text.chThdSleep
                0x080073c4       0x18 C:\QMK_MSYS\tmp\ccHMqryY.ltrans0.ltrans.o
                0x080073c4                chThdSleep
 .text.register_code.part.0
                0x080073dc       0xf8 C:\QMK_MSYS\tmp\ccHMqryY.ltrans0.ltrans.o
 .text.register_code
                0x080074d4       0x32 C:\QMK_MSYS\tmp\ccHMqryY.ltrans0.ltrans.o
 *fill*         0x08007506        0x2 
 .text.register_code16
                0x08007508       0x2c C:\QMK_MSYS\tmp\ccHMqryY.ltrans0.ltrans.o
 .text.tap_dance_pair_on_each_tap
                0x08007534       0x1a C:\QMK_MSYS\tmp\ccHMqryY.ltrans0.ltrans.o
 .text.tap_dance_pair_finished
                0x0800754e        0x6 C:\QMK_MSYS\tmp\ccHMqryY.ltrans0.ltrans.o
 .text.tap_code
                0x08007554       0x26 C:\QMK_MSYS\tmp\ccHMqryY.ltrans0.ltrans.o
 *fill*         0x0800757a        0x2 
 .text.perform_space_cadet.constprop.0.isra.0
                0x0800757c       0xa8 C:\QMK_MSYS\tmp\ccHMqryY.ltrans0.ltrans.o
 .text.process_record
                0x08007624      0x9b4 C:\QMK_MSYS\tmp\ccHMqryY.ltrans0.ltrans.o
 .text.waiting_buffer_scan_tap
                0x08007fd8       0x80 C:\QMK_MSYS\tmp\ccHMqryY.ltrans0.ltrans.o
 .text.process_tapping
                0x08008058      0x208 C:\QMK_MSYS\tmp\ccHMqryY.ltrans0.ltrans.o
 .text.action_exec
                0x08008260       0xcc C:\QMK_MSYS\tmp\ccHMqryY.ltrans0.ltrans.o
 .text.generate_tick_event
                0x0800832c       0x38 C:\QMK_MSYS\tmp\ccHMqryY.ltrans0.ltrans.o
 .text.tap_dance_pair_reset
                0x08008364       0x22 C:\QMK_MSYS\tmp\ccHMqryY.ltrans0.ltrans.o
 *fill*         0x08008386        0x2 
 .text.SVC_Handler
                0x08008388       0x20 C:\QMK_MSYS\tmp\ccHMqryY.ltrans0.ltrans.o
                0x08008388                SVC_Handler
 .text.i2cStart
                0x080083a8      0x188 C:\QMK_MSYS\tmp\ccHMqryY.ltrans0.ltrans.o
                0x080083a8                i2cStart
 .text.i2cStop  0x08008530       0x7c C:\QMK_MSYS\tmp\ccHMqryY.ltrans0.ltrans.o
                0x08008530                i2cStop
 .text.i2cMasterTransmitTimeout
                0x080085ac      0x104 C:\QMK_MSYS\tmp\ccHMqryY.ltrans0.ltrans.o
                0x080085ac                i2cMasterTransmitTimeout
 .text.VectorB0
                0x080086b0       0xd0 C:\QMK_MSYS\tmp\ccHMqryY.ltrans0.ltrans.o
                0x080086b0                VectorB0
 .text.Vector6C
                0x08008780       0x28 C:\QMK_MSYS\tmp\ccHMqryY.ltrans0.ltrans.o
                0x08008780                Vector6C
 .text.Vector70
                0x080087a8       0x2c C:\QMK_MSYS\tmp\ccHMqryY.ltrans0.ltrans.o
                0x080087a8                Vector70
 .text.Vector74
                0x080087d4       0x2c C:\QMK_MSYS\tmp\ccHMqryY.ltrans0.ltrans.o
                0x080087d4                Vector74
 .text.Vector78
                0x08008800       0x2c C:\QMK_MSYS\tmp\ccHMqryY.ltrans0.ltrans.o
                0x08008800                Vector78
 .text.Vector7C
                0x0800882c       0x28 C:\QMK_MSYS\tmp\ccHMqryY.ltrans0.ltrans.o
                0x0800882c                Vector7C
 .text.Vector80
                0x08008854       0x2c C:\QMK_MSYS\tmp\ccHMqryY.ltrans0.ltrans.o
                0x08008854                Vector80
 .text.Vector84
                0x08008880       0x2c C:\QMK_MSYS\tmp\ccHMqryY.ltrans0.ltrans.o
                0x08008880                Vector84
 .text.VectorFC
                0x080088ac       0x2c C:\QMK_MSYS\tmp\ccHMqryY.ltrans0.ltrans.o
                0x080088ac                VectorFC
 .text.Vector120
                0x080088d8       0x28 C:\QMK_MSYS\tmp\ccHMqryY.ltrans0.ltrans.o
                0x080088d8                Vector120
 .text.Vector124
                0x08008900       0x2c C:\QMK_MSYS\tmp\ccHMqryY.ltrans0.ltrans.o
                0x08008900                Vector124
 .text.Vector128
                0x0800892c       0x2c C:\QMK_MSYS\tmp\ccHMqryY.ltrans0.ltrans.o
                0x0800892c                Vector128
 .text.Vector12C
                0x08008958       0x2c C:\QMK_MSYS\tmp\ccHMqryY.ltrans0.ltrans.o
                0x08008958                Vector12C
 .text.Vector130
                0x08008984       0x28 C:\QMK_MSYS\tmp\ccHMqryY.ltrans0.ltrans.o
                0x08008984                Vector130
 .text.Vector150
                0x080089ac       0x2c C:\QMK_MSYS\tmp\ccHMqryY.ltrans0.ltrans.o
                0x080089ac                Vector150
 .text.Vector154
                0x080089d8       0x2c C:\QMK_MSYS\tmp\ccHMqryY.ltrans0.ltrans.o
                0x080089d8                Vector154
 .text.Vector158
                0x08008a04       0x2c C:\QMK_MSYS\tmp\ccHMqryY.ltrans0.ltrans.o
                0x08008a04                Vector158
 .text._pal_lld_setgroupmode
                0x08008a30       0xd6 C:\QMK_MSYS\tmp\ccHMqryY.ltrans0.ltrans.o
                0x08008a30                _pal_lld_setgroupmode
 .text.setPinInputHigh_atomic
                0x08008b06       0x22 C:\QMK_MSYS\tmp\ccHMqryY.ltrans0.ltrans.o
 .text.flush    0x08008b28       0x88 C:\QMK_MSYS\tmp\ccHMqryY.ltrans0.ltrans.o
 .text.encoder_quadrature_init_pin
                0x08008bb0       0x24 C:\QMK_MSYS\tmp\ccHMqryY.ltrans0.ltrans.o
 .text.matrix_scan.isra.0
                0x08008bd4      0x2bc C:\QMK_MSYS\tmp\ccHMqryY.ltrans0.ltrans.o
 .text.startup.main
                0x08008e90      0xd8c C:\QMK_MSYS\tmp\ccHMqryY.ltrans0.ltrans.o
                0x08008e90                main
 .text.VectorBC
                0x08009c1c      0x114 C:\QMK_MSYS\tmp\ccHMqryY.ltrans0.ltrans.o
                0x08009c1c                VectorBC
 .text.VectorC0
                0x08009d30       0xd0 C:\QMK_MSYS\tmp\ccHMqryY.ltrans0.ltrans.o
                0x08009d30                VectorC0
 .text.Vector14C
                0x08009e00      0x450 C:\QMK_MSYS\tmp\ccHMqryY.ltrans0.ltrans.o
                0x08009e00                Vector14C
 .text._read_r  0x0800a250        0xa C:\QMK_MSYS\tmp\ccHMqryY.ltrans0.ltrans.o
                0x0800a250                _read_r
 .text._lseek_r
                0x0800a25a        0x4 C:\QMK_MSYS\tmp\ccHMqryY.ltrans0.ltrans.o
                0x0800a25a                _lseek_r
 .text._write_r
                0x0800a25e        0x4 C:\QMK_MSYS\tmp\ccHMqryY.ltrans0.ltrans.o
                0x0800a25e                _write_r
 .text._close_r
                0x0800a262        0x4 C:\QMK_MSYS\tmp\ccHMqryY.ltrans0.ltrans.o
                0x0800a262                _close_r
 *fill*         0x0800a266        0x2 
 .text._sbrk_r  0x0800a268       0x3c C:\QMK_MSYS\tmp\ccHMqryY.ltrans0.ltrans.o
                0x0800a268                _sbrk_r
 .text._fstat_r
                0x0800a2a4       0x18 C:\QMK_MSYS\tmp\ccHMqryY.ltrans0.ltrans.o
                0x0800a2a4                _fstat_r
 .text._isatty_r
                0x0800a2bc        0x4 C:\QMK_MSYS\tmp\ccHMqryY.ltrans0.ltrans.o
                0x0800a2bc                _isatty_r
 .text._exit    0x0800a2c0       0x14 C:\QMK_MSYS\tmp\ccHMqryY.ltrans0.ltrans.o
                0x0800a2c0                _exit
 .text._kill    0x0800a2d4       0x14 C:\QMK_MSYS\tmp\ccHMqryY.ltrans0.ltrans.o
                0x0800a2d4                _kill
 .text._getpid  0x0800a2e8        0x4 C:\QMK_MSYS\tmp\ccHMqryY.ltrans0.ltrans.o
                0x0800a2e8                _getpid
 .text._fini    0x0800a2ec        0x2 C:\QMK_MSYS\tmp\ccHMqryY.ltrans0.ltrans.o
                0x0800a2ec                _fini
 *fill*         0x0800a2ee        0x2 
 .text.waiting_buffer_typed.isra.0
                0x0800a2f0       0x44 C:\QMK_MSYS\tmp\ccHMqryY.ltrans1.ltrans.o
                0x0800a2f0                waiting_buffer_typed.isra.0
 .text.animation_on.isra.0
                0x0800a334       0x84 C:\QMK_MSYS\tmp\ccHMqryY.ltrans1.ltrans.o
                0x0800a334                animation_on.isra.0
 .text.i2c_epilogue
                0x0800a3b8       0x20 .build/obj_vessel_base/i2c_master.a(i2c_master.o)
 .text.i2c_init
                0x0800a3d8       0x50 .build/obj_vessel_base/i2c_master.a(i2c_master.o)
                0x0800a3d8                i2c_init
 .text.i2c_transmit
                0x0800a428       0x68 .build/obj_vessel_base/i2c_master.a(i2c_master.o)
                0x0800a428                i2c_transmit
 .text.i2c_write_register
                0x0800a490       0x90 .build/obj_vessel_base/i2c_master.a(i2c_master.o)
                0x0800a490                i2c_write_register
 .text.__udivmoddi4
                0x0800a520      0x2a0 c:/qmk_msys/mingw64/bin/../lib/gcc/arm-none-eabi/12.2.0/thumb/v7e-m+fp/hard\libgcc.a(_udivmoddi4.o)
                0x0800a520                __udivmoddi4
 *(.glue_7t)
 .glue_7t       0x0800a7c0        0x0 linker stubs
 *(.glue_7)
 .glue_7        0x0800a7c0        0x0 linker stubs
 *(.gcc*)
                0x0800a7c0                        __text_end__ = .

.vfp11_veneer   0x0800a7c0        0x0
 .vfp11_veneer  0x0800a7c0        0x0 linker stubs

.v4_bx          0x0800a7c0        0x0
 .v4_bx         0x0800a7c0        0x0 linker stubs

.iplt           0x0800a7c0        0x0
 .iplt          0x0800a7c0        0x0 .build/obj_vessel_base/i2c_master.a(i2c_master.o)

.rodata         0x0800a7c0     0x5f1c
                0x0800a7c0                        __rodata_base__ = .
 *(.rodata)
 *(.rodata.*)
 .rodata.i2c_lld_serve_tx_end_irq.str1.1
                0x0800a7c0      0x4be C:\QMK_MSYS\tmp\ccHMqryY.ltrans0.ltrans.o
                                  0xc (size before relaxing)
 .rodata.vsnprintf_impl.constprop.0.str1.1
                0x0800ac7e        0xd C:\QMK_MSYS\tmp\ccHMqryY.ltrans0.ltrans.o
 .rodata.send_keyboard_report.str1.1
                0x0800ac7e       0x36 C:\QMK_MSYS\tmp\ccHMqryY.ltrans0.ltrans.o
 .rodata.add_key_to_report.str1.1
                0x0800ac7e       0x1e C:\QMK_MSYS\tmp\ccHMqryY.ltrans0.ltrans.o
 .rodata.del_key_from_report.str1.1
                0x0800ac7e       0x1e C:\QMK_MSYS\tmp\ccHMqryY.ltrans0.ltrans.o
 .rodata.rgb_matrix_set_speed_eeprom_helper.constprop.0.str1.1
                0x0800ac7e       0x26 C:\QMK_MSYS\tmp\ccHMqryY.ltrans0.ltrans.o
 .rodata.rgb_matrix_sethsv_eeprom_helper.constprop.0.str1.1
                0x0800ac7e       0x23 C:\QMK_MSYS\tmp\ccHMqryY.ltrans0.ltrans.o
 .rodata.rgb_matrix_mode_eeprom_helper.constprop.0.str1.1
                0x0800ac7e       0x1a C:\QMK_MSYS\tmp\ccHMqryY.ltrans0.ltrans.o
 .rodata.oled_off.isra.0.str1.1
                0x0800ac7e       0x15 C:\QMK_MSYS\tmp\ccHMqryY.ltrans0.ltrans.o
 .rodata.oled_init.constprop.0.isra.0.str1.1
                0x0800ac7e       0x71 C:\QMK_MSYS\tmp\ccHMqryY.ltrans0.ltrans.o
 .rodata.oled_on.isra.0.str1.1
                0x0800ac7e       0x14 C:\QMK_MSYS\tmp\ccHMqryY.ltrans0.ltrans.o
 .rodata.oled_task.str1.1
                0x0800ac7e       0x70 C:\QMK_MSYS\tmp\ccHMqryY.ltrans0.ltrans.o
 .rodata.process_record.str1.1
                0x0800ac7e       0xe9 C:\QMK_MSYS\tmp\ccHMqryY.ltrans0.ltrans.o
 .rodata.main.str1.1
                0x0800ac7e      0x1d2 C:\QMK_MSYS\tmp\ccHMqryY.ltrans0.ltrans.o
 .rodata._exit.str1.1
                0x0800ac7e        0x5 C:\QMK_MSYS\tmp\ccHMqryY.ltrans0.ltrans.o
 .rodata._kill.str1.1
                0x0800ac7e        0x5 C:\QMK_MSYS\tmp\ccHMqryY.ltrans0.ltrans.o
 .rodata.ConsoleReport
                0x0800ac7e       0x15 C:\QMK_MSYS\tmp\ccHMqryY.ltrans0.ltrans.o
 .rodata.SharedReport
                0x0800ac93       0x8b C:\QMK_MSYS\tmp\ccHMqryY.ltrans0.ltrans.o
 .rodata.KeyboardReport
                0x0800ad1e       0x44 C:\QMK_MSYS\tmp\ccHMqryY.ltrans0.ltrans.o
 .rodata.ProductString
                0x0800ad62       0x14 C:\QMK_MSYS\tmp\ccHMqryY.ltrans0.ltrans.o
 .rodata.ManufacturerString
                0x0800ad76       0x24 C:\QMK_MSYS\tmp\ccHMqryY.ltrans0.ltrans.o
 .rodata.LanguageString
                0x0800ad9a        0x4 C:\QMK_MSYS\tmp\ccHMqryY.ltrans0.ltrans.o
 .rodata.display_on.5
                0x0800ad9e        0x2 C:\QMK_MSYS\tmp\ccHMqryY.ltrans0.ltrans.o
 .rodata.display_off.4
                0x0800ada0        0x2 C:\QMK_MSYS\tmp\ccHMqryY.ltrans0.ltrans.o
 .rodata.display_setup2.11
                0x0800ada2        0xd C:\QMK_MSYS\tmp\ccHMqryY.ltrans0.ltrans.o
 .rodata.display_flipped.12
                0x0800adaf        0x5 C:\QMK_MSYS\tmp\ccHMqryY.ltrans0.ltrans.o
 .rodata.display_normal.13
                0x0800adb4        0x5 C:\QMK_MSYS\tmp\ccHMqryY.ltrans0.ltrans.o
 .rodata.display_setup1.14
                0x0800adb9        0xb C:\QMK_MSYS\tmp\ccHMqryY.ltrans0.ltrans.o
 .rodata.ep0config
                0x0800adc4       0x24 C:\QMK_MSYS\tmp\ccHMqryY.ltrans0.ltrans.o
 .rodata.active_status
                0x0800ade8        0x2 C:\QMK_MSYS\tmp\ccHMqryY.ltrans0.ltrans.o
 .rodata.halted_status
                0x0800adea        0x2 C:\QMK_MSYS\tmp\ccHMqryY.ltrans0.ltrans.o
 .rodata.zero_status
                0x0800adec        0x2 C:\QMK_MSYS\tmp\ccHMqryY.ltrans0.ltrans.o
 *fill*         0x0800adee        0x2 
 .rodata.ram_areas
                0x0800adf0       0x80 C:\QMK_MSYS\tmp\ccHMqryY.ltrans0.ltrans.o
 .rodata.gpio_default_config
                0x0800ae70       0xe0 C:\QMK_MSYS\tmp\ccHMqryY.ltrans0.ltrans.o
 .rodata.console_ep_config
                0x0800af50       0x24 C:\QMK_MSYS\tmp\ccHMqryY.ltrans0.ltrans.o
 .rodata.shared_ep_config
                0x0800af74       0x24 C:\QMK_MSYS\tmp\ccHMqryY.ltrans0.ltrans.o
 .rodata.kbd_ep_config
                0x0800af98       0x24 C:\QMK_MSYS\tmp\ccHMqryY.ltrans0.ltrans.o
 .rodata.ConfigurationDescriptor
                0x0800afbc       0x54 C:\QMK_MSYS\tmp\ccHMqryY.ltrans0.ltrans.o
 .rodata.DeviceDescriptor
                0x0800b010       0x12 C:\QMK_MSYS\tmp\ccHMqryY.ltrans0.ltrans.o
 .rodata.CSWTCH.5
                0x0800b022        0x3 C:\QMK_MSYS\tmp\ccHMqryY.ltrans0.ltrans.o
 *fill*         0x0800b025        0x3 
 .rodata.CSWTCH.4
                0x0800b028        0xc C:\QMK_MSYS\tmp\ccHMqryY.ltrans0.ltrans.o
 .rodata.CSWTCH.3
                0x0800b034        0xc C:\QMK_MSYS\tmp\ccHMqryY.ltrans0.ltrans.o
 .rodata.CSWTCH.2
                0x0800b040        0x3 C:\QMK_MSYS\tmp\ccHMqryY.ltrans0.ltrans.o
 *fill*         0x0800b043        0x1 
 .rodata.CSWTCH.1
                0x0800b044        0xc C:\QMK_MSYS\tmp\ccHMqryY.ltrans0.ltrans.o
 .rodata.caps_active.1
                0x0800b050      0x400 C:\QMK_MSYS\tmp\ccHMqryY.ltrans0.ltrans.o
 .rodata.target_map.7
                0x0800b450        0x8 C:\QMK_MSYS\tmp\ccHMqryY.ltrans0.ltrans.o
 .rodata.source_map.8
                0x0800b458        0x8 C:\QMK_MSYS\tmp\ccHMqryY.ltrans0.ltrans.o
 .rodata.b_m16_interleave
                0x0800b460        0x8 C:\QMK_MSYS\tmp\ccHMqryY.ltrans0.ltrans.o
 .rodata.CIE1931_CURVE
                0x0800b468      0x100 C:\QMK_MSYS\tmp\ccHMqryY.ltrans0.ltrans.o
 .rodata._stm32_dma_streams
                0x0800b568       0xc0 C:\QMK_MSYS\tmp\ccHMqryY.ltrans0.ltrans.o
 .rodata.fsparams
                0x0800b628        0xc C:\QMK_MSYS\tmp\ccHMqryY.ltrans0.ltrans.o
 .rodata.str1.1
                0x0800b634        0x3 C:\QMK_MSYS\tmp\ccHMqryY.ltrans0.ltrans.o
 .rodata.ch_core0_cfg
                0x0800b634        0xc C:\QMK_MSYS\tmp\ccHMqryY.ltrans0.ltrans.o
 .rodata.row_pins
                0x0800b640       0x1c C:\QMK_MSYS\tmp\ccHMqryY.ltrans0.ltrans.o
 .rodata.col_pins
                0x0800b65c       0x44 C:\QMK_MSYS\tmp\ccHMqryY.ltrans0.ltrans.o
 .rodata.usbcfg
                0x0800b6a0       0x10 C:\QMK_MSYS\tmp\ccHMqryY.ltrans0.ltrans.o
 .rodata.encoder_LUT
                0x0800b6b0       0x10 C:\QMK_MSYS\tmp\ccHMqryY.ltrans0.ltrans.o
 .rodata.keymaps
                0x0800b6c0       0xee C:\QMK_MSYS\tmp\ccHMqryY.ltrans0.ltrans.o
 .rodata.CSWTCH.10
                0x0800b7ae       0x36 C:\QMK_MSYS\tmp\ccHMqryY.ltrans0.ltrans.o
 .rodata.g_led_config
                0x0800b7e4      0x1a9 C:\QMK_MSYS\tmp\ccHMqryY.ltrans0.ltrans.o
 .rodata.epd_bitmap_frame_18_delay_0.21
                0x0800b98d      0x400 C:\QMK_MSYS\tmp\ccHMqryY.ltrans1.ltrans.o
 .rodata.epd_bitmap_frame_17_delay_0.20
                0x0800bd8d      0x400 C:\QMK_MSYS\tmp\ccHMqryY.ltrans1.ltrans.o
 .rodata.epd_bitmap_frame_16_delay_0.19
                0x0800c18d      0x400 C:\QMK_MSYS\tmp\ccHMqryY.ltrans1.ltrans.o
 .rodata.epd_bitmap_frame_15_delay_0.18
                0x0800c58d      0x400 C:\QMK_MSYS\tmp\ccHMqryY.ltrans1.ltrans.o
 .rodata.epd_bitmap_frame_14_delay_0.17
                0x0800c98d      0x400 C:\QMK_MSYS\tmp\ccHMqryY.ltrans1.ltrans.o
 .rodata.epd_bitmap_frame_13_delay_0.16
                0x0800cd8d      0x400 C:\QMK_MSYS\tmp\ccHMqryY.ltrans1.ltrans.o
 .rodata.epd_bitmap_frame_12_delay_0.15
                0x0800d18d      0x400 C:\QMK_MSYS\tmp\ccHMqryY.ltrans1.ltrans.o
 .rodata.epd_bitmap_frame_11_delay_0.14
                0x0800d58d      0x400 C:\QMK_MSYS\tmp\ccHMqryY.ltrans1.ltrans.o
 .rodata.epd_bitmap_frame_10_delay_0.13
                0x0800d98d      0x400 C:\QMK_MSYS\tmp\ccHMqryY.ltrans1.ltrans.o
 .rodata.epd_bitmap_frame_9_delay_0.12
                0x0800dd8d      0x400 C:\QMK_MSYS\tmp\ccHMqryY.ltrans1.ltrans.o
 .rodata.epd_bitmap_frame_8_delay_0.11
                0x0800e18d      0x400 C:\QMK_MSYS\tmp\ccHMqryY.ltrans1.ltrans.o
 .rodata.epd_bitmap_frame_7_delay_0.10
                0x0800e58d      0x400 C:\QMK_MSYS\tmp\ccHMqryY.ltrans1.ltrans.o
 .rodata.epd_bitmap_frame_6_delay_0.9
                0x0800e98d      0x400 C:\QMK_MSYS\tmp\ccHMqryY.ltrans1.ltrans.o
 .rodata.epd_bitmap_frame_5_delay_0.8
                0x0800ed8d      0x400 C:\QMK_MSYS\tmp\ccHMqryY.ltrans1.ltrans.o
 .rodata.epd_bitmap_frame_4_delay_0.7
                0x0800f18d      0x400 C:\QMK_MSYS\tmp\ccHMqryY.ltrans1.ltrans.o
 .rodata.epd_bitmap_frame_3_delay_0.6
                0x0800f58d      0x400 C:\QMK_MSYS\tmp\ccHMqryY.ltrans1.ltrans.o
 .rodata.epd_bitmap_frame_2_delay_0.5
                0x0800f98d      0x400 C:\QMK_MSYS\tmp\ccHMqryY.ltrans1.ltrans.o
 .rodata.epd_bitmap_frame_1_delay_0.4
                0x0800fd8d      0x400 C:\QMK_MSYS\tmp\ccHMqryY.ltrans1.ltrans.o
 .rodata.epd_bitmap_frame_0_delay_0.3
                0x0801018d      0x400 C:\QMK_MSYS\tmp\ccHMqryY.ltrans1.ltrans.o
 *fill*         0x0801058d        0x1 
 .rodata.frame_sizes.22
                0x0801058e       0x26 C:\QMK_MSYS\tmp\ccHMqryY.ltrans1.ltrans.o
 .rodata.epd_bitmap_allArray.23
                0x080105b4       0x4c C:\QMK_MSYS\tmp\ccHMqryY.ltrans1.ltrans.o
 .rodata.i2cconfig
                0x08010600        0xc .build/obj_vessel_base/i2c_master.a(i2c_master.o)
 .rodata.str1.4
                0x0801060c       0xcd c:/qmk_msys/mingw64/bin/../lib/gcc/arm-none-eabi/12.2.0/../../../../arm-none-eabi/lib/thumb/v7e-m+fp/hard\libg_nano.a(libc_a-rand.o)
                                 0x53 (size before relaxing)
 .rodata.str1.4
                0x080106d9       0x43 c:/qmk_msys/mingw64/bin/../lib/gcc/arm-none-eabi/12.2.0/../../../../arm-none-eabi/lib/thumb/v7e-m+fp/hard\libg_nano.a(libc_a-assert.o)
 .rodata.str1.4
                0x080106d9       0x13 c:/qmk_msys/mingw64/bin/../lib/gcc/arm-none-eabi/12.2.0/../../../../arm-none-eabi/lib/thumb/v7e-m+fp/hard\libg_nano.a(libc_a-nano-vfprintf.o)
 .rodata.str1.4
                0x080106d9       0x25 c:/qmk_msys/mingw64/bin/../lib/gcc/arm-none-eabi/12.2.0/../../../../arm-none-eabi/lib/thumb/v7e-m+fp/hard\libg_nano.a(libc_a-nano-vfprintf_i.o)
                0x0801071c                        . = ALIGN (0x4)
 *fill*         0x080106d9        0x3 
                0x080106dc                        __rodata_end__ = .

.ARM.extab
 *(.ARM.extab* .gnu.linkonce.armextab.*)

.ARM.exidx      0x080106dc        0x8
                0x080106dc                        __exidx_base__ = .
                0x080106dc                        __exidx_start = .
 *(.ARM.exidx* .gnu.linkonce.armexidx.*)
 .ARM.exidx     0x080106dc        0x8 c:/qmk_msys/mingw64/bin/../lib/gcc/arm-none-eabi/12.2.0/../../../../arm-none-eabi/lib/thumb/v7e-m+fp/hard\libg_nano.a(libc_a-memcpy.o)
 .ARM.exidx     0x080106e4        0x0 c:/qmk_msys/mingw64/bin/../lib/gcc/arm-none-eabi/12.2.0/../../../../arm-none-eabi/lib/thumb/v7e-m+fp/hard\libg_nano.a(libc_a-memchr.o)
                                  0x8 (size before relaxing)
 .ARM.exidx.text.__udivmoddi4
                0x080106e4        0x0 c:/qmk_msys/mingw64/bin/../lib/gcc/arm-none-eabi/12.2.0/thumb/v7e-m+fp/hard\libgcc.a(_udivmoddi4.o)
                                  0x8 (size before relaxing)
                0x080106e4                        __exidx_end__ = .
                0x080106e4                        __exidx_end = .

.rel.dyn        0x080106e4        0x0
 .rel.iplt      0x080106e4        0x0 .build/obj_vessel_base/i2c_master.a(i2c_master.o)

.eh_frame_hdr
 *(.eh_frame_hdr)

.eh_frame
 *(.eh_frame)

.data           0x20000c00       0xac load address 0x080106e4
                [!provide]                        PROVIDE (_textdata = LOADADDR (.data))
                [!provide]                        PROVIDE (_data = .)
                0x080106e4                        __textdata_base__ = LOADADDR (.data)
                0x20000c00                        __data_base__ = .
 *(.data)
 .data          0x20000c00       0x50 c:/qmk_msys/mingw64/bin/../lib/gcc/arm-none-eabi/12.2.0/../../../../arm-none-eabi/lib/thumb/v7e-m+fp/hard\libg_nano.a(libc_a-impure.o)
                0x20000c00                _impure_ptr
                0x20000c04                _impure_data
 .data          0x20000c50        0xc c:/qmk_msys/mingw64/bin/../lib/gcc/arm-none-eabi/12.2.0/../../../../arm-none-eabi/lib/thumb/v7e-m+fp/hard\libg_nano.a(libc_a-findfp.o)
                0x20000c50                __sglue
 *(.data.*)
 .data.__compound_literal.20
                0x20000c5c        0x4 C:\QMK_MSYS\tmp\ccHMqryY.ltrans0.ltrans.o
 .data.display_start.10
                0x20000c60        0x7 C:\QMK_MSYS\tmp\ccHMqryY.ltrans0.ltrans.o
 .data.rgb_last_enable
                0x20000c67        0x1 C:\QMK_MSYS\tmp\ccHMqryY.ltrans0.ltrans.o
 .data.rgb_last_effect
                0x20000c68        0x1 C:\QMK_MSYS\tmp\ccHMqryY.ltrans0.ltrans.o
 .data.rgb_effect_params
                0x20000c69        0x3 C:\QMK_MSYS\tmp\ccHMqryY.ltrans0.ltrans.o
 .data.rand16seed
                0x20000c6c        0x2 C:\QMK_MSYS\tmp\ccHMqryY.ltrans0.ltrans.o
 *fill*         0x20000c6e        0x2 
 .data.func     0x20000c70        0x4 C:\QMK_MSYS\tmp\ccHMqryY.ltrans0.ltrans.o
 .data.chibios_driver
                0x20000c74       0x14 C:\QMK_MSYS\tmp\ccHMqryY.ltrans0.ltrans.o
 .data.keyboard_protocol
                0x20000c88        0x1 C:\QMK_MSYS\tmp\ccHMqryY.ltrans0.ltrans.o
 .data.animation_enabled.lto_priv.0
                0x20000c89        0x1 C:\QMK_MSYS\tmp\ccHMqryY.ltrans0.ltrans.o
                0x20000c89                animation_enabled.lto_priv.0
 *fill*         0x20000c8a        0x2 
 .data.tap_dance_actions
                0x20000c8c       0x1c C:\QMK_MSYS\tmp\ccHMqryY.ltrans0.ltrans.o
 .data.rgb_task_state
                0x20000ca8        0x1 C:\QMK_MSYS\tmp\ccHMqryY.ltrans0.ltrans.o
 *(.ramtext)
                0x20000cac                        . = ALIGN (0x4)
 *fill*         0x20000ca9        0x3 
                [!provide]                        PROVIDE (_edata = .)
                0x20000cac                        __data_end__ = .

.igot.plt       0x20000cac        0x0 load address 0x08010790
 .igot.plt      0x20000cac        0x0 .build/obj_vessel_base/i2c_master.a(i2c_master.o)

.bss            0x20000cb0    0x11008 load address 0x08010790
                0x20000cb0                        __bss_base__ = .
 *(.bss)
 .bss           0x20000cb0        0x8 c:/qmk_msys/mingw64/bin/../lib/gcc/arm-none-eabi/12.2.0/../../../../arm-none-eabi/lib/thumb/v7e-m+fp/hard\libg_nano.a(libc_a-mallocr.o)
                0x20000cb0                __malloc_sbrk_start
                0x20000cb4                __malloc_free_list
 .bss           0x20000cb8       0x1d c:/qmk_msys/mingw64/bin/../lib/gcc/arm-none-eabi/12.2.0/../../../../arm-none-eabi/lib/thumb/v7e-m+fp/hard\libg_nano.a(libc_a-lock.o)
                0x20000cb8                __lock___arc4random_mutex
                0x20000cbc                __lock___dd_hash_mutex
                0x20000cc0                __lock___tz_mutex
                0x20000cc4                __lock___env_recursive_mutex
                0x20000cc8                __lock___malloc_recursive_mutex
                0x20000ccc                __lock___at_quick_exit_mutex
                0x20000cd0                __lock___atexit_recursive_mutex
                0x20000cd4                __lock___sfp_recursive_mutex
 *fill*         0x20000cd5        0x3 
 .bss           0x20000cd8      0x13c c:/qmk_msys/mingw64/bin/../lib/gcc/arm-none-eabi/12.2.0/../../../../arm-none-eabi/lib/thumb/v7e-m+fp/hard\libg_nano.a(libc_a-findfp.o)
                0x20000cd8                __sf
                0x20000e10                __stdio_exit_handler
 .bss           0x20000e14        0x4 c:/qmk_msys/mingw64/bin/../lib/gcc/arm-none-eabi/12.2.0/../../../../arm-none-eabi/lib/thumb/v7e-m+fp/hard\libg_nano.a(libc_a-reent.o)
                0x20000e14                errno
 *(.bss.*)
 .bss.ep0setup_buffer
                0x20000e18        0x8 C:\QMK_MSYS\tmp\ccHMqryY.ltrans0.ltrans.o
 .bss.ep0_state
                0x20000e20       0x14 C:\QMK_MSYS\tmp\ccHMqryY.ltrans0.ltrans.o
 .bss.console_ep_state
                0x20000e34       0x14 C:\QMK_MSYS\tmp\ccHMqryY.ltrans0.ltrans.o
 .bss.shared_ep_state
                0x20000e48       0x14 C:\QMK_MSYS\tmp\ccHMqryY.ltrans0.ltrans.o
 .bss.kbd_ep_state
                0x20000e5c       0x14 C:\QMK_MSYS\tmp\ccHMqryY.ltrans0.ltrans.o
 .bss.ch_c0_idle_thread_wa
                0x20000e70      0x1e0 C:\QMK_MSYS\tmp\ccHMqryY.ltrans0.ltrans.o
 .bss.__compound_literal.1
                0x20001050       0x20 C:\QMK_MSYS\tmp\ccHMqryY.ltrans0.ltrans.o
 .bss.__compound_literal.0
                0x20001070        0x8 C:\QMK_MSYS\tmp\ccHMqryY.ltrans0.ltrans.o
 .bss.encoder_button_state.0
                0x20001078        0x1 C:\QMK_MSYS\tmp\ccHMqryY.ltrans0.ltrans.o
 *fill*         0x20001079        0x3 
 .bss.last_time
                0x2000107c        0x4 C:\QMK_MSYS\tmp\ccHMqryY.ltrans0.ltrans.o
 .bss.counters_need_update
                0x20001080        0x1 C:\QMK_MSYS\tmp\ccHMqryY.ltrans0.ltrans.o
 .bss.cooked_changed
                0x20001081        0x1 C:\QMK_MSYS\tmp\ccHMqryY.ltrans0.ltrans.o
 .bss.sc_timer  0x20001082        0x2 C:\QMK_MSYS\tmp\ccHMqryY.ltrans0.ltrans.o
 .bss.keyboard_idle
                0x20001084        0x1 C:\QMK_MSYS\tmp\ccHMqryY.ltrans0.ltrans.o
 .bss.universal_report_blank
                0x20001085        0x8 C:\QMK_MSYS\tmp\ccHMqryY.ltrans0.ltrans.o
 .bss.keyboard_report_sent
                0x2000108d        0x8 C:\QMK_MSYS\tmp\ccHMqryY.ltrans0.ltrans.o
 .bss.keyboard_led_state
                0x20001095        0x1 C:\QMK_MSYS\tmp\ccHMqryY.ltrans0.ltrans.o
 *fill*         0x20001096        0x2 
 .bss.set_report_buf
                0x20001098        0x2 C:\QMK_MSYS\tmp\ccHMqryY.ltrans0.ltrans.o
 *fill*         0x2000109a        0x2 
 .bss.descriptor.0
                0x2000109c        0x8 C:\QMK_MSYS\tmp\ccHMqryY.ltrans0.ltrans.o
 .bss.last_consumer_usage
                0x200010a4        0x2 C:\QMK_MSYS\tmp\ccHMqryY.ltrans0.ltrans.o
 .bss.last_system_usage
                0x200010a6        0x2 C:\QMK_MSYS\tmp\ccHMqryY.ltrans0.ltrans.o
 .bss.oled_rotation_width
                0x200010a8        0x1 C:\QMK_MSYS\tmp\ccHMqryY.ltrans0.ltrans.o
 .bss.caps_lock_was_on.2
                0x200010a9        0x1 C:\QMK_MSYS\tmp\ccHMqryY.ltrans0.ltrans.o
 .bss.temp_buffer.9
                0x200010aa       0x40 C:\QMK_MSYS\tmp\ccHMqryY.ltrans0.ltrans.o
 .bss.oled_rotation
                0x200010ea        0x1 C:\QMK_MSYS\tmp\ccHMqryY.ltrans0.ltrans.o
 .bss.oled_scrolling
                0x200010eb        0x1 C:\QMK_MSYS\tmp\ccHMqryY.ltrans0.ltrans.o
 .bss.oled_timeout
                0x200010ec        0x4 C:\QMK_MSYS\tmp\ccHMqryY.ltrans0.ltrans.o
 .bss.oled_initialized
                0x200010f0        0x1 C:\QMK_MSYS\tmp\ccHMqryY.ltrans0.ltrans.o
 *fill*         0x200010f1        0x1 
 .bss.oled_dirty
                0x200010f2        0x2 C:\QMK_MSYS\tmp\ccHMqryY.ltrans0.ltrans.o
 .bss.oled_cursor
                0x200010f4        0x4 C:\QMK_MSYS\tmp\ccHMqryY.ltrans0.ltrans.o
 .bss.oled_buffer
                0x200010f8      0x400 C:\QMK_MSYS\tmp\ccHMqryY.ltrans0.ltrans.o
 .bss.s_init.0  0x200014f8        0x1 C:\QMK_MSYS\tmp\ccHMqryY.ltrans0.ltrans.o
 .bss.rgb_matrix_ws2812_array
                0x200014f9      0x132 C:\QMK_MSYS\tmp\ccHMqryY.ltrans0.ltrans.o
 .bss.ws2812_dirty
                0x2000162b        0x1 C:\QMK_MSYS\tmp\ccHMqryY.ltrans0.ltrans.o
 .bss.rgb_timer_buffer
                0x2000162c        0x4 C:\QMK_MSYS\tmp\ccHMqryY.ltrans0.ltrans.o
 .bss.wait_timer.8
                0x20001630        0x4 C:\QMK_MSYS\tmp\ccHMqryY.ltrans0.ltrans.o
 .bss.led.6     0x20001634      0x132 C:\QMK_MSYS\tmp\ccHMqryY.ltrans0.ltrans.o
 *fill*         0x20001766        0x2 
 .bss.wait_timer.7
                0x20001768        0x4 C:\QMK_MSYS\tmp\ccHMqryY.ltrans0.ltrans.o
 .bss.led.4     0x2000176c       0x38 C:\QMK_MSYS\tmp\ccHMqryY.ltrans0.ltrans.o
 .bss.wait_timer.5
                0x200017a4        0x4 C:\QMK_MSYS\tmp\ccHMqryY.ltrans0.ltrans.o
 .bss.decrease_heatmap_values
                0x200017a8        0x1 C:\QMK_MSYS\tmp\ccHMqryY.ltrans0.ltrans.o
 *fill*         0x200017a9        0x1 
 .bss.heatmap_decrease_timer
                0x200017aa        0x2 C:\QMK_MSYS\tmp\ccHMqryY.ltrans0.ltrans.o
 .bss.decay.9   0x200017ac        0x1 C:\QMK_MSYS\tmp\ccHMqryY.ltrans0.ltrans.o
 .bss.drop.10   0x200017ad        0x1 C:\QMK_MSYS\tmp\ccHMqryY.ltrans0.ltrans.o
 *fill*         0x200017ae        0x2 
 .bss.g_rgb_timer
                0x200017b0        0x4 C:\QMK_MSYS\tmp\ccHMqryY.ltrans0.ltrans.o
 .bss.transientBuffer
                0x200017b4     0xffff C:\QMK_MSYS\tmp\ccHMqryY.ltrans0.ltrans.o
 *fill*         0x200117b3        0x1 
 .bss.dma       0x200117b4       0x84 C:\QMK_MSYS\tmp\ccHMqryY.ltrans0.ltrans.o
 .bss.ch_memcore
                0x20011838        0x8 C:\QMK_MSYS\tmp\ccHMqryY.ltrans0.ltrans.o
 .bss.ch0       0x20011840       0x60 C:\QMK_MSYS\tmp\ccHMqryY.ltrans0.ltrans.o
 .bss.keyboard_idle_timer.lto_priv.1
                0x200118a0       0x18 C:\QMK_MSYS\tmp\ccHMqryY.ltrans0.ltrans.o
 .bss.ms_offset
                0x200118b8        0x4 C:\QMK_MSYS\tmp\ccHMqryY.ltrans0.ltrans.o
 .bss.last_ticks
                0x200118bc        0x4 C:\QMK_MSYS\tmp\ccHMqryY.ltrans0.ltrans.o
 .bss.ticks_offset
                0x200118c0        0x4 C:\QMK_MSYS\tmp\ccHMqryY.ltrans0.ltrans.o
 .bss.debounce_counters
                0x200118c4        0x4 C:\QMK_MSYS\tmp\ccHMqryY.ltrans0.ltrans.o
 .bss.raw_matrix
                0x200118c8       0x1c C:\QMK_MSYS\tmp\ccHMqryY.ltrans0.ltrans.o
 .bss.dirty_rgb_matrix
                0x200118e4        0x1 C:\QMK_MSYS\tmp\ccHMqryY.ltrans0.ltrans.o
 .bss.g_last_hit_tracker
                0x200118e5       0x29 C:\QMK_MSYS\tmp\ccHMqryY.ltrans0.ltrans.o
 .bss.current_frame
                0x2001190e        0x1 C:\QMK_MSYS\tmp\ccHMqryY.ltrans0.ltrans.o
                0x2001190e                current_frame
 *fill*         0x2001190f        0x1 
 .bss.driver.lto_priv.1
                0x20011910        0x4 C:\QMK_MSYS\tmp\ccHMqryY.ltrans0.ltrans.o
 .bss.event_queue
                0x20011914       0x10 C:\QMK_MSYS\tmp\ccHMqryY.ltrans0.ltrans.o
 .bss.event_queue_tail
                0x20011924        0x1 C:\QMK_MSYS\tmp\ccHMqryY.ltrans0.ltrans.o
 .bss.event_queue_head
                0x20011925        0x1 C:\QMK_MSYS\tmp\ccHMqryY.ltrans0.ltrans.o
 .bss.last_suspend_state
                0x20011926        0x1 C:\QMK_MSYS\tmp\ccHMqryY.ltrans0.ltrans.o
 *fill*         0x20011927        0x1 
 .bss.matrix    0x20011928       0x1c C:\QMK_MSYS\tmp\ccHMqryY.ltrans0.ltrans.o
 .bss.g_rgb_frame_buffer
                0x20011944       0x77 C:\QMK_MSYS\tmp\ccHMqryY.ltrans0.ltrans.o
 .bss.last_hit_buffer
                0x200119bb       0x29 C:\QMK_MSYS\tmp\ccHMqryY.ltrans0.ltrans.o
 .bss.matrix_previous.1
                0x200119e4       0x1c C:\QMK_MSYS\tmp\ccHMqryY.ltrans0.ltrans.o
 .bss.encoder_pulses
                0x20011a00        0x1 C:\QMK_MSYS\tmp\ccHMqryY.ltrans0.ltrans.o
 .bss.encoder_state
                0x20011a01        0x1 C:\QMK_MSYS\tmp\ccHMqryY.ltrans0.ltrans.o
 .bss.thisCount
                0x20011a02        0x1 C:\QMK_MSYS\tmp\ccHMqryY.ltrans0.ltrans.o
 .bss.encoder_events
                0x20011a03        0x8 C:\QMK_MSYS\tmp\ccHMqryY.ltrans0.ltrans.o
 .bss.signal_queue_drain
                0x20011a0b        0x1 C:\QMK_MSYS\tmp\ccHMqryY.ltrans0.ltrans.o
 .bss.last_led_status.0
                0x20011a0c        0x1 C:\QMK_MSYS\tmp\ccHMqryY.ltrans0.ltrans.o
 .bss.rbuf      0x20011a0d      0x100 C:\QMK_MSYS\tmp\ccHMqryY.ltrans0.ltrans.o
 .bss.rbuf_tail
                0x20011b0d        0x1 C:\QMK_MSYS\tmp\ccHMqryY.ltrans0.ltrans.o
 .bss.rbuf_head
                0x20011b0e        0x1 C:\QMK_MSYS\tmp\ccHMqryY.ltrans0.ltrans.o
 *fill*         0x20011b0f        0x1 
 .bss.USBD1     0x20011b10       0x78 C:\QMK_MSYS\tmp\ccHMqryY.ltrans0.ltrans.o
 .bss.last_tick.0
                0x20011b88        0x2 C:\QMK_MSYS\tmp\ccHMqryY.ltrans0.ltrans.o
 .bss.last_report.0
                0x20011b8a       0x20 C:\QMK_MSYS\tmp\ccHMqryY.ltrans0.ltrans.o
 *fill*         0x20011baa        0x2 
 .bss.driver.lto_priv.0
                0x20011bac        0x4 C:\QMK_MSYS\tmp\ccHMqryY.ltrans0.ltrans.o
 .bss.last_report.1
                0x20011bb0        0x8 C:\QMK_MSYS\tmp\ccHMqryY.ltrans0.ltrans.o
 .bss.encoder_source_layers_cache
                0x20011bb8        0x4 C:\QMK_MSYS\tmp\ccHMqryY.ltrans0.ltrans.o
 .bss.source_layers_cache
                0x20011bbc       0x3c C:\QMK_MSYS\tmp\ccHMqryY.ltrans0.ltrans.o
 .bss.oled_active
                0x20011bf8        0x1 C:\QMK_MSYS\tmp\ccHMqryY.ltrans0.ltrans.o
 *fill*         0x20011bf9        0x3 
 .bss.keyboard_idle_timer.lto_priv.0
                0x20011bfc        0x4 C:\QMK_MSYS\tmp\ccHMqryY.ltrans0.ltrans.o
 .bss.anim_off_timer.lto_priv.0
                0x20011c00        0x4 C:\QMK_MSYS\tmp\ccHMqryY.ltrans0.ltrans.o
                0x20011c00                anim_off_timer.lto_priv.0
 .bss.anim_timer
                0x20011c04        0x4 C:\QMK_MSYS\tmp\ccHMqryY.ltrans0.ltrans.o
                0x20011c04                anim_timer
 .bss.active_td
                0x20011c08        0x2 C:\QMK_MSYS\tmp\ccHMqryY.ltrans0.ltrans.o
 .bss.last_tap_time
                0x20011c0a        0x2 C:\QMK_MSYS\tmp\ccHMqryY.ltrans0.ltrans.o
 .bss.sc_last   0x20011c0c        0x1 C:\QMK_MSYS\tmp\ccHMqryY.ltrans0.ltrans.o
 *fill*         0x20011c0d        0x1 
 .bss.keymap_config
                0x20011c0e        0x2 C:\QMK_MSYS\tmp\ccHMqryY.ltrans0.ltrans.o
 .bss.grave_esc_was_shifted
                0x20011c10        0x1 C:\QMK_MSYS\tmp\ccHMqryY.ltrans0.ltrans.o
 *fill*         0x20011c11        0x7 
 .bss.rgb_matrix_config
                0x20011c18        0x8 C:\QMK_MSYS\tmp\ccHMqryY.ltrans0.ltrans.o
 .bss.programmable_button_report
                0x20011c20        0x4 C:\QMK_MSYS\tmp\ccHMqryY.ltrans0.ltrans.o
 .bss.debug_config
                0x20011c24        0x1 C:\QMK_MSYS\tmp\ccHMqryY.ltrans0.ltrans.o
 .bss.real_mods
                0x20011c25        0x1 C:\QMK_MSYS\tmp\ccHMqryY.ltrans0.ltrans.o
 .bss.default_layer_state
                0x20011c26        0x2 C:\QMK_MSYS\tmp\ccHMqryY.ltrans0.ltrans.o
 .bss.layer_state
                0x20011c28        0x2 C:\QMK_MSYS\tmp\ccHMqryY.ltrans0.ltrans.o
 .bss.weak_mods
                0x20011c2a        0x1 C:\QMK_MSYS\tmp\ccHMqryY.ltrans0.ltrans.o
 .bss.waiting_buffer_head.lto_priv.0
                0x20011c2b        0x1 C:\QMK_MSYS\tmp\ccHMqryY.ltrans0.ltrans.o
                0x20011c2b                waiting_buffer_head.lto_priv.0
 .bss.waiting_buffer_tail.lto_priv.0
                0x20011c2c        0x1 C:\QMK_MSYS\tmp\ccHMqryY.ltrans0.ltrans.o
                0x20011c2c                waiting_buffer_tail.lto_priv.0
 *fill*         0x20011c2d        0x1 
 .bss.waiting_buffer.lto_priv.0
                0x20011c2e       0x40 C:\QMK_MSYS\tmp\ccHMqryY.ltrans0.ltrans.o
                0x20011c2e                waiting_buffer.lto_priv.0
 .bss.tapping_key
                0x20011c6e        0x8 C:\QMK_MSYS\tmp\ccHMqryY.ltrans0.ltrans.o
 *fill*         0x20011c76        0x2 
 .bss.timer     0x20011c78        0x4 C:\QMK_MSYS\tmp\ccHMqryY.ltrans1.ltrans.o
 .bss.is_initialised.0
                0x20011c7c        0x1 .build/obj_vessel_base/i2c_master.a(i2c_master.o)
 *(COMMON)
 *fill*         0x20011c7d        0x3 
 COMMON         0x20011c80       0x38 C:\QMK_MSYS\tmp\ccHMqryY.ltrans0.ltrans.o
                0x20011c80                I2CD1
                0x20011cb8                        . = ALIGN (0x4)
                0x20011cb8                        __bss_end__ = .
                [!provide]                        PROVIDE (end = .)
                0x20000000                        __ram0_base__ = ORIGIN (ram0)