Archive member included to satisfy reference by file (symbol)

.build/obj_vessel_base/i2c_master.a(i2c_master.o)
                              .build/obj_vessel_base/oled_driver.o (symbol from plugin) (i2c_init)
C:/QMK_MSYS/mingw64/bin/../lib/gcc/arm-none-eabi/13.3.0/thumb/v7e-m+fp/hard\libgcc.a(_aeabi_ldivmod.o)
                              .build/obj_vessel_base/i2c_master.a(i2c_master.o) (__aeabi_ldivmod)
C:/QMK_MSYS/mingw64/bin/../lib/gcc/arm-none-eabi/13.3.0/thumb/v7e-m+fp/hard\libgcc.a(_aeabi_uldivmod.o)
                              .build/obj_vessel_base/i2c_master.a(i2c_master.o) (__aeabi_uldivmod)
C:/QMK_MSYS/mingw64/bin/../lib/gcc/arm-none-eabi/13.3.0/thumb/v7e-m+fp/hard\libgcc.a(_udivmoddi4.o)
                              C:/QMK_MSYS/mingw64/bin/../lib/gcc/arm-none-eabi/13.3.0/thumb/v7e-m+fp/hard\libgcc.a(_aeabi_ldivmod.o) (__udivmoddi4)
C:/QMK_MSYS/mingw64/bin/../lib/gcc/arm-none-eabi/13.3.0/thumb/v7e-m+fp/hard\libgcc.a(_dvmd_tls.o)
                              C:/QMK_MSYS/mingw64/bin/../lib/gcc/arm-none-eabi/13.3.0/thumb/v7e-m+fp/hard\libgcc.a(_aeabi_ldivmod.o) (__aeabi_ldiv0)
C:/QMK_MSYS/mingw64/bin/../lib/gcc/arm-none-eabi/13.3.0/../../../../arm-none-eabi/lib/thumb/v7e-m+fp/hard\libg_nano.a(libc_a-rand.o)
                              .build/obj_vessel_base/quantum/rgb_matrix/rgb_matrix.o (symbol from plugin) (rand)
C:/QMK_MSYS/mingw64/bin/../lib/gcc/arm-none-eabi/13.3.0/../../../../arm-none-eabi/lib/thumb/v7e-m+fp/hard\libg_nano.a(libc_a-ctype_.o)
                              .build/obj_vessel_base/quantum/send_string/send_string.o (symbol from plugin) (_ctype_)
C:/QMK_MSYS/mingw64/bin/../lib/gcc/arm-none-eabi/13.3.0/../../../../arm-none-eabi/lib/thumb/v7e-m+fp/hard\libg_nano.a(libc_a-impure.o)
                              C:/QMK_MSYS/mingw64/bin/../lib/gcc/arm-none-eabi/13.3.0/../../../../arm-none-eabi/lib/thumb/v7e-m+fp/hard\libg_nano.a(libc_a-rand.o) (_impure_ptr)
C:/QMK_MSYS/mingw64/bin/../lib/gcc/arm-none-eabi/13.3.0/../../../../arm-none-eabi/lib/thumb/v7e-m+fp/hard\libg_nano.a(libc_a-errno.o)
                              .build/obj_vessel_base/platforms/chibios/syscall-fallbacks.o (symbol from plugin) (__errno)
C:/QMK_MSYS/mingw64/bin/../lib/gcc/arm-none-eabi/13.3.0/../../../../arm-none-eabi/lib/thumb/v7e-m+fp/hard\libg_nano.a(libc_a-assert.o)
                              C:/QMK_MSYS/mingw64/bin/../lib/gcc/arm-none-eabi/13.3.0/../../../../arm-none-eabi/lib/thumb/v7e-m+fp/hard\libg_nano.a(libc_a-rand.o) (__assert_func)
C:/QMK_MSYS/mingw64/bin/../lib/gcc/arm-none-eabi/13.3.0/../../../../arm-none-eabi/lib/thumb/v7e-m+fp/hard\libg_nano.a(libc_a-malloc.o)
                              C:/QMK_MSYS/mingw64/bin/../lib/gcc/arm-none-eabi/13.3.0/../../../../arm-none-eabi/lib/thumb/v7e-m+fp/hard\libg_nano.a(libc_a-rand.o) (malloc)
C:/QMK_MSYS/mingw64/bin/../lib/gcc/arm-none-eabi/13.3.0/../../../../arm-none-eabi/lib/thumb/v7e-m+fp/hard\libg_nano.a(libc_a-mallocr.o)
                              C:/QMK_MSYS/mingw64/bin/../lib/gcc/arm-none-eabi/13.3.0/../../../../arm-none-eabi/lib/thumb/v7e-m+fp/hard\libg_nano.a(libc_a-malloc.o) (_malloc_r)
C:/QMK_MSYS/mingw64/bin/../lib/gcc/arm-none-eabi/13.3.0/../../../../arm-none-eabi/lib/thumb/v7e-m+fp/hard\libg_nano.a(libc_a-mlock.o)
                              C:/QMK_MSYS/mingw64/bin/../lib/gcc/arm-none-eabi/13.3.0/../../../../arm-none-eabi/lib/thumb/v7e-m+fp/hard\libg_nano.a(libc_a-mallocr.o) (__malloc_lock)
C:/QMK_MSYS/mingw64/bin/../lib/gcc/arm-none-eabi/13.3.0/../../../../arm-none-eabi/lib/thumb/v7e-m+fp/hard\libg_nano.a(libc_a-fprintf.o)
                              C:/QMK_MSYS/mingw64/bin/../lib/gcc/arm-none-eabi/13.3.0/../../../../arm-none-eabi/lib/thumb/v7e-m+fp/hard\libg_nano.a(libc_a-assert.o) (fiprintf)
C:/QMK_MSYS/mingw64/bin/../lib/gcc/arm-none-eabi/13.3.0/../../../../arm-none-eabi/lib/thumb/v7e-m+fp/hard\libg_nano.a(libc_a-lock.o)
                              C:/QMK_MSYS/mingw64/bin/../lib/gcc/arm-none-eabi/13.3.0/../../../../arm-none-eabi/lib/thumb/v7e-m+fp/hard\libg_nano.a(libc_a-mlock.o) (__retarget_lock_acquire_recursive)
C:/QMK_MSYS/mingw64/bin/../lib/gcc/arm-none-eabi/13.3.0/../../../../arm-none-eabi/lib/thumb/v7e-m+fp/hard\libg_nano.a(libc_a-abort.o)
                              C:/QMK_MSYS/mingw64/bin/../lib/gcc/arm-none-eabi/13.3.0/../../../../arm-none-eabi/lib/thumb/v7e-m+fp/hard\libg_nano.a(libc_a-assert.o) (abort)
C:/QMK_MSYS/mingw64/bin/../lib/gcc/arm-none-eabi/13.3.0/../../../../arm-none-eabi/lib/thumb/v7e-m+fp/hard\libg_nano.a(libc_a-freer.o)
                              C:/QMK_MSYS/mingw64/bin/../lib/gcc/arm-none-eabi/13.3.0/../../../../arm-none-eabi/lib/thumb/v7e-m+fp/hard\libg_nano.a(libc_a-malloc.o) (_free_r)
C:/QMK_MSYS/mingw64/bin/../lib/gcc/arm-none-eabi/13.3.0/../../../../arm-none-eabi/lib/thumb/v7e-m+fp/hard\libg_nano.a(libc_a-nano-vfprintf.o)
[...]
Memory Configuration

Name             Origin             Length             Attributes
flash0           0x08000000         0x00080000         xr
flash1           0x00000000         0x00000000         xr
flash2           0x00000000         0x00000000         xr
flash3           0x00000000         0x00000000         xr
flash4           0x00000000         0x00000000         xr
flash5           0x00000000         0x00000000         xr
flash6           0x00000000         0x00000000         xr
flash7           0x00000000         0x00000000         xr
ram0             0x20000000         0x00020000         xw
ram1             0x20000000         0x0001c000         xw
ram2             0x00000000         0x00004000         xw
ram3             0x00000000         0x00000000         xw
ram4             0x00000000         0x00000000         xw
ram5             0x00000000         0x00000000         xw
ram6             0x00000000         0x00000000         xw
ram7             0x00000000         0x00000000         xw
*default*        0x00000000         0xffffffff

Linker script and memory map

LOAD .build/obj_vessel_base/keyboards/vessel/vessel.o
LOAD C:\QMK_MSYS\tmp\ccs2W3Vd.ltrans0.ltrans.o
LOAD C:\QMK_MSYS\tmp\ccYy8zNJ.debug.temp.o
LOAD C:\QMK_MSYS\tmp\ccsjiLQb.debug.temp.o
LOAD C:\QMK_MSYS\tmp\cc8jr1VC.debug.temp.o
LOAD C:\QMK_MSYS\tmp\ccO4b5Y3.debug.temp.o
LOAD C:\QMK_MSYS\tmp\ccWNKcdv.debug.temp.o
LOAD C:\QMK_MSYS\tmp\ccU9JcqW.debug.temp.o
LOAD C:\QMK_MSYS\tmp\ccgoXcxn.debug.temp.o
LOAD C:\QMK_MSYS\tmp\ccsxOlSO.debug.temp.o
LOAD C:\QMK_MSYS\tmp\cciViwbg.debug.temp.o
LOAD C:\QMK_MSYS\tmp\cca0yIIH.debug.temp.o
LOAD C:\QMK_MSYS\tmp\cc0pCGa9.debug.temp.o
LOAD C:\QMK_MSYS\tmp\ccwjgFEz.debug.temp.o
LOAD C:\QMK_MSYS\tmp\ccunYi4Z.debug.temp.o
LOAD C:\QMK_MSYS\tmp\cci23xsq.debug.temp.o
LOAD C:\QMK_MSYS\tmp\ccqpLh1Q.debug.temp.o
LOAD C:\QMK_MSYS\tmp\ccaulbyh.debug.temp.o
LOAD C:\QMK_MSYS\tmp\ccEA8olI.debug.temp.o
LOAD C:\QMK_MSYS\tmp\ccWeMX28.debug.temp.o
LOAD C:\QMK_MSYS\tmp\cco2DIJz.debug.temp.o
LOAD C:\QMK_MSYS\tmp\ccmAD3C0.debug.temp.o
LOAD C:\QMK_MSYS\tmp\cc47Kovr.debug.temp.o
LOAD C:\QMK_MSYS\tmp\ccsbw1pR.debug.temp.o
LOAD C:\QMK_MSYS\tmp\cc6u1jfh.debug.temp.o
LOAD C:\QMK_MSYS\tmp\ccWqp82G.debug.temp.o
LOAD C:\QMK_MSYS\tmp\cc2KLL36.debug.temp.o
LOAD C:\QMK_MSYS\tmp\ccCAUx2w.debug.temp.o
LOAD C:\QMK_MSYS\tmp\ccavKcfX.debug.temp.o
LOAD C:\QMK_MSYS\tmp\ccGKnDmn.debug.temp.o
LOAD C:\QMK_MSYS\tmp\cce79oHN.debug.temp.o
LOAD C:\QMK_MSYS\tmp\cckRVoYd.debug.temp.o
LOAD C:\QMK_MSYS\tmp\ccqbgfYH.debug.temp.o
LOAD C:\QMK_MSYS\tmp\cciESETb.debug.temp.o
LOAD C:\QMK_MSYS\tmp\ccGvlT2F.debug.temp.o
LOAD C:\QMK_MSYS\tmp\cc4I5Saa.debug.temp.o
LOAD C:\QMK_MSYS\tmp\ccSnR1cE.debug.temp.o
LOAD C:\QMK_MSYS\tmp\ccyWH1w8.debug.temp.o
LOAD C:\QMK_MSYS\tmp\ccoCtGLC.debug.temp.o
LOAD C:\QMK_MSYS\tmp\ccQpxRe7.debug.temp.o
LOAD C:\QMK_MSYS\tmp\ccMU9izB.debug.temp.o
LOAD C:\QMK_MSYS\tmp\ccO4Lu04.debug.temp.o
LOAD C:\QMK_MSYS\tmp\ccMA0Zmy.debug.temp.o
LOAD C:\QMK_MSYS\tmp\ccgPjOV1.debug.temp.o
LOAD C:\QMK_MSYS\tmp\ccwAvutv.debug.temp.o
LOAD C:\QMK_MSYS\tmp\ccW8nlXY.debug.temp.o
LOAD C:\QMK_MSYS\tmp\cccktRCs.debug.temp.o
LOAD C:\QMK_MSYS\tmp\cc6pXUhW.debug.temp.o
LOAD C:\QMK_MSYS\tmp\cc2qiF8p.debug.temp.o
LOAD C:\QMK_MSYS\tmp\ccek32UT.debug.temp.o
LOAD C:\QMK_MSYS\tmp\cc4lWdLm.debug.temp.o
LOAD C:\QMK_MSYS\tmp\ccK0Z0vP.debug.temp.o
LOAD C:\QMK_MSYS\tmp\ccSNksgi.debug.temp.o
LOAD C:\QMK_MSYS\tmp\ccwnQKdL.debug.temp.o
LOAD C:\QMK_MSYS\tmp\ccOJie5d.debug.temp.o
LOAD C:\QMK_MSYS\tmp\ccG4SEeH.debug.temp.o
LOAD C:\QMK_MSYS\tmp\cckinsha.debug.temp.o
LOAD C:\QMK_MSYS\tmp\ccgRbtjD.debug.temp.o
LOAD C:\QMK_MSYS\tmp\ccGbXBy6.debug.temp.o
LOAD C:\QMK_MSYS\tmp\ccqU3HIz.debug.temp.o
LOAD C:\QMK_MSYS\tmp\cccI8FZ1.debug.temp.o
LOAD C:\QMK_MSYS\tmp\ccuGGubu.debug.temp.o
LOAD C:\QMK_MSYS\tmp\ccwcIvzW.debug.temp.o
LOAD C:\QMK_MSYS\tmp\ccaCUkXo.debug.temp.o
LOAD C:\QMK_MSYS\tmp\ccU2tOfR.debug.temp.o
LOAD C:\QMK_MSYS\tmp\ccOcGXKj.debug.temp.o
LOAD C:\QMK_MSYS\tmp\ccW11CeM.debug.temp.o
LOAD C:\QMK_MSYS\tmp\ccWgJ1Ve.debug.temp.o
LOAD C:\QMK_MSYS\tmp\cc8hi3yH.debug.temp.o
LOAD C:\QMK_MSYS\tmp\ccS8sjUd.debug.temp.o
LOAD C:\QMK_MSYS\tmp\ccMcYjfK.debug.temp.o
LOAD C:\QMK_MSYS\tmp\ccyqoOug.debug.temp.o
LOAD C:\QMK_MSYS\tmp\cccqrNWM.debug.temp.o
LOAD C:\QMK_MSYS\tmp\cccTphoj.debug.temp.o
LOAD C:\QMK_MSYS\tmp\ccC3P92P.debug.temp.o
LOAD C:\QMK_MSYS\tmp\ccWUVnCm.debug.temp.o
LOAD C:\QMK_MSYS\tmp\cc2MnlaT.debug.temp.o
LOAD C:\QMK_MSYS\tmp\cckT9yUp.debug.temp.o
LOAD C:\QMK_MSYS\tmp\ccSpVPAW.debug.temp.o
LOAD C:\QMK_MSYS\tmp\cc8uREns.debug.temp.o
LOAD C:\QMK_MSYS\tmp\ccASVY1X.debug.temp.o
LOAD C:\QMK_MSYS\tmp\ccmkp5Xt.debug.temp.o
LOAD C:\QMK_MSYS\tmp\ccUajHNZ.debug.temp.o
LOAD C:\QMK_MSYS\tmp\ccGWwOQv.debug.temp.o
LOAD C:\QMK_MSYS\tmp\ccSJE1S1.debug.temp.o
LOAD C:\QMK_MSYS\tmp\ccCSIbRx.debug.temp.o
LOAD C:\QMK_MSYS\tmp\ccOjPTY3.debug.temp.o
LOAD C:\QMK_MSYS\tmp\ccgBye6z.debug.temp.o
LOAD C:\QMK_MSYS\tmp\ccQ2IDf5.debug.temp.o
LOAD C:\QMK_MSYS\tmp\ccUD89jA.debug.temp.o
LOAD C:\QMK_MSYS\tmp\ccgIQMB5.debug.temp.o
LOAD C:\QMK_MSYS\tmp\cckJppSA.debug.temp.o
LOAD C:\QMK_MSYS\tmp\ccgwBwl6.debug.temp.o
LOAD C:\QMK_MSYS\tmp\ccKS4vMB.debug.temp.o
LOAD C:\QMK_MSYS\tmp\cca7GX86.debug.temp.o
LOAD C:\QMK_MSYS\tmp\ccOkJsJC.debug.temp.o
LOAD C:\QMK_MSYS\tmp\ccibcQi8.debug.temp.o
LOAD C:\QMK_MSYS\tmp\cc8w1jUC.debug.temp.o
LOAD C:\QMK_MSYS\tmp\ccS98Pq7.debug.temp.o
LOAD C:\QMK_MSYS\tmp\ccUxYSVB.debug.temp.o
LOAD C:\QMK_MSYS\tmp\ccKhEVE6.debug.temp.o
LOAD C:\QMK_MSYS\tmp\ccAjfVhB.debug.temp.o
LOAD C:\QMK_MSYS\tmp\ccOXdic6.debug.temp.o
LOAD C:\QMK_MSYS\tmp\ccmYul1A.debug.temp.o
LOAD C:\QMK_MSYS\tmp\ccEe4n45.debug.temp.o
LOAD C:\QMK_MSYS\tmp\ccycgk1A.debug.temp.o
LOAD C:\QMK_MSYS\tmp\ccWl0UX5.debug.temp.o
LOAD C:\QMK_MSYS\tmp\ccaMPMCE.debug.temp.o
LOAD C:\QMK_MSYS\tmp\cc0vXvcd.debug.temp.o
LOAD C:\QMK_MSYS\tmp\ccGwgp3L.debug.temp.o
LOAD C:\QMK_MSYS\tmp\ccq3emPk.debug.temp.o
LOAD C:\QMK_MSYS\tmp\cc8oKcAT.debug.temp.o
LOAD C:\QMK_MSYS\tmp\cc0nJTws.debug.temp.o
LOAD C:\QMK_MSYS\tmp\cckjHAr1.debug.temp.o
LOAD C:\QMK_MSYS\tmp\cckELplA.debug.temp.o
LOAD C:\QMK_MSYS\tmp\ccwPPss9.debug.temp.o
LOAD C:\QMK_MSYS\tmp\ccQA4iuI.debug.temp.o
LOAD C:\QMK_MSYS\tmp\ccAvNFyg.debug.temp.o
LOAD C:\QMK_MSYS\tmp\ccUyB3AO.debug.temp.o
LOAD C:\QMK_MSYS\tmp\ccKK5gCm.debug.temp.o
LOAD C:\QMK_MSYS\tmp\ccOPQIQU.debug.temp.o
LOAD C:\QMK_MSYS\tmp\ccSeAoZs.debug.temp.o
LOAD C:\QMK_MSYS\tmp\ccCHaup1.debug.temp.o
LOAD C:\QMK_MSYS\tmp\ccaMHsKz.debug.temp.o
LOAD C:\QMK_MSYS\tmp\cco0Ypj8.debug.temp.o
LOAD C:\QMK_MSYS\tmp\ccENNfOG.debug.temp.o
LOAD C:\QMK_MSYS\tmp\ccE8HPke.debug.temp.o
LOAD C:\QMK_MSYS\tmp\ccERGbML.debug.temp.o
LOAD C:\QMK_MSYS\tmp\cc8F4mcj.debug.temp.o
LOAD C:\QMK_MSYS\tmp\cciuX9OQ.debug.temp.o
LOAD C:\QMK_MSYS\tmp\cc4Drlro.debug.temp.o
LOAD C:\QMK_MSYS\tmp\ccOMtAgW.debug.temp.o
LOAD C:\QMK_MSYS\tmp\ccAQkt0t.debug.temp.o
LOAD C:\QMK_MSYS\tmp\ccQpYuI1.debug.temp.o
LOAD C:\QMK_MSYS\tmp\ccggOBDz.debug.temp.o
LOAD C:\QMK_MSYS\tmp\ccu6aUw7.debug.temp.o
LOAD C:\QMK_MSYS\tmp\ccU82opF.debug.temp.o
LOAD C:\QMK_MSYS\tmp\ccoFbhjc.debug.temp.o
LOAD C:\QMK_MSYS\tmp\ccQqembJ.debug.temp.o
LOAD C:\QMK_MSYS\tmp\cciMFUgg.debug.temp.o
LOAD C:\QMK_MSYS\tmp\ccgkDAhN.debug.temp.o
LOAD C:\QMK_MSYS\tmp\cc6xi9gk.debug.temp.o
LOAD C:\QMK_MSYS\tmp\ccCpVhqR.debug.temp.o
LOAD C:\QMK_MSYS\tmp\ccCu9lzo.debug.temp.o
LOAD C:\QMK_MSYS\tmp\ccwohVUV.debug.temp.o
LOAD C:\QMK_MSYS\tmp\cc69Vcft.debug.temp.o
LOAD C:\QMK_MSYS\tmp\ccc8i2g4.debug.temp.o
LOAD C:\QMK_MSYS\tmp\ccE57uiF.debug.temp.o
LOAD C:\QMK_MSYS\tmp\ccurH6dg.debug.temp.o
LOAD C:\QMK_MSYS\tmp\cciM41qR.debug.temp.o
LOAD C:\QMK_MSYS\tmp\ccA4oqxs.debug.temp.o
LOAD C:\QMK_MSYS\tmp\ccms8DC3.debug.temp.o
LOAD C:\QMK_MSYS\tmp\cce1vWUE.debug.temp.o
LOAD C:\QMK_MSYS\tmp\ccgLUr8f.debug.temp.o
LOAD C:\QMK_MSYS\tmp\ccad69BR.debug.temp.o
LOAD C:\QMK_MSYS\tmp\ccAjuQ4s.debug.temp.o
LOAD C:\QMK_MSYS\tmp\ccqnqOr4.debug.temp.o
LOAD C:\QMK_MSYS\tmp\ccQLn2UE.debug.temp.o
LOAD C:\QMK_MSYS\tmp\cc8rsQjf.debug.temp.o
LOAD .build/obj_vessel_base/.build/obj_vessel_base/src/default_keyboard.o
LOAD .build/obj_vessel_base/quantum/keymap_introspection.o
LOAD .build/obj_vessel_base/quantum/quantum.o
LOAD .build/obj_vessel_base/quantum/bitwise.o
LOAD .build/obj_vessel_base/quantum/led.o
LOAD .build/obj_vessel_base/quantum/action.o
LOAD .build/obj_vessel_base/quantum/action_layer.o
LOAD .build/obj_vessel_base/quantum/action_tapping.o
LOAD .build/obj_vessel_base/quantum/action_util.o
LOAD .build/obj_vessel_base/quantum/eeconfig.o
LOAD .build/obj_vessel_base/quantum/keyboard.o
LOAD .build/obj_vessel_base/quantum/keymap_common.o
LOAD .build/obj_vessel_base/quantum/keycode_config.o
LOAD .build/obj_vessel_base/quantum/sync_timer.o
LOAD .build/obj_vessel_base/quantum/logging/debug.o
LOAD .build/obj_vessel_base/quantum/logging/sendchar.o
LOAD .build/obj_vessel_base/quantum/logging/print.o
LOAD .build/obj_vessel_base/quantum/matrix_common.o
LOAD .build/obj_vessel_base/quantum/matrix.o
LOAD .build/obj_vessel_base/quantum/debounce/sym_eager_pk.o
LOAD .build/obj_vessel_base/quantum/main.o
LOAD .build/obj_vessel_base/printf.o
LOAD .build/obj_vessel_base/eeprom_driver.o
LOAD .build/obj_vessel_base/eeprom_transient.o
LOAD .build/obj_vessel_base/quantum/color.o
LOAD .build/obj_vessel_base/quantum/rgb_matrix/rgb_matrix.o
LOAD .build/obj_vessel_base/quantum/rgb_matrix/rgb_matrix_drivers.o
LOAD .build/obj_vessel_base/quantum/process_keycode/process_rgb.o
LOAD .build/obj_vessel_base/quantum/led_tables.o
LOAD .build/obj_vessel_base/lib/lib8tion/lib8tion.o
LOAD .build/obj_vessel_base/oled_driver.o
LOAD .build/obj_vessel_base/quantum/encoder.o
LOAD .build/obj_vessel_base/encoder_quadrature.o
LOAD .build/obj_vessel_base/ws2812_bitbang.o
LOAD .build/obj_vessel_base/quantum/bootmagic/bootmagic.o
LOAD .build/obj_vessel_base/quantum/process_keycode/process_grave_esc.o
LOAD .build/obj_vessel_base/quantum/process_keycode/process_magic.o
LOAD .build/obj_vessel_base/quantum/process_keycode/process_programmable_button.o
LOAD .build/obj_vessel_base/quantum/programmable_button.o
LOAD .build/obj_vessel_base/quantum/send_string/send_string.o
LOAD .build/obj_vessel_base/quantum/process_keycode/process_space_cadet.o
LOAD .build/obj_vessel_base/quantum/process_keycode/process_tap_dance.o
LOAD .build/obj_vessel_base/protocol/host.o
LOAD .build/obj_vessel_base/protocol/report.o
LOAD .build/obj_vessel_base/protocol/usb_device_state.o
LOAD .build/obj_vessel_base/protocol/usb_util.o
LOAD .build/obj_vessel_base/platforms/suspend.o
LOAD .build/obj_vessel_base/platforms/synchronization_util.o
LOAD .build/obj_vessel_base/platforms/timer.o
LOAD .build/obj_vessel_base/platforms/chibios/hardware_id.o
LOAD .build/obj_vessel_base/platforms/chibios/platform.o
LOAD .build/obj_vessel_base/platforms/chibios/suspend.o
LOAD .build/obj_vessel_base/platforms/chibios/timer.o
LOAD .build/obj_vessel_base/platforms/chibios/bootloaders/stm32_dfu.o
LOAD .build/obj_vessel_base/i2c_master.a
LOAD .build/obj_vessel_base/./lib/chibios/os/common/startup/ARMCMx/compilers/GCC/crt0_v7m.o
LOAD .build/obj_vessel_base/./lib/chibios/os/common/startup/ARMCMx/compilers/GCC/vectors.o
LOAD .build/obj_vessel_base/./lib/chibios/os/common/ports/ARMv7-M/compilers/GCC/chcoreasm.o
LOAD .build/obj_vessel_base/protocol/chibios/usb_main.o
LOAD .build/obj_vessel_base/protocol/chibios/chibios.o
LOAD .build/obj_vessel_base/usb_descriptor.o
LOAD .build/obj_vessel_base/protocol/chibios/usb_driver.o
LOAD .build/obj_vessel_base/protocol/chibios/usb_endpoints.o
LOAD .build/obj_vessel_base/protocol/chibios/usb_report_handling.o
LOAD .build/obj_vessel_base/protocol/chibios/usb_util.o
LOAD .build/obj_vessel_base/lib/chibios/os/common/startup/ARMCMx/compilers/GCC/crt1.o
LOAD .build/obj_vessel_base/lib/chibios/os/rt/src/chsys.o
LOAD .build/obj_vessel_base/lib/chibios/os/rt/src/chrfcu.o
LOAD .build/obj_vessel_base/lib/chibios/os/rt/src/chdebug.o
LOAD .build/obj_vessel_base/lib/chibios/os/rt/src/chtrace.o
LOAD .build/obj_vessel_base/lib/chibios/os/rt/src/chvt.o
LOAD .build/obj_vessel_base/lib/chibios/os/rt/src/chschd.o
LOAD .build/obj_vessel_base/lib/chibios/os/rt/src/chinstances.o
LOAD .build/obj_vessel_base/lib/chibios/os/rt/src/chthreads.o
LOAD .build/obj_vessel_base/lib/chibios/os/rt/src/chtm.o
LOAD .build/obj_vessel_base/lib/chibios/os/rt/src/chstats.o
LOAD .build/obj_vessel_base/lib/chibios/os/rt/src/chregistry.o
LOAD .build/obj_vessel_base/lib/chibios/os/rt/src/chsem.o
LOAD .build/obj_vessel_base/lib/chibios/os/rt/src/chmtx.o
LOAD .build/obj_vessel_base/lib/chibios/os/rt/src/chcond.o
LOAD .build/obj_vessel_base/lib/chibios/os/rt/src/chevents.o
LOAD .build/obj_vessel_base/lib/chibios/os/rt/src/chmsg.o
LOAD .build/obj_vessel_base/lib/chibios/os/rt/src/chdynamic.o
LOAD .build/obj_vessel_base/lib/chibios/os/common/ports/ARMv7-M/chcore.o
LOAD .build/obj_vessel_base/lib/chibios/os/hal/osal/rt-nil/osal.o
LOAD .build/obj_vessel_base/lib/chibios/os/oslib/src/chmboxes.o
LOAD .build/obj_vessel_base/lib/chibios/os/oslib/src/chmemcore.o
LOAD .build/obj_vessel_base/lib/chibios/os/oslib/src/chmemheaps.o
LOAD .build/obj_vessel_base/lib/chibios/os/oslib/src/chmempools.o
LOAD .build/obj_vessel_base/lib/chibios/os/oslib/src/chpipes.o
LOAD .build/obj_vessel_base/lib/chibios/os/oslib/src/chobjcaches.o
LOAD .build/obj_vessel_base/lib/chibios/os/oslib/src/chdelegates.o
LOAD .build/obj_vessel_base/lib/chibios/os/oslib/src/chfactory.o
LOAD .build/obj_vessel_base/lib/chibios/os/hal/src/hal.o
LOAD .build/obj_vessel_base/lib/chibios/os/hal/src/hal_st.o
LOAD .build/obj_vessel_base/lib/chibios/os/hal/src/hal_buffers.o
LOAD .build/obj_vessel_base/lib/chibios/os/hal/src/hal_queues.o
LOAD .build/obj_vessel_base/lib/chibios/os/hal/src/hal_flash.o
LOAD .build/obj_vessel_base/lib/chibios/os/hal/src/hal_mmcsd.o
LOAD .build/obj_vessel_base/lib/chibios/os/hal/src/hal_adc.o
LOAD .build/obj_vessel_base/lib/chibios/os/hal/src/hal_can.o
LOAD .build/obj_vessel_base/lib/chibios/os/hal/src/hal_crypto.o
LOAD .build/obj_vessel_base/lib/chibios/os/hal/src/hal_dac.o
LOAD .build/obj_vessel_base/lib/chibios/os/hal/src/hal_efl.o
LOAD .build/obj_vessel_base/lib/chibios/os/hal/src/hal_gpt.o
LOAD .build/obj_vessel_base/lib/chibios/os/hal/src/hal_i2c.o
LOAD .build/obj_vessel_base/lib/chibios/os/hal/src/hal_i2s.o
LOAD .build/obj_vessel_base/lib/chibios/os/hal/src/hal_icu.o
LOAD .build/obj_vessel_base/lib/chibios/os/hal/src/hal_mac.o
LOAD .build/obj_vessel_base/lib/chibios/os/hal/src/hal_mmc_spi.o
LOAD .build/obj_vessel_base/lib/chibios/os/hal/src/hal_pal.o
LOAD .build/obj_vessel_base/lib/chibios/os/hal/src/hal_pwm.o
LOAD .build/obj_vessel_base/lib/chibios/os/hal/src/hal_rtc.o
LOAD .build/obj_vessel_base/lib/chibios/os/hal/src/hal_sdc.o
LOAD .build/obj_vessel_base/lib/chibios/os/hal/src/hal_serial.o
LOAD .build/obj_vessel_base/lib/chibios/os/hal/src/hal_serial_usb.o
LOAD .build/obj_vessel_base/lib/chibios/os/hal/src/hal_sio.o
LOAD .build/obj_vessel_base/lib/chibios/os/hal/src/hal_spi.o
LOAD .build/obj_vessel_base/lib/chibios/os/hal/src/hal_trng.o
LOAD .build/obj_vessel_base/lib/chibios/os/hal/src/hal_uart.o
LOAD .build/obj_vessel_base/lib/chibios/os/hal/src/hal_usb.o
LOAD .build/obj_vessel_base/lib/chibios/os/hal/src/hal_wdg.o
LOAD .build/obj_vessel_base/lib/chibios/os/hal/src/hal_wspi.o
LOAD .build/obj_vessel_base/lib/chibios/os/hal/ports/common/ARMCMx/nvic.o
LOAD .build/obj_vessel_base/lib/chibios/os/hal/ports/STM32/STM32F4xx/stm32_isr.o
LOAD .build/obj_vessel_base/lib/chibios/os/hal/ports/STM32/STM32F4xx/hal_lld.o
LOAD .build/obj_vessel_base/lib/chibios/os/hal/ports/STM32/STM32F4xx/hal_efl_lld.o
LOAD .build/obj_vessel_base/lib/chibios/os/hal/ports/STM32/LLD/ADCv2/hal_adc_lld.o
LOAD .build/obj_vessel_base/lib/chibios/os/hal/ports/STM32/LLD/CANv1/hal_can_lld.o
LOAD .build/obj_vessel_base/lib/chibios/os/hal/ports/STM32/LLD/CRYPv1/hal_crypto_lld.o
LOAD .build/obj_vessel_base/lib/chibios/os/hal/ports/STM32/LLD/DACv1/hal_dac_lld.o
LOAD .build/obj_vessel_base/lib/chibios/os/hal/ports/STM32/LLD/DMAv2/stm32_dma.o
LOAD .build/obj_vessel_base/lib/chibios/os/hal/ports/STM32/LLD/EXTIv1/stm32_exti.o
LOAD .build/obj_vessel_base/lib/chibios/os/hal/ports/STM32/LLD/GPIOv2/hal_pal_lld.o
LOAD .build/obj_vessel_base/lib/chibios/os/hal/ports/STM32/LLD/I2Cv1/hal_i2c_lld.o
LOAD .build/obj_vessel_base/lib/chibios/os/hal/ports/STM32/LLD/MACv1/hal_mac_lld.o
LOAD .build/obj_vessel_base/lib/chibios/os/hal/ports/STM32/LLD/OTGv1/hal_usb_lld.o
LOAD .build/obj_vessel_base/lib/chibios/os/hal/ports/STM32/LLD/QUADSPIv1/hal_wspi_lld.o
LOAD .build/obj_vessel_base/lib/chibios/os/hal/ports/STM32/LLD/RTCv2/hal_rtc_lld.o
LOAD .build/obj_vessel_base/lib/chibios/os/hal/ports/STM32/LLD/SPIv1/hal_i2s_lld.o
LOAD .build/obj_vessel_base/lib/chibios/os/hal/ports/STM32/LLD/SPIv1/hal_spi_v2_lld.o
LOAD .build/obj_vessel_base/lib/chibios/os/hal/ports/STM32/LLD/SDIOv1/hal_sdc_lld.o
LOAD .build/obj_vessel_base/lib/chibios/os/hal/ports/STM32/LLD/SYSTICKv1/hal_st_lld.o
LOAD .build/obj_vessel_base/lib/chibios/os/hal/ports/STM32/LLD/TIMv1/hal_gpt_lld.o
LOAD .build/obj_vessel_base/lib/chibios/os/hal/ports/STM32/LLD/TIMv1/hal_icu_lld.o
LOAD .build/obj_vessel_base/lib/chibios/os/hal/ports/STM32/LLD/TIMv1/hal_pwm_lld.o
LOAD .build/obj_vessel_base/lib/chibios/os/hal/ports/STM32/LLD/USARTv1/hal_serial_lld.o
LOAD .build/obj_vessel_base/lib/chibios/os/hal/ports/STM32/LLD/USARTv1/hal_uart_lld.o
LOAD .build/obj_vessel_base/lib/chibios/os/hal/ports/STM32/LLD/xWDGv1/hal_wdg_lld.o
LOAD .build/obj_vessel_base/lib/chibios/os/hal/boards/ST_NUCLEO64_F446RE/board.o
LOAD .build/obj_vessel_base/lib/chibios/os/hal/lib/streams/chprintf.o
LOAD .build/obj_vessel_base/lib/chibios/os/hal/lib/streams/chscanf.o
LOAD .build/obj_vessel_base/lib/chibios/os/hal/lib/streams/memstreams.o
LOAD .build/obj_vessel_base/lib/chibios/os/hal/lib/streams/nullstreams.o
LOAD .build/obj_vessel_base/lib/chibios/os/hal/lib/streams/bufstreams.o
LOAD .build/obj_vessel_base/lib/chibios/os/various/syscalls.o
LOAD .build/obj_vessel_base/platforms/chibios/syscall-fallbacks.o
LOAD .build/obj_vessel_base/platforms/chibios/wait.o
LOAD .build/obj_vessel_base/platforms/chibios/synchronization_util.o
LOAD .build/obj_vessel_base/platforms/chibios/interrupt_handlers.o
                0x00000800                        __process_stack_size__ = 0x800
                0x00000400                        __main_stack_size__ = 0x400
LOAD C:/QMK_MSYS/mingw64/bin/../lib/gcc/arm-none-eabi/13.3.0/../../../../arm-none-eabi/lib/thumb/v7e-m+fp/hard\libm.a
START GROUP
LOAD C:/QMK_MSYS/mingw64/bin/../lib/gcc/arm-none-eabi/13.3.0/thumb/v7e-m+fp/hard\libgcc.a
LOAD C:/QMK_MSYS/mingw64/bin/../lib/gcc/arm-none-eabi/13.3.0/../../../../arm-none-eabi/lib/thumb/v7e-m+fp/hard\libg_nano.a
LOAD C:/QMK_MSYS/mingw64/bin/../lib/gcc/arm-none-eabi/13.3.0/../../../../arm-none-eabi/lib/thumb/v7e-m+fp/hard\libc_nano.a
END GROUP
START GROUP
LOAD C:/QMK_MSYS/mingw64/bin/../lib/gcc/arm-none-eabi/13.3.0/thumb/v7e-m+fp/hard\libgcc.a
LOAD C:/QMK_MSYS/mingw64/bin/../lib/gcc/arm-none-eabi/13.3.0/../../../../arm-none-eabi/lib/thumb/v7e-m+fp/hard\libc_nano.a
END GROUP

.mstack         0x20000000      0x400
                0x20000000                        . = ALIGN (0x8)
                0x20000000                        __main_stack_base__ = .
                0x20000400                        . = (. + __main_stack_size__)
 *fill*         0x20000000      0x400 
                0x20000400                        . = ALIGN (0x8)
                0x20000400                        __main_stack_end__ = .

.pstack         0x20000400      0x800
                0x20000400                        . = ALIGN (0x8)
                0x20000400                        __process_stack_base__ = .
                0x20000400                        __main_thread_stack_base__ = .
                0x20000c00                        . = (. + __process_stack_size__)
 *fill*         0x20000400      0x800 
                0x20000c00                        . = ALIGN (0x8)
                0x20000c00                        __process_stack_end__ = .
                0x20000c00                        __main_thread_stack_end__ = .

.vectors        0x08000000      0x1e0
                0x08000000                        __textvectors_base__ = LOADADDR (.vectors)
                0x08000000                        __vectors_base__ = .
 *(.vectors)
 .vectors       0x08000000      0x1e0 .build/obj_vessel_base/./lib/chibios/os/common/startup/ARMCMx/compilers/GCC/vectors.o
                0x08000000                _vectors
                0x080001e0                        __vectors_end__ = .

.xtors          0x080001e0        0x0
                0x080001e0                        __init_array_base__ = .
 *(SORT_BY_NAME(.init_array.*))
 *(.init_array)
                0x080001e0                        __init_array_end__ = .
                0x080001e0                        __fini_array_base__ = .
 *(.fini_array)
 *(SORT_BY_NAME(.fini_array.*))
                0x080001e0                        __fini_array_end__ = .

.text           0x080001e0     0x976c
                0x080001e0                        __text_base__ = .
 *(.text)
 .text          0x080001e0      0x11c .build/obj_vessel_base/./lib/chibios/os/common/startup/ARMCMx/compilers/GCC/crt0_v7m.o
                0x080001e0                _crt0_entry
 .text          0x080002fc        0x8 .build/obj_vessel_base/./lib/chibios/os/common/startup/ARMCMx/compilers/GCC/vectors.o
                0x080002fc                Reset_Handler
                0x080002fe                VectorE8
                0x080002fe                Vector9C
                0x080002fe                VectorAC
                0x080002fe                DebugMon_Handler
                0x080002fe                Vector1A0
                0x080002fe                Vector5C
                0x080002fe                Vector11C
                0x080002fe                HardFault_Handler
                0x080002fe                Vector1B8
                0x080002fe                Vector19C
                0x080002fe                Vector8C
                0x080002fe                SysTick_Handler
                0x080002fe                VectorDC
                0x080002fe                PendSV_Handler
                0x080002fe                Vector168
                0x080002fe                NMI_Handler
                0x080002fe                Vector110
                0x080002fe                Vector1D8
                0x080002fe                VectorC8
                0x080002fe                Vector94
                0x080002fe                VectorA8
                0x080002fe                VectorB4
                0x080002fe                Vector160
                0x080002fe                Vector1B0
                0x080002fe                UsageFault_Handler
                0x080002fe                VectorEC
                0x080002fe                Vector40
                0x080002fe                VectorF8
                0x080002fe                Vector108
                0x080002fe                Vector190
                0x080002fe                Vector1C4
                0x080002fe                Vector1CC
                0x080002fe                Vector148
                0x080002fe                Vector188
                0x080002fe                Vector198
                0x080002fe                Vector118
                0x080002fe                Vector64
                0x080002fe                Vector58
                0x080002fe                VectorCC
                0x080002fe                Vector54
                0x080002fe                Vector98
                0x080002fe                VectorD8
                0x080002fe                Vector138
                0x080002fe                Vector24
                0x080002fe                Vector1AC
                0x080002fe                Vector178
                0x080002fe                SecureFault_Handler
                0x080002fe                Vector1A4
                0x080002fe                VectorD0
                0x080002fe                Vector1B4
                0x080002fe                Vector140
                0x080002fe                VectorE4
                0x080002fe                Vector1C0
                0x080002fe                Vector134
                0x080002fe                Vector1D0
                0x080002fe                VectorF0
                0x080002fe                Vector13C
                0x080002fe                Vector100
                0x080002fe                VectorE0
                0x080002fe                VectorF4
                0x080002fe                MemManage_Handler
                0x080002fe                VectorA0
                0x080002fe                VectorC4
                0x080002fe                Vector180
                0x080002fe                Vector90
                0x080002fe                Vector114
                0x080002fe                Vector164
                0x080002fe                Vector60
                0x080002fe                Vector1BC
                0x080002fe                Vector1D4
                0x080002fe                Vector17C
                0x080002fe                Vector48
                0x080002fe                Vector1A8
                0x080002fe                Vector16C
                0x080002fe                VectorD4
                0x080002fe                Vector4C
                0x080002fe                Vector144
                0x080002fe                Vector15C
                0x080002fe                Vector68
                0x080002fe                Vector18C
                0x080002fe                Vector170
                0x080002fe                Vector88
                0x080002fe                Vector104
                0x080002fe                Vector184
                0x080002fe                Vector10C
                0x080002fe                BusFault_Handler
                0x080002fe                Vector50
                0x080002fe                Vector1C8
                0x080002fe                Vector194
                0x080002fe                Vector1DC
                0x080002fe                Vector44
                0x080002fe                Vector28
                0x080002fe                VectorB8
                0x080002fe                Vector34
                0x080002fe                VectorA4
                0x080002fe                Vector20
                0x080002fe                Vector174
                0x08000302                _unhandled_exception
 .text          0x08000304       0x32 .build/obj_vessel_base/./lib/chibios/os/common/ports/ARMv7-M/compilers/GCC/chcoreasm.o
                0x08000304                __port_switch
                0x0800031c                __port_thread_start
                0x0800032e                __port_switch_from_isr
                0x08000332                __port_exit_from_isr
 *fill*         0x08000336        0x2 
 .text          0x08000338       0x30 C:/QMK_MSYS/mingw64/bin/../lib/gcc/arm-none-eabi/13.3.0/thumb/v7e-m+fp/hard\libgcc.a(_aeabi_uldivmod.o)
                0x08000338                __aeabi_uldivmod
 .text          0x08000368        0x4 C:/QMK_MSYS/mingw64/bin/../lib/gcc/arm-none-eabi/13.3.0/thumb/v7e-m+fp/hard\libgcc.a(_dvmd_tls.o)
                0x08000368                __aeabi_idiv0
                0x08000368                __aeabi_ldiv0
 *fill*         0x0800036c        0x4 
 .text          0x08000370       0xfc C:/QMK_MSYS/mingw64/bin/../lib/gcc/arm-none-eabi/13.3.0/../../../../arm-none-eabi/lib/thumb/v7e-m+fp/hard\libg_nano.a(libc_a-rand.o)
                0x08000370                srand
                0x080003d4                rand
 .text          0x0800046c       0x4c C:/QMK_MSYS/mingw64/bin/../lib/gcc/arm-none-eabi/13.3.0/../../../../arm-none-eabi/lib/thumb/v7e-m+fp/hard\libg_nano.a(libc_a-assert.o)
                0x0800046c                __assert_func
                0x080004ac                __assert
 .text          0x080004b8       0x20 C:/QMK_MSYS/mingw64/bin/../lib/gcc/arm-none-eabi/13.3.0/../../../../arm-none-eabi/lib/thumb/v7e-m+fp/hard\libg_nano.a(libc_a-malloc.o)
                0x080004b8                malloc
                0x080004c8                free
 .text          0x080004d8      0x140 C:/QMK_MSYS/mingw64/bin/../lib/gcc/arm-none-eabi/13.3.0/../../../../arm-none-eabi/lib/thumb/v7e-m+fp/hard\libg_nano.a(libc_a-mallocr.o)
                0x08000520                _malloc_r
 .text          0x08000618       0x18 C:/QMK_MSYS/mingw64/bin/../lib/gcc/arm-none-eabi/13.3.0/../../../../arm-none-eabi/lib/thumb/v7e-m+fp/hard\libg_nano.a(libc_a-mlock.o)
                0x08000618                __malloc_lock
                0x08000624                __malloc_unlock
 .text          0x08000630       0x44 C:/QMK_MSYS/mingw64/bin/../lib/gcc/arm-none-eabi/13.3.0/../../../../arm-none-eabi/lib/thumb/v7e-m+fp/hard\libg_nano.a(libc_a-fprintf.o)
                0x08000630                _fprintf_r
                0x08000630                _fiprintf_r
                0x0800064c                fiprintf
                0x0800064c                fprintf
 .text          0x08000674       0x28 C:/QMK_MSYS/mingw64/bin/../lib/gcc/arm-none-eabi/13.3.0/../../../../arm-none-eabi/lib/thumb/v7e-m+fp/hard\libg_nano.a(libc_a-lock.o)
                0x08000674                __retarget_lock_init
                0x08000678                __retarget_lock_init_recursive
                0x0800067c                __retarget_lock_close
                0x08000680                __retarget_lock_close_recursive
                0x08000684                __retarget_lock_acquire
                0x08000688                __retarget_lock_acquire_recursive
                0x0800068c                __retarget_lock_try_acquire
                0x08000690                __retarget_lock_try_acquire_recursive
                0x08000694                __retarget_lock_release
                0x08000698                __retarget_lock_release_recursive
 .text          0x0800069c       0x10 C:/QMK_MSYS/mingw64/bin/../lib/gcc/arm-none-eabi/13.3.0/../../../../arm-none-eabi/lib/thumb/v7e-m+fp/hard\libg_nano.a(libc_a-abort.o)
                0x0800069c                abort
 .text          0x080006ac       0xbc C:/QMK_MSYS/mingw64/bin/../lib/gcc/arm-none-eabi/13.3.0/../../../../arm-none-eabi/lib/thumb/v7e-m+fp/hard\libg_nano.a(libc_a-freer.o)
                0x080006ac                _free_r
 .text          0x08000768      0x368 C:/QMK_MSYS/mingw64/bin/../lib/gcc/arm-none-eabi/13.3.0/../../../../arm-none-eabi/lib/thumb/v7e-m+fp/hard\libg_nano.a(libc_a-nano-vfprintf.o)
                0x080007a4                __sfputs_r
                0x080007d4                __sprint_r
                0x080007f4                _vfiprintf_r
                0x080007f4                _vfprintf_r
                0x08000ab4                vfprintf
                0x08000ab4                vfiprintf
 .text          0x08000ad0      0x3a4 C:/QMK_MSYS/mingw64/bin/../lib/gcc/arm-none-eabi/13.3.0/../../../../arm-none-eabi/lib/thumb/v7e-m+fp/hard\libg_nano.a(libc_a-nano-vfprintf_i.o)
                0x08000ad0                _printf_common
                0x08000bf4                _printf_i
 .text          0x08000e74      0x2dc C:/QMK_MSYS/mingw64/bin/../lib/gcc/arm-none-eabi/13.3.0/../../../../arm-none-eabi/lib/thumb/v7e-m+fp/hard\libg_nano.a(libc_a-findfp.o)
                0x08000ff0                __sfp
                0x080010b0                __sinit
                0x080010f0                __sfp_lock_acquire
                0x080010fc                __sfp_lock_release
                0x08001108                __fp_lock_all
                0x0800112c                __fp_unlock_all
 .text          0x08001150      0x300 C:/QMK_MSYS/mingw64/bin/../lib/gcc/arm-none-eabi/13.3.0/../../../../arm-none-eabi/lib/thumb/v7e-m+fp/hard\libg_nano.a(libc_a-fvwrite.o)
                0x08001150                __sfvwrite_r
 .text          0x08001450       0x48 C:/QMK_MSYS/mingw64/bin/../lib/gcc/arm-none-eabi/13.3.0/../../../../arm-none-eabi/lib/thumb/v7e-m+fp/hard\libg_nano.a(libc_a-fwalk.o)
                0x08001450                _fwalk_sglue
 .text          0x08001498       0x94 C:/QMK_MSYS/mingw64/bin/../lib/gcc/arm-none-eabi/13.3.0/../../../../arm-none-eabi/lib/thumb/v7e-m+fp/hard\libg_nano.a(libc_a-stdio.o)
                0x08001498                __sread
                0x080014bc                __seofread
                0x080014c0                __swrite
                0x08001500                __sseek
                0x08001524                __sclose
 .text          0x0800152c       0xa0 C:/QMK_MSYS/mingw64/bin/../lib/gcc/arm-none-eabi/13.3.0/../../../../arm-none-eabi/lib/thumb/v7e-m+fp/hard\libg_nano.a(libc_a-wbuf.o)
                0x0800152c                __swbuf_r
                0x080015b4                __swbuf
 .text          0x080015cc       0xc0 C:/QMK_MSYS/mingw64/bin/../lib/gcc/arm-none-eabi/13.3.0/../../../../arm-none-eabi/lib/thumb/v7e-m+fp/hard\libg_nano.a(libc_a-wsetup.o)
                0x080015cc                __swsetup_r
 .text          0x0800168c      0x100 C:/QMK_MSYS/mingw64/bin/../lib/gcc/arm-none-eabi/13.3.0/../../../../arm-none-eabi/lib/thumb/v7e-m+fp/hard\libg_nano.a(libc_a-memmove.o)
                0x0800168c                memmove
 .text          0x0800178c       0xa4 C:/QMK_MSYS/mingw64/bin/../lib/gcc/arm-none-eabi/13.3.0/../../../../arm-none-eabi/lib/thumb/v7e-m+fp/hard\libg_nano.a(libc_a-memset.o)
                0x0800178c                memset
 .text          0x08001830      0x260 C:/QMK_MSYS/mingw64/bin/../lib/gcc/arm-none-eabi/13.3.0/../../../../arm-none-eabi/lib/thumb/v7e-m+fp/hard\libg_nano.a(libc_a-signal.o)
                0x08001830                _init_signal_r
                0x0800185c                _signal_r
                0x080018a8                _raise_r
                0x080018f8                __sigtramp_r
                0x08001958                raise
                0x080019ac                signal
                0x080019f8                _init_signal
                0x08001a2c                __sigtramp
 .text          0x08001a90       0x30 C:/QMK_MSYS/mingw64/bin/../lib/gcc/arm-none-eabi/13.3.0/../../../../arm-none-eabi/lib/thumb/v7e-m+fp/hard\libg_nano.a(libc_a-signalr.o)
                0x08001a90                _kill_r
                0x08001abc                _getpid_r
 .text          0x08001ac0       0xa0 C:/QMK_MSYS/mingw64/bin/../lib/gcc/arm-none-eabi/13.3.0/../../../../arm-none-eabi/lib/thumb/v7e-m+fp/hard\libg_nano.a(libc_a-memchr.o)
                0x08001ac0                memchr
 .text          0x08001b60      0x134 C:/QMK_MSYS/mingw64/bin/../lib/gcc/arm-none-eabi/13.3.0/../../../../arm-none-eabi/lib/thumb/v7e-m+fp/hard\libg_nano.a(libc_a-memcpy.o)
                0x08001b60                memcpy
 .text          0x08001c94       0x68 C:/QMK_MSYS/mingw64/bin/../lib/gcc/arm-none-eabi/13.3.0/../../../../arm-none-eabi/lib/thumb/v7e-m+fp/hard\libg_nano.a(libc_a-reallocr.o)
                0x08001c94                _realloc_r
 .text          0x08001cfc      0x1a0 C:/QMK_MSYS/mingw64/bin/../lib/gcc/arm-none-eabi/13.3.0/../../../../arm-none-eabi/lib/thumb/v7e-m+fp/hard\libg_nano.a(libc_a-fflush.o)
                0x08001cfc                __sflush_r
                0x08001e1c                _fflush_r
                0x08001e74                fflush
 .text          0x08001e9c      0x114 C:/QMK_MSYS/mingw64/bin/../lib/gcc/arm-none-eabi/13.3.0/../../../../arm-none-eabi/lib/thumb/v7e-m+fp/hard\libg_nano.a(libc_a-makebuf.o)
                0x08001e9c                __smakebuf_r
                0x08001f60                __swhatbuf_r
 .text          0x08001fb0       0x10 C:/QMK_MSYS/mingw64/bin/../lib/gcc/arm-none-eabi/13.3.0/../../../../arm-none-eabi/lib/thumb/v7e-m+fp/hard\libg_nano.a(libc_a-msizer.o)
                0x08001fb0                _malloc_usable_size_r
 .text          0x08001fc0       0x60 C:/QMK_MSYS/mingw64/bin/../lib/gcc/arm-none-eabi/13.3.0/../../../../arm-none-eabi/lib/thumb/v7e-m+fp/hard\libg_nano.a(libc_a-memcmp.o)
                0x08001fc0                memcmp
 *(.text.*)
 .text.do_code16
                0x08002020       0x58 C:\QMK_MSYS\tmp\ccs2W3Vd.ltrans0.ltrans.o
 .text.layer_on
                0x08002078       0x14 C:\QMK_MSYS\tmp\ccs2W3Vd.ltrans0.ltrans.o
 .text.layer_off
                0x0800208c       0x14 C:\QMK_MSYS\tmp\ccs2W3Vd.ltrans0.ltrans.o
 .text.update_source_layers_cache_impl
                0x080020a0       0x32 C:\QMK_MSYS\tmp\ccs2W3Vd.ltrans0.ltrans.o
 .text.read_source_layers_cache_impl
                0x080020d2       0x26 C:\QMK_MSYS\tmp\ccs2W3Vd.ltrans0.ltrans.o
 .text.update_source_layers_cache
                0x080020f8       0x44 C:\QMK_MSYS\tmp\ccs2W3Vd.ltrans0.ltrans.o
 .text.read_source_layers_cache
                0x0800213c       0x3c C:\QMK_MSYS\tmp\ccs2W3Vd.ltrans0.ltrans.o
 .text.debug_waiting_buffer
                0x08002178       0x20 C:\QMK_MSYS\tmp\ccs2W3Vd.ltrans0.ltrans.o
 .text.keymap_key_to_keycode
                0x08002198       0x50 C:\QMK_MSYS\tmp\ccs2W3Vd.ltrans0.ltrans.o
 .text.keycode_config
                0x080021e8      0x108 C:\QMK_MSYS\tmp\ccs2W3Vd.ltrans0.ltrans.o
 .text.mod_config
                0x080022f0       0xc4 C:\QMK_MSYS\tmp\ccs2W3Vd.ltrans0.ltrans.o
 .text.action_for_keycode
                0x080023b4      0x1b0 C:\QMK_MSYS\tmp\ccs2W3Vd.ltrans0.ltrans.o
 .text.layer_switch_get_layer
                0x08002564       0x50 C:\QMK_MSYS\tmp\ccs2W3Vd.ltrans0.ltrans.o
 .text.get_record_keycode
                0x080025b4       0x34 C:\QMK_MSYS\tmp\ccs2W3Vd.ltrans0.ltrans.o
 .text.layer_switch_get_action
                0x080025e8       0x24 C:\QMK_MSYS\tmp\ccs2W3Vd.ltrans0.ltrans.o
 .text.is_tap_record
                0x0800260c       0x50 C:\QMK_MSYS\tmp\ccs2W3Vd.ltrans0.ltrans.o
 .text.sendchar
                0x0800265c        0x4 C:\QMK_MSYS\tmp\ccs2W3Vd.ltrans0.ltrans.o
 .text.null_sendchar_func
                0x08002660        0x4 C:\QMK_MSYS\tmp\ccs2W3Vd.ltrans0.ltrans.o
 .text.__idle_thread
                0x08002664        0x4 C:\QMK_MSYS\tmp\ccs2W3Vd.ltrans0.ltrans.o
 .text.hsv_to_rgb
                0x08002668       0xac C:\QMK_MSYS\tmp\ccs2W3Vd.ltrans0.ltrans.o
 .text.sqrt16   0x08002714       0x4c C:\QMK_MSYS\tmp\ccs2W3Vd.ltrans0.ltrans.o
 .text.random8  0x08002760       0x24 C:\QMK_MSYS\tmp\ccs2W3Vd.ltrans0.ltrans.o
 .text.sin8_C   0x08002784       0x44 C:\QMK_MSYS\tmp\ccs2W3Vd.ltrans0.ltrans.o
 .text.atan2_8  0x080027c8       0x46 C:\QMK_MSYS\tmp\ccs2W3Vd.ltrans0.ltrans.o
 *fill*         0x0800280e        0x2 
 .text.BAND_SAT_math
                0x08002810       0x5c C:\QMK_MSYS\tmp\ccs2W3Vd.ltrans0.ltrans.o
 .text.BAND_VAL_math
                0x0800286c       0x5c C:\QMK_MSYS\tmp\ccs2W3Vd.ltrans0.ltrans.o
 .text.BAND_PINWHEEL_SAT_math
                0x080028c8       0x48 C:\QMK_MSYS\tmp\ccs2W3Vd.ltrans0.ltrans.o
 .text.BAND_PINWHEEL_VAL_math
                0x08002910       0x48 C:\QMK_MSYS\tmp\ccs2W3Vd.ltrans0.ltrans.o
 .text.BAND_SPIRAL_SAT_math
                0x08002958       0x46 C:\QMK_MSYS\tmp\ccs2W3Vd.ltrans0.ltrans.o
 .text.BAND_SPIRAL_VAL_math
                0x0800299e       0x46 C:\QMK_MSYS\tmp\ccs2W3Vd.ltrans0.ltrans.o
 .text.CYCLE_ALL_math
                0x080029e4       0x26 C:\QMK_MSYS\tmp\ccs2W3Vd.ltrans0.ltrans.o
 *fill*         0x08002a0a        0x2 
 .text.CYCLE_LEFT_RIGHT_math
                0x08002a0c       0x38 C:\QMK_MSYS\tmp\ccs2W3Vd.ltrans0.ltrans.o
 .text.CYCLE_UP_DOWN_math
                0x08002a44       0x38 C:\QMK_MSYS\tmp\ccs2W3Vd.ltrans0.ltrans.o
 .text.RAINBOW_MOVING_CHEVRON_math
                0x08002a7c       0x54 C:\QMK_MSYS\tmp\ccs2W3Vd.ltrans0.ltrans.o
 .text.CYCLE_OUT_IN_math
                0x08002ad0       0x32 C:\QMK_MSYS\tmp\ccs2W3Vd.ltrans0.ltrans.o
 .text.CYCLE_OUT_IN_DUAL_math
                0x08002b02       0x48 C:\QMK_MSYS\tmp\ccs2W3Vd.ltrans0.ltrans.o
 .text.CYCLE_PINWHEEL_math
                0x08002b4a       0x30 C:\QMK_MSYS\tmp\ccs2W3Vd.ltrans0.ltrans.o
 .text.CYCLE_SPIRAL_math
                0x08002b7a       0x36 C:\QMK_MSYS\tmp\ccs2W3Vd.ltrans0.ltrans.o
 .text.DUAL_BEACON_math
                0x08002bb0       0x50 C:\QMK_MSYS\tmp\ccs2W3Vd.ltrans0.ltrans.o
 .text.RAINBOW_BEACON_math
                0x08002c00       0x50 C:\QMK_MSYS\tmp\ccs2W3Vd.ltrans0.ltrans.o
 .text.RAINBOW_PINWHEELS_math
                0x08002c50       0x60 C:\QMK_MSYS\tmp\ccs2W3Vd.ltrans0.ltrans.o
 .text.FLOWER_BLOOMING_math
                0x08002cb0       0x48 C:\QMK_MSYS\tmp\ccs2W3Vd.ltrans0.ltrans.o
 .text.HUE_PENDULUM_math
                0x08002cf8       0x64 C:\QMK_MSYS\tmp\ccs2W3Vd.ltrans0.ltrans.o
 .text.HUE_WAVE_math
                0x08002d5c       0x4c C:\QMK_MSYS\tmp\ccs2W3Vd.ltrans0.ltrans.o
 .text.SOLID_REACTIVE_SIMPLE_math
                0x08002da8       0x58 C:\QMK_MSYS\tmp\ccs2W3Vd.ltrans0.ltrans.o
 .text.SOLID_REACTIVE_math
                0x08002e00       0x50 C:\QMK_MSYS\tmp\ccs2W3Vd.ltrans0.ltrans.o
 .text.SOLID_REACTIVE_WIDE_math
                0x08002e50       0x70 C:\QMK_MSYS\tmp\ccs2W3Vd.ltrans0.ltrans.o
 .text.SOLID_REACTIVE_CROSS_math
                0x08002ec0       0x9c C:\QMK_MSYS\tmp\ccs2W3Vd.ltrans0.ltrans.o
 .text.SOLID_REACTIVE_NEXUS_math
                0x08002f5c       0x94 C:\QMK_MSYS\tmp\ccs2W3Vd.ltrans0.ltrans.o
 .text.SPLASH_math
                0x08002ff0       0x4e C:\QMK_MSYS\tmp\ccs2W3Vd.ltrans0.ltrans.o
 .text.SOLID_SPLASH_math
                0x0800303e       0x44 C:\QMK_MSYS\tmp\ccs2W3Vd.ltrans0.ltrans.o
 .text.rgb_matrix_set_color
                0x08003082        0x4 C:\QMK_MSYS\tmp\ccs2W3Vd.ltrans0.ltrans.o
 .text.rgb_matrix_set_color_all
                0x08003086        0x4 C:\QMK_MSYS\tmp\ccs2W3Vd.ltrans0.ltrans.o
 .text.rgb_matrix_get_limits
                0x0800308a       0x2a C:\QMK_MSYS\tmp\ccs2W3Vd.ltrans0.ltrans.o
 .text.rgb_matrix_disable_noeeprom
                0x080030b4       0x20 C:\QMK_MSYS\tmp\ccs2W3Vd.ltrans0.ltrans.o
 .text.setled   0x080030d4       0x3c C:\QMK_MSYS\tmp\ccs2W3Vd.ltrans0.ltrans.o
 .text.setled_all
                0x08003110       0x1c C:\QMK_MSYS\tmp\ccs2W3Vd.ltrans0.ltrans.o
 .text.handleKeycodeRGB
                0x0800312c        0x6 C:\QMK_MSYS\tmp\ccs2W3Vd.ltrans0.ltrans.o
 *fill*         0x08003132        0x2 
 .text.oled_write_raw
                0x08003134       0x60 C:\QMK_MSYS\tmp\ccs2W3Vd.ltrans0.ltrans.o
 .text.encoder_quadrature_read_pin
                0x08003194       0x24 C:\QMK_MSYS\tmp\ccs2W3Vd.ltrans0.ltrans.o
 .text.sendByte
                0x080031b8       0x78 C:\QMK_MSYS\tmp\ccs2W3Vd.ltrans0.ltrans.o
 .text.flush    0x08003230       0x6c C:\QMK_MSYS\tmp\ccs2W3Vd.ltrans0.ltrans.o
 .text._process_tap_dance_action_fn
                0x0800329c        0x6 C:\QMK_MSYS\tmp\ccs2W3Vd.ltrans0.ltrans.o
 *fill*         0x080032a2        0x2 
 .text.host_keyboard_leds
                0x080032a4       0x10 C:\QMK_MSYS\tmp\ccs2W3Vd.ltrans0.ltrans.o
 .text.host_system_send
                0x080032b4       0x38 C:\QMK_MSYS\tmp\ccs2W3Vd.ltrans0.ltrans.o
 .text.host_consumer_send
                0x080032ec       0x38 C:\QMK_MSYS\tmp\ccs2W3Vd.ltrans0.ltrans.o
 .text.add_key_to_report
                0x08003324       0x70 C:\QMK_MSYS\tmp\ccs2W3Vd.ltrans0.ltrans.o
 .text.del_key_from_report
                0x08003394       0x5c C:\QMK_MSYS\tmp\ccs2W3Vd.ltrans0.ltrans.o
 .text.timer_read32
                0x080033f0       0x6c C:\QMK_MSYS\tmp\ccs2W3Vd.ltrans0.ltrans.o
 .text.__NVIC_SystemReset
                0x0800345c       0x24 C:\QMK_MSYS\tmp\ccs2W3Vd.ltrans0.ltrans.o
 .text.usb_get_descriptor_cb
                0x08003480       0xa8 C:\QMK_MSYS\tmp\ccs2W3Vd.ltrans0.ltrans.o
 .text.set_led_transfer_cb
                0x08003528       0x34 C:\QMK_MSYS\tmp\ccs2W3Vd.ltrans0.ltrans.o
 .text.usb_requests_hook_cb
                0x0800355c      0x1b4 C:\QMK_MSYS\tmp\ccs2W3Vd.ltrans0.ltrans.o
 .text.dummy_cb
                0x08003710        0x2 C:\QMK_MSYS\tmp\ccs2W3Vd.ltrans0.ltrans.o
 *fill*         0x08003712        0x2 
 .text.keyboard_leds
                0x08003714        0xc C:\QMK_MSYS\tmp\ccs2W3Vd.ltrans0.ltrans.o
 .text.send_mouse
                0x08003720        0x2 C:\QMK_MSYS\tmp\ccs2W3Vd.ltrans0.ltrans.o
 .text.usb_endpoint_in_is_inactive
                0x08003722       0x38 C:\QMK_MSYS\tmp\ccs2W3Vd.ltrans0.ltrans.o
 *fill*         0x0800375a        0x2 
 .text.usb_set_idle_rate
                0x0800375c       0x1c C:\QMK_MSYS\tmp\ccs2W3Vd.ltrans0.ltrans.o
 .text.usb_get_idle_rate
                0x08003778        0xc C:\QMK_MSYS\tmp\ccs2W3Vd.ltrans0.ltrans.o
 .text.usb_idle_timer_elapsed
                0x08003784       0x4c C:\QMK_MSYS\tmp\ccs2W3Vd.ltrans0.ltrans.o
 .text.usb_shared_set_idle_rate
                0x080037d0       0x24 C:\QMK_MSYS\tmp\ccs2W3Vd.ltrans0.ltrans.o
 .text.usb_shared_get_idle_rate
                0x080037f4       0x16 C:\QMK_MSYS\tmp\ccs2W3Vd.ltrans0.ltrans.o
 *fill*         0x0800380a        0x2 
 .text.usb_shared_idle_timer_elapsed
                0x0800380c       0x58 C:\QMK_MSYS\tmp\ccs2W3Vd.ltrans0.ltrans.o
 .text.chSysPolledDelayX
                0x08003864       0x14 C:\QMK_MSYS\tmp\ccs2W3Vd.ltrans0.ltrans.o
 .text.obqGetFullBufferI
                0x08003878       0x1c C:\QMK_MSYS\tmp\ccs2W3Vd.ltrans0.ltrans.o
 .text.obqPostFullBufferS
                0x08003894       0x26 C:\QMK_MSYS\tmp\ccs2W3Vd.ltrans0.ltrans.o
 *fill*         0x080038ba        0x2 
 .text.dmaStreamFreeI
                0x080038bc       0x7c C:\QMK_MSYS\tmp\ccs2W3Vd.ltrans0.ltrans.o
 .text.i2c_lld_abort_operation
                0x08003938       0x4a C:\QMK_MSYS\tmp\ccs2W3Vd.ltrans0.ltrans.o
 *fill*         0x08003982        0x2 
 .text.i2c_lld_serve_tx_end_irq
                0x08003984       0x44 C:\QMK_MSYS\tmp\ccs2W3Vd.ltrans0.ltrans.o
 .text.otg_disable_ep
                0x080039c8       0x56 C:\QMK_MSYS\tmp\ccs2W3Vd.ltrans0.ltrans.o
 .text.usb_lld_start_in
                0x08003a1e       0x8a C:\QMK_MSYS\tmp\ccs2W3Vd.ltrans0.ltrans.o
 .text.usbStartTransmitI
                0x08003aa8       0x24 C:\QMK_MSYS\tmp\ccs2W3Vd.ltrans0.ltrans.o
 .text.obnotify
                0x08003acc       0x3a C:\QMK_MSYS\tmp\ccs2W3Vd.ltrans0.ltrans.o
 .text._usb_ep0out
                0x08003b06       0x80 C:\QMK_MSYS\tmp\ccs2W3Vd.ltrans0.ltrans.o
 .text.gpio_init
                0x08003b86       0x1e C:\QMK_MSYS\tmp\ccs2W3Vd.ltrans0.ltrans.o
 .text._usb_wakeup.constprop.0
                0x08003ba4       0x1c C:\QMK_MSYS\tmp\ccs2W3Vd.ltrans0.ltrans.o
 .text.usb_lld_start_out.constprop.0
                0x08003bc0       0x66 C:\QMK_MSYS\tmp\ccs2W3Vd.ltrans0.ltrans.o
 .text.usbStartReceiveI.constprop.0
                0x08003c26       0x20 C:\QMK_MSYS\tmp\ccs2W3Vd.ltrans0.ltrans.o
 .text._usb_ep0in
                0x08003c46       0xb8 C:\QMK_MSYS\tmp\ccs2W3Vd.ltrans0.ltrans.o
 *fill*         0x08003cfe        0x2 
 .text.dmaStreamAllocI.part.0.constprop.0
                0x08003d00       0xa8 C:\QMK_MSYS\tmp\ccs2W3Vd.ltrans0.ltrans.o
 .text.effect_runner_dx_dy.constprop.0
                0x08003da8       0xc4 C:\QMK_MSYS\tmp\ccs2W3Vd.ltrans0.ltrans.o
 .text.effect_runner_dx_dy_dist.constprop.0
                0x08003e6c       0xec C:\QMK_MSYS\tmp\ccs2W3Vd.ltrans0.ltrans.o
 .text.effect_runner_sin_cos_i.constprop.0
                0x08003f58       0xd4 C:\QMK_MSYS\tmp\ccs2W3Vd.ltrans0.ltrans.o
 .text.effect_runner_i.constprop.0
                0x0800402c       0xac C:\QMK_MSYS\tmp\ccs2W3Vd.ltrans0.ltrans.o
 .text.effect_runner_reactive.constprop.0
                0x080040d8       0xf8 C:\QMK_MSYS\tmp\ccs2W3Vd.ltrans0.ltrans.o
 .text.effect_runner_reactive_splash.constprop.0
                0x080041d0      0x140 C:\QMK_MSYS\tmp\ccs2W3Vd.ltrans0.ltrans.o
 .text.set_starlight_color.constprop.0
                0x08004310       0x68 C:\QMK_MSYS\tmp\ccs2W3Vd.ltrans0.ltrans.o
 .text.eeconfig_flag_rgb_matrix.constprop.0
                0x08004378       0x10 C:\QMK_MSYS\tmp\ccs2W3Vd.ltrans0.ltrans.o
 .text.rgb_matrix_enable
                0x08004388       0x24 C:\QMK_MSYS\tmp\ccs2W3Vd.ltrans0.ltrans.o
 .text.rgb_matrix_increase_speed
                0x080043ac       0x18 C:\QMK_MSYS\tmp\ccs2W3Vd.ltrans0.ltrans.o
 .text.rgb_matrix_decrease_speed
                0x080043c4       0x14 C:\QMK_MSYS\tmp\ccs2W3Vd.ltrans0.ltrans.o
 .text.rgb_matrix_sethsv_eeprom_helper.constprop.0
                0x080043d8       0x28 C:\QMK_MSYS\tmp\ccs2W3Vd.ltrans0.ltrans.o
 .text.rgb_matrix_increase_hue
                0x08004400       0x14 C:\QMK_MSYS\tmp\ccs2W3Vd.ltrans0.ltrans.o
 .text.rgb_matrix_decrease_hue
                0x08004414       0x14 C:\QMK_MSYS\tmp\ccs2W3Vd.ltrans0.ltrans.o
 .text.rgb_matrix_increase_sat
                0x08004428       0x1c C:\QMK_MSYS\tmp\ccs2W3Vd.ltrans0.ltrans.o
 .text.rgb_matrix_decrease_sat
                0x08004444       0x18 C:\QMK_MSYS\tmp\ccs2W3Vd.ltrans0.ltrans.o
 .text.rgb_matrix_increase_val
                0x0800445c       0x1c C:\QMK_MSYS\tmp\ccs2W3Vd.ltrans0.ltrans.o
 .text.rgb_matrix_decrease_val
                0x08004478       0x18 C:\QMK_MSYS\tmp\ccs2W3Vd.ltrans0.ltrans.o
 .text.rgb_matrix_mode_eeprom_helper.constprop.0
                0x08004490       0x28 C:\QMK_MSYS\tmp\ccs2W3Vd.ltrans0.ltrans.o
 .text.rgb_matrix_step
                0x080044b8       0x18 C:\QMK_MSYS\tmp\ccs2W3Vd.ltrans0.ltrans.o
 .text.rgb_matrix_step_reverse
                0x080044d0       0x1c C:\QMK_MSYS\tmp\ccs2W3Vd.ltrans0.ltrans.o
 .text.otg_txfifo_flush.isra.0
                0x080044ec       0x14 C:\QMK_MSYS\tmp\ccs2W3Vd.ltrans0.ltrans.o
 .text.usb_event_queue_enqueue.isra.0
                0x08004500       0x28 C:\QMK_MSYS\tmp\ccs2W3Vd.ltrans0.ltrans.o
 .text.waiting_buffer_typed.isra.0
                0x08004528       0x44 C:\QMK_MSYS\tmp\ccs2W3Vd.ltrans0.ltrans.o
 .text.send_keyboard_report
                0x0800456c       0x94 C:\QMK_MSYS\tmp\ccs2W3Vd.ltrans0.ltrans.o
 .text.register_mods
                0x08004600       0x14 C:\QMK_MSYS\tmp\ccs2W3Vd.ltrans0.ltrans.o
 .text.unregister_mods
                0x08004614       0x18 C:\QMK_MSYS\tmp\ccs2W3Vd.ltrans0.ltrans.o
 .text.register_weak_mods
                0x0800462c       0x14 C:\QMK_MSYS\tmp\ccs2W3Vd.ltrans0.ltrans.o
 .text.unregister_weak_mods
                0x08004640       0x18 C:\QMK_MSYS\tmp\ccs2W3Vd.ltrans0.ltrans.o
 .text.unregister_code.part.0
                0x08004658       0x74 C:\QMK_MSYS\tmp\ccs2W3Vd.ltrans0.ltrans.o
 .text.unregister_code
                0x080046cc       0x3c C:\QMK_MSYS\tmp\ccs2W3Vd.ltrans0.ltrans.o
 .text.unregister_code16
                0x08004708       0x2c C:\QMK_MSYS\tmp\ccs2W3Vd.ltrans0.ltrans.o
 .text.process_tap_dance_action_on_reset
                0x08004734       0x28 C:\QMK_MSYS\tmp\ccs2W3Vd.ltrans0.ltrans.o
 .text.process_tap_dance_action_on_dance_finished
                0x0800475c       0x48 C:\QMK_MSYS\tmp\ccs2W3Vd.ltrans0.ltrans.o
 .text.eeprom_write_block
                0x080047a4       0x24 C:\QMK_MSYS\tmp\ccs2W3Vd.ltrans0.ltrans.o
 .text.usb_set_report
                0x080047c8       0x22 C:\QMK_MSYS\tmp\ccs2W3Vd.ltrans0.ltrans.o
 .text.usb_get_report
                0x080047ea       0x16 C:\QMK_MSYS\tmp\ccs2W3Vd.ltrans0.ltrans.o
 .text.usb_shared_set_report
                0x08004800       0x2a C:\QMK_MSYS\tmp\ccs2W3Vd.ltrans0.ltrans.o
 .text.usb_shared_get_report
                0x0800482a       0x1c C:\QMK_MSYS\tmp\ccs2W3Vd.ltrans0.ltrans.o
 *fill*         0x08004846        0x2 
 .text.eeprom_driver_erase
                0x08004848       0x10 C:\QMK_MSYS\tmp\ccs2W3Vd.ltrans0.ltrans.o
 .text.eeprom_read_block
                0x08004858       0x34 C:\QMK_MSYS\tmp\ccs2W3Vd.ltrans0.ltrans.o
 .text.eeprom_update_byte
                0x0800488c       0x34 C:\QMK_MSYS\tmp\ccs2W3Vd.ltrans0.ltrans.o
 .text.eeprom_read_word
                0x080048c0       0x1e C:\QMK_MSYS\tmp\ccs2W3Vd.ltrans0.ltrans.o
 .text.eeprom_update_word
                0x080048de       0x22 C:\QMK_MSYS\tmp\ccs2W3Vd.ltrans0.ltrans.o
 .text.eeprom_update_dword.constprop.0
                0x08004900       0x2a C:\QMK_MSYS\tmp\ccs2W3Vd.ltrans0.ltrans.o
 *fill*         0x0800492a        0x2 
 .text.oled_clear
                0x0800492c       0x2c C:\QMK_MSYS\tmp\ccs2W3Vd.ltrans0.ltrans.o
 .text.animation_on.isra.0
                0x08004958       0x84 C:\QMK_MSYS\tmp\ccs2W3Vd.ltrans0.ltrans.o
 .text.clear_keys_from_report
                0x080049dc       0x34 C:\QMK_MSYS\tmp\ccs2W3Vd.ltrans0.ltrans.o
 .text.usb_reset_report
                0x08004a10       0x1c C:\QMK_MSYS\tmp\ccs2W3Vd.ltrans0.ltrans.o
 .text.usb_shared_reset_report
                0x08004a2c       0x26 C:\QMK_MSYS\tmp\ccs2W3Vd.ltrans0.ltrans.o
 *fill*         0x08004a52        0x2 
 .text.set_starlight_dual_sat_color.constprop.0
                0x08004a54       0x80 C:\QMK_MSYS\tmp\ccs2W3Vd.ltrans0.ltrans.o
 .text.set_starlight_dual_hue_color.constprop.0
                0x08004ad4       0x80 C:\QMK_MSYS\tmp\ccs2W3Vd.ltrans0.ltrans.o
 .text.oled_send_cmd
                0x08004b54       0x16 C:\QMK_MSYS\tmp\ccs2W3Vd.ltrans0.ltrans.o
 *fill*         0x08004b6a        0x2 
 .text.oled_off.isra.0
                0x08004b6c       0x2c C:\QMK_MSYS\tmp\ccs2W3Vd.ltrans0.ltrans.o
 .text.oled_on.isra.0
                0x08004b98       0x3c C:\QMK_MSYS\tmp\ccs2W3Vd.ltrans0.ltrans.o
 .text.oled_task
                0x08004bd4      0x220 C:\QMK_MSYS\tmp\ccs2W3Vd.ltrans0.ltrans.o
 .text.ch_dlist_insert
                0x08004df4       0x2a C:\QMK_MSYS\tmp\ccs2W3Vd.ltrans0.ltrans.o
 *fill*         0x08004e1e        0x2 
 .text.vt_set_alarm
                0x08004e20       0x38 C:\QMK_MSYS\tmp\ccs2W3Vd.ltrans0.ltrans.o
 .text.vt_insert_first.constprop.0
                0x08004e58       0x54 C:\QMK_MSYS\tmp\ccs2W3Vd.ltrans0.ltrans.o
 .text.__sch_ready_behind.isra.0
                0x08004eac       0x1c C:\QMK_MSYS\tmp\ccs2W3Vd.ltrans0.ltrans.o
 .text.usb_endpoint_in_tx_complete_cb
                0x08004ec8       0xba C:\QMK_MSYS\tmp\ccs2W3Vd.ltrans0.ltrans.o
 .text.__sch_wakeup
                0x08004f82       0x44 C:\QMK_MSYS\tmp\ccs2W3Vd.ltrans0.ltrans.o
 .text.chThdResumeI
                0x08004fc6       0x12 C:\QMK_MSYS\tmp\ccs2W3Vd.ltrans0.ltrans.o
 .text.i2c_lld_serve_rx_end_irq
                0x08004fd8       0x68 C:\QMK_MSYS\tmp\ccs2W3Vd.ltrans0.ltrans.o
 .text._usb_ep0setup
                0x08005040      0x350 C:\QMK_MSYS\tmp\ccs2W3Vd.ltrans0.ltrans.o
 .text.otg_epin_handler.constprop.0
                0x08005390      0x108 C:\QMK_MSYS\tmp\ccs2W3Vd.ltrans0.ltrans.o
 .text.otg_epout_handler.constprop.0
                0x08005498       0xac C:\QMK_MSYS\tmp\ccs2W3Vd.ltrans0.ltrans.o
 .text.chThdDequeueAllI.constprop.0
                0x08005544       0x1e C:\QMK_MSYS\tmp\ccs2W3Vd.ltrans0.ltrans.o
 .text.obqResetI
                0x08005562       0x14 C:\QMK_MSYS\tmp\ccs2W3Vd.ltrans0.ltrans.o
 *fill*         0x08005576        0x2 
 .text.usb_event_cb
                0x08005578      0x218 C:\QMK_MSYS\tmp\ccs2W3Vd.ltrans0.ltrans.o
 .text.chSchGoSleepS
                0x08005790       0x1c C:\QMK_MSYS\tmp\ccs2W3Vd.ltrans0.ltrans.o
 .text.chSchGoSleepTimeoutS
                0x080057ac       0xd0 C:\QMK_MSYS\tmp\ccs2W3Vd.ltrans0.ltrans.o
 .text.__port_irq_epilogue
                0x0800587c       0x5c C:\QMK_MSYS\tmp\ccs2W3Vd.ltrans0.ltrans.o
 .text.eeprom_update_block.constprop.0
                0x080058d8       0x2e C:\QMK_MSYS\tmp\ccs2W3Vd.ltrans0.ltrans.o
 *fill*         0x08005906        0x2 
 .text.rgb_matrix_task
                0x08005908      0x96c C:\QMK_MSYS\tmp\ccs2W3Vd.ltrans0.ltrans.o
 .text.oled_init.constprop.0.isra.0
                0x08006274       0x88 C:\QMK_MSYS\tmp\ccs2W3Vd.ltrans0.ltrans.o
 .text.led_init_ports
                0x080062fc        0x2 C:\QMK_MSYS\tmp\ccs2W3Vd.ltrans0.ltrans.o
                0x080062fc                __cpu_init
 *fill*         0x080062fe        0x2 
 .text.__early_init
                0x08006300      0x22c C:\QMK_MSYS\tmp\ccs2W3Vd.ltrans0.ltrans.o
                0x08006300                __early_init
 .text.__late_init
                0x0800652c        0x2 C:\QMK_MSYS\tmp\ccs2W3Vd.ltrans0.ltrans.o
                0x0800652c                __late_init
 .text.__default_exit
                0x0800652e        0x2 C:\QMK_MSYS\tmp\ccs2W3Vd.ltrans0.ltrans.o
                0x0800652e                __default_exit
 .text.__init_ram_areas
                0x08006530       0x4c C:\QMK_MSYS\tmp\ccs2W3Vd.ltrans0.ltrans.o
                0x08006530                __init_ram_areas
 .text.__sch_reschedule_ahead
                0x0800657c       0x3c C:\QMK_MSYS\tmp\ccs2W3Vd.ltrans0.ltrans.o
                0x0800657c                chSchDoPreemption
 .text.chSchRescheduleS
                0x080065b8       0x18 C:\QMK_MSYS\tmp\ccs2W3Vd.ltrans0.ltrans.o
 .text.send_report.isra.0
                0x080065d0      0x170 C:\QMK_MSYS\tmp\ccs2W3Vd.ltrans0.ltrans.o
 .text.programmable_button_flush
                0x08006740       0x38 C:\QMK_MSYS\tmp\ccs2W3Vd.ltrans0.ltrans.o
 .text.clear_keyboard
                0x08006778       0x38 C:\QMK_MSYS\tmp\ccs2W3Vd.ltrans0.ltrans.o
 .text.send_keyboard
                0x080067b0        0xa C:\QMK_MSYS\tmp\ccs2W3Vd.ltrans0.ltrans.o
 .text.send_nkro
                0x080067ba        0xa C:\QMK_MSYS\tmp\ccs2W3Vd.ltrans0.ltrans.o
 .text.send_extra
                0x080067c4        0xa C:\QMK_MSYS\tmp\ccs2W3Vd.ltrans0.ltrans.o
 *fill*         0x080067ce        0x2 
 .text.chThdExit
                0x080067d0       0x18 C:\QMK_MSYS\tmp\ccs2W3Vd.ltrans0.ltrans.o
                0x080067d0                chThdExit
 .text.chThdSleep
                0x080067e8       0x18 C:\QMK_MSYS\tmp\ccs2W3Vd.ltrans0.ltrans.o
                0x080067e8                chThdSleep
 .text.register_code.part.0
                0x08006800       0xf8 C:\QMK_MSYS\tmp\ccs2W3Vd.ltrans0.ltrans.o
 .text.register_code
                0x080068f8       0x32 C:\QMK_MSYS\tmp\ccs2W3Vd.ltrans0.ltrans.o
 *fill*         0x0800692a        0x2 
 .text.register_code16
                0x0800692c       0x2c C:\QMK_MSYS\tmp\ccs2W3Vd.ltrans0.ltrans.o
 .text.tap_dance_pair_on_each_tap
                0x08006958       0x1a C:\QMK_MSYS\tmp\ccs2W3Vd.ltrans0.ltrans.o
 .text.tap_dance_pair_finished
                0x08006972        0x6 C:\QMK_MSYS\tmp\ccs2W3Vd.ltrans0.ltrans.o
 .text.tap_code
                0x08006978       0x28 C:\QMK_MSYS\tmp\ccs2W3Vd.ltrans0.ltrans.o
 .text.perform_space_cadet.isra.0
                0x080069a0       0xa4 C:\QMK_MSYS\tmp\ccs2W3Vd.ltrans0.ltrans.o
 .text.process_record
                0x08006a44      0x904 C:\QMK_MSYS\tmp\ccs2W3Vd.ltrans0.ltrans.o
 .text.waiting_buffer_scan_tap
                0x08007348       0x80 C:\QMK_MSYS\tmp\ccs2W3Vd.ltrans0.ltrans.o
 .text.process_tapping
                0x080073c8      0x1fc C:\QMK_MSYS\tmp\ccs2W3Vd.ltrans0.ltrans.o
 .text.action_exec
                0x080075c4       0xcc C:\QMK_MSYS\tmp\ccs2W3Vd.ltrans0.ltrans.o
 .text.generate_tick_event
                0x08007690       0x38 C:\QMK_MSYS\tmp\ccs2W3Vd.ltrans0.ltrans.o
 .text.tap_dance_pair_reset
                0x080076c8       0x22 C:\QMK_MSYS\tmp\ccs2W3Vd.ltrans0.ltrans.o
 *fill*         0x080076ea        0x2 
 .text.SVC_Handler
                0x080076ec       0x20 C:\QMK_MSYS\tmp\ccs2W3Vd.ltrans0.ltrans.o
                0x080076ec                SVC_Handler
 .text.i2cStart
                0x0800770c      0x188 C:\QMK_MSYS\tmp\ccs2W3Vd.ltrans0.ltrans.o
                0x0800770c                i2cStart
 .text.i2cStop  0x08007894       0x7c C:\QMK_MSYS\tmp\ccs2W3Vd.ltrans0.ltrans.o
                0x08007894                i2cStop
 .text.i2cMasterTransmitTimeout
                0x08007910      0x128 C:\QMK_MSYS\tmp\ccs2W3Vd.ltrans0.ltrans.o
                0x08007910                i2cMasterTransmitTimeout
 .text.VectorB0
                0x08007a38       0xd0 C:\QMK_MSYS\tmp\ccs2W3Vd.ltrans0.ltrans.o
                0x08007a38                VectorB0
 .text.Vector6C
                0x08007b08       0x28 C:\QMK_MSYS\tmp\ccs2W3Vd.ltrans0.ltrans.o
                0x08007b08                Vector6C
 .text.Vector70
                0x08007b30       0x2c C:\QMK_MSYS\tmp\ccs2W3Vd.ltrans0.ltrans.o
                0x08007b30                Vector70
 .text.Vector74
                0x08007b5c       0x2c C:\QMK_MSYS\tmp\ccs2W3Vd.ltrans0.ltrans.o
                0x08007b5c                Vector74
 .text.Vector78
                0x08007b88       0x2c C:\QMK_MSYS\tmp\ccs2W3Vd.ltrans0.ltrans.o
                0x08007b88                Vector78
 .text.Vector7C
                0x08007bb4       0x28 C:\QMK_MSYS\tmp\ccs2W3Vd.ltrans0.ltrans.o
                0x08007bb4                Vector7C
 .text.Vector80
                0x08007bdc       0x2c C:\QMK_MSYS\tmp\ccs2W3Vd.ltrans0.ltrans.o
                0x08007bdc                Vector80
 .text.Vector84
                0x08007c08       0x2c C:\QMK_MSYS\tmp\ccs2W3Vd.ltrans0.ltrans.o
                0x08007c08                Vector84
 .text.VectorFC
                0x08007c34       0x2c C:\QMK_MSYS\tmp\ccs2W3Vd.ltrans0.ltrans.o
                0x08007c34                VectorFC
 .text.Vector120
                0x08007c60       0x28 C:\QMK_MSYS\tmp\ccs2W3Vd.ltrans0.ltrans.o
                0x08007c60                Vector120
 .text.Vector124
                0x08007c88       0x2c C:\QMK_MSYS\tmp\ccs2W3Vd.ltrans0.ltrans.o
                0x08007c88                Vector124
 .text.Vector128
                0x08007cb4       0x2c C:\QMK_MSYS\tmp\ccs2W3Vd.ltrans0.ltrans.o
                0x08007cb4                Vector128
 .text.Vector12C
                0x08007ce0       0x2c C:\QMK_MSYS\tmp\ccs2W3Vd.ltrans0.ltrans.o
                0x08007ce0                Vector12C
 .text.Vector130
                0x08007d0c       0x28 C:\QMK_MSYS\tmp\ccs2W3Vd.ltrans0.ltrans.o
                0x08007d0c                Vector130
 .text.Vector150
                0x08007d34       0x2c C:\QMK_MSYS\tmp\ccs2W3Vd.ltrans0.ltrans.o
                0x08007d34                Vector150
 .text.Vector154
                0x08007d60       0x2c C:\QMK_MSYS\tmp\ccs2W3Vd.ltrans0.ltrans.o
                0x08007d60                Vector154
 .text.Vector158
                0x08007d8c       0x2c C:\QMK_MSYS\tmp\ccs2W3Vd.ltrans0.ltrans.o
                0x08007d8c                Vector158
 .text._pal_lld_setgroupmode
                0x08007db8       0xd6 C:\QMK_MSYS\tmp\ccs2W3Vd.ltrans0.ltrans.o
                0x08007db8                _pal_lld_setgroupmode
 .text.setPinInputHigh_atomic
                0x08007e8e       0x22 C:\QMK_MSYS\tmp\ccs2W3Vd.ltrans0.ltrans.o
 .text.init     0x08007eb0       0x1c C:\QMK_MSYS\tmp\ccs2W3Vd.ltrans0.ltrans.o
 .text.encoder_quadrature_init_pin
                0x08007ecc       0x24 C:\QMK_MSYS\tmp\ccs2W3Vd.ltrans0.ltrans.o
 .text.matrix_scan.isra.0
                0x08007ef0      0x288 C:\QMK_MSYS\tmp\ccs2W3Vd.ltrans0.ltrans.o
 .text.startup.main
                0x08008178      0xcf0 C:\QMK_MSYS\tmp\ccs2W3Vd.ltrans0.ltrans.o
                0x08008178                main
 .text.VectorBC
                0x08008e68      0x114 C:\QMK_MSYS\tmp\ccs2W3Vd.ltrans0.ltrans.o
                0x08008e68                VectorBC
 .text.VectorC0
                0x08008f7c       0xd0 C:\QMK_MSYS\tmp\ccs2W3Vd.ltrans0.ltrans.o
                0x08008f7c                VectorC0
 .text.Vector14C
                0x0800904c      0x450 C:\QMK_MSYS\tmp\ccs2W3Vd.ltrans0.ltrans.o
                0x0800904c                Vector14C
 .text._read_r  0x0800949c        0xa C:\QMK_MSYS\tmp\ccs2W3Vd.ltrans0.ltrans.o
                0x0800949c                _read_r
 .text._lseek_r
                0x080094a6        0x4 C:\QMK_MSYS\tmp\ccs2W3Vd.ltrans0.ltrans.o
                0x080094a6                _lseek_r
 .text._write_r
                0x080094aa        0x4 C:\QMK_MSYS\tmp\ccs2W3Vd.ltrans0.ltrans.o
                0x080094aa                _write_r
 .text._close_r
                0x080094ae        0x4 C:\QMK_MSYS\tmp\ccs2W3Vd.ltrans0.ltrans.o
                0x080094ae                _close_r
 *fill*         0x080094b2        0x2 
 .text._sbrk_r  0x080094b4       0x3c C:\QMK_MSYS\tmp\ccs2W3Vd.ltrans0.ltrans.o
                0x080094b4                _sbrk_r
 .text._fstat_r
                0x080094f0       0x18 C:\QMK_MSYS\tmp\ccs2W3Vd.ltrans0.ltrans.o
                0x080094f0                _fstat_r
 .text._isatty_r
                0x08009508        0x4 C:\QMK_MSYS\tmp\ccs2W3Vd.ltrans0.ltrans.o
                0x08009508                _isatty_r
 .text._exit    0x0800950c       0x14 C:\QMK_MSYS\tmp\ccs2W3Vd.ltrans0.ltrans.o
                0x0800950c                _exit
 .text._kill    0x08009520       0x14 C:\QMK_MSYS\tmp\ccs2W3Vd.ltrans0.ltrans.o
                0x08009520                _kill
 .text._getpid  0x08009534        0x4 C:\QMK_MSYS\tmp\ccs2W3Vd.ltrans0.ltrans.o
                0x08009534                _getpid
 .text._fini    0x08009538        0x2 C:\QMK_MSYS\tmp\ccs2W3Vd.ltrans0.ltrans.o
                0x08009538                _fini
 *fill*         0x0800953a        0x2 
 .text.i2c_epilogue
                0x0800953c       0x20 .build/obj_vessel_base/i2c_master.a(i2c_master.o)
 .text.i2c_init
                0x0800955c       0x50 .build/obj_vessel_base/i2c_master.a(i2c_master.o)
                0x0800955c                i2c_init
 .text.i2c_transmit
                0x080095ac       0x68 .build/obj_vessel_base/i2c_master.a(i2c_master.o)
                0x080095ac                i2c_transmit
 .text.i2c_write_register
                0x08009614       0x98 .build/obj_vessel_base/i2c_master.a(i2c_master.o)
                0x08009614                i2c_write_register
 .text.__udivmoddi4
                0x080096ac      0x2a0 C:/QMK_MSYS/mingw64/bin/../lib/gcc/arm-none-eabi/13.3.0/thumb/v7e-m+fp/hard\libgcc.a(_udivmoddi4.o)
                0x080096ac                __udivmoddi4
 *(.glue_7t)
 .glue_7t       0x0800994c        0x0 linker stubs
 *(.glue_7)
 .glue_7        0x0800994c        0x0 linker stubs
 *(.gcc*)
                0x0800994c                        __text_end__ = .

.vfp11_veneer   0x0800994c        0x0
 .vfp11_veneer  0x0800994c        0x0 linker stubs

.v4_bx          0x0800994c        0x0
 .v4_bx         0x0800994c        0x0 linker stubs

.iplt           0x0800994c        0x0
 .iplt          0x0800994c        0x0 .build/obj_vessel_base/i2c_master.a(i2c_master.o)

.rodata         0x0800994c     0x59c8
                0x0800994c                        __rodata_base__ = .
 *(.rodata)
 *(.rodata.*)
 .rodata.i2c_lld_serve_tx_end_irq.str1.1
                0x0800994c       0x19 C:\QMK_MSYS\tmp\ccs2W3Vd.ltrans0.ltrans.o
                                  0xc (size before relaxing)
 .rodata._exit.str1.1
                0x08009965        0x5 C:\QMK_MSYS\tmp\ccs2W3Vd.ltrans0.ltrans.o
 .rodata._kill.str1.1
                0x08009965        0x5 C:\QMK_MSYS\tmp\ccs2W3Vd.ltrans0.ltrans.o
 .rodata.epd_bitmap_frame_18_delay_0.21
                0x08009965      0x400 C:\QMK_MSYS\tmp\ccs2W3Vd.ltrans0.ltrans.o
 .rodata.epd_bitmap_frame_17_delay_0.20
                0x08009d65      0x400 C:\QMK_MSYS\tmp\ccs2W3Vd.ltrans0.ltrans.o
 .rodata.epd_bitmap_frame_16_delay_0.19
                0x0800a165      0x400 C:\QMK_MSYS\tmp\ccs2W3Vd.ltrans0.ltrans.o
 .rodata.epd_bitmap_frame_15_delay_0.18
                0x0800a565      0x400 C:\QMK_MSYS\tmp\ccs2W3Vd.ltrans0.ltrans.o
 .rodata.epd_bitmap_frame_14_delay_0.17
                0x0800a965      0x400 C:\QMK_MSYS\tmp\ccs2W3Vd.ltrans0.ltrans.o
 .rodata.epd_bitmap_frame_13_delay_0.16
                0x0800ad65      0x400 C:\QMK_MSYS\tmp\ccs2W3Vd.ltrans0.ltrans.o
 .rodata.epd_bitmap_frame_12_delay_0.15
                0x0800b165      0x400 C:\QMK_MSYS\tmp\ccs2W3Vd.ltrans0.ltrans.o
 .rodata.epd_bitmap_frame_11_delay_0.14
                0x0800b565      0x400 C:\QMK_MSYS\tmp\ccs2W3Vd.ltrans0.ltrans.o
 .rodata.epd_bitmap_frame_10_delay_0.13
                0x0800b965      0x400 C:\QMK_MSYS\tmp\ccs2W3Vd.ltrans0.ltrans.o
 .rodata.epd_bitmap_frame_9_delay_0.12
                0x0800bd65      0x400 C:\QMK_MSYS\tmp\ccs2W3Vd.ltrans0.ltrans.o
 .rodata.epd_bitmap_frame_8_delay_0.11
                0x0800c165      0x400 C:\QMK_MSYS\tmp\ccs2W3Vd.ltrans0.ltrans.o
 .rodata.epd_bitmap_frame_7_delay_0.10
                0x0800c565      0x400 C:\QMK_MSYS\tmp\ccs2W3Vd.ltrans0.ltrans.o
 .rodata.epd_bitmap_frame_6_delay_0.9
                0x0800c965      0x400 C:\QMK_MSYS\tmp\ccs2W3Vd.ltrans0.ltrans.o
 .rodata.epd_bitmap_frame_5_delay_0.8
                0x0800cd65      0x400 C:\QMK_MSYS\tmp\ccs2W3Vd.ltrans0.ltrans.o
 .rodata.epd_bitmap_frame_4_delay_0.7
                0x0800d165      0x400 C:\QMK_MSYS\tmp\ccs2W3Vd.ltrans0.ltrans.o
 .rodata.epd_bitmap_frame_3_delay_0.6
                0x0800d565      0x400 C:\QMK_MSYS\tmp\ccs2W3Vd.ltrans0.ltrans.o
 .rodata.epd_bitmap_frame_2_delay_0.5
                0x0800d965      0x400 C:\QMK_MSYS\tmp\ccs2W3Vd.ltrans0.ltrans.o
 .rodata.epd_bitmap_frame_1_delay_0.4
                0x0800dd65      0x400 C:\QMK_MSYS\tmp\ccs2W3Vd.ltrans0.ltrans.o
 .rodata.epd_bitmap_frame_0_delay_0.3
                0x0800e165      0x400 C:\QMK_MSYS\tmp\ccs2W3Vd.ltrans0.ltrans.o
 .rodata.ProductString
                0x0800e565       0x14 C:\QMK_MSYS\tmp\ccs2W3Vd.ltrans0.ltrans.o
 .rodata.ManufacturerString
                0x0800e579       0x24 C:\QMK_MSYS\tmp\ccs2W3Vd.ltrans0.ltrans.o
 .rodata.LanguageString
                0x0800e59d        0x4 C:\QMK_MSYS\tmp\ccs2W3Vd.ltrans0.ltrans.o
 *fill*         0x0800e5a1        0x1 
 .rodata.frame_sizes.22
                0x0800e5a2       0x26 C:\QMK_MSYS\tmp\ccs2W3Vd.ltrans0.ltrans.o
 .rodata.epd_bitmap_allArray.23
                0x0800e5c8       0x4c C:\QMK_MSYS\tmp\ccs2W3Vd.ltrans0.ltrans.o
 .rodata.display_on.5
                0x0800e614        0x2 C:\QMK_MSYS\tmp\ccs2W3Vd.ltrans0.ltrans.o
 .rodata.display_off.4
                0x0800e616        0x2 C:\QMK_MSYS\tmp\ccs2W3Vd.ltrans0.ltrans.o
 .rodata.display_setup2.11
                0x0800e618        0xd C:\QMK_MSYS\tmp\ccs2W3Vd.ltrans0.ltrans.o
 .rodata.display_flipped.12
                0x0800e625        0x5 C:\QMK_MSYS\tmp\ccs2W3Vd.ltrans0.ltrans.o
 .rodata.display_normal.13
                0x0800e62a        0x5 C:\QMK_MSYS\tmp\ccs2W3Vd.ltrans0.ltrans.o
 .rodata.display_setup1.14
                0x0800e62f        0xb C:\QMK_MSYS\tmp\ccs2W3Vd.ltrans0.ltrans.o
 *fill*         0x0800e63a        0x2 
 .rodata.ep0config
                0x0800e63c       0x24 C:\QMK_MSYS\tmp\ccs2W3Vd.ltrans0.ltrans.o
 .rodata.active_status
                0x0800e660        0x2 C:\QMK_MSYS\tmp\ccs2W3Vd.ltrans0.ltrans.o
 .rodata.halted_status
                0x0800e662        0x2 C:\QMK_MSYS\tmp\ccs2W3Vd.ltrans0.ltrans.o
 .rodata.zero_status
                0x0800e664        0x2 C:\QMK_MSYS\tmp\ccs2W3Vd.ltrans0.ltrans.o
 *fill*         0x0800e666        0x2 
 .rodata.ram_areas
                0x0800e668       0x80 C:\QMK_MSYS\tmp\ccs2W3Vd.ltrans0.ltrans.o
 .rodata.gpio_default_config
                0x0800e6e8       0xe0 C:\QMK_MSYS\tmp\ccs2W3Vd.ltrans0.ltrans.o
 .rodata.usb_endpoint_interface_lut
                0x0800e7c8        0x2 C:\QMK_MSYS\tmp\ccs2W3Vd.ltrans0.ltrans.o
 .rodata.SharedReport
                0x0800e7ca       0x8b C:\QMK_MSYS\tmp\ccs2W3Vd.ltrans0.ltrans.o
 .rodata.KeyboardReport
                0x0800e855       0x44 C:\QMK_MSYS\tmp\ccs2W3Vd.ltrans0.ltrans.o
 .rodata.ConfigurationDescriptor
                0x0800e899       0x3b C:\QMK_MSYS\tmp\ccs2W3Vd.ltrans0.ltrans.o
 .rodata.DeviceDescriptor
                0x0800e8d4       0x12 C:\QMK_MSYS\tmp\ccs2W3Vd.ltrans0.ltrans.o
 .rodata.CSWTCH.2
                0x0800e8e6        0x3 C:\QMK_MSYS\tmp\ccs2W3Vd.ltrans0.ltrans.o
 *fill*         0x0800e8e9        0x3 
 .rodata.CSWTCH.1
                0x0800e8ec        0xc C:\QMK_MSYS\tmp\ccs2W3Vd.ltrans0.ltrans.o
 .rodata.caps_active.1
                0x0800e8f8      0x400 C:\QMK_MSYS\tmp\ccs2W3Vd.ltrans0.ltrans.o
 .rodata.target_map.7
                0x0800ecf8        0x8 C:\QMK_MSYS\tmp\ccs2W3Vd.ltrans0.ltrans.o
 .rodata.source_map.8
                0x0800ed00        0x8 C:\QMK_MSYS\tmp\ccs2W3Vd.ltrans0.ltrans.o
 .rodata.b_m16_interleave
                0x0800ed08        0x8 C:\QMK_MSYS\tmp\ccs2W3Vd.ltrans0.ltrans.o
 .rodata.CIE1931_CURVE
                0x0800ed10      0x100 C:\QMK_MSYS\tmp\ccs2W3Vd.ltrans0.ltrans.o
 .rodata._stm32_dma_streams
                0x0800ee10       0xc0 C:\QMK_MSYS\tmp\ccs2W3Vd.ltrans0.ltrans.o
 .rodata.fsparams
                0x0800eed0        0xc C:\QMK_MSYS\tmp\ccs2W3Vd.ltrans0.ltrans.o
 .rodata.str1.1
                0x0800eedc        0x3 C:\QMK_MSYS\tmp\ccs2W3Vd.ltrans0.ltrans.o
 .rodata.ch_core0_cfg
                0x0800eedc        0xc C:\QMK_MSYS\tmp\ccs2W3Vd.ltrans0.ltrans.o
 .rodata.usbcfg
                0x0800eee8       0x10 C:\QMK_MSYS\tmp\ccs2W3Vd.ltrans0.ltrans.o
 .rodata.row_pins
                0x0800eef8       0x1c C:\QMK_MSYS\tmp\ccs2W3Vd.ltrans0.ltrans.o
 .rodata.col_pins
                0x0800ef14       0x44 C:\QMK_MSYS\tmp\ccs2W3Vd.ltrans0.ltrans.o
 .rodata.g_led_config
                0x0800ef58      0x1a9 C:\QMK_MSYS\tmp\ccs2W3Vd.ltrans0.ltrans.o
 .rodata.encoder_LUT
                0x0800f101       0x10 C:\QMK_MSYS\tmp\ccs2W3Vd.ltrans0.ltrans.o
 *fill*         0x0800f111        0x1 
 .rodata.keymaps
                0x0800f112       0xee C:\QMK_MSYS\tmp\ccs2W3Vd.ltrans0.ltrans.o
 .rodata.CSWTCH.10
                0x0800f200       0x36 C:\QMK_MSYS\tmp\ccs2W3Vd.ltrans0.ltrans.o
 *fill*         0x0800f236        0x2 
 .rodata.i2cconfig
                0x0800f238        0xc .build/obj_vessel_base/i2c_master.a(i2c_master.o)
 .rodata.str1.4
                0x0800f244       0xcd C:/QMK_MSYS/mingw64/bin/../lib/gcc/arm-none-eabi/13.3.0/../../../../arm-none-eabi/lib/thumb/v7e-m+fp/hard\libg_nano.a(libc_a-rand.o)
                                 0x53 (size before relaxing)
 .rodata.str1.4
                0x0800f311       0x43 C:/QMK_MSYS/mingw64/bin/../lib/gcc/arm-none-eabi/13.3.0/../../../../arm-none-eabi/lib/thumb/v7e-m+fp/hard\libg_nano.a(libc_a-assert.o)
 .rodata.str1.4
                0x0800f311       0x13 C:/QMK_MSYS/mingw64/bin/../lib/gcc/arm-none-eabi/13.3.0/../../../../arm-none-eabi/lib/thumb/v7e-m+fp/hard\libg_nano.a(libc_a-nano-vfprintf.o)
 .rodata.str1.4
                0x0800f311       0x25 C:/QMK_MSYS/mingw64/bin/../lib/gcc/arm-none-eabi/13.3.0/../../../../arm-none-eabi/lib/thumb/v7e-m+fp/hard\libg_nano.a(libc_a-nano-vfprintf_i.o)
                0x0800f354                        . = ALIGN (0x4)
 *fill*         0x0800f311        0x3 
                0x0800f314                        __rodata_end__ = .

.ARM.extab
 *(.ARM.extab* .gnu.linkonce.armextab.*)

.ARM.exidx      0x0800f314        0x8
                0x0800f314                        __exidx_base__ = .
                0x0800f314                        __exidx_start = .
 *(.ARM.exidx* .gnu.linkonce.armexidx.*)
 .ARM.exidx     0x0800f314        0x8 C:/QMK_MSYS/mingw64/bin/../lib/gcc/arm-none-eabi/13.3.0/../../../../arm-none-eabi/lib/thumb/v7e-m+fp/hard\libg_nano.a(libc_a-memchr.o)
 .ARM.exidx     0x0800f31c        0x0 C:/QMK_MSYS/mingw64/bin/../lib/gcc/arm-none-eabi/13.3.0/../../../../arm-none-eabi/lib/thumb/v7e-m+fp/hard\libg_nano.a(libc_a-memcpy.o)
                                  0x8 (size before relaxing)
 .ARM.exidx.text.__udivmoddi4
                0x0800f31c        0x0 C:/QMK_MSYS/mingw64/bin/../lib/gcc/arm-none-eabi/13.3.0/thumb/v7e-m+fp/hard\libgcc.a(_udivmoddi4.o)
                                  0x8 (size before relaxing)
                0x0800f31c                        __exidx_end__ = .
                0x0800f31c                        __exidx_end = .

.rel.dyn        0x0800f31c        0x0
 .rel.iplt      0x0800f31c        0x0 .build/obj_vessel_base/i2c_master.a(i2c_master.o)

.eh_frame_hdr
 *(.eh_frame_hdr)

.eh_frame
 *(.eh_frame)

.data           0x20000c00      0x3f8 load address 0x0800f31c
                [!provide]                        PROVIDE (_textdata = LOADADDR (.data))
                [!provide]                        PROVIDE (_data = .)
                0x0800f31c                        __textdata_base__ = LOADADDR (.data)
                0x20000c00                        __data_base__ = .
 *(.data)
 .data          0x20000c00       0x50 C:/QMK_MSYS/mingw64/bin/../lib/gcc/arm-none-eabi/13.3.0/../../../../arm-none-eabi/lib/thumb/v7e-m+fp/hard\libg_nano.a(libc_a-impure.o)
                0x20000c00                _impure_ptr
                0x20000c04                _impure_data
 .data          0x20000c50        0xc C:/QMK_MSYS/mingw64/bin/../lib/gcc/arm-none-eabi/13.3.0/../../../../arm-none-eabi/lib/thumb/v7e-m+fp/hard\libg_nano.a(libc_a-findfp.o)
                0x20000c50                __sglue
 *(.data.*)
 .data.__compound_literal.7
                0x20000c5c       0x4c C:\QMK_MSYS\tmp\ccs2W3Vd.ltrans0.ltrans.o
 .data.__compound_literal.3
                0x20000ca8       0x4c C:\QMK_MSYS\tmp\ccs2W3Vd.ltrans0.ltrans.o
 .data.__compound_literal.2
                0x20000cf4       0x4c C:\QMK_MSYS\tmp\ccs2W3Vd.ltrans0.ltrans.o
 .data.__compound_literal.1.lto_priv.1
                0x20000d40       0x4c C:\QMK_MSYS\tmp\ccs2W3Vd.ltrans0.ltrans.o
 .data.__compound_literal.0.lto_priv.1
                0x20000d8c       0x4c C:\QMK_MSYS\tmp\ccs2W3Vd.ltrans0.ltrans.o
 .data.__compound_literal.8
                0x20000dd8        0x4 C:\QMK_MSYS\tmp\ccs2W3Vd.ltrans0.ltrans.o
 .data.__compound_literal.4
                0x20000ddc       0x24 C:\QMK_MSYS\tmp\ccs2W3Vd.ltrans0.ltrans.o
 .data.__compound_literal.9
                0x20000e00       0x1c C:\QMK_MSYS\tmp\ccs2W3Vd.ltrans0.ltrans.o
 .data.__compound_literal.5
                0x20000e1c       0x1c C:\QMK_MSYS\tmp\ccs2W3Vd.ltrans0.ltrans.o
 .data.__compound_literal.21
                0x20000e38        0x4 C:\QMK_MSYS\tmp\ccs2W3Vd.ltrans0.ltrans.o
 .data.__compound_literal.20
                0x20000e3c        0x4 C:\QMK_MSYS\tmp\ccs2W3Vd.ltrans0.ltrans.o
 .data.display_start.10
                0x20000e40        0x7 C:\QMK_MSYS\tmp\ccs2W3Vd.ltrans0.ltrans.o
 .data.rgb_effect_params
                0x20000e47        0x3 C:\QMK_MSYS\tmp\ccs2W3Vd.ltrans0.ltrans.o
 .data.rgb_last_enable
                0x20000e4a        0x1 C:\QMK_MSYS\tmp\ccs2W3Vd.ltrans0.ltrans.o
 .data.rgb_last_effect
                0x20000e4b        0x1 C:\QMK_MSYS\tmp\ccs2W3Vd.ltrans0.ltrans.o
 .data.rand16seed
                0x20000e4c        0x2 C:\QMK_MSYS\tmp\ccs2W3Vd.ltrans0.ltrans.o
 *fill*         0x20000e4e        0x2 
 .data.func     0x20000e50        0x4 C:\QMK_MSYS\tmp\ccs2W3Vd.ltrans0.ltrans.o
 .data.chibios_driver
                0x20000e54       0x14 C:\QMK_MSYS\tmp\ccs2W3Vd.ltrans0.ltrans.o
 .data.usb_endpoints_in
                0x20000e68      0x150 C:\QMK_MSYS\tmp\ccs2W3Vd.ltrans0.ltrans.o
 .data.keyboard_protocol
                0x20000fb8        0x1 C:\QMK_MSYS\tmp\ccs2W3Vd.ltrans0.ltrans.o
 .data.animation_enabled
                0x20000fb9        0x1 C:\QMK_MSYS\tmp\ccs2W3Vd.ltrans0.ltrans.o
 *fill*         0x20000fba        0x2 
 .data.tap_dance_actions
                0x20000fbc       0x38 C:\QMK_MSYS\tmp\ccs2W3Vd.ltrans0.ltrans.o
 .data.rgb_task_state
                0x20000ff4        0x1 C:\QMK_MSYS\tmp\ccs2W3Vd.ltrans0.ltrans.o
 *(.ramtext)
                0x20000ff8                        . = ALIGN (0x4)
 *fill*         0x20000ff5        0x3 
                [!provide]                        PROVIDE (_edata = .)
                0x20000ff8                        __data_end__ = .

.igot.plt       0x20000ff8        0x0 load address 0x0800f714
 .igot.plt      0x20000ff8        0x0 .build/obj_vessel_base/i2c_master.a(i2c_master.o)

.bss            0x20000ff8    0x10f40 load address 0x0800f714
                0x20000ff8                        __bss_base__ = .
 *(.bss)
 .bss           0x20000ff8        0x8 C:/QMK_MSYS/mingw64/bin/../lib/gcc/arm-none-eabi/13.3.0/../../../../arm-none-eabi/lib/thumb/v7e-m+fp/hard\libg_nano.a(libc_a-mallocr.o)
                0x20000ff8                __malloc_sbrk_start
                0x20000ffc                __malloc_free_list
 .bss           0x20001000       0x1d C:/QMK_MSYS/mingw64/bin/../lib/gcc/arm-none-eabi/13.3.0/../../../../arm-none-eabi/lib/thumb/v7e-m+fp/hard\libg_nano.a(libc_a-lock.o)
                0x20001000                __lock___arc4random_mutex
                0x20001004                __lock___dd_hash_mutex
                0x20001008                __lock___tz_mutex
                0x2000100c                __lock___env_recursive_mutex
                0x20001010                __lock___malloc_recursive_mutex
                0x20001014                __lock___at_quick_exit_mutex
                0x20001018                __lock___atexit_recursive_mutex
                0x2000101c                __lock___sfp_recursive_mutex
 *fill*         0x2000101d        0x3 
 .bss           0x20001020      0x13c C:/QMK_MSYS/mingw64/bin/../lib/gcc/arm-none-eabi/13.3.0/../../../../arm-none-eabi/lib/thumb/v7e-m+fp/hard\libg_nano.a(libc_a-findfp.o)
                0x20001020                __sf
                0x20001158                __stdio_exit_handler
 .bss           0x2000115c        0x4 C:/QMK_MSYS/mingw64/bin/../lib/gcc/arm-none-eabi/13.3.0/../../../../arm-none-eabi/lib/thumb/v7e-m+fp/hard\libg_nano.a(libc_a-reent.o)
                0x2000115c                errno
 *(.bss.*)
 .bss.ep0setup_buffer
                0x20001160        0x8 C:\QMK_MSYS\tmp\ccs2W3Vd.ltrans0.ltrans.o
 .bss.ep0_state
                0x20001168       0x14 C:\QMK_MSYS\tmp\ccs2W3Vd.ltrans0.ltrans.o
 *fill*         0x2000117c        0x4 
 .bss.ch_c0_idle_thread_wa
                0x20001180      0x1e0 C:\QMK_MSYS\tmp\ccs2W3Vd.ltrans0.ltrans.o
 .bss.__compound_literal.10
                0x20001360       0x30 C:\QMK_MSYS\tmp\ccs2W3Vd.ltrans0.ltrans.o
 .bss.__compound_literal.6
                0x20001390       0x90 C:\QMK_MSYS\tmp\ccs2W3Vd.ltrans0.ltrans.o
 .bss.__compound_literal.1.lto_priv.0
                0x20001420       0x20 C:\QMK_MSYS\tmp\ccs2W3Vd.ltrans0.ltrans.o
 .bss.__compound_literal.0.lto_priv.0
                0x20001440        0x8 C:\QMK_MSYS\tmp\ccs2W3Vd.ltrans0.ltrans.o
 .bss.timer     0x20001448        0x4 C:\QMK_MSYS\tmp\ccs2W3Vd.ltrans0.ltrans.o
 .bss.encoder_button_state.0
                0x2000144c        0x1 C:\QMK_MSYS\tmp\ccs2W3Vd.ltrans0.ltrans.o
 .bss.matrix_need_update
                0x2000144d        0x1 C:\QMK_MSYS\tmp\ccs2W3Vd.ltrans0.ltrans.o
 *fill*         0x2000144e        0x2 
 .bss.last_time
                0x20001450        0x4 C:\QMK_MSYS\tmp\ccs2W3Vd.ltrans0.ltrans.o
 .bss.counters_need_update
                0x20001454        0x1 C:\QMK_MSYS\tmp\ccs2W3Vd.ltrans0.ltrans.o
 .bss.cooked_changed
                0x20001455        0x1 C:\QMK_MSYS\tmp\ccs2W3Vd.ltrans0.ltrans.o
 .bss.sc_timer  0x20001456        0x2 C:\QMK_MSYS\tmp\ccs2W3Vd.ltrans0.ltrans.o
 .bss.report.2  0x20001458       0x4c C:\QMK_MSYS\tmp\ccs2W3Vd.ltrans0.ltrans.o
 .bss.idle_rate.0
                0x200014a4        0x1 C:\QMK_MSYS\tmp\ccs2W3Vd.ltrans0.ltrans.o
 .bss.keyboard_led_state
                0x200014a5        0x1 C:\QMK_MSYS\tmp\ccs2W3Vd.ltrans0.ltrans.o
 *fill*         0x200014a6        0x2 
 .bss.set_report_buf
                0x200014a8        0x2 C:\QMK_MSYS\tmp\ccs2W3Vd.ltrans0.ltrans.o
 *fill*         0x200014aa        0x2 
 .bss.descriptor.0
                0x200014ac        0x8 C:\QMK_MSYS\tmp\ccs2W3Vd.ltrans0.ltrans.o
 .bss.last_consumer_usage
                0x200014b4        0x2 C:\QMK_MSYS\tmp\ccs2W3Vd.ltrans0.ltrans.o
 .bss.last_system_usage
                0x200014b6        0x2 C:\QMK_MSYS\tmp\ccs2W3Vd.ltrans0.ltrans.o
 .bss.oled_rotation_width
                0x200014b8        0x1 C:\QMK_MSYS\tmp\ccs2W3Vd.ltrans0.ltrans.o
 .bss.caps_lock_was_on.2
                0x200014b9        0x1 C:\QMK_MSYS\tmp\ccs2W3Vd.ltrans0.ltrans.o
 .bss.temp_buffer.9
                0x200014ba       0x40 C:\QMK_MSYS\tmp\ccs2W3Vd.ltrans0.ltrans.o
 .bss.oled_rotation
                0x200014fa        0x1 C:\QMK_MSYS\tmp\ccs2W3Vd.ltrans0.ltrans.o
 .bss.oled_scrolling
                0x200014fb        0x1 C:\QMK_MSYS\tmp\ccs2W3Vd.ltrans0.ltrans.o
 .bss.oled_timeout
                0x200014fc        0x4 C:\QMK_MSYS\tmp\ccs2W3Vd.ltrans0.ltrans.o
 .bss.oled_initialized
                0x20001500        0x1 C:\QMK_MSYS\tmp\ccs2W3Vd.ltrans0.ltrans.o
 *fill*         0x20001501        0x1 
 .bss.oled_dirty
                0x20001502        0x2 C:\QMK_MSYS\tmp\ccs2W3Vd.ltrans0.ltrans.o
 .bss.oled_cursor
                0x20001504        0x4 C:\QMK_MSYS\tmp\ccs2W3Vd.ltrans0.ltrans.o
 .bss.oled_buffer
                0x20001508      0x400 C:\QMK_MSYS\tmp\ccs2W3Vd.ltrans0.ltrans.o
 .bss.rgb_matrix_ws2812_array
                0x20001908      0x132 C:\QMK_MSYS\tmp\ccs2W3Vd.ltrans0.ltrans.o
 .bss.ws2812_dirty
                0x20001a3a        0x1 C:\QMK_MSYS\tmp\ccs2W3Vd.ltrans0.ltrans.o
 *fill*         0x20001a3b        0x1 
 .bss.rgb_timer_buffer
                0x20001a3c        0x4 C:\QMK_MSYS\tmp\ccs2W3Vd.ltrans0.ltrans.o
 .bss.led.1     0x20001a40      0x132 C:\QMK_MSYS\tmp\ccs2W3Vd.ltrans0.ltrans.o
 *fill*         0x20001b72        0x2 
 .bss.wait_timer.2
                0x20001b74        0x4 C:\QMK_MSYS\tmp\ccs2W3Vd.ltrans0.ltrans.o
 .bss.g_rgb_timer
                0x20001b78        0x4 C:\QMK_MSYS\tmp\ccs2W3Vd.ltrans0.ltrans.o
 .bss.transientBuffer
                0x20001b7c     0xffff C:\QMK_MSYS\tmp\ccs2W3Vd.ltrans0.ltrans.o
 *fill*         0x20011b7b        0x1 
 .bss.dma       0x20011b7c       0x84 C:\QMK_MSYS\tmp\ccs2W3Vd.ltrans0.ltrans.o
 .bss.ch_memcore
                0x20011c00        0x8 C:\QMK_MSYS\tmp\ccs2W3Vd.ltrans0.ltrans.o
 .bss.ch0       0x20011c08       0x60 C:\QMK_MSYS\tmp\ccs2W3Vd.ltrans0.ltrans.o
 .bss.ms_offset
                0x20011c68        0x4 C:\QMK_MSYS\tmp\ccs2W3Vd.ltrans0.ltrans.o
 .bss.last_ticks
                0x20011c6c        0x4 C:\QMK_MSYS\tmp\ccs2W3Vd.ltrans0.ltrans.o
 .bss.ticks_offset
                0x20011c70        0x4 C:\QMK_MSYS\tmp\ccs2W3Vd.ltrans0.ltrans.o
 .bss.debounce_counters
                0x20011c74        0x4 C:\QMK_MSYS\tmp\ccs2W3Vd.ltrans0.ltrans.o
 .bss.raw_matrix
                0x20011c78       0x1c C:\QMK_MSYS\tmp\ccs2W3Vd.ltrans0.ltrans.o
 .bss.dirty_rgb_matrix
                0x20011c94        0x1 C:\QMK_MSYS\tmp\ccs2W3Vd.ltrans0.ltrans.o
 .bss.g_last_hit_tracker
                0x20011c95       0x29 C:\QMK_MSYS\tmp\ccs2W3Vd.ltrans0.ltrans.o
 .bss.current_frame
                0x20011cbe        0x1 C:\QMK_MSYS\tmp\ccs2W3Vd.ltrans0.ltrans.o
 *fill*         0x20011cbf        0x1 
 .bss.driver.lto_priv.1
                0x20011cc0        0x4 C:\QMK_MSYS\tmp\ccs2W3Vd.ltrans0.ltrans.o
 .bss.event_queue
                0x20011cc4       0x10 C:\QMK_MSYS\tmp\ccs2W3Vd.ltrans0.ltrans.o
 .bss.event_queue_tail
                0x20011cd4        0x1 C:\QMK_MSYS\tmp\ccs2W3Vd.ltrans0.ltrans.o
 .bss.event_queue_head
                0x20011cd5        0x1 C:\QMK_MSYS\tmp\ccs2W3Vd.ltrans0.ltrans.o
 .bss.last_suspend_state
                0x20011cd6        0x1 C:\QMK_MSYS\tmp\ccs2W3Vd.ltrans0.ltrans.o
 *fill*         0x20011cd7        0x1 
 .bss.USBD1     0x20011cd8       0x78 C:\QMK_MSYS\tmp\ccs2W3Vd.ltrans0.ltrans.o
 .bss.matrix    0x20011d50       0x1c C:\QMK_MSYS\tmp\ccs2W3Vd.ltrans0.ltrans.o
 .bss.last_hit_buffer
                0x20011d6c       0x29 C:\QMK_MSYS\tmp\ccs2W3Vd.ltrans0.ltrans.o
 .bss.debug_config
                0x20011d95        0x1 C:\QMK_MSYS\tmp\ccs2W3Vd.ltrans0.ltrans.o
 *fill*         0x20011d96        0x2 
 .bss.matrix_previous.1
                0x20011d98       0x1c C:\QMK_MSYS\tmp\ccs2W3Vd.ltrans0.ltrans.o
 .bss.encoder_pulses
                0x20011db4        0x1 C:\QMK_MSYS\tmp\ccs2W3Vd.ltrans0.ltrans.o
 .bss.encoder_state
                0x20011db5        0x1 C:\QMK_MSYS\tmp\ccs2W3Vd.ltrans0.ltrans.o
 .bss.thisCount
                0x20011db6        0x1 C:\QMK_MSYS\tmp\ccs2W3Vd.ltrans0.ltrans.o
 .bss.encoder_events
                0x20011db7        0x8 C:\QMK_MSYS\tmp\ccs2W3Vd.ltrans0.ltrans.o
 .bss.signal_queue_drain
                0x20011dbf        0x1 C:\QMK_MSYS\tmp\ccs2W3Vd.ltrans0.ltrans.o
 .bss.last_led_status.0
                0x20011dc0        0x1 C:\QMK_MSYS\tmp\ccs2W3Vd.ltrans0.ltrans.o
 *fill*         0x20011dc1        0x3 
 .bss.report.1  0x20011dc4       0x4c C:\QMK_MSYS\tmp\ccs2W3Vd.ltrans0.ltrans.o
 .bss.run_idle_task
                0x20011e10        0x1 C:\QMK_MSYS\tmp\ccs2W3Vd.ltrans0.ltrans.o
 *fill*         0x20011e11        0x1 
 .bss.last_tick.0
                0x20011e12        0x2 C:\QMK_MSYS\tmp\ccs2W3Vd.ltrans0.ltrans.o
 .bss.last_report.0
                0x20011e14       0x20 C:\QMK_MSYS\tmp\ccs2W3Vd.ltrans0.ltrans.o
 .bss.driver.lto_priv.0
                0x20011e34        0x4 C:\QMK_MSYS\tmp\ccs2W3Vd.ltrans0.ltrans.o
 .bss.last_report.1
                0x20011e38        0x8 C:\QMK_MSYS\tmp\ccs2W3Vd.ltrans0.ltrans.o
 .bss.encoder_source_layers_cache
                0x20011e40        0x4 C:\QMK_MSYS\tmp\ccs2W3Vd.ltrans0.ltrans.o
 .bss.source_layers_cache
                0x20011e44       0x3c C:\QMK_MSYS\tmp\ccs2W3Vd.ltrans0.ltrans.o
 .bss.oled_active
                0x20011e80        0x1 C:\QMK_MSYS\tmp\ccs2W3Vd.ltrans0.ltrans.o
 *fill*         0x20011e81        0x3 
 .bss.keyboard_idle_timer
                0x20011e84        0x4 C:\QMK_MSYS\tmp\ccs2W3Vd.ltrans0.ltrans.o
 .bss.anim_off_timer
                0x20011e88        0x4 C:\QMK_MSYS\tmp\ccs2W3Vd.ltrans0.ltrans.o
 .bss.anim_timer
                0x20011e8c        0x4 C:\QMK_MSYS\tmp\ccs2W3Vd.ltrans0.ltrans.o
 .bss.active_td
                0x20011e90        0x2 C:\QMK_MSYS\tmp\ccs2W3Vd.ltrans0.ltrans.o
 .bss.last_tap_time
                0x20011e92        0x2 C:\QMK_MSYS\tmp\ccs2W3Vd.ltrans0.ltrans.o
 .bss.sc_last   0x20011e94        0x1 C:\QMK_MSYS\tmp\ccs2W3Vd.ltrans0.ltrans.o
 *fill*         0x20011e95        0x1 
 .bss.keymap_config
                0x20011e96        0x2 C:\QMK_MSYS\tmp\ccs2W3Vd.ltrans0.ltrans.o
 .bss.grave_esc_was_shifted
                0x20011e98        0x1 C:\QMK_MSYS\tmp\ccs2W3Vd.ltrans0.ltrans.o
 *fill*         0x20011e99        0x7 
 .bss.rgb_matrix_config
                0x20011ea0        0x8 C:\QMK_MSYS\tmp\ccs2W3Vd.ltrans0.ltrans.o
 .bss.programmable_button_report
                0x20011ea8        0x4 C:\QMK_MSYS\tmp\ccs2W3Vd.ltrans0.ltrans.o
 .bss.real_mods
                0x20011eac        0x1 C:\QMK_MSYS\tmp\ccs2W3Vd.ltrans0.ltrans.o
 *fill*         0x20011ead        0x1 
 .bss.default_layer_state
                0x20011eae        0x2 C:\QMK_MSYS\tmp\ccs2W3Vd.ltrans0.ltrans.o
 .bss.layer_state
                0x20011eb0        0x2 C:\QMK_MSYS\tmp\ccs2W3Vd.ltrans0.ltrans.o
 .bss.weak_mods
                0x20011eb2        0x1 C:\QMK_MSYS\tmp\ccs2W3Vd.ltrans0.ltrans.o
 .bss.waiting_buffer_head
                0x20011eb3        0x1 C:\QMK_MSYS\tmp\ccs2W3Vd.ltrans0.ltrans.o
 .bss.waiting_buffer_tail
                0x20011eb4        0x1 C:\QMK_MSYS\tmp\ccs2W3Vd.ltrans0.ltrans.o
 *fill*         0x20011eb5        0x1 
 .bss.waiting_buffer
                0x20011eb6       0x40 C:\QMK_MSYS\tmp\ccs2W3Vd.ltrans0.ltrans.o
 .bss.tapping_key
                0x20011ef6        0x8 C:\QMK_MSYS\tmp\ccs2W3Vd.ltrans0.ltrans.o
 .bss.is_initialised.0
                0x20011efe        0x1 .build/obj_vessel_base/i2c_master.a(i2c_master.o)
 *(COMMON)
 *fill*         0x20011eff        0x1 
 COMMON         0x20011f00       0x38 C:\QMK_MSYS\tmp\ccs2W3Vd.ltrans0.ltrans.o
                0x20011f00                I2CD1
                0x20011f38                        . = ALIGN (0x4)
                0x20011f38                        __bss_end__ = .
                [!provide]                        PROVIDE (end = .)
                0x20000000                        __ram0_base__ = ORIGIN (ram0)
                0x00020000                        __ram0_size__ = LENGTH (ram0)
                0x20020000                        __ram0_end__ = (__ram0_base__ + __ram0_size__)
                0x20000000                        __ram1_base__ = ORIGIN (ram1)
                0x0001c000                        __ram1_size__ = LENGTH (ram1)
                0x2001c000                        __ram1_end__ = (__ram1_base__ + __ram1_size__)
                0x00000000                        __ram2_base__ = ORIGIN (ram2)
                0x00004000                        __ram2_size__ = LENGTH (ram2)
                0x00004000                        __ram2_end__ = (__ram2_base__ + __ram2_size__)
                0x00000000                        __ram3_base__ = ORIGIN (ram3)
                0x00000000                        __ram3_size__ = LENGTH (ram3)
                0x00000000                        __ram3_end__ = (__ram3_base__ + __ram3_size__)
                0x00000000                        __ram4_base__ = ORIGIN (ram4)
                0x00000000                        __ram4_size__ = LENGTH (ram4)
                0x00000000                        __ram4_end__ = (__ram4_base__ + __ram4_size__)
                0x00000000                        __ram5_base__ = ORIGIN (ram5)
                0x00000000                        __ram5_size__ = LENGTH (ram5)
                0x00000000                        __ram5_end__ = (__ram5_base__ + __ram5_size__)
                0x00000000                        __ram6_base__ = ORIGIN (ram6)
                0x00000000                        __ram6_size__ = LENGTH (ram6)
                0x00000000                        __ram6_end__ = (__ram6_base__ + __ram6_size__)
                0x00000000                        __ram7_base__ = ORIGIN (ram7)
                0x00000000                        __ram7_size__ = LENGTH (ram7)
                0x00000000                        __ram7_end__ = (__ram7_base__ + __ram7_size__)
                0x08000000                        __flash0_base__ = ORIGIN (flash0)
                0x00080000                        __flash0_size__ = LENGTH (flash0)
                0x08080000                        __flash0_end__ = (__flash0_base__ + __flash0_size__)
                0x00000000                        __flash1_base__ = ORIGIN (flash1)
                0x00000000                        __flash1_size__ = LENGTH (flash1)
                0x00000000                        __flash1_end__ = (__flash1_base__ + __flash1_size__)
                0x00000000                        __flash2_base__ = ORIGIN (flash2)
                0x00000000                        __flash2_size__ = LENGTH (flash2)
                0x00000000                        __flash2_end__ = (__flash2_base__ + __flash2_size__)
                0x00000000                        __flash3_base__ = ORIGIN (flash3)
                0x00000000                        __flash3_size__ = LENGTH (flash3)