Archive member included to satisfy reference by file (symbol)

.build/obj_vessel_base/i2c_master.a(i2c_master.o)
                              .build/obj_vessel_base/oled_driver.o (symbol from plugin) (i2c_init)
c:/qmk_msys/mingw64/bin/../lib/gcc/arm-none-eabi/12.2.0/thumb/v7e-m+fp/hard\libgcc.a(_aeabi_ldivmod.o)
                              .build/obj_vessel_base/i2c_master.a(i2c_master.o) (__aeabi_ldivmod)
c:/qmk_msys/mingw64/bin/../lib/gcc/arm-none-eabi/12.2.0/thumb/v7e-m+fp/hard\libgcc.a(_aeabi_uldivmod.o)
                              .build/obj_vessel_base/i2c_master.a(i2c_master.o) (__aeabi_uldivmod)
c:/qmk_msys/mingw64/bin/../lib/gcc/arm-none-eabi/12.2.0/thumb/v7e-m+fp/hard\libgcc.a(_udivmoddi4.o)
                              c:/qmk_msys/mingw64/bin/../lib/gcc/arm-none-eabi/12.2.0/thumb/v7e-m+fp/hard\libgcc.a(_aeabi_ldivmod.o) (__udivmoddi4)
c:/qmk_msys/mingw64/bin/../lib/gcc/arm-none-eabi/12.2.0/thumb/v7e-m+fp/hard\libgcc.a(_dvmd_tls.o)
                              c:/qmk_msys/mingw64/bin/../lib/gcc/arm-none-eabi/12.2.0/thumb/v7e-m+fp/hard\libgcc.a(_aeabi_ldivmod.o) (__aeabi_ldiv0)
c:/qmk_msys/mingw64/bin/../lib/gcc/arm-none-eabi/12.2.0/../../../../arm-none-eabi/lib/thumb/v7e-m+fp/hard\libg_nano.a(libc_a-rand.o)
                              .build/obj_vessel_base/quantum/send_string/send_string.o (symbol from plugin) (rand)
c:/qmk_msys/mingw64/bin/../lib/gcc/arm-none-eabi/12.2.0/../../../../arm-none-eabi/lib/thumb/v7e-m+fp/hard\libg_nano.a(libc_a-ctype_.o)
                              .build/obj_vessel_base/quantum/send_string/send_string.o (symbol from plugin) (_ctype_)
c:/qmk_msys/mingw64/bin/../lib/gcc/arm-none-eabi/12.2.0/../../../../arm-none-eabi/lib/thumb/v7e-m+fp/hard\libg_nano.a(libc_a-impure.o)
                              c:/qmk_msys/mingw64/bin/../lib/gcc/arm-none-eabi/12.2.0/../../../../arm-none-eabi/lib/thumb/v7e-m+fp/hard\libg_nano.a(libc_a-rand.o) (_impure_ptr)
c:/qmk_msys/mingw64/bin/../lib/gcc/arm-none-eabi/12.2.0/../../../../arm-none-eabi/lib/thumb/v7e-m+fp/hard\libg_nano.a(libc_a-errno.o)
                              .build/obj_vessel_base/platforms/chibios/syscall-fallbacks.o (symbol from plugin) (__errno)
c:/qmk_msys/mingw64/bin/../lib/gcc/arm-none-eabi/12.2.0/../../../../arm-none-eabi/lib/thumb/v7e-m+fp/hard\libg_nano.a(libc_a-memcpy.o)
                              .build/obj_vessel_base/i2c_master.a(i2c_master.o) (memcpy)
c:/qmk_msys/mingw64/bin/../lib/gcc/arm-none-eabi/12.2.0/../../../../arm-none-eabi/lib/thumb/v7e-m+fp/hard\libg_nano.a(libc_a-assert.o)
                              c:/qmk_msys/mingw64/bin/../lib/gcc/arm-none-eabi/12.2.0/../../../../arm-none-eabi/lib/thumb/v7e-m+fp/hard\libg_nano.a(libc_a-rand.o) (__assert_func)
c:/qmk_msys/mingw64/bin/../lib/gcc/arm-none-eabi/12.2.0/../../../../arm-none-eabi/lib/thumb/v7e-m+fp/hard\libg_nano.a(libc_a-malloc.o)
                              c:/qmk_msys/mingw64/bin/../lib/gcc/arm-none-eabi/12.2.0/../../../../arm-none-eabi/lib/thumb/v7e-m+fp/hard\libg_nano.a(libc_a-rand.o) (malloc)
c:/qmk_msys/mingw64/bin/../lib/gcc/arm-none-eabi/12.2.0/../../../../arm-none-eabi/lib/thumb/v7e-m+fp/hard\libg_nano.a(libc_a-mallocr.o)
                              c:/qmk_msys/mingw64/bin/../lib/gcc/arm-none-eabi/12.2.0/../../../../arm-none-eabi/lib/thumb/v7e-m+fp/hard\libg_nano.a(libc_a-malloc.o) (_malloc_r)
c:/qmk_msys/mingw64/bin/../lib/gcc/arm-none-eabi/12.2.0/../../../../arm-none-eabi/lib/thumb/v7e-m+fp/hard\libg_nano.a(libc_a-mlock.o)
                              c:/qmk_msys/mingw64/bin/../lib/gcc/arm-none-eabi/12.2.0/../../../../arm-none-eabi/lib/thumb/v7e-m+fp/hard\libg_nano.a(libc_a-mallocr.o) (__malloc_lock)
c:/qmk_msys/mingw64/bin/../lib/gcc/arm-none-eabi/12.2.0/../../../../arm-none-eabi/lib/thumb/v7e-m+fp/hard\libg_nano.a(libc_a-fprintf.o)
                              c:/qmk_msys/mingw64/bin/../lib/gcc/arm-none-eabi/12.2.0/../../../../arm-none-eabi/lib/thumb/v7e-m+fp/hard\libg_nano.a(libc_a-assert.o) (fiprintf)
c:/qmk_msys/mingw64/bin/../lib/gcc/arm-none-eabi/12.2.0/../../../../arm-none-eabi/lib/thumb/v7e-m+fp/hard\libg_nano.a(libc_a-lock.o)
                              c:/qmk_msys/mingw64/bin/../lib/gcc/arm-none-eabi/12.2.0/../../../../arm-none-eabi/lib/thumb/v7e-m+fp/hard\libg_nano.a(libc_a-mlock.o) (__retarget_lock_acquire_recursive)
c:/qmk_msys/mingw64/bin/../lib/gcc/arm-none-eabi/12.2.0/../../../../arm-none-eabi/lib/thumb/v7e-m+fp/hard\libg_nano.a(libc_a-abort.o)
                              c:/qmk_msys/mingw64/bin/../lib/gcc/arm-none-eabi/12.2.0/../../../../arm-none-eabi/lib/thumb/v7e-m+fp/hard\libg_nano.a(libc_a-assert.o) (abort)
c:/qmk_msys/mingw64/bin/../lib/gcc/arm-none-eabi/12.2.0/../../../../arm-none-eabi/lib/thumb/v7e-m+fp/hard\libg_nano.a(libc_a-freer.o)
                              c:/qmk_msys/mingw64/bin/../lib/gcc/arm-none-eabi/12.2.0/../../../../arm-none-eabi/lib/thumb/v7e-m+fp/hard\libg_nano.a(libc_a-malloc.o) (_free_r)
[...]
Memory Configuration

Name             Origin             Length             Attributes
flash0           0x08000000         0x00080000         xr
flash1           0x00000000         0x00000000         xr
flash2           0x00000000         0x00000000         xr
flash3           0x00000000         0x00000000         xr
flash4           0x00000000         0x00000000         xr
flash5           0x00000000         0x00000000         xr
flash6           0x00000000         0x00000000         xr
flash7           0x00000000         0x00000000         xr
ram0             0x20000000         0x00020000         xw
ram1             0x20000000         0x0001c000         xw
ram2             0x00000000         0x00004000         xw
ram3             0x00000000         0x00000000         xw
ram4             0x00000000         0x00000000         xw
ram5             0x00000000         0x00000000         xw
ram6             0x00000000         0x00000000         xw
ram7             0x00000000         0x00000000         xw
*default*        0x00000000         0xffffffff

Linker script and memory map

LOAD .build/obj_vessel_base/keyboards/vessel/vessel.o
LOAD C:\QMK_MSYS\tmp\ccU1Jh9w.ltrans0.ltrans.o
LOAD C:\QMK_MSYS\tmp\ccc50fCs.debug.temp.o
LOAD C:\QMK_MSYS\tmp\ccklHz30.debug.temp.o
LOAD C:\QMK_MSYS\tmp\ccYNNRAy.debug.temp.o
LOAD C:\QMK_MSYS\tmp\cceAc125.debug.temp.o
LOAD C:\QMK_MSYS\tmp\ccC4Z6HD.debug.temp.o
LOAD C:\QMK_MSYS\tmp\ccI3dCmb.debug.temp.o
LOAD C:\QMK_MSYS\tmp\ccE5Z2UI.debug.temp.o
LOAD C:\QMK_MSYS\tmp\cc6rM0Kg.debug.temp.o
LOAD C:\QMK_MSYS\tmp\ccSMgmsO.debug.temp.o
LOAD C:\QMK_MSYS\tmp\ccy46yrm.debug.temp.o
LOAD C:\QMK_MSYS\tmp\ccO8uLlU.debug.temp.o
LOAD C:\QMK_MSYS\tmp\ccoBSvhr.debug.temp.o
LOAD C:\QMK_MSYS\tmp\ccUPv9bY.debug.temp.o
LOAD C:\QMK_MSYS\tmp\ccqSAS0u.debug.temp.o
LOAD C:\QMK_MSYS\tmp\ccGusl61.debug.temp.o
LOAD C:\QMK_MSYS\tmp\cc8cGbaz.debug.temp.o
LOAD C:\QMK_MSYS\tmp\cciq4a95.debug.temp.o
LOAD C:\QMK_MSYS\tmp\ccwNSvlD.debug.temp.o
LOAD C:\QMK_MSYS\tmp\ccOGmUsa.debug.temp.o
LOAD C:\QMK_MSYS\tmp\cc2peNQH.debug.temp.o
LOAD C:\QMK_MSYS\tmp\ccofNB9e.debug.temp.o
LOAD C:\QMK_MSYS\tmp\ccYHsFqM.debug.temp.o
LOAD C:\QMK_MSYS\tmp\ccuGbQqn.debug.temp.o
LOAD C:\QMK_MSYS\tmp\ccuSfGmY.debug.temp.o
LOAD C:\QMK_MSYS\tmp\cc0WDcwz.debug.temp.o
LOAD C:\QMK_MSYS\tmp\ccwVCDAa.debug.temp.o
LOAD C:\QMK_MSYS\tmp\ccQbCMWL.debug.temp.o
LOAD C:\QMK_MSYS\tmp\cckbWhan.debug.temp.o
LOAD C:\QMK_MSYS\tmp\ccqamdBY.debug.temp.o
LOAD C:\QMK_MSYS\tmp\ccKksN0z.debug.temp.o
LOAD C:\QMK_MSYS\tmp\ccyMDbta.debug.temp.o
LOAD C:\QMK_MSYS\tmp\cck35cQK.debug.temp.o
LOAD C:\QMK_MSYS\tmp\ccYXcQbl.debug.temp.o
LOAD C:\QMK_MSYS\tmp\ccScs0NV.debug.temp.o
LOAD C:\QMK_MSYS\tmp\cck3L3jw.debug.temp.o
LOAD C:\QMK_MSYS\tmp\ccGSeZ36.debug.temp.o
LOAD C:\QMK_MSYS\tmp\ccamYfJH.debug.temp.o
LOAD C:\QMK_MSYS\tmp\cc4Mv4mi.debug.temp.o
LOAD C:\QMK_MSYS\tmp\cc2fxohT.debug.temp.o
LOAD C:\QMK_MSYS\tmp\cc2HtU6t.debug.temp.o
LOAD C:\QMK_MSYS\tmp\ccEdeWZ3.debug.temp.o
LOAD C:\QMK_MSYS\tmp\ccQ125ND.debug.temp.o
LOAD C:\QMK_MSYS\tmp\ccIVvGPd.debug.temp.o
LOAD C:\QMK_MSYS\tmp\cce8rALN.debug.temp.o
LOAD C:\QMK_MSYS\tmp\ccEZgPFn.debug.temp.o
LOAD C:\QMK_MSYS\tmp\ccS6MeNX.debug.temp.o
LOAD C:\QMK_MSYS\tmp\ccyKUkTx.debug.temp.o
LOAD C:\QMK_MSYS\tmp\ccsRVld8.debug.temp.o
LOAD C:\QMK_MSYS\tmp\ccq4e7sI.debug.temp.o
LOAD C:\QMK_MSYS\tmp\ccMPbZKh.debug.temp.o
LOAD C:\QMK_MSYS\tmp\ccKSDH1Q.debug.temp.o
LOAD C:\QMK_MSYS\tmp\cc6jQycq.debug.temp.o
LOAD C:\QMK_MSYS\tmp\ccYZT7DZ.debug.temp.o
LOAD C:\QMK_MSYS\tmp\ccy61h0y.debug.temp.o
LOAD C:\QMK_MSYS\tmp\ccoVAYk8.debug.temp.o
LOAD C:\QMK_MSYS\tmp\cc0YC6SH.debug.temp.o
LOAD C:\QMK_MSYS\tmp\ccovbilh.debug.temp.o
LOAD C:\QMK_MSYS\tmp\ccquKt4Q.debug.temp.o
LOAD C:\QMK_MSYS\tmp\ccAZDaMq.debug.temp.o
LOAD C:\QMK_MSYS\tmp\cciA5Bn0.debug.temp.o
LOAD C:\QMK_MSYS\tmp\ccE9dzLD.debug.temp.o
LOAD C:\QMK_MSYS\tmp\ccyWmD8g.debug.temp.o
LOAD C:\QMK_MSYS\tmp\cco34JqU.debug.temp.o
LOAD C:\QMK_MSYS\tmp\cc0IuMUx.debug.temp.o
LOAD C:\QMK_MSYS\tmp\ccCI8inb.debug.temp.o
LOAD C:\QMK_MSYS\tmp\ccULnZ2O.debug.temp.o
LOAD C:\QMK_MSYS\tmp\ccaGcQHs.debug.temp.o
LOAD C:\QMK_MSYS\tmp\ccmOrUg6.debug.temp.o
LOAD C:\QMK_MSYS\tmp\cceCX53J.debug.temp.o
LOAD C:\QMK_MSYS\tmp\ccuqTnMn.debug.temp.o
LOAD C:\QMK_MSYS\tmp\cc8gcUA0.debug.temp.o
LOAD C:\QMK_MSYS\tmp\ccA9OCjD.debug.temp.o
LOAD C:\QMK_MSYS\tmp\ccaozwgg.debug.temp.o
LOAD C:\QMK_MSYS\tmp\cck5CV9S.debug.temp.o
LOAD C:\QMK_MSYS\tmp\cce2I3cw.debug.temp.o
LOAD C:\QMK_MSYS\tmp\ccKogSb9.debug.temp.o
LOAD C:\QMK_MSYS\tmp\ccEj5vrM.debug.temp.o
LOAD C:\QMK_MSYS\tmp\ccgB8sFp.debug.temp.o
LOAD C:\QMK_MSYS\tmp\cck1cOO2.debug.temp.o
LOAD C:\QMK_MSYS\tmp\cce68CZE.debug.temp.o
LOAD C:\QMK_MSYS\tmp\ccgTrl6g.debug.temp.o
LOAD C:\QMK_MSYS\tmp\cc6VreqT.debug.temp.o
LOAD C:\QMK_MSYS\tmp\ccSMKhJv.debug.temp.o
LOAD C:\QMK_MSYS\tmp\ccQv6Pf8.debug.temp.o
LOAD C:\QMK_MSYS\tmp\ccoTNhGK.debug.temp.o
LOAD C:\QMK_MSYS\tmp\ccKOBk5m.debug.temp.o
LOAD C:\QMK_MSYS\tmp\ccSQWYKZ.debug.temp.o
LOAD C:\QMK_MSYS\tmp\cc2HXrkC.debug.temp.o
LOAD C:\QMK_MSYS\tmp\ccaQVoSe.debug.temp.o
LOAD C:\QMK_MSYS\tmp\ccIx1rwQ.debug.temp.o
LOAD C:\QMK_MSYS\tmp\ccGG8D4r.debug.temp.o
LOAD C:\QMK_MSYS\tmp\ccC8fBB3.debug.temp.o
LOAD C:\QMK_MSYS\tmp\ccyy63kF.debug.temp.o
LOAD C:\QMK_MSYS\tmp\ccGAP22g.debug.temp.o
LOAD C:\QMK_MSYS\tmp\ccqQXjJS.debug.temp.o
LOAD C:\QMK_MSYS\tmp\ccy4utBu.debug.temp.o
LOAD C:\QMK_MSYS\tmp\ccWuW0r6.debug.temp.o
LOAD C:\QMK_MSYS\tmp\ccABLNgI.debug.temp.o
LOAD C:\QMK_MSYS\tmp\ccMZIimk.debug.temp.o
LOAD C:\QMK_MSYS\tmp\cckLcdmW.debug.temp.o
LOAD C:\QMK_MSYS\tmp\ccMZse5B.debug.temp.o
LOAD C:\QMK_MSYS\tmp\cceKZ7Jh.debug.temp.o
LOAD C:\QMK_MSYS\tmp\ccMD7OBX.debug.temp.o
LOAD C:\QMK_MSYS\tmp\cc2XznsD.debug.temp.o
LOAD C:\QMK_MSYS\tmp\cccFtNej.debug.temp.o
LOAD C:\QMK_MSYS\tmp\ccU9LNdZ.debug.temp.o
LOAD C:\QMK_MSYS\tmp\cc25ldbF.debug.temp.o
LOAD C:\QMK_MSYS\tmp\cc4sv5ll.debug.temp.o
LOAD C:\QMK_MSYS\tmp\ccq86lv1.debug.temp.o
LOAD C:\QMK_MSYS\tmp\ccqAFNyH.debug.temp.o
LOAD C:\QMK_MSYS\tmp\ccYrUkFm.debug.temp.o
LOAD C:\QMK_MSYS\tmp\cc2vFZG1.debug.temp.o
LOAD C:\QMK_MSYS\tmp\ccKuReZG.debug.temp.o
LOAD C:\QMK_MSYS\tmp\ccyIL3dm.debug.temp.o
LOAD C:\QMK_MSYS\tmp\ccoxi5F1.debug.temp.o
LOAD C:\QMK_MSYS\tmp\ccwjz13G.debug.temp.o
LOAD C:\QMK_MSYS\tmp\ccm4v1Dm.debug.temp.o
LOAD C:\QMK_MSYS\tmp\cccFdEc2.debug.temp.o
LOAD C:\QMK_MSYS\tmp\cciyIdGH.debug.temp.o
LOAD C:\QMK_MSYS\tmp\ccUDDLfm.debug.temp.o
LOAD C:\QMK_MSYS\tmp\ccia25I0.debug.temp.o
LOAD C:\QMK_MSYS\tmp\ccAZ1ZbF.debug.temp.o
LOAD C:\QMK_MSYS\tmp\ccwlSbSj.debug.temp.o
LOAD C:\QMK_MSYS\tmp\ccy8slsY.debug.temp.o
LOAD C:\QMK_MSYS\tmp\ccq886iD.debug.temp.o
LOAD C:\QMK_MSYS\tmp\cc04FS8h.debug.temp.o
LOAD C:\QMK_MSYS\tmp\cceM6xSW.debug.temp.o
LOAD C:\QMK_MSYS\tmp\cc8qfOSB.debug.temp.o
LOAD C:\QMK_MSYS\tmp\ccIXUMRg.debug.temp.o
LOAD C:\QMK_MSYS\tmp\ccu49JKV.debug.temp.o
LOAD C:\QMK_MSYS\tmp\ccc3r0Jz.debug.temp.o
LOAD C:\QMK_MSYS\tmp\ccWUvDDd.debug.temp.o
LOAD C:\QMK_MSYS\tmp\ccQphkwR.debug.temp.o
LOAD C:\QMK_MSYS\tmp\ccqmYcBv.debug.temp.o
LOAD C:\QMK_MSYS\tmp\cci8saF9.debug.temp.o
LOAD C:\QMK_MSYS\tmp\ccExI9UN.debug.temp.o
LOAD C:\QMK_MSYS\tmp\ccEdEr9r.debug.temp.o
LOAD C:\QMK_MSYS\tmp\ccgHBIm6.debug.temp.o
LOAD C:\QMK_MSYS\tmp\cc6XGoMK.debug.temp.o
LOAD C:\QMK_MSYS\tmp\cccvwK6o.debug.temp.o
LOAD C:\QMK_MSYS\tmp\cc6xpqp3.debug.temp.o
LOAD C:\QMK_MSYS\tmp\ccG8MKuL.debug.temp.o
LOAD C:\QMK_MSYS\tmp\cc2Htxyt.debug.temp.o
LOAD C:\QMK_MSYS\tmp\ccOIbtwb.debug.temp.o
LOAD C:\QMK_MSYS\tmp\cc020KIT.debug.temp.o
LOAD C:\QMK_MSYS\tmp\cceoOvQB.debug.temp.o
LOAD C:\QMK_MSYS\tmp\ccOKSXak.debug.temp.o
LOAD C:\QMK_MSYS\tmp\ccs7lBu2.debug.temp.o
LOAD C:\QMK_MSYS\tmp\ccuuho0K.debug.temp.o
LOAD C:\QMK_MSYS\tmp\ccANvOut.debug.temp.o
LOAD C:\QMK_MSYS\tmp\cc2VGeTb.debug.temp.o
LOAD C:\QMK_MSYS\tmp\ccIZ3XoT.debug.temp.o
LOAD C:\QMK_MSYS\tmp\cc2hOsOA.debug.temp.o
LOAD .build/obj_vessel_base/.build/obj_vessel_base/src/default_keyboard.o
LOAD .build/obj_vessel_base/quantum/keymap_introspection.o
LOAD .build/obj_vessel_base/quantum/quantum.o
LOAD .build/obj_vessel_base/quantum/bitwise.o
LOAD .build/obj_vessel_base/quantum/led.o
LOAD .build/obj_vessel_base/quantum/action.o
LOAD .build/obj_vessel_base/quantum/action_layer.o
LOAD .build/obj_vessel_base/quantum/action_tapping.o
LOAD .build/obj_vessel_base/quantum/action_util.o
LOAD .build/obj_vessel_base/quantum/eeconfig.o
LOAD .build/obj_vessel_base/quantum/keyboard.o
LOAD .build/obj_vessel_base/quantum/keymap_common.o
LOAD .build/obj_vessel_base/quantum/keycode_config.o
LOAD .build/obj_vessel_base/quantum/sync_timer.o
LOAD .build/obj_vessel_base/quantum/logging/debug.o
LOAD .build/obj_vessel_base/quantum/logging/sendchar.o
LOAD .build/obj_vessel_base/quantum/logging/print.o
LOAD .build/obj_vessel_base/quantum/matrix_common.o
LOAD .build/obj_vessel_base/quantum/matrix.o
LOAD .build/obj_vessel_base/quantum/debounce/sym_defer_pk.o
LOAD .build/obj_vessel_base/quantum/main.o
LOAD .build/obj_vessel_base/printf.o
LOAD .build/obj_vessel_base/eeprom_driver.o
LOAD .build/obj_vessel_base/eeprom_transient.o
LOAD .build/obj_vessel_base/quantum/color.o
LOAD .build/obj_vessel_base/quantum/rgblight/rgblight.o
LOAD .build/obj_vessel_base/quantum/rgblight/rgblight_drivers.o
LOAD .build/obj_vessel_base/quantum/process_keycode/process_rgb.o
LOAD .build/obj_vessel_base/quantum/led_tables.o
LOAD .build/obj_vessel_base/oled_driver.o
LOAD .build/obj_vessel_base/quantum/encoder.o
LOAD .build/obj_vessel_base/encoder_quadrature.o
LOAD .build/obj_vessel_base/ws2812_bitbang.o
LOAD .build/obj_vessel_base/quantum/bootmagic/bootmagic.o
LOAD .build/obj_vessel_base/quantum/process_keycode/process_grave_esc.o
LOAD .build/obj_vessel_base/quantum/process_keycode/process_magic.o
LOAD .build/obj_vessel_base/quantum/process_keycode/process_programmable_button.o
LOAD .build/obj_vessel_base/quantum/programmable_button.o
LOAD .build/obj_vessel_base/quantum/send_string/send_string.o
LOAD .build/obj_vessel_base/quantum/process_keycode/process_space_cadet.o
LOAD .build/obj_vessel_base/protocol/host.o
LOAD .build/obj_vessel_base/protocol/report.o
LOAD .build/obj_vessel_base/protocol/usb_device_state.o
LOAD .build/obj_vessel_base/protocol/usb_util.o
LOAD .build/obj_vessel_base/platforms/suspend.o
LOAD .build/obj_vessel_base/platforms/synchronization_util.o
LOAD .build/obj_vessel_base/platforms/timer.o
LOAD .build/obj_vessel_base/platforms/chibios/hardware_id.o
LOAD .build/obj_vessel_base/platforms/chibios/platform.o
LOAD .build/obj_vessel_base/platforms/chibios/suspend.o
LOAD .build/obj_vessel_base/platforms/chibios/timer.o
LOAD .build/obj_vessel_base/platforms/chibios/bootloaders/stm32_dfu.o
LOAD .build/obj_vessel_base/i2c_master.a
LOAD .build/obj_vessel_base/./lib/chibios/os/common/startup/ARMCMx/compilers/GCC/crt0_v7m.o
LOAD .build/obj_vessel_base/./lib/chibios/os/common/startup/ARMCMx/compilers/GCC/vectors.o
LOAD .build/obj_vessel_base/./lib/chibios/os/common/ports/ARMv7-M/compilers/GCC/chcoreasm.o
LOAD .build/obj_vessel_base/protocol/chibios/usb_main.o
LOAD .build/obj_vessel_base/protocol/chibios/chibios.o
LOAD .build/obj_vessel_base/usb_descriptor.o
LOAD .build/obj_vessel_base/protocol/chibios/usb_driver.o
LOAD .build/obj_vessel_base/protocol/chibios/usb_util.o
LOAD .build/obj_vessel_base/./lib/chibios/os/oslib/src/chmboxes.o
LOAD .build/obj_vessel_base/./lib/chibios/os/oslib/src/chmemcore.o
LOAD .build/obj_vessel_base/./lib/chibios/os/oslib/src/chmemheaps.o
LOAD .build/obj_vessel_base/./lib/chibios/os/oslib/src/chmempools.o
LOAD .build/obj_vessel_base/./lib/chibios/os/oslib/src/chpipes.o
LOAD .build/obj_vessel_base/./lib/chibios/os/oslib/src/chobjcaches.o
LOAD .build/obj_vessel_base/./lib/chibios/os/oslib/src/chdelegates.o
LOAD .build/obj_vessel_base/./lib/chibios/os/oslib/src/chfactory.o
LOAD .build/obj_vessel_base/lib/chibios/os/common/startup/ARMCMx/compilers/GCC/crt1.o
LOAD .build/obj_vessel_base/lib/chibios/os/rt/src/chsys.o
LOAD .build/obj_vessel_base/lib/chibios/os/rt/src/chrfcu.o
LOAD .build/obj_vessel_base/lib/chibios/os/rt/src/chdebug.o
LOAD .build/obj_vessel_base/lib/chibios/os/rt/src/chtrace.o
LOAD .build/obj_vessel_base/lib/chibios/os/rt/src/chvt.o
LOAD .build/obj_vessel_base/lib/chibios/os/rt/src/chschd.o
LOAD .build/obj_vessel_base/lib/chibios/os/rt/src/chinstances.o
LOAD .build/obj_vessel_base/lib/chibios/os/rt/src/chthreads.o
LOAD .build/obj_vessel_base/lib/chibios/os/rt/src/chtm.o
LOAD .build/obj_vessel_base/lib/chibios/os/rt/src/chstats.o
LOAD .build/obj_vessel_base/lib/chibios/os/rt/src/chregistry.o
LOAD .build/obj_vessel_base/lib/chibios/os/rt/src/chsem.o
LOAD .build/obj_vessel_base/lib/chibios/os/rt/src/chmtx.o
LOAD .build/obj_vessel_base/lib/chibios/os/rt/src/chcond.o
LOAD .build/obj_vessel_base/lib/chibios/os/rt/src/chevents.o
LOAD .build/obj_vessel_base/lib/chibios/os/rt/src/chmsg.o
LOAD .build/obj_vessel_base/lib/chibios/os/rt/src/chdynamic.o
LOAD .build/obj_vessel_base/lib/chibios/os/common/ports/ARMv7-M/chcore.o
LOAD .build/obj_vessel_base/lib/chibios/os/hal/osal/rt-nil/osal.o
LOAD .build/obj_vessel_base/lib/chibios/os/hal/src/hal.o
LOAD .build/obj_vessel_base/lib/chibios/os/hal/src/hal_st.o
LOAD .build/obj_vessel_base/lib/chibios/os/hal/src/hal_buffers.o
LOAD .build/obj_vessel_base/lib/chibios/os/hal/src/hal_queues.o
LOAD .build/obj_vessel_base/lib/chibios/os/hal/src/hal_flash.o
LOAD .build/obj_vessel_base/lib/chibios/os/hal/src/hal_mmcsd.o
LOAD .build/obj_vessel_base/lib/chibios/os/hal/src/hal_adc.o
LOAD .build/obj_vessel_base/lib/chibios/os/hal/src/hal_can.o
LOAD .build/obj_vessel_base/lib/chibios/os/hal/src/hal_crypto.o
LOAD .build/obj_vessel_base/lib/chibios/os/hal/src/hal_dac.o
LOAD .build/obj_vessel_base/lib/chibios/os/hal/src/hal_efl.o
LOAD .build/obj_vessel_base/lib/chibios/os/hal/src/hal_gpt.o
LOAD .build/obj_vessel_base/lib/chibios/os/hal/src/hal_i2c.o
LOAD .build/obj_vessel_base/lib/chibios/os/hal/src/hal_i2s.o
LOAD .build/obj_vessel_base/lib/chibios/os/hal/src/hal_icu.o
LOAD .build/obj_vessel_base/lib/chibios/os/hal/src/hal_mac.o
LOAD .build/obj_vessel_base/lib/chibios/os/hal/src/hal_mmc_spi.o
LOAD .build/obj_vessel_base/lib/chibios/os/hal/src/hal_pal.o
LOAD .build/obj_vessel_base/lib/chibios/os/hal/src/hal_pwm.o
LOAD .build/obj_vessel_base/lib/chibios/os/hal/src/hal_rtc.o
LOAD .build/obj_vessel_base/lib/chibios/os/hal/src/hal_sdc.o
LOAD .build/obj_vessel_base/lib/chibios/os/hal/src/hal_serial.o
LOAD .build/obj_vessel_base/lib/chibios/os/hal/src/hal_serial_usb.o
LOAD .build/obj_vessel_base/lib/chibios/os/hal/src/hal_sio.o
LOAD .build/obj_vessel_base/lib/chibios/os/hal/src/hal_spi.o
LOAD .build/obj_vessel_base/lib/chibios/os/hal/src/hal_trng.o
LOAD .build/obj_vessel_base/lib/chibios/os/hal/src/hal_uart.o
LOAD .build/obj_vessel_base/lib/chibios/os/hal/src/hal_usb.o
LOAD .build/obj_vessel_base/lib/chibios/os/hal/src/hal_wdg.o
LOAD .build/obj_vessel_base/lib/chibios/os/hal/src/hal_wspi.o
LOAD .build/obj_vessel_base/lib/chibios/os/hal/ports/common/ARMCMx/nvic.o
LOAD .build/obj_vessel_base/lib/chibios/os/hal/ports/STM32/STM32F4xx/stm32_isr.o
LOAD .build/obj_vessel_base/lib/chibios/os/hal/ports/STM32/STM32F4xx/hal_lld.o
LOAD .build/obj_vessel_base/lib/chibios/os/hal/ports/STM32/STM32F4xx/hal_efl_lld.o
LOAD .build/obj_vessel_base/lib/chibios/os/hal/ports/STM32/LLD/ADCv2/hal_adc_lld.o
LOAD .build/obj_vessel_base/lib/chibios/os/hal/ports/STM32/LLD/CANv1/hal_can_lld.o
LOAD .build/obj_vessel_base/lib/chibios/os/hal/ports/STM32/LLD/CRYPv1/hal_crypto_lld.o
LOAD .build/obj_vessel_base/lib/chibios/os/hal/ports/STM32/LLD/DACv1/hal_dac_lld.o
LOAD .build/obj_vessel_base/lib/chibios/os/hal/ports/STM32/LLD/DMAv2/stm32_dma.o
LOAD .build/obj_vessel_base/lib/chibios/os/hal/ports/STM32/LLD/EXTIv1/stm32_exti.o
LOAD .build/obj_vessel_base/lib/chibios/os/hal/ports/STM32/LLD/GPIOv2/hal_pal_lld.o
LOAD .build/obj_vessel_base/lib/chibios/os/hal/ports/STM32/LLD/I2Cv1/hal_i2c_lld.o
LOAD .build/obj_vessel_base/lib/chibios/os/hal/ports/STM32/LLD/MACv1/hal_mac_lld.o
LOAD .build/obj_vessel_base/lib/chibios/os/hal/ports/STM32/LLD/OTGv1/hal_usb_lld.o
LOAD .build/obj_vessel_base/lib/chibios/os/hal/ports/STM32/LLD/QUADSPIv1/hal_wspi_lld.o
LOAD .build/obj_vessel_base/lib/chibios/os/hal/ports/STM32/LLD/RTCv2/hal_rtc_lld.o
LOAD .build/obj_vessel_base/lib/chibios/os/hal/ports/STM32/LLD/SPIv1/hal_i2s_lld.o
LOAD .build/obj_vessel_base/lib/chibios/os/hal/ports/STM32/LLD/SPIv1/hal_spi_v2_lld.o
LOAD .build/obj_vessel_base/lib/chibios/os/hal/ports/STM32/LLD/SDIOv1/hal_sdc_lld.o
LOAD .build/obj_vessel_base/lib/chibios/os/hal/ports/STM32/LLD/SYSTICKv1/hal_st_lld.o
LOAD .build/obj_vessel_base/lib/chibios/os/hal/ports/STM32/LLD/TIMv1/hal_gpt_lld.o
LOAD .build/obj_vessel_base/lib/chibios/os/hal/ports/STM32/LLD/TIMv1/hal_icu_lld.o
LOAD .build/obj_vessel_base/lib/chibios/os/hal/ports/STM32/LLD/TIMv1/hal_pwm_lld.o
LOAD .build/obj_vessel_base/lib/chibios/os/hal/ports/STM32/LLD/USARTv1/hal_serial_lld.o
LOAD .build/obj_vessel_base/lib/chibios/os/hal/ports/STM32/LLD/USARTv1/hal_uart_lld.o
LOAD .build/obj_vessel_base/lib/chibios/os/hal/ports/STM32/LLD/xWDGv1/hal_wdg_lld.o
LOAD .build/obj_vessel_base/lib/chibios/os/hal/boards/ST_NUCLEO64_F446RE/board.o
LOAD .build/obj_vessel_base/lib/chibios/os/hal/lib/streams/chprintf.o
LOAD .build/obj_vessel_base/lib/chibios/os/hal/lib/streams/chscanf.o
LOAD .build/obj_vessel_base/lib/chibios/os/hal/lib/streams/memstreams.o
LOAD .build/obj_vessel_base/lib/chibios/os/hal/lib/streams/nullstreams.o
LOAD .build/obj_vessel_base/lib/chibios/os/hal/lib/streams/bufstreams.o
LOAD .build/obj_vessel_base/lib/chibios/os/various/syscalls.o
LOAD .build/obj_vessel_base/platforms/chibios/syscall-fallbacks.o
LOAD .build/obj_vessel_base/platforms/chibios/wait.o
LOAD .build/obj_vessel_base/platforms/chibios/synchronization_util.o
LOAD .build/obj_vessel_base/platforms/chibios/interrupt_handlers.o
                0x00000800                        __process_stack_size__ = 0x800
                0x00000400                        __main_stack_size__ = 0x400
LOAD c:/qmk_msys/mingw64/bin/../lib/gcc/arm-none-eabi/12.2.0/../../../../arm-none-eabi/lib/thumb/v7e-m+fp/hard\libm.a
START GROUP
LOAD c:/qmk_msys/mingw64/bin/../lib/gcc/arm-none-eabi/12.2.0/thumb/v7e-m+fp/hard\libgcc.a
LOAD c:/qmk_msys/mingw64/bin/../lib/gcc/arm-none-eabi/12.2.0/../../../../arm-none-eabi/lib/thumb/v7e-m+fp/hard\libg_nano.a
LOAD c:/qmk_msys/mingw64/bin/../lib/gcc/arm-none-eabi/12.2.0/../../../../arm-none-eabi/lib/thumb/v7e-m+fp/hard\libc_nano.a
END GROUP
START GROUP
LOAD c:/qmk_msys/mingw64/bin/../lib/gcc/arm-none-eabi/12.2.0/thumb/v7e-m+fp/hard\libgcc.a
LOAD c:/qmk_msys/mingw64/bin/../lib/gcc/arm-none-eabi/12.2.0/../../../../arm-none-eabi/lib/thumb/v7e-m+fp/hard\libc_nano.a
END GROUP

.mstack         0x20000000      0x400
                0x20000000                        . = ALIGN (0x8)
                0x20000000                        __main_stack_base__ = .
                0x20000400                        . = (. + __main_stack_size__)
 *fill*         0x20000000      0x400 
                0x20000400                        . = ALIGN (0x8)
                0x20000400                        __main_stack_end__ = .

.pstack         0x20000400      0x800
                0x20000400                        . = ALIGN (0x8)
                0x20000400                        __process_stack_base__ = .
                0x20000400                        __main_thread_stack_base__ = .
                0x20000c00                        . = (. + __process_stack_size__)
 *fill*         0x20000400      0x800 
                0x20000c00                        . = ALIGN (0x8)
                0x20000c00                        __process_stack_end__ = .
                0x20000c00                        __main_thread_stack_end__ = .

.vectors        0x08000000      0x1e0
                0x08000000                        __textvectors_base__ = LOADADDR (.vectors)
                0x08000000                        __vectors_base__ = .
 *(.vectors)
 .vectors       0x08000000      0x1e0 .build/obj_vessel_base/./lib/chibios/os/common/startup/ARMCMx/compilers/GCC/vectors.o
                0x08000000                _vectors
                0x080001e0                        __vectors_end__ = .

.xtors          0x080001e0        0x0
                0x080001e0                        __init_array_base__ = .
 *(SORT_BY_NAME(.init_array.*))
 *(.init_array)
                0x080001e0                        __init_array_end__ = .
                0x080001e0                        __fini_array_base__ = .
 *(.fini_array)
 *(SORT_BY_NAME(.fini_array.*))
                0x080001e0                        __fini_array_end__ = .

.text           0x080001e0     0x5e88
                0x080001e0                        __text_base__ = .
 *(.text)
 .text          0x080001e0      0x11c .build/obj_vessel_base/./lib/chibios/os/common/startup/ARMCMx/compilers/GCC/crt0_v7m.o
                0x080001e0                _crt0_entry
 .text          0x080002fc        0x8 .build/obj_vessel_base/./lib/chibios/os/common/startup/ARMCMx/compilers/GCC/vectors.o
                0x080002fc                Reset_Handler
                0x080002fe                VectorE8
                0x080002fe                Vector9C
                0x080002fe                VectorAC
                0x080002fe                DebugMon_Handler
                0x080002fe                Vector1A0
                0x080002fe                Vector5C
                0x080002fe                Vector11C
                0x080002fe                HardFault_Handler
                0x080002fe                Vector1B8
                0x080002fe                Vector19C
                0x080002fe                Vector8C
                0x080002fe                SysTick_Handler
                0x080002fe                VectorDC
                0x080002fe                PendSV_Handler
                0x080002fe                Vector168
                0x080002fe                NMI_Handler
                0x080002fe                Vector110
                0x080002fe                Vector1D8
                0x080002fe                VectorC8
                0x080002fe                Vector94
                0x080002fe                VectorA8
                0x080002fe                VectorB4
                0x080002fe                Vector160
                0x080002fe                Vector1B0
                0x080002fe                UsageFault_Handler
                0x080002fe                VectorEC
                0x080002fe                Vector40
                0x080002fe                VectorF8
                0x080002fe                Vector108
                0x080002fe                Vector190
                0x080002fe                Vector1C4
                0x080002fe                Vector1CC
                0x080002fe                Vector148
                0x080002fe                Vector188
                0x080002fe                Vector198
                0x080002fe                Vector118
                0x080002fe                Vector64
                0x080002fe                Vector58
                0x080002fe                VectorCC
                0x080002fe                Vector54
                0x080002fe                Vector98
                0x080002fe                VectorD8
                0x080002fe                Vector138
                0x080002fe                Vector24
                0x080002fe                Vector1AC
                0x080002fe                Vector178
                0x080002fe                SecureFault_Handler
                0x080002fe                Vector1A4
                0x080002fe                VectorD0
                0x080002fe                Vector1B4
                0x080002fe                Vector140
                0x080002fe                VectorE4
                0x080002fe                Vector1C0
                0x080002fe                Vector134
                0x080002fe                Vector1D0
                0x080002fe                VectorF0
                0x080002fe                Vector13C
                0x080002fe                Vector100
                0x080002fe                VectorE0
                0x080002fe                VectorF4
                0x080002fe                MemManage_Handler
                0x080002fe                VectorA0
                0x080002fe                VectorC4
                0x080002fe                Vector180
                0x080002fe                Vector90
                0x080002fe                Vector114
                0x080002fe                Vector164
                0x080002fe                Vector60
                0x080002fe                Vector1BC
                0x080002fe                Vector1D4
                0x080002fe                Vector17C
                0x080002fe                Vector48
                0x080002fe                Vector1A8
                0x080002fe                Vector16C
                0x080002fe                VectorD4
                0x080002fe                Vector4C
                0x080002fe                Vector144
                0x080002fe                Vector15C
                0x080002fe                Vector68
                0x080002fe                Vector18C
                0x080002fe                Vector170
                0x080002fe                Vector88
                0x080002fe                Vector104
                0x080002fe                Vector184
                0x080002fe                Vector10C
                0x080002fe                BusFault_Handler
                0x080002fe                Vector50
                0x080002fe                Vector1C8
                0x080002fe                Vector194
                0x080002fe                Vector1DC
                0x080002fe                Vector44
                0x080002fe                Vector28
                0x080002fe                VectorB8
                0x080002fe                Vector34
                0x080002fe                VectorA4
                0x080002fe                Vector20
                0x080002fe                Vector174
                0x08000302                _unhandled_exception
 .text          0x08000304       0x32 .build/obj_vessel_base/./lib/chibios/os/common/ports/ARMv7-M/compilers/GCC/chcoreasm.o
                0x08000304                __port_switch
                0x0800031c                __port_thread_start
                0x0800032e                __port_switch_from_isr
                0x08000332                __port_exit_from_isr
 *fill*         0x08000336        0x2 
 .text          0x08000338       0x30 c:/qmk_msys/mingw64/bin/../lib/gcc/arm-none-eabi/12.2.0/thumb/v7e-m+fp/hard\libgcc.a(_aeabi_uldivmod.o)
                0x08000338                __aeabi_uldivmod
 .text          0x08000368        0x4 c:/qmk_msys/mingw64/bin/../lib/gcc/arm-none-eabi/12.2.0/thumb/v7e-m+fp/hard\libgcc.a(_dvmd_tls.o)
                0x08000368                __aeabi_idiv0
                0x08000368                __aeabi_ldiv0
 .text          0x0800036c      0x134 c:/qmk_msys/mingw64/bin/../lib/gcc/arm-none-eabi/12.2.0/../../../../arm-none-eabi/lib/thumb/v7e-m+fp/hard\libg_nano.a(libc_a-memcpy.o)
                0x0800036c                memcpy
 .text          0x080004a0       0x20 c:/qmk_msys/mingw64/bin/../lib/gcc/arm-none-eabi/12.2.0/../../../../arm-none-eabi/lib/thumb/v7e-m+fp/hard\libg_nano.a(libc_a-malloc.o)
                0x080004a0                malloc
                0x080004b0                free
 .text          0x080004c0      0x140 c:/qmk_msys/mingw64/bin/../lib/gcc/arm-none-eabi/12.2.0/../../../../arm-none-eabi/lib/thumb/v7e-m+fp/hard\libg_nano.a(libc_a-mallocr.o)
                0x08000508                _malloc_r
 .text          0x08000600       0x18 c:/qmk_msys/mingw64/bin/../lib/gcc/arm-none-eabi/12.2.0/../../../../arm-none-eabi/lib/thumb/v7e-m+fp/hard\libg_nano.a(libc_a-mlock.o)
                0x08000600                __malloc_lock
                0x0800060c                __malloc_unlock
 .text          0x08000618       0x28 c:/qmk_msys/mingw64/bin/../lib/gcc/arm-none-eabi/12.2.0/../../../../arm-none-eabi/lib/thumb/v7e-m+fp/hard\libg_nano.a(libc_a-lock.o)
                0x08000618                __retarget_lock_init
                0x0800061c                __retarget_lock_init_recursive
                0x08000620                __retarget_lock_close
                0x08000624                __retarget_lock_close_recursive
                0x08000628                __retarget_lock_acquire
                0x0800062c                __retarget_lock_acquire_recursive
                0x08000630                __retarget_lock_try_acquire
                0x08000634                __retarget_lock_try_acquire_recursive
                0x08000638                __retarget_lock_release
                0x0800063c                __retarget_lock_release_recursive
 .text          0x08000640       0xbc c:/qmk_msys/mingw64/bin/../lib/gcc/arm-none-eabi/12.2.0/../../../../arm-none-eabi/lib/thumb/v7e-m+fp/hard\libg_nano.a(libc_a-freer.o)
                0x08000640                _free_r
 .text          0x080006fc       0xa4 c:/qmk_msys/mingw64/bin/../lib/gcc/arm-none-eabi/12.2.0/../../../../arm-none-eabi/lib/thumb/v7e-m+fp/hard\libg_nano.a(libc_a-memset.o)
                0x080006fc                memset
 .text          0x080007a0       0xa0 c:/qmk_msys/mingw64/bin/../lib/gcc/arm-none-eabi/12.2.0/../../../../arm-none-eabi/lib/thumb/v7e-m+fp/hard\libg_nano.a(libc_a-memchr.o)
                0x080007a0                memchr
 .text          0x08000840       0x60 c:/qmk_msys/mingw64/bin/../lib/gcc/arm-none-eabi/12.2.0/../../../../arm-none-eabi/lib/thumb/v7e-m+fp/hard\libg_nano.a(libc_a-memcmp.o)
                0x08000840                memcmp
 *(.text.*)
 .text.layer_on
                0x080008a0       0x14 C:\QMK_MSYS\tmp\ccU1Jh9w.ltrans0.ltrans.o
 .text.layer_off
                0x080008b4       0x14 C:\QMK_MSYS\tmp\ccU1Jh9w.ltrans0.ltrans.o
 .text.update_source_layers_cache_impl
                0x080008c8       0x32 C:\QMK_MSYS\tmp\ccU1Jh9w.ltrans0.ltrans.o
 .text.read_source_layers_cache_impl
                0x080008fa       0x26 C:\QMK_MSYS\tmp\ccU1Jh9w.ltrans0.ltrans.o
 .text.update_source_layers_cache
                0x08000920       0x44 C:\QMK_MSYS\tmp\ccU1Jh9w.ltrans0.ltrans.o
 .text.read_source_layers_cache
                0x08000964       0x3c C:\QMK_MSYS\tmp\ccU1Jh9w.ltrans0.ltrans.o
 .text.debug_waiting_buffer
                0x080009a0       0x20 C:\QMK_MSYS\tmp\ccU1Jh9w.ltrans0.ltrans.o
 .text.keymap_key_to_keycode
                0x080009c0       0x50 C:\QMK_MSYS\tmp\ccU1Jh9w.ltrans0.ltrans.o
 .text.keycode_config
                0x08000a10      0x10c C:\QMK_MSYS\tmp\ccU1Jh9w.ltrans0.ltrans.o
 .text.mod_config
                0x08000b1c       0xc4 C:\QMK_MSYS\tmp\ccU1Jh9w.ltrans0.ltrans.o
 .text.action_for_keycode
                0x08000be0      0x1a8 C:\QMK_MSYS\tmp\ccU1Jh9w.ltrans0.ltrans.o
 .text.layer_switch_get_layer
                0x08000d88       0x50 C:\QMK_MSYS\tmp\ccU1Jh9w.ltrans0.ltrans.o
 .text.get_record_keycode
                0x08000dd8       0x34 C:\QMK_MSYS\tmp\ccU1Jh9w.ltrans0.ltrans.o
 .text.layer_switch_get_action
                0x08000e0c       0x24 C:\QMK_MSYS\tmp\ccU1Jh9w.ltrans0.ltrans.o
 .text.is_tap_record
                0x08000e30       0x50 C:\QMK_MSYS\tmp\ccU1Jh9w.ltrans0.ltrans.o
 .text.sendchar
                0x08000e80        0x4 C:\QMK_MSYS\tmp\ccU1Jh9w.ltrans0.ltrans.o
 .text.null_sendchar_func
                0x08000e84        0x4 C:\QMK_MSYS\tmp\ccU1Jh9w.ltrans0.ltrans.o
 .text.rgblight_effect_dummy
                0x08000e88        0x2 C:\QMK_MSYS\tmp\ccU1Jh9w.ltrans0.ltrans.o
 .text.__idle_thread
                0x08000e8a        0x4 C:\QMK_MSYS\tmp\ccU1Jh9w.ltrans0.ltrans.o
 *fill*         0x08000e8e        0x2 
 .text.sethsv_raw
                0x08000e90       0x94 C:\QMK_MSYS\tmp\ccU1Jh9w.ltrans0.ltrans.o
 .text.rgblight_check_config
                0x08000f24       0x28 C:\QMK_MSYS\tmp\ccU1Jh9w.ltrans0.ltrans.o
 .text.rgblight_set
                0x08000f4c       0x30 C:\QMK_MSYS\tmp\ccU1Jh9w.ltrans0.ltrans.o
 .text.rgblight_effect_rainbow_swirl
                0x08000f7c       0x50 C:\QMK_MSYS\tmp\ccU1Jh9w.ltrans0.ltrans.o
 .text.handleKeycodeRGB
                0x08000fcc        0x6 C:\QMK_MSYS\tmp\ccU1Jh9w.ltrans0.ltrans.o
 *fill*         0x08000fd2        0x2 
 .text.oled_write_raw
                0x08000fd4       0x60 C:\QMK_MSYS\tmp\ccU1Jh9w.ltrans0.ltrans.o
 .text.encoder_quadrature_read_pin
                0x08001034       0x24 C:\QMK_MSYS\tmp\ccU1Jh9w.ltrans0.ltrans.o
 .text.sendByte
                0x08001058       0x78 C:\QMK_MSYS\tmp\ccU1Jh9w.ltrans0.ltrans.o
 .text.host_keyboard_leds
                0x080010d0       0x10 C:\QMK_MSYS\tmp\ccU1Jh9w.ltrans0.ltrans.o
 .text.host_system_send
                0x080010e0       0x38 C:\QMK_MSYS\tmp\ccU1Jh9w.ltrans0.ltrans.o
 .text.host_consumer_send
                0x08001118       0x38 C:\QMK_MSYS\tmp\ccU1Jh9w.ltrans0.ltrans.o
 .text.add_key_to_report
                0x08001150       0x70 C:\QMK_MSYS\tmp\ccU1Jh9w.ltrans0.ltrans.o
 .text.del_key_from_report
                0x080011c0       0x5c C:\QMK_MSYS\tmp\ccU1Jh9w.ltrans0.ltrans.o
 .text.timer_read32
                0x0800121c       0x6c C:\QMK_MSYS\tmp\ccU1Jh9w.ltrans0.ltrans.o
 .text.__NVIC_SystemReset
                0x08001288       0x24 C:\QMK_MSYS\tmp\ccU1Jh9w.ltrans0.ltrans.o
 .text.usb_get_descriptor_cb
                0x080012ac       0xb8 C:\QMK_MSYS\tmp\ccU1Jh9w.ltrans0.ltrans.o
 .text.dummy_usb_cb
                0x08001364        0x2 C:\QMK_MSYS\tmp\ccU1Jh9w.ltrans0.ltrans.o
 *fill*         0x08001366        0x2 
 .text.set_led_transfer_cb
                0x08001368       0x34 C:\QMK_MSYS\tmp\ccU1Jh9w.ltrans0.ltrans.o
 .text.usb_sof_cb
                0x0800139c        0xe C:\QMK_MSYS\tmp\ccU1Jh9w.ltrans0.ltrans.o
 *fill*         0x080013aa        0x2 
 .text.keyboard_leds
                0x080013ac        0xc C:\QMK_MSYS\tmp\ccU1Jh9w.ltrans0.ltrans.o
 .text.send_mouse
                0x080013b8        0x2 C:\QMK_MSYS\tmp\ccU1Jh9w.ltrans0.ltrans.o
 *fill*         0x080013ba        0x2 
 .text.chSysPolledDelayX
                0x080013bc       0x14 C:\QMK_MSYS\tmp\ccU1Jh9w.ltrans0.ltrans.o
 .text.dmaStreamFreeI
                0x080013d0       0x7c C:\QMK_MSYS\tmp\ccU1Jh9w.ltrans0.ltrans.o
 .text.i2c_lld_abort_operation
                0x0800144c       0x4a C:\QMK_MSYS\tmp\ccU1Jh9w.ltrans0.ltrans.o
 *fill*         0x08001496        0x2 
 .text.i2c_lld_serve_tx_end_irq
                0x08001498       0x44 C:\QMK_MSYS\tmp\ccU1Jh9w.ltrans0.ltrans.o
 .text.otg_disable_ep
                0x080014dc       0x56 C:\QMK_MSYS\tmp\ccU1Jh9w.ltrans0.ltrans.o
 .text.usb_lld_start_in
                0x08001532       0x8a C:\QMK_MSYS\tmp\ccU1Jh9w.ltrans0.ltrans.o
 .text.usbStartTransmitI
                0x080015bc       0x24 C:\QMK_MSYS\tmp\ccU1Jh9w.ltrans0.ltrans.o
 .text._usb_ep0out
                0x080015e0       0x80 C:\QMK_MSYS\tmp\ccU1Jh9w.ltrans0.ltrans.o
 .text.gpio_init
                0x08001660       0x1e C:\QMK_MSYS\tmp\ccU1Jh9w.ltrans0.ltrans.o
 *fill*         0x0800167e        0x2 
 .text._usb_wakeup.constprop.0
                0x08001680       0x1c C:\QMK_MSYS\tmp\ccU1Jh9w.ltrans0.ltrans.o
 .text.usb_lld_start_out.constprop.0
                0x0800169c       0x66 C:\QMK_MSYS\tmp\ccU1Jh9w.ltrans0.ltrans.o
 .text.usbStartReceiveI.constprop.0
                0x08001702       0x20 C:\QMK_MSYS\tmp\ccU1Jh9w.ltrans0.ltrans.o
 .text._usb_ep0in
                0x08001722       0xb8 C:\QMK_MSYS\tmp\ccU1Jh9w.ltrans0.ltrans.o
 *fill*         0x080017da        0x2 
 .text.dmaStreamAllocI.part.0.constprop.0
                0x080017dc       0xa8 C:\QMK_MSYS\tmp\ccU1Jh9w.ltrans0.ltrans.o
 .text.usbStart.constprop.0.isra.0
                0x08001884       0xe4 C:\QMK_MSYS\tmp\ccU1Jh9w.ltrans0.ltrans.o
 .text.otg_txfifo_flush.isra.0
                0x08001968       0x14 C:\QMK_MSYS\tmp\ccU1Jh9w.ltrans0.ltrans.o
 .text.usb_event_queue_enqueue.isra.0
                0x0800197c       0x28 C:\QMK_MSYS\tmp\ccU1Jh9w.ltrans0.ltrans.o
 .text.waiting_buffer_typed.isra.0
                0x080019a4       0x44 C:\QMK_MSYS\tmp\ccU1Jh9w.ltrans0.ltrans.o
 .text.send_keyboard_report
                0x080019e8       0x94 C:\QMK_MSYS\tmp\ccU1Jh9w.ltrans0.ltrans.o
 .text.register_mods
                0x08001a7c       0x14 C:\QMK_MSYS\tmp\ccU1Jh9w.ltrans0.ltrans.o
 .text.unregister_mods
                0x08001a90       0x18 C:\QMK_MSYS\tmp\ccU1Jh9w.ltrans0.ltrans.o
 .text.unregister_code.part.0
                0x08001aa8       0x74 C:\QMK_MSYS\tmp\ccU1Jh9w.ltrans0.ltrans.o
 .text.unregister_code
                0x08001b1c       0x3c C:\QMK_MSYS\tmp\ccU1Jh9w.ltrans0.ltrans.o
 .text.eeprom_driver_erase
                0x08001b58       0x10 C:\QMK_MSYS\tmp\ccU1Jh9w.ltrans0.ltrans.o
 .text.oled_clear
                0x08001b68       0x2c C:\QMK_MSYS\tmp\ccU1Jh9w.ltrans0.ltrans.o
 .text.animation_on.isra.0
                0x08001b94       0xa4 C:\QMK_MSYS\tmp\ccU1Jh9w.ltrans0.ltrans.o
 .text.clear_keys_from_report
                0x08001c38       0x34 C:\QMK_MSYS\tmp\ccU1Jh9w.ltrans0.ltrans.o
 .text.usbInitEndpointI
                0x08001c6c      0x134 C:\QMK_MSYS\tmp\ccU1Jh9w.ltrans0.ltrans.o
 .text.usb_event_cb
                0x08001da0       0x5c C:\QMK_MSYS\tmp\ccU1Jh9w.ltrans0.ltrans.o
 .text.eeprom_read_block
                0x08001dfc       0x34 C:\QMK_MSYS\tmp\ccU1Jh9w.ltrans0.ltrans.o
 .text.eeprom_read_byte
                0x08001e30       0x1e C:\QMK_MSYS\tmp\ccU1Jh9w.ltrans0.ltrans.o
 .text.eeprom_read_word
                0x08001e4e       0x1e C:\QMK_MSYS\tmp\ccU1Jh9w.ltrans0.ltrans.o
 .text.eeconfig_read_rgblight
                0x08001e6c       0x22 C:\QMK_MSYS\tmp\ccU1Jh9w.ltrans0.ltrans.o
 *fill*         0x08001e8e        0x2 
 .text.eeprom_write_block
                0x08001e90       0x24 C:\QMK_MSYS\tmp\ccU1Jh9w.ltrans0.ltrans.o
 .text.eeprom_update_byte
                0x08001eb4       0x22 C:\QMK_MSYS\tmp\ccU1Jh9w.ltrans0.ltrans.o
 .text.eeprom_update_word
                0x08001ed6       0x22 C:\QMK_MSYS\tmp\ccU1Jh9w.ltrans0.ltrans.o
 .text.eeprom_update_dword
                0x08001ef8       0x2e C:\QMK_MSYS\tmp\ccU1Jh9w.ltrans0.ltrans.o
 .text.eeconfig_update_rgblight
                0x08001f26       0x1c C:\QMK_MSYS\tmp\ccU1Jh9w.ltrans0.ltrans.o
 *fill*         0x08001f42        0x2 
 .text.rgblight_disable
                0x08001f44       0x2c C:\QMK_MSYS\tmp\ccU1Jh9w.ltrans0.ltrans.o
 .text.rgblight_decrease_speed
                0x08001f70       0x18 C:\QMK_MSYS\tmp\ccU1Jh9w.ltrans0.ltrans.o
 .text.rgblight_increase_speed
                0x08001f88       0x18 C:\QMK_MSYS\tmp\ccU1Jh9w.ltrans0.ltrans.o
 .text.rgblight_sethsv_eeprom_helper
                0x08001fa0       0x98 C:\QMK_MSYS\tmp\ccU1Jh9w.ltrans0.ltrans.o
 .text.rgblight_increase_hue
                0x08002038       0x18 C:\QMK_MSYS\tmp\ccU1Jh9w.ltrans0.ltrans.o
 .text.rgblight_decrease_hue
                0x08002050       0x18 C:\QMK_MSYS\tmp\ccU1Jh9w.ltrans0.ltrans.o
 .text.rgblight_increase_sat
                0x08002068       0x1c C:\QMK_MSYS\tmp\ccU1Jh9w.ltrans0.ltrans.o
 .text.rgblight_decrease_sat
                0x08002084       0x1c C:\QMK_MSYS\tmp\ccU1Jh9w.ltrans0.ltrans.o
 .text.rgblight_increase_val
                0x080020a0       0x1c C:\QMK_MSYS\tmp\ccU1Jh9w.ltrans0.ltrans.o
 .text.rgblight_decrease_val
                0x080020bc       0x1c C:\QMK_MSYS\tmp\ccU1Jh9w.ltrans0.ltrans.o
 .text.rgblight_mode_eeprom_helper
                0x080020d8       0x78 C:\QMK_MSYS\tmp\ccU1Jh9w.ltrans0.ltrans.o
 .text.rgblight_enable
                0x08002150       0x18 C:\QMK_MSYS\tmp\ccU1Jh9w.ltrans0.ltrans.o
 .text.rgblight_step
                0x08002168       0x1c C:\QMK_MSYS\tmp\ccU1Jh9w.ltrans0.ltrans.o
 .text.rgblight_step_reverse
                0x08002184       0x20 C:\QMK_MSYS\tmp\ccU1Jh9w.ltrans0.ltrans.o
 .text.handleKeycodeRGBMode.constprop.0
                0x080021a4       0x28 C:\QMK_MSYS\tmp\ccU1Jh9w.ltrans0.ltrans.o
 .text.oled_send_cmd
                0x080021cc       0x16 C:\QMK_MSYS\tmp\ccU1Jh9w.ltrans0.ltrans.o
 *fill*         0x080021e2        0x2 
 .text.oled_off.isra.0
                0x080021e4       0x2c C:\QMK_MSYS\tmp\ccU1Jh9w.ltrans0.ltrans.o
 .text.oled_on.isra.0
                0x08002210       0x3c C:\QMK_MSYS\tmp\ccU1Jh9w.ltrans0.ltrans.o
 .text.ch_dlist_insert
                0x0800224c       0x2a C:\QMK_MSYS\tmp\ccU1Jh9w.ltrans0.ltrans.o
 *fill*         0x08002276        0x2 
 .text.vt_set_alarm
                0x08002278       0x38 C:\QMK_MSYS\tmp\ccU1Jh9w.ltrans0.ltrans.o
 .text.chVTDoResetI
                0x080022b0       0x6c C:\QMK_MSYS\tmp\ccU1Jh9w.ltrans0.ltrans.o
 .text.vt_insert_first.constprop.0
                0x0800231c       0x54 C:\QMK_MSYS\tmp\ccU1Jh9w.ltrans0.ltrans.o
 .text.vt_enqueue.constprop.0
                0x08002370       0x50 C:\QMK_MSYS\tmp\ccU1Jh9w.ltrans0.ltrans.o
 .text.chVTSetI.constprop.0
                0x080023c0       0x30 C:\QMK_MSYS\tmp\ccU1Jh9w.ltrans0.ltrans.o
 .text.usb_requests_hook_cb
                0x080023f0      0x15c C:\QMK_MSYS\tmp\ccU1Jh9w.ltrans0.ltrans.o
 .text.keyboard_idle_timer_cb
                0x0800254c       0x78 C:\QMK_MSYS\tmp\ccU1Jh9w.ltrans0.ltrans.o
 .text.__sch_ready_behind.isra.0
                0x080025c4       0x1c C:\QMK_MSYS\tmp\ccU1Jh9w.ltrans0.ltrans.o
 .text.chThdResumeI
                0x080025e0       0x12 C:\QMK_MSYS\tmp\ccU1Jh9w.ltrans0.ltrans.o
 *fill*         0x080025f2        0x2 
 .text.i2c_lld_serve_rx_end_irq
                0x080025f4       0x68 C:\QMK_MSYS\tmp\ccU1Jh9w.ltrans0.ltrans.o
 .text._usb_ep0setup
                0x0800265c      0x34c C:\QMK_MSYS\tmp\ccU1Jh9w.ltrans0.ltrans.o
 .text.otg_epin_handler.constprop.0
                0x080029a8      0x108 C:\QMK_MSYS\tmp\ccU1Jh9w.ltrans0.ltrans.o
 .text.otg_epout_handler.constprop.0
                0x08002ab0       0xac C:\QMK_MSYS\tmp\ccU1Jh9w.ltrans0.ltrans.o
 .text.__sch_wakeup
                0x08002b5c       0x44 C:\QMK_MSYS\tmp\ccU1Jh9w.ltrans0.ltrans.o
 .text.chSchGoSleepS
                0x08002ba0       0x1c C:\QMK_MSYS\tmp\ccU1Jh9w.ltrans0.ltrans.o
 .text.chSchGoSleepTimeoutS
                0x08002bbc       0x44 C:\QMK_MSYS\tmp\ccU1Jh9w.ltrans0.ltrans.o
 .text.chThdSuspendTimeoutS
                0x08002c00       0x1c C:\QMK_MSYS\tmp\ccU1Jh9w.ltrans0.ltrans.o
 .text.send_report
                0x08002c1c       0x50 C:\QMK_MSYS\tmp\ccU1Jh9w.ltrans0.ltrans.o
 .text.programmable_button_flush
                0x08002c6c       0x38 C:\QMK_MSYS\tmp\ccU1Jh9w.ltrans0.ltrans.o
 .text.clear_keyboard
                0x08002ca4       0x38 C:\QMK_MSYS\tmp\ccU1Jh9w.ltrans0.ltrans.o
 .text.send_keyboard
                0x08002cdc       0x20 C:\QMK_MSYS\tmp\ccU1Jh9w.ltrans0.ltrans.o
 .text.send_nkro
                0x08002cfc        0xa C:\QMK_MSYS\tmp\ccU1Jh9w.ltrans0.ltrans.o
 .text.send_extra
                0x08002d06        0xa C:\QMK_MSYS\tmp\ccU1Jh9w.ltrans0.ltrans.o
 .text.__port_irq_epilogue
                0x08002d10       0x5c C:\QMK_MSYS\tmp\ccU1Jh9w.ltrans0.ltrans.o
 .text.oled_init.constprop.0.isra.0
                0x08002d6c       0x88 C:\QMK_MSYS\tmp\ccU1Jh9w.ltrans0.ltrans.o
 .text.oled_task
                0x08002df4      0x220 C:\QMK_MSYS\tmp\ccU1Jh9w.ltrans0.ltrans.o
 .text.led_init_ports
                0x08003014        0x2 C:\QMK_MSYS\tmp\ccU1Jh9w.ltrans0.ltrans.o
                0x08003014                __cpu_init
 *fill*         0x08003016        0x2 
 .text.__early_init
                0x08003018      0x22c C:\QMK_MSYS\tmp\ccU1Jh9w.ltrans0.ltrans.o
                0x08003018                __early_init
 .text.__late_init
                0x08003244        0x2 C:\QMK_MSYS\tmp\ccU1Jh9w.ltrans0.ltrans.o
                0x08003244                __late_init
 .text.__default_exit
                0x08003246        0x2 C:\QMK_MSYS\tmp\ccU1Jh9w.ltrans0.ltrans.o
                0x08003246                __default_exit
 .text.__init_ram_areas
                0x08003248       0x58 C:\QMK_MSYS\tmp\ccU1Jh9w.ltrans0.ltrans.o
                0x08003248                __init_ram_areas
 .text.__sch_reschedule_ahead
                0x080032a0       0x3c C:\QMK_MSYS\tmp\ccU1Jh9w.ltrans0.ltrans.o
                0x080032a0                chSchDoPreemption
 .text.usbStop.constprop.0
                0x080032dc       0xac C:\QMK_MSYS\tmp\ccU1Jh9w.ltrans0.ltrans.o
 .text.chThdExit
                0x08003388       0x18 C:\QMK_MSYS\tmp\ccU1Jh9w.ltrans0.ltrans.o
                0x08003388                chThdExit
 .text.chThdSleep
                0x080033a0       0x18 C:\QMK_MSYS\tmp\ccU1Jh9w.ltrans0.ltrans.o
                0x080033a0                chThdSleep
 .text.register_code.part.0
                0x080033b8       0xf8 C:\QMK_MSYS\tmp\ccU1Jh9w.ltrans0.ltrans.o
 .text.register_code
                0x080034b0       0x32 C:\QMK_MSYS\tmp\ccU1Jh9w.ltrans0.ltrans.o
 .text.tap_code
                0x080034e2       0x26 C:\QMK_MSYS\tmp\ccU1Jh9w.ltrans0.ltrans.o
 .text.perform_space_cadet.constprop.0.isra.0
                0x08003508       0xa8 C:\QMK_MSYS\tmp\ccU1Jh9w.ltrans0.ltrans.o
 .text.process_record
                0x080035b0      0x7f8 C:\QMK_MSYS\tmp\ccU1Jh9w.ltrans0.ltrans.o
 .text.waiting_buffer_scan_tap
                0x08003da8       0x80 C:\QMK_MSYS\tmp\ccU1Jh9w.ltrans0.ltrans.o
 .text.process_tapping
                0x08003e28      0x1fc C:\QMK_MSYS\tmp\ccU1Jh9w.ltrans0.ltrans.o
 .text.action_exec
                0x08004024       0xcc C:\QMK_MSYS\tmp\ccU1Jh9w.ltrans0.ltrans.o
 .text.generate_tick_event
                0x080040f0       0x38 C:\QMK_MSYS\tmp\ccU1Jh9w.ltrans0.ltrans.o
 .text.SVC_Handler
                0x08004128       0x20 C:\QMK_MSYS\tmp\ccU1Jh9w.ltrans0.ltrans.o
                0x08004128                SVC_Handler
 .text.i2cStart
                0x08004148      0x188 C:\QMK_MSYS\tmp\ccU1Jh9w.ltrans0.ltrans.o
                0x08004148                i2cStart
 .text.i2cStop  0x080042d0       0x7c C:\QMK_MSYS\tmp\ccU1Jh9w.ltrans0.ltrans.o
                0x080042d0                i2cStop
 .text.i2cMasterTransmitTimeout
                0x0800434c      0x104 C:\QMK_MSYS\tmp\ccU1Jh9w.ltrans0.ltrans.o
                0x0800434c                i2cMasterTransmitTimeout
 .text.VectorB0
                0x08004450       0xd0 C:\QMK_MSYS\tmp\ccU1Jh9w.ltrans0.ltrans.o
                0x08004450                VectorB0
 .text.Vector6C
                0x08004520       0x28 C:\QMK_MSYS\tmp\ccU1Jh9w.ltrans0.ltrans.o
                0x08004520                Vector6C
 .text.Vector70
                0x08004548       0x2c C:\QMK_MSYS\tmp\ccU1Jh9w.ltrans0.ltrans.o
                0x08004548                Vector70
 .text.Vector74
                0x08004574       0x2c C:\QMK_MSYS\tmp\ccU1Jh9w.ltrans0.ltrans.o
                0x08004574                Vector74
 .text.Vector78
                0x080045a0       0x2c C:\QMK_MSYS\tmp\ccU1Jh9w.ltrans0.ltrans.o
                0x080045a0                Vector78
 .text.Vector7C
                0x080045cc       0x28 C:\QMK_MSYS\tmp\ccU1Jh9w.ltrans0.ltrans.o
                0x080045cc                Vector7C
 .text.Vector80
                0x080045f4       0x2c C:\QMK_MSYS\tmp\ccU1Jh9w.ltrans0.ltrans.o
                0x080045f4                Vector80
 .text.Vector84
                0x08004620       0x2c C:\QMK_MSYS\tmp\ccU1Jh9w.ltrans0.ltrans.o
                0x08004620                Vector84
 .text.VectorFC
                0x0800464c       0x2c C:\QMK_MSYS\tmp\ccU1Jh9w.ltrans0.ltrans.o
                0x0800464c                VectorFC
 .text.Vector120
                0x08004678       0x28 C:\QMK_MSYS\tmp\ccU1Jh9w.ltrans0.ltrans.o
                0x08004678                Vector120
 .text.Vector124
                0x080046a0       0x2c C:\QMK_MSYS\tmp\ccU1Jh9w.ltrans0.ltrans.o
                0x080046a0                Vector124
 .text.Vector128
                0x080046cc       0x2c C:\QMK_MSYS\tmp\ccU1Jh9w.ltrans0.ltrans.o
                0x080046cc                Vector128
 .text.Vector12C
                0x080046f8       0x2c C:\QMK_MSYS\tmp\ccU1Jh9w.ltrans0.ltrans.o
                0x080046f8                Vector12C
 .text.Vector130
                0x08004724       0x28 C:\QMK_MSYS\tmp\ccU1Jh9w.ltrans0.ltrans.o
                0x08004724                Vector130
 .text.Vector150
                0x0800474c       0x2c C:\QMK_MSYS\tmp\ccU1Jh9w.ltrans0.ltrans.o
                0x0800474c                Vector150
 .text.Vector154
                0x08004778       0x2c C:\QMK_MSYS\tmp\ccU1Jh9w.ltrans0.ltrans.o
                0x08004778                Vector154
 .text.Vector158
                0x080047a4       0x2c C:\QMK_MSYS\tmp\ccU1Jh9w.ltrans0.ltrans.o
                0x080047a4                Vector158
 .text._pal_lld_setgroupmode
                0x080047d0       0xd6 C:\QMK_MSYS\tmp\ccU1Jh9w.ltrans0.ltrans.o
                0x080047d0                _pal_lld_setgroupmode
 .text.setPinInputHigh_atomic
                0x080048a6       0x22 C:\QMK_MSYS\tmp\ccU1Jh9w.ltrans0.ltrans.o
 .text.ws2812_setleds
                0x080048c8       0x84 C:\QMK_MSYS\tmp\ccU1Jh9w.ltrans0.ltrans.o
 .text.encoder_quadrature_init_pin
                0x0800494c       0x24 C:\QMK_MSYS\tmp\ccU1Jh9w.ltrans0.ltrans.o
 .text.matrix_scan.isra.0
                0x08004970      0x2b8 C:\QMK_MSYS\tmp\ccU1Jh9w.ltrans0.ltrans.o
 .text.startup.main
                0x08004c28      0x9c4 C:\QMK_MSYS\tmp\ccU1Jh9w.ltrans0.ltrans.o
                0x08004c28                main
 .text.VectorBC
                0x080055ec      0x114 C:\QMK_MSYS\tmp\ccU1Jh9w.ltrans0.ltrans.o
                0x080055ec                VectorBC
 .text.VectorC0
                0x08005700       0xd0 C:\QMK_MSYS\tmp\ccU1Jh9w.ltrans0.ltrans.o
                0x08005700                VectorC0
 .text.Vector14C
                0x080057d0      0x450 C:\QMK_MSYS\tmp\ccU1Jh9w.ltrans0.ltrans.o
                0x080057d0                Vector14C
 .text._sbrk_r  0x08005c20       0x3c C:\QMK_MSYS\tmp\ccU1Jh9w.ltrans0.ltrans.o
                0x08005c20                _sbrk_r
 .text._fini    0x08005c5c        0x2 C:\QMK_MSYS\tmp\ccU1Jh9w.ltrans0.ltrans.o
                0x08005c5c                _fini
 *fill*         0x08005c5e        0x2 
 .text.i2c_epilogue
                0x08005c60       0x20 .build/obj_vessel_base/i2c_master.a(i2c_master.o)
 .text.i2c_init
                0x08005c80       0x50 .build/obj_vessel_base/i2c_master.a(i2c_master.o)
                0x08005c80                i2c_init
 .text.i2c_transmit
                0x08005cd0       0x68 .build/obj_vessel_base/i2c_master.a(i2c_master.o)
                0x08005cd0                i2c_transmit
 .text.i2c_write_register
                0x08005d38       0x90 .build/obj_vessel_base/i2c_master.a(i2c_master.o)
                0x08005d38                i2c_write_register
 .text.__udivmoddi4
                0x08005dc8      0x2a0 c:/qmk_msys/mingw64/bin/../lib/gcc/arm-none-eabi/12.2.0/thumb/v7e-m+fp/hard\libgcc.a(_udivmoddi4.o)
                0x08005dc8                __udivmoddi4
 *(.glue_7t)
 .glue_7t       0x08006068        0x0 linker stubs
 *(.glue_7)
 .glue_7        0x08006068        0x0 linker stubs
 *(.gcc*)
                0x08006068                        __text_end__ = .

.vfp11_veneer   0x08006068        0x0
 .vfp11_veneer  0x08006068        0x0 linker stubs

.v4_bx          0x08006068        0x0
 .v4_bx         0x08006068        0x0 linker stubs

.iplt           0x08006068        0x0
 .iplt          0x08006068        0x0 .build/obj_vessel_base/i2c_master.a(i2c_master.o)

.rodata         0x08006068     0x2b48
                0x08006068                        __rodata_base__ = .
 *(.rodata)
 .rodata        0x08006068       0x30 C:\QMK_MSYS\tmp\ccU1Jh9w.ltrans0.ltrans.o
 *(.rodata.*)
 .rodata.i2c_lld_serve_tx_end_irq.str1.1
                0x08006098        0xf C:\QMK_MSYS\tmp\ccU1Jh9w.ltrans0.ltrans.o
                                  0xc (size before relaxing)
 .rodata.epd_bitmap_frame_7_delay_0.7
                0x080060a7      0x400 C:\QMK_MSYS\tmp\ccU1Jh9w.ltrans0.ltrans.o
 .rodata.epd_bitmap_frame_6_delay_0.6
                0x080064a7      0x400 C:\QMK_MSYS\tmp\ccU1Jh9w.ltrans0.ltrans.o
 .rodata.epd_bitmap_frame_5_delay_0.5
                0x080068a7      0x400 C:\QMK_MSYS\tmp\ccU1Jh9w.ltrans0.ltrans.o
 .rodata.epd_bitmap_frame_4_delay_0.4
                0x08006ca7      0x400 C:\QMK_MSYS\tmp\ccU1Jh9w.ltrans0.ltrans.o
 .rodata.epd_bitmap_frame_3_delay_0.3
                0x080070a7      0x400 C:\QMK_MSYS\tmp\ccU1Jh9w.ltrans0.ltrans.o
 .rodata.epd_bitmap_frame_2_delay_0.2
                0x080074a7      0x400 C:\QMK_MSYS\tmp\ccU1Jh9w.ltrans0.ltrans.o
 .rodata.epd_bitmap_frame_1_delay_0.1
                0x080078a7      0x400 C:\QMK_MSYS\tmp\ccU1Jh9w.ltrans0.ltrans.o
 .rodata.epd_bitmap_frame_0_delay_0.0
                0x08007ca7      0x400 C:\QMK_MSYS\tmp\ccU1Jh9w.ltrans0.ltrans.o
 .rodata.ProductString
                0x080080a7       0x14 C:\QMK_MSYS\tmp\ccU1Jh9w.ltrans0.ltrans.o
 .rodata.ManufacturerString
                0x080080bb       0x24 C:\QMK_MSYS\tmp\ccU1Jh9w.ltrans0.ltrans.o
 .rodata.LanguageString
                0x080080df        0x4 C:\QMK_MSYS\tmp\ccU1Jh9w.ltrans0.ltrans.o
 .rodata.display_on.5
                0x080080e3        0x2 C:\QMK_MSYS\tmp\ccU1Jh9w.ltrans0.ltrans.o
 .rodata.display_off.4
                0x080080e5        0x2 C:\QMK_MSYS\tmp\ccU1Jh9w.ltrans0.ltrans.o
 .rodata.display_setup2.11
                0x080080e7        0xd C:\QMK_MSYS\tmp\ccU1Jh9w.ltrans0.ltrans.o
 .rodata.display_flipped.12
                0x080080f4        0x5 C:\QMK_MSYS\tmp\ccU1Jh9w.ltrans0.ltrans.o
 .rodata.display_normal.13
                0x080080f9        0x5 C:\QMK_MSYS\tmp\ccU1Jh9w.ltrans0.ltrans.o
 .rodata.display_setup1.14
                0x080080fe        0xb C:\QMK_MSYS\tmp\ccU1Jh9w.ltrans0.ltrans.o
 *fill*         0x08008109        0x3 
 .rodata.ep0config
                0x0800810c       0x24 C:\QMK_MSYS\tmp\ccU1Jh9w.ltrans0.ltrans.o
 .rodata.active_status
                0x08008130        0x2 C:\QMK_MSYS\tmp\ccU1Jh9w.ltrans0.ltrans.o
 .rodata.halted_status
                0x08008132        0x2 C:\QMK_MSYS\tmp\ccU1Jh9w.ltrans0.ltrans.o
 .rodata.zero_status
                0x08008134        0x2 C:\QMK_MSYS\tmp\ccU1Jh9w.ltrans0.ltrans.o
 *fill*         0x08008136        0x2 
 .rodata.ram_areas
                0x08008138       0x80 C:\QMK_MSYS\tmp\ccU1Jh9w.ltrans0.ltrans.o
 .rodata.gpio_default_config
                0x080081b8       0xe0 C:\QMK_MSYS\tmp\ccU1Jh9w.ltrans0.ltrans.o
 .rodata.shared_ep_config
                0x08008298       0x24 C:\QMK_MSYS\tmp\ccU1Jh9w.ltrans0.ltrans.o
 .rodata.kbd_ep_config
                0x080082bc       0x24 C:\QMK_MSYS\tmp\ccU1Jh9w.ltrans0.ltrans.o
 .rodata.SharedReport
                0x080082e0       0x8b C:\QMK_MSYS\tmp\ccU1Jh9w.ltrans0.ltrans.o
 .rodata.KeyboardReport
                0x0800836b       0x44 C:\QMK_MSYS\tmp\ccU1Jh9w.ltrans0.ltrans.o
 .rodata.ConfigurationDescriptor
                0x080083af       0x3b C:\QMK_MSYS\tmp\ccU1Jh9w.ltrans0.ltrans.o
 .rodata.DeviceDescriptor
                0x080083ea       0x12 C:\QMK_MSYS\tmp\ccU1Jh9w.ltrans0.ltrans.o
 .rodata.CSWTCH.2
                0x080083fc        0x3 C:\QMK_MSYS\tmp\ccU1Jh9w.ltrans0.ltrans.o
 *fill*         0x080083ff        0x1 
 .rodata.CSWTCH.1
                0x08008400        0xc C:\QMK_MSYS\tmp\ccU1Jh9w.ltrans0.ltrans.o
 .rodata.caps_active.9
                0x0800840c      0x400 C:\QMK_MSYS\tmp\ccU1Jh9w.ltrans0.ltrans.o
 .rodata.target_map.7
                0x0800880c        0x8 C:\QMK_MSYS\tmp\ccU1Jh9w.ltrans0.ltrans.o
 .rodata.source_map.8
                0x08008814        0x8 C:\QMK_MSYS\tmp\ccU1Jh9w.ltrans0.ltrans.o
 .rodata.mode_base_table
                0x0800881c        0x8 C:\QMK_MSYS\tmp\ccU1Jh9w.ltrans0.ltrans.o
 .rodata.CIE1931_CURVE
                0x08008824      0x100 C:\QMK_MSYS\tmp\ccU1Jh9w.ltrans0.ltrans.o
 .rodata._stm32_dma_streams
                0x08008924       0xc0 C:\QMK_MSYS\tmp\ccU1Jh9w.ltrans0.ltrans.o
 .rodata.fsparams
                0x080089e4        0xc C:\QMK_MSYS\tmp\ccU1Jh9w.ltrans0.ltrans.o
 .rodata.str1.1
                0x080089f0        0x3 C:\QMK_MSYS\tmp\ccU1Jh9w.ltrans0.ltrans.o
 .rodata.ch_core0_cfg
                0x080089f0        0xc C:\QMK_MSYS\tmp\ccU1Jh9w.ltrans0.ltrans.o
 .rodata.row_pins
                0x080089fc       0x1c C:\QMK_MSYS\tmp\ccU1Jh9w.ltrans0.ltrans.o
 .rodata.col_pins
                0x08008a18       0x44 C:\QMK_MSYS\tmp\ccU1Jh9w.ltrans0.ltrans.o
 .rodata.usbcfg
                0x08008a5c       0x10 C:\QMK_MSYS\tmp\ccU1Jh9w.ltrans0.ltrans.o
 .rodata.RGBLED_RAINBOW_SWIRL_INTERVALS
                0x08008a6c        0x3 C:\QMK_MSYS\tmp\ccU1Jh9w.ltrans0.ltrans.o
 .rodata.encoder_LUT
                0x08008a6f       0x10 C:\QMK_MSYS\tmp\ccU1Jh9w.ltrans0.ltrans.o
 *fill*         0x08008a7f        0x1 
 .rodata.keymaps
                0x08008a80       0xee C:\QMK_MSYS\tmp\ccU1Jh9w.ltrans0.ltrans.o
 .rodata.CSWTCH.10
                0x08008b6e       0x36 C:\QMK_MSYS\tmp\ccU1Jh9w.ltrans0.ltrans.o
 .rodata.i2cconfig
                0x08008ba4        0xc .build/obj_vessel_base/i2c_master.a(i2c_master.o)
                0x08008bb0                        . = ALIGN (0x4)
                0x08008bb0                        __rodata_end__ = .

.ARM.extab
 *(.ARM.extab* .gnu.linkonce.armextab.*)

.ARM.exidx      0x08008bb0        0x8
                0x08008bb0                        __exidx_base__ = .
                0x08008bb0                        __exidx_start = .
 *(.ARM.exidx* .gnu.linkonce.armexidx.*)
 .ARM.exidx     0x08008bb0        0x8 c:/qmk_msys/mingw64/bin/../lib/gcc/arm-none-eabi/12.2.0/../../../../arm-none-eabi/lib/thumb/v7e-m+fp/hard\libg_nano.a(libc_a-memcpy.o)
 .ARM.exidx     0x08008bb8        0x0 c:/qmk_msys/mingw64/bin/../lib/gcc/arm-none-eabi/12.2.0/../../../../arm-none-eabi/lib/thumb/v7e-m+fp/hard\libg_nano.a(libc_a-memchr.o)
                                  0x8 (size before relaxing)
 .ARM.exidx.text.__udivmoddi4
                0x08008bb8        0x0 c:/qmk_msys/mingw64/bin/../lib/gcc/arm-none-eabi/12.2.0/thumb/v7e-m+fp/hard\libgcc.a(_udivmoddi4.o)
                                  0x8 (size before relaxing)
                0x08008bb8                        __exidx_end__ = .
                0x08008bb8                        __exidx_end = .

.rel.dyn        0x08008bb8        0x0
 .rel.iplt      0x08008bb8        0x0 .build/obj_vessel_base/i2c_master.a(i2c_master.o)

.eh_frame_hdr
 *(.eh_frame_hdr)

.eh_frame
 *(.eh_frame)

.data           0x20000c00       0x74 load address 0x08008bb8
                [!provide]                        PROVIDE (_textdata = LOADADDR (.data))
                [!provide]                        PROVIDE (_data = .)
                0x08008bb8                        __textdata_base__ = LOADADDR (.data)
                0x20000c00                        __data_base__ = .
 *(.data)
 .data          0x20000c00       0x50 c:/qmk_msys/mingw64/bin/../lib/gcc/arm-none-eabi/12.2.0/../../../../arm-none-eabi/lib/thumb/v7e-m+fp/hard\libg_nano.a(libc_a-impure.o)
                0x20000c00                _impure_ptr
                0x20000c04                _impure_data
 *(.data.*)
 .data.display_start.10
                0x20000c50        0x7 C:\QMK_MSYS\tmp\ccU1Jh9w.ltrans0.ltrans.o
 .data.static_effect_table
                0x20000c57        0x1 C:\QMK_MSYS\tmp\ccU1Jh9w.ltrans0.ltrans.o
 .data.func     0x20000c58        0x4 C:\QMK_MSYS\tmp\ccU1Jh9w.ltrans0.ltrans.o
 .data.chibios_driver
                0x20000c5c       0x14 C:\QMK_MSYS\tmp\ccU1Jh9w.ltrans0.ltrans.o
 .data.keyboard_protocol
                0x20000c70        0x1 C:\QMK_MSYS\tmp\ccU1Jh9w.ltrans0.ltrans.o
 .data.animation_enabled
                0x20000c71        0x1 C:\QMK_MSYS\tmp\ccU1Jh9w.ltrans0.ltrans.o
 *(.ramtext)
                0x20000c74                        . = ALIGN (0x4)
 *fill*         0x20000c72        0x2 
                [!provide]                        PROVIDE (_edata = .)
                0x20000c74                        __data_end__ = .

.igot.plt       0x20000c74        0x0 load address 0x08008c2c
 .igot.plt      0x20000c74        0x0 .build/obj_vessel_base/i2c_master.a(i2c_master.o)

.bss            0x20000c78    0x10ca0 load address 0x08008c2c
                0x20000c78                        __bss_base__ = .
 *(.bss)
 .bss           0x20000c78        0x8 c:/qmk_msys/mingw64/bin/../lib/gcc/arm-none-eabi/12.2.0/../../../../arm-none-eabi/lib/thumb/v7e-m+fp/hard\libg_nano.a(libc_a-mallocr.o)
                0x20000c78                __malloc_sbrk_start
                0x20000c7c                __malloc_free_list
 .bss           0x20000c80       0x1d c:/qmk_msys/mingw64/bin/../lib/gcc/arm-none-eabi/12.2.0/../../../../arm-none-eabi/lib/thumb/v7e-m+fp/hard\libg_nano.a(libc_a-lock.o)
                0x20000c80                __lock___arc4random_mutex
                0x20000c84                __lock___dd_hash_mutex
                0x20000c88                __lock___tz_mutex
                0x20000c8c                __lock___env_recursive_mutex
                0x20000c90                __lock___malloc_recursive_mutex
                0x20000c94                __lock___at_quick_exit_mutex
                0x20000c98                __lock___atexit_recursive_mutex
                0x20000c9c                __lock___sfp_recursive_mutex
 *fill*         0x20000c9d        0x3 
 .bss           0x20000ca0      0x13c c:/qmk_msys/mingw64/bin/../lib/gcc/arm-none-eabi/12.2.0/../../../../arm-none-eabi/lib/thumb/v7e-m+fp/hard\libg_nano.a(libc_a-findfp.o)
                0x20000ca0                __sf
                0x20000dd8                __stdio_exit_handler
 *(.bss.*)
 .bss.ep0setup_buffer
                0x20000ddc        0x8 C:\QMK_MSYS\tmp\ccU1Jh9w.ltrans0.ltrans.o
 .bss.ep0_state
                0x20000de4       0x14 C:\QMK_MSYS\tmp\ccU1Jh9w.ltrans0.ltrans.o
 .bss.shared_ep_state
                0x20000df8       0x14 C:\QMK_MSYS\tmp\ccU1Jh9w.ltrans0.ltrans.o
 .bss.kbd_ep_state
                0x20000e0c       0x14 C:\QMK_MSYS\tmp\ccU1Jh9w.ltrans0.ltrans.o
 .bss.ch_c0_idle_thread_wa
                0x20000e20      0x1e0 C:\QMK_MSYS\tmp\ccU1Jh9w.ltrans0.ltrans.o
 .bss.__compound_literal.1
                0x20001000       0x20 C:\QMK_MSYS\tmp\ccU1Jh9w.ltrans0.ltrans.o
 .bss.__compound_literal.0
                0x20001020        0x8 C:\QMK_MSYS\tmp\ccU1Jh9w.ltrans0.ltrans.o
 .bss.timer     0x20001028        0x4 C:\QMK_MSYS\tmp\ccU1Jh9w.ltrans0.ltrans.o
 .bss.encoder_button_state.8
                0x2000102c        0x1 C:\QMK_MSYS\tmp\ccU1Jh9w.ltrans0.ltrans.o
 *fill*         0x2000102d        0x3 
 .bss.last_time
                0x20001030        0x4 C:\QMK_MSYS\tmp\ccU1Jh9w.ltrans0.ltrans.o
 .bss.counters_need_update
                0x20001034        0x1 C:\QMK_MSYS\tmp\ccU1Jh9w.ltrans0.ltrans.o
 .bss.cooked_changed
                0x20001035        0x1 C:\QMK_MSYS\tmp\ccU1Jh9w.ltrans0.ltrans.o
 .bss.sc_timer  0x20001036        0x2 C:\QMK_MSYS\tmp\ccU1Jh9w.ltrans0.ltrans.o
 .bss.keyboard_idle
                0x20001038        0x1 C:\QMK_MSYS\tmp\ccU1Jh9w.ltrans0.ltrans.o
 .bss.universal_report_blank
                0x20001039        0x8 C:\QMK_MSYS\tmp\ccU1Jh9w.ltrans0.ltrans.o
 .bss.keyboard_report_sent
                0x20001041        0x8 C:\QMK_MSYS\tmp\ccU1Jh9w.ltrans0.ltrans.o
 .bss.keyboard_led_state
                0x20001049        0x1 C:\QMK_MSYS\tmp\ccU1Jh9w.ltrans0.ltrans.o
 *fill*         0x2000104a        0x2 
 .bss.set_report_buf
                0x2000104c        0x2 C:\QMK_MSYS\tmp\ccU1Jh9w.ltrans0.ltrans.o
 *fill*         0x2000104e        0x2 
 .bss.descriptor.0
                0x20001050        0x8 C:\QMK_MSYS\tmp\ccU1Jh9w.ltrans0.ltrans.o
 .bss.last_consumer_usage
                0x20001058        0x2 C:\QMK_MSYS\tmp\ccU1Jh9w.ltrans0.ltrans.o
 .bss.last_system_usage
                0x2000105a        0x2 C:\QMK_MSYS\tmp\ccU1Jh9w.ltrans0.ltrans.o
 .bss.s_init.0  0x2000105c        0x1 C:\QMK_MSYS\tmp\ccU1Jh9w.ltrans0.ltrans.o
 .bss.oled_rotation_width
                0x2000105d        0x1 C:\QMK_MSYS\tmp\ccU1Jh9w.ltrans0.ltrans.o
 .bss.caps_lock_was_on.10
                0x2000105e        0x1 C:\QMK_MSYS\tmp\ccU1Jh9w.ltrans0.ltrans.o
 .bss.temp_buffer.9
                0x2000105f       0x40 C:\QMK_MSYS\tmp\ccU1Jh9w.ltrans0.ltrans.o
 .bss.oled_rotation
                0x2000109f        0x1 C:\QMK_MSYS\tmp\ccU1Jh9w.ltrans0.ltrans.o
 .bss.oled_scrolling
                0x200010a0        0x1 C:\QMK_MSYS\tmp\ccU1Jh9w.ltrans0.ltrans.o
 *fill*         0x200010a1        0x3 
 .bss.oled_timeout
                0x200010a4        0x4 C:\QMK_MSYS\tmp\ccU1Jh9w.ltrans0.ltrans.o
 .bss.oled_initialized
                0x200010a8        0x1 C:\QMK_MSYS\tmp\ccU1Jh9w.ltrans0.ltrans.o
 *fill*         0x200010a9        0x1 
 .bss.oled_dirty
                0x200010aa        0x2 C:\QMK_MSYS\tmp\ccU1Jh9w.ltrans0.ltrans.o
 .bss.oled_cursor
                0x200010ac        0x4 C:\QMK_MSYS\tmp\ccU1Jh9w.ltrans0.ltrans.o
 .bss.oled_buffer
                0x200010b0      0x400 C:\QMK_MSYS\tmp\ccU1Jh9w.ltrans0.ltrans.o
 .bss.led       0x200014b0      0x132 C:\QMK_MSYS\tmp\ccU1Jh9w.ltrans0.ltrans.o
 *fill*         0x200015e2        0x2 
 .bss.transientBuffer
                0x200015e4     0xffff C:\QMK_MSYS\tmp\ccU1Jh9w.ltrans0.ltrans.o
 *fill*         0x200115e3        0x1 
 .bss.dma       0x200115e4       0x84 C:\QMK_MSYS\tmp\ccU1Jh9w.ltrans0.ltrans.o
 .bss.ch_memcore
                0x20011668        0x8 C:\QMK_MSYS\tmp\ccU1Jh9w.ltrans0.ltrans.o
 .bss.ch0       0x20011670       0x60 C:\QMK_MSYS\tmp\ccU1Jh9w.ltrans0.ltrans.o
 .bss.keyboard_idle_timer.lto_priv.1
                0x200116d0       0x18 C:\QMK_MSYS\tmp\ccU1Jh9w.ltrans0.ltrans.o
 .bss.ms_offset
                0x200116e8        0x4 C:\QMK_MSYS\tmp\ccU1Jh9w.ltrans0.ltrans.o
 .bss.last_ticks
                0x200116ec        0x4 C:\QMK_MSYS\tmp\ccU1Jh9w.ltrans0.ltrans.o
 .bss.ticks_offset
                0x200116f0        0x4 C:\QMK_MSYS\tmp\ccU1Jh9w.ltrans0.ltrans.o
 .bss.debounce_counters
                0x200116f4        0x4 C:\QMK_MSYS\tmp\ccU1Jh9w.ltrans0.ltrans.o
 .bss.raw_matrix
                0x200116f8       0x1c C:\QMK_MSYS\tmp\ccU1Jh9w.ltrans0.ltrans.o
 .bss.is_rgblight_initialized
                0x20011714        0x1 C:\QMK_MSYS\tmp\ccU1Jh9w.ltrans0.ltrans.o
 *fill*         0x20011715        0x3 
 .bss.driver.lto_priv.1
                0x20011718        0x4 C:\QMK_MSYS\tmp\ccU1Jh9w.ltrans0.ltrans.o
 .bss.event_queue
                0x2001171c       0x10 C:\QMK_MSYS\tmp\ccU1Jh9w.ltrans0.ltrans.o
 .bss.event_queue_tail
                0x2001172c        0x1 C:\QMK_MSYS\tmp\ccU1Jh9w.ltrans0.ltrans.o
 .bss.event_queue_head
                0x2001172d        0x1 C:\QMK_MSYS\tmp\ccU1Jh9w.ltrans0.ltrans.o
 .bss.last_suspend_state
                0x2001172e        0x1 C:\QMK_MSYS\tmp\ccU1Jh9w.ltrans0.ltrans.o
 *fill*         0x2001172f        0x1 
 .bss.USBD1     0x20011730       0x78 C:\QMK_MSYS\tmp\ccU1Jh9w.ltrans0.ltrans.o
 .bss.matrix    0x200117a8       0x1c C:\QMK_MSYS\tmp\ccU1Jh9w.ltrans0.ltrans.o
 .bss.debug_config
                0x200117c4        0x1 C:\QMK_MSYS\tmp\ccU1Jh9w.ltrans0.ltrans.o
 *fill*         0x200117c5        0x3 
 .bss.matrix_previous.1
                0x200117c8       0x1c C:\QMK_MSYS\tmp\ccU1Jh9w.ltrans0.ltrans.o
 .bss.animation_status
                0x200117e4        0x6 C:\QMK_MSYS\tmp\ccU1Jh9w.ltrans0.ltrans.o
 .bss.rgblight_status
                0x200117ea        0x2 C:\QMK_MSYS\tmp\ccU1Jh9w.ltrans0.ltrans.o
 .bss.encoder_pulses
                0x200117ec        0x1 C:\QMK_MSYS\tmp\ccU1Jh9w.ltrans0.ltrans.o
 .bss.encoder_state
                0x200117ed        0x1 C:\QMK_MSYS\tmp\ccU1Jh9w.ltrans0.ltrans.o
 .bss.thisCount
                0x200117ee        0x1 C:\QMK_MSYS\tmp\ccU1Jh9w.ltrans0.ltrans.o
 .bss.encoder_events
                0x200117ef        0x8 C:\QMK_MSYS\tmp\ccU1Jh9w.ltrans0.ltrans.o
 .bss.signal_queue_drain
                0x200117f7        0x1 C:\QMK_MSYS\tmp\ccU1Jh9w.ltrans0.ltrans.o
 .bss.last_led_status.0
                0x200117f8        0x1 C:\QMK_MSYS\tmp\ccU1Jh9w.ltrans0.ltrans.o
 *fill*         0x200117f9        0x1 
 .bss.last_tick.0
                0x200117fa        0x2 C:\QMK_MSYS\tmp\ccU1Jh9w.ltrans0.ltrans.o
 .bss.last_report.0
                0x200117fc       0x20 C:\QMK_MSYS\tmp\ccU1Jh9w.ltrans0.ltrans.o
 .bss.driver.lto_priv.0
                0x2001181c        0x4 C:\QMK_MSYS\tmp\ccU1Jh9w.ltrans0.ltrans.o
 .bss.last_report.1
                0x20011820        0x8 C:\QMK_MSYS\tmp\ccU1Jh9w.ltrans0.ltrans.o
 .bss.encoder_source_layers_cache
                0x20011828        0x4 C:\QMK_MSYS\tmp\ccU1Jh9w.ltrans0.ltrans.o
 .bss.source_layers_cache
                0x2001182c       0x3c C:\QMK_MSYS\tmp\ccU1Jh9w.ltrans0.ltrans.o
 .bss.oled_active
                0x20011868        0x1 C:\QMK_MSYS\tmp\ccU1Jh9w.ltrans0.ltrans.o
 .bss.current_frame
                0x20011869        0x1 C:\QMK_MSYS\tmp\ccU1Jh9w.ltrans0.ltrans.o
 *fill*         0x2001186a        0x2 
 .bss.anim_off_timer
                0x2001186c        0x4 C:\QMK_MSYS\tmp\ccU1Jh9w.ltrans0.ltrans.o
 .bss.anim_timer
                0x20011870        0x4 C:\QMK_MSYS\tmp\ccU1Jh9w.ltrans0.ltrans.o
 .bss.keyboard_idle_timer.lto_priv.0
                0x20011874        0x4 C:\QMK_MSYS\tmp\ccU1Jh9w.ltrans0.ltrans.o
 .bss.sc_last   0x20011878        0x1 C:\QMK_MSYS\tmp\ccU1Jh9w.ltrans0.ltrans.o
 *fill*         0x20011879        0x1 
 .bss.keymap_config
                0x2001187a        0x2 C:\QMK_MSYS\tmp\ccU1Jh9w.ltrans0.ltrans.o
 .bss.grave_esc_was_shifted
                0x2001187c        0x1 C:\QMK_MSYS\tmp\ccU1Jh9w.ltrans0.ltrans.o
 *fill*         0x2001187d        0x3 
 .bss.rgblight_config
                0x20011880        0x8 C:\QMK_MSYS\tmp\ccU1Jh9w.ltrans0.ltrans.o
 .bss.programmable_button_report
                0x20011888        0x4 C:\QMK_MSYS\tmp\ccU1Jh9w.ltrans0.ltrans.o
 .bss.real_mods
                0x2001188c        0x1 C:\QMK_MSYS\tmp\ccU1Jh9w.ltrans0.ltrans.o
 *fill*         0x2001188d        0x1 
 .bss.default_layer_state
                0x2001188e        0x2 C:\QMK_MSYS\tmp\ccU1Jh9w.ltrans0.ltrans.o
 .bss.layer_state
                0x20011890        0x2 C:\QMK_MSYS\tmp\ccU1Jh9w.ltrans0.ltrans.o
 .bss.weak_mods
                0x20011892        0x1 C:\QMK_MSYS\tmp\ccU1Jh9w.ltrans0.ltrans.o
 .bss.waiting_buffer_head
                0x20011893        0x1 C:\QMK_MSYS\tmp\ccU1Jh9w.ltrans0.ltrans.o
 .bss.waiting_buffer_tail
                0x20011894        0x1 C:\QMK_MSYS\tmp\ccU1Jh9w.ltrans0.ltrans.o
 *fill*         0x20011895        0x1 
 .bss.waiting_buffer
                0x20011896       0x40 C:\QMK_MSYS\tmp\ccU1Jh9w.ltrans0.ltrans.o
 .bss.tapping_key
                0x200118d6        0x8 C:\QMK_MSYS\tmp\ccU1Jh9w.ltrans0.ltrans.o
 .bss.is_initialised.0
                0x200118de        0x1 .build/obj_vessel_base/i2c_master.a(i2c_master.o)
 *(COMMON)
 *fill*         0x200118df        0x1 
 COMMON         0x200118e0       0x38 C:\QMK_MSYS\tmp\ccU1Jh9w.ltrans0.ltrans.o
                0x200118e0                I2CD1
                0x20011918                        . = ALIGN (0x4)
                0x20011918                        __bss_end__ = .
                [!provide]                        PROVIDE (end = .)
                0x20000000                        __ram0_base__ = ORIGIN (ram0)
                0x00020000                        __ram0_size__ = LENGTH (ram0)
                0x20020000                        __ram0_end__ = (__ram0_base__ + __ram0_size__)
                0x20000000                        __ram1_base__ = ORIGIN (ram1)
                0x0001c000                        __ram1_size__ = LENGTH (ram1)
                0x2001c000                        __ram1_end__ = (__ram1_base__ + __ram1_size__)
                0x00000000                        __ram2_base__ = ORIGIN (ram2)
                0x00004000                        __ram2_size__ = LENGTH (ram2)
                0x00004000                        __ram2_end__ = (__ram2_base__ + __ram2_size__)
                0x00000000                        __ram3_base__ = ORIGIN (ram3)
                0x00000000                        __ram3_size__ = LENGTH (ram3)
                0x00000000                        __ram3_end__ = (__ram3_base__ + __ram3_size__)
                0x00000000                        __ram4_base__ = ORIGIN (ram4)
                0x00000000                        __ram4_size__ = LENGTH (ram4)
                0x00000000                        __ram4_end__ = (__ram4_base__ + __ram4_size__)
                0x00000000                        __ram5_base__ = ORIGIN (ram5)
                0x00000000                        __ram5_size__ = LENGTH (ram5)
                0x00000000                        __ram5_end__ = (__ram5_base__ + __ram5_size__)
                0x00000000                        __ram6_base__ = ORIGIN (ram6)
                0x00000000                        __ram6_size__ = LENGTH (ram6)
                0x00000000                        __ram6_end__ = (__ram6_base__ + __ram6_size__)
                0x00000000                        __ram7_base__ = ORIGIN (ram7)
                0x00000000                        __ram7_size__ = LENGTH (ram7)
                0x00000000                        __ram7_end__ = (__ram7_base__ + __ram7_size__)
                0x08000000                        __flash0_base__ = ORIGIN (flash0)
                0x00080000                        __flash0_size__ = LENGTH (flash0)
                0x08080000                        __flash0_end__ = (__flash0_base__ + __flash0_size__)
                0x00000000                        __flash1_base__ = ORIGIN (flash1)
                0x00000000                        __flash1_size__ = LENGTH (flash1)
                0x00000000                        __flash1_end__ = (__flash1_base__ + __flash1_size__)
                0x00000000                        __flash2_base__ = ORIGIN (flash2)
                0x00000000                        __flash2_size__ = LENGTH (flash2)
                0x00000000                        __flash2_end__ = (__flash2_base__ + __flash2_size__)
                0x00000000                        __flash3_base__ = ORIGIN (flash3)
                0x00000000                        __flash3_size__ = LENGTH (flash3)
                0x00000000                        __flash3_end__ = (__flash3_base__ + __flash3_size__)
                0x00000000                        __flash4_base__ = ORIGIN (flash4)
                0x00000000                        __flash4_size__ = LENGTH (flash4)
                0x00000000                        __flash4_end__ = (__flash4_base__ + __flash4_size__)
                0x00000000                        __flash5_base__ = ORIGIN (flash5)
                0x00000000                        __flash5_size__ = LENGTH (flash5)
                0x00000000                        __flash5_end__ = (__flash5_base__ + __flash5_size__)
                0x00000000                        __flash6_base__ = ORIGIN (flash6)
                0x00000000                        __flash6_size__ = LENGTH (flash6)
                0x00000000                        __flash6_end__ = (__flash6_base__ + __flash6_size__)
                0x00000000                        __flash7_base__ = ORIGIN (flash7)
                0x00000000                        __flash7_size__ = LENGTH (flash7)
                0x00000000                        __flash7_end__ = (__flash7_base__ + __flash7_size__)

.ram0_init      0x20011918        0x0 load address 0x08008c2c
                0x08008c2c                        __ram0_init_text__ = LOADADDR (.ram0_init)
                0x20011918                        __ram0_init__ = .
 *(.ram0_init)
 *(.ram0_init.*)
                0x20011918                        . = ALIGN (0x4)

.ram0           0x20011918        0x0 load address 0x08008c2c
                0x20011918                        __ram0_clear__ = .
 *(.ram0_clear)
 *(.ram0_clear.*)
                0x20011918                        . = ALIGN (0x4)
                0x20011918                        __ram0_noinit__ = .
 *(.ram0)
 *(.ram0.*)
                0x20011918                        . = ALIGN (0x4)
                0x20011918                        __ram0_free__ = .

.ram1_init      0x20000000        0x0 load address 0x08008c2c
                0x08008c2c                        __ram1_init_text__ = LOADADDR (.ram1_init)
                0x20000000                        __ram1_init__ = .
 *(.ram1_init)
 *(.ram1_init.*)
                0x20000000                        . = ALIGN (0x4)

.ram1           0x20000000        0x0 load address 0x08008c2c
                0x20000000                        __ram1_clear__ = .
 *(.ram1_clear)
 *(.ram1_clear.*)
                0x20000000                        . = ALIGN (0x4)
                0x20000000                        __ram1_noinit__ = .
 *(.ram1)
 *(.ram1.*)
                0x20000000                        . = ALIGN (0x4)
                0x20000000                        __ram1_free__ = .

.ram2_init      0x00000000        0x0 load address 0x08008c2c
                0x08008c2c                        __ram2_init_text__ = LOADADDR (.ram2_init)
                0x00000000                        __ram2_init__ = .
 *(.ram2_init)
 *(.ram2_init.*)
                0x00000000                        . = ALIGN (0x4)

.ram2           0x00000000        0x0 load address 0x08008c2c
                0x00000000                        __ram2_clear__ = .
 *(.ram2_clear)
 *(.ram2_clear.*)
                0x00000000                        . = ALIGN (0x4)
                0x00000000                        __ram2_noinit__ = .
 *(.ram2)
 *(.ram2.*)
                0x00000000                        . = ALIGN (0x4)
                0x00000000                        __ram2_free__ = .

.ram3_init      0x00000000        0x0 load address 0x08008c2c
                0x08008c2c                        __ram3_init_text__ = LOADADDR (.ram3_init)
                0x00000000                        __ram3_init__ = .
 *(.ram3_init)
 *(.ram3_init.*)
                0x00000000                        . = ALIGN (0x4)

.ram3           0x00000000        0x0 load address 0x08008c2c
                0x00000000                        __ram3_clear__ = .
 *(.ram3_clear)
 *(.ram3_clear.*)
                0x00000000                        . = ALIGN (0x4)
                0x00000000                        __ram3_noinit__ = .
 *(.ram3)
 *(.ram3.*)
                0x00000000                        . = ALIGN (0x4)
                0x00000000                        __ram3_free__ = .

.ram4_init      0x00000000        0x0 load address 0x08008c2c
                0x08008c2c                        __ram4_init_text__ = LOADADDR (.ram4_init)
                0x00000000                        __ram4_init__ = .
 *(.ram4_init)
 *(.ram4_init.*)
                0x00000000                        . = ALIGN (0x4)

.ram4           0x00000000        0x0 load address 0x08008c2c
                0x00000000                        __ram4_clear__ = .
 *(.ram4_clear)
 *(.ram4_clear.*)
                0x00000000                        . = ALIGN (0x4)
                0x00000000                        __ram4_noinit__ = .
 *(.ram4)
 *(.ram4.*)
                0x00000000                        . = ALIGN (0x4)
                0x00000000                        __ram4_free__ = .

.ram5_init      0x00000000        0x0 load address 0x08008c2c
                0x08008c2c                        __ram5_init_text__ = LOADADDR (.ram5_init)
                0x00000000                        __ram5_init__ = .
 *(.ram5_init)
 *(.ram5_init.*)
                0x00000000                        . = ALIGN (0x4)

.ram5           0x00000000        0x0 load address 0x08008c2c
                0x00000000                        __ram5_clear__ = .
 *(.ram5_clear)
 *(.ram5_clear.*)
                0x00000000                        . = ALIGN (0x4)
                0x00000000                        __ram5_noinit__ = .
 *(.ram5)
 *(.ram5.*)
                0x00000000                        . = ALIGN (0x4)
                0x00000000                        __ram5_free__ = .

.ram6_init      0x00000000        0x0 load address 0x08008c2c
                0x08008c2c                        __ram6_init_text__ = LOADADDR (.ram6_init)
                0x00000000                        __ram6_init__ = .
 *(.ram6_init)
 *(.ram6_init.*)
                0x00000000                        . = ALIGN (0x4)

.ram6           0x00000000        0x0 load address 0x08008c2c
                0x00000000                        __ram6_clear__ = .
 *(.ram6_clear)
 *(.ram6_clear.*)
                0x00000000                        . = ALIGN (0x4)
                0x00000000                        __ram6_noinit__ = .
 *(.ram6)
 *(.ram6.*)
                0x00000000                        . = ALIGN (0x4)
                0x00000000                        __ram6_free__ = .

.ram7_init      0x00000000        0x0 load address 0x08008c2c
                0x08008c2c                        __ram7_init_text__ = LOADADDR (.ram7_init)
                0x00000000                        __ram7_init__ = .
 *(.ram7_init)
 *(.ram7_init.*)
                0x00000000                        . = ALIGN (0x4)

.ram7           0x00000000        0x0 load address 0x08008c2c
                0x00000000                        __ram7_clear__ = .
 *(.ram7_clear)
 *(.ram7_clear.*)
                0x00000000                        . = ALIGN (0x4)
                0x00000000                        __ram7_noinit__ = .
 *(.ram7)
 *(.ram7.*)
                0x00000000                        . = ALIGN (0x4)
                0x00000000                        __ram7_free__ = .

.flash0         0x08008c2c        0x0
                0x08008c2c                        __flash0_init__ = .
 *(.flash0_init)
 *(.flash0_init.*)
                0x08008c2c                        __flash0_free__ = .

.flash1         0x00000000        0x0
                0x00000000                        __flash1_init__ = .
 *(.flash1_init)
 *(.flash1_init.*)
                0x00000000                        __flash1_free__ = .

.flash2         0x00000000        0x0
                0x00000000                        __flash2_init__ = .
 *(.flash2_init)
 *(.flash2_init.*)
                0x00000000                        __flash2_free__ = .

.flash3         0x00000000        0x0
                0x00000000                        __flash3_init__ = .
 *(.flash3_init)
 *(.flash3_init.*)
                0x00000000                        __flash3_free__ = .

.flash4         0x00000000        0x0
                0x00000000                        __flash4_init__ = .
 *(.flash4_init)
 *(.flash4_init.*)
                0x00000000                        __flash4_free__ = .

.flash5         0x00000000        0x0
                0x00000000                        __flash5_init__ = .
 *(.flash5_init)
 *(.flash5_init.*)
                0x00000000                        __flash5_free__ = .

.flash6         0x00000000        0x0
                0x00000000                        __flash6_init__ = .
 *(.flash6_init)
 *(.flash6_init.*)
                0x00000000                        __flash6_free__ = .

.flash7         0x00000000        0x0
                0x00000000                        __flash7_init__ = .
 *(.flash7_init)
 *(.flash7_init.*)
                0x00000000                        __flash7_free__ = .

.heap           0x20011918     0xe6e8
                0x20011918                        . = ALIGN (0x8)
                0x20011918                        __heap_base__ = .
                0x20020000                        . = (ORIGIN (HEAP_RAM) + LENGTH (HEAP_RAM))
 *fill*         0x20011918     0xe6e8 
                0x20020000                        __heap_end__ = .
OUTPUT(.build/vessel_base.elf elf32-littlearm)
LOAD linker stubs

.debug_info     0x00000000    0x4cca5
 .debug_info    0x00000000     0xe3ca C:\QMK_MSYS\tmp\ccU1Jh9w.ltrans0.ltrans.o
 .debug_info    0x0000e3ca      0x1d6 C:\QMK_MSYS\tmp\ccc50fCs.debug.temp.o
                0x0000e3ca                vessel.c.827f692c
 .debug_info    0x0000e5a0     0x2c74 C:\QMK_MSYS\tmp\ccYNNRAy.debug.temp.o
                0x0000e5a0                keymap_introspection.c.297afc87
 .debug_info    0x00011214     0x2b8f C:\QMK_MSYS\tmp\cceAc125.debug.temp.o
                0x00011214                quantum.c.d98f76a9
 .debug_info    0x00013da3      0x2b8 C:\QMK_MSYS\tmp\ccI3dCmb.debug.temp.o
                0x00013da3                led.c.2635df83
 .debug_info    0x0001405b     0x2fee C:\QMK_MSYS\tmp\ccE5Z2UI.debug.temp.o
                0x0001405b                action.c.54f355ce
 .debug_info    0x00017049      0x8b5 C:\QMK_MSYS\tmp\cc6rM0Kg.debug.temp.o
                0x00017049                action_layer.c.738cb5a0
 .debug_info    0x000178fe     0x27da C:\QMK_MSYS\tmp\ccSMgmsO.debug.temp.o
                0x000178fe                action_tapping.c.92dee2f9
 .debug_info    0x0001a0d8      0x4cb C:\QMK_MSYS\tmp\ccy46yrm.debug.temp.o
                0x0001a0d8                action_util.c.1ce65cd8
 .debug_info    0x0001a5a3      0x34c C:\QMK_MSYS\tmp\ccO8uLlU.debug.temp.o
                0x0001a5a3                eeconfig.c.6f27fa32
 .debug_info    0x0001a8ef      0x8a4 C:\QMK_MSYS\tmp\ccoBSvhr.debug.temp.o
                0x0001a8ef                keyboard.c.4a4c5989
 .debug_info    0x0001b193     0x2a95 C:\QMK_MSYS\tmp\ccUPv9bY.debug.temp.o
                0x0001b193                keymap_common.c.bb30d20b
 .debug_info    0x0001dc28     0x236b C:\QMK_MSYS\tmp\ccqSAS0u.debug.temp.o
                0x0001dc28                keycode_config.c.9685fd94
 .debug_info    0x0001ff93      0x113 C:\QMK_MSYS\tmp\cc8cGbaz.debug.temp.o
                0x0001ff93                debug.c.02f64141
 .debug_info    0x000200a6       0xac C:\QMK_MSYS\tmp\cciq4a95.debug.temp.o
                0x000200a6                sendchar.c.07013afe
 .debug_info    0x00020152      0x113 C:\QMK_MSYS\tmp\ccwNSvlD.debug.temp.o
                0x00020152                print.c.f723b586
 .debug_info    0x00020265      0x2a1 C:\QMK_MSYS\tmp\ccOGmUsa.debug.temp.o
                0x00020265                matrix_common.c.54b58fa9
 .debug_info    0x00020506      0x538 C:\QMK_MSYS\tmp\cc2peNQH.debug.temp.o
                0x00020506                matrix.c.1d15b433
 .debug_info    0x00020a3e      0x2d0 C:\QMK_MSYS\tmp\ccofNB9e.debug.temp.o
                0x00020a3e                sym_defer_pk.c.93ab7d25
 .debug_info    0x00020d0e       0xca C:\QMK_MSYS\tmp\ccYHsFqM.debug.temp.o
                0x00020d0e                main.c.9543c423
 .debug_info    0x00020dd8      0x7f4 C:\QMK_MSYS\tmp\ccuGbQqn.debug.temp.o
                0x00020dd8                printf.c.76d6aec7
 .debug_info    0x000215cc      0x2f8 C:\QMK_MSYS\tmp\ccuSfGmY.debug.temp.o
                0x000215cc                eeprom_driver.c.625e1a15
 .debug_info    0x000218c4      0x1ad C:\QMK_MSYS\tmp\cc0WDcwz.debug.temp.o
                0x000218c4                eeprom_transient.c.45650dc5
 .debug_info    0x00021a71      0x1ee C:\QMK_MSYS\tmp\ccwVCDAa.debug.temp.o
                0x00021a71                color.c.02bd994b
 .debug_info    0x00021c5f      0xf1d C:\QMK_MSYS\tmp\ccQbCMWL.debug.temp.o
                0x00021c5f                rgblight.c.0068bc64
 .debug_info    0x00022b7c     0x2512 C:\QMK_MSYS\tmp\ccqamdBY.debug.temp.o
                0x00022b7c                process_rgb.c.f6c3188d
 .debug_info    0x0002508e       0xcd C:\QMK_MSYS\tmp\ccKksN0z.debug.temp.o
                0x0002508e                led_tables.c.ac95cc91
 .debug_info    0x0002515b      0xaaa C:\QMK_MSYS\tmp\ccyMDbta.debug.temp.o
                0x0002515b                oled_driver.c.0fd01761
 .debug_info    0x00025c05     0x2716 C:\QMK_MSYS\tmp\cck35cQK.debug.temp.o
                0x00025c05                encoder.c.3f391ac1
 .debug_info    0x0002831b      0x412 C:\QMK_MSYS\tmp\ccYXcQbl.debug.temp.o
                0x0002831b                encoder_quadrature.c.2aceb572
 .debug_info    0x0002872d      0x344 C:\QMK_MSYS\tmp\ccScs0NV.debug.temp.o
                0x0002872d                ws2812_bitbang.c.a428d8ee
 .debug_info    0x00028a71      0x163 C:\QMK_MSYS\tmp\cck3L3jw.debug.temp.o
                0x00028a71                bootmagic.c.a90d673d
 .debug_info    0x00028bd4     0x2456 C:\QMK_MSYS\tmp\ccGSeZ36.debug.temp.o
                0x00028bd4                process_grave_esc.c.5b1a53c1
 .debug_info    0x0002b02a     0x24c3 C:\QMK_MSYS\tmp\ccamYfJH.debug.temp.o
                0x0002b02a                process_magic.c.a626f36c
 .debug_info    0x0002d4ed      0x3e9 C:\QMK_MSYS\tmp\cc4Mv4mi.debug.temp.o
                0x0002d4ed                process_programmable_button.c.8fbe8c5e
 .debug_info    0x0002d8d6      0x15c C:\QMK_MSYS\tmp\cc2fxohT.debug.temp.o
                0x0002d8d6                programmable_button.c.4f5754cf
 .debug_info    0x0002da32     0x243c C:\QMK_MSYS\tmp\ccEdeWZ3.debug.temp.o
                0x0002da32                process_space_cadet.c.284e95a1
 .debug_info    0x0002fe6e      0x61d C:\QMK_MSYS\tmp\ccQ125ND.debug.temp.o
                0x0002fe6e                host.c.949e6f3f
 .debug_info    0x0003048b     0x2556 C:\QMK_MSYS\tmp\ccIVvGPd.debug.temp.o
                0x0003048b                report.c.1a3a56d0
 .debug_info    0x000329e1      0x178 C:\QMK_MSYS\tmp\cce8rALN.debug.temp.o
                0x000329e1                usb_device_state.c.2ca6d0fe
 .debug_info    0x00032b59      0x119 C:\QMK_MSYS\tmp\ccS6MeNX.debug.temp.o
                0x00032b59                suspend.c.db9616b2
 .debug_info    0x00032c72       0x93 C:\QMK_MSYS\tmp\ccMPbZKh.debug.temp.o
                0x00032c72                platform.c.0b00a6f7
 .debug_info    0x00032d05      0x156 C:\QMK_MSYS\tmp\ccKSDH1Q.debug.temp.o
                0x00032d05                suspend.c.c94a9f1f
 .debug_info    0x00032e5b      0x22a C:\QMK_MSYS\tmp\cc6jQycq.debug.temp.o
                0x00032e5b                timer.c.91d55db8
 .debug_info    0x00033085      0x563 C:\QMK_MSYS\tmp\ccYZT7DZ.debug.temp.o
                0x00033085                stm32_dfu.c.0d333a89
 .debug_info    0x000335e8     0x23d1 C:\QMK_MSYS\tmp\ccy61h0y.debug.temp.o
                0x000335e8                usb_main.c.02804f46
 .debug_info    0x000359b9     0x1565 C:\QMK_MSYS\tmp\ccoVAYk8.debug.temp.o
                0x000359b9                chibios.c.740bfa16
 .debug_info    0x00036f1e      0x6b6 C:\QMK_MSYS\tmp\cc0YC6SH.debug.temp.o
                0x00036f1e                usb_descriptor.c.d595a5ed
 .debug_info    0x000375d4      0x2c7 C:\QMK_MSYS\tmp\cciA5Bn0.debug.temp.o
                0x000375d4                chmemcore.c.31afef2c
 .debug_info    0x0003789b      0x296 C:\QMK_MSYS\tmp\ccaGcQHs.debug.temp.o
                0x0003789b                crt1.c.21b0d333
 .debug_info    0x00037b31      0xc89 C:\QMK_MSYS\tmp\ccmOrUg6.debug.temp.o
                0x00037b31                chsys.c.72c5b97b
 .debug_info    0x000387ba      0x76b C:\QMK_MSYS\tmp\cceCX53J.debug.temp.o
                0x000387ba                chrfcu.c.152df964
 .debug_info    0x00038f25      0xde3 C:\QMK_MSYS\tmp\ccA9OCjD.debug.temp.o
                0x00038f25                chvt.c.50e6484d
 .debug_info    0x00039d08      0xc88 C:\QMK_MSYS\tmp\ccaozwgg.debug.temp.o
                0x00039d08                chschd.c.23c4856b
 .debug_info    0x0003a990      0x9ae C:\QMK_MSYS\tmp\cck5CV9S.debug.temp.o
                0x0003a990                chinstances.c.0ded196d
 .debug_info    0x0003b33e      0xedb C:\QMK_MSYS\tmp\cce2I3cw.debug.temp.o
                0x0003b33e                chthreads.c.314b5a68
 .debug_info    0x0003c219      0xa8f C:\QMK_MSYS\tmp\cce68CZE.debug.temp.o
                0x0003c219                chmtx.c.0dcb7267
 .debug_info    0x0003cca8     0x114d C:\QMK_MSYS\tmp\ccoTNhGK.debug.temp.o
                0x0003cca8                chcore.c.1ea6d6ae
 .debug_info    0x0003ddf5       0xb9 C:\QMK_MSYS\tmp\ccSQWYKZ.debug.temp.o
                0x0003ddf5                hal.c.93194310
 .debug_info    0x0003deae      0x2e2 C:\QMK_MSYS\tmp\cc2HXrkC.debug.temp.o
                0x0003deae                hal_st.c.309d0b51
 .debug_info    0x0003e190      0xe4b C:\QMK_MSYS\tmp\ccMZIimk.debug.temp.o
                0x0003e190                hal_i2c.c.50960c71
 .debug_info    0x0003efdb     0x19b8 C:\QMK_MSYS\tmp\ccyIL3dm.debug.temp.o
                0x0003efdb                hal_usb.c.20630bbd
 .debug_info    0x00040993      0x45b C:\QMK_MSYS\tmp\ccm4v1Dm.debug.temp.o
                0x00040993                nvic.c.f0de0fdc
 .debug_info    0x00040dee      0x29f C:\QMK_MSYS\tmp\cccFdEc2.debug.temp.o
                0x00040dee                stm32_isr.c.58880444
 .debug_info    0x0004108d      0x5b2 C:\QMK_MSYS\tmp\cciyIdGH.debug.temp.o
                0x0004108d                hal_lld.c.7d6aef54
 .debug_info    0x0004163f      0x7f7 C:\QMK_MSYS\tmp\ccq886iD.debug.temp.o
                0x0004163f                stm32_dma.c.64022502
 .debug_info    0x00041e36      0x248 C:\QMK_MSYS\tmp\cceM6xSW.debug.temp.o
                0x00041e36                hal_pal_lld.c.0d343104
 .debug_info    0x0004207e     0x1522 C:\QMK_MSYS\tmp\cc8qfOSB.debug.temp.o
                0x0004207e                hal_i2c_lld.c.0b867ad8
 .debug_info    0x000435a0     0x1c49 C:\QMK_MSYS\tmp\ccu49JKV.debug.temp.o
                0x000435a0                hal_usb_lld.c.8862c705
 .debug_info    0x000451e9      0x509 C:\QMK_MSYS\tmp\ccExI9UN.debug.temp.o
                0x000451e9                hal_st_lld.c.77d510ce
 .debug_info    0x000456f2      0x49b C:\QMK_MSYS\tmp\cc2Htxyt.debug.temp.o
                0x000456f2                board.c.320fdd49
 .debug_info    0x00045b8d      0xb4a C:\QMK_MSYS\tmp\ccuuho0K.debug.temp.o
                0x00045b8d                syscalls.c.d4dbf207
 .debug_info    0x000466d7      0xbeb C:\QMK_MSYS\tmp\ccANvOut.debug.temp.o
                0x000466d7                syscall_fallbacks.c.2d29e982
 .debug_info    0x000472c2     0x14bd .build/obj_vessel_base/i2c_master.a(i2c_master.o)
 .debug_info    0x0004877f       0x24 c:/qmk_msys/mingw64/bin/../lib/gcc/arm-none-eabi/12.2.0/thumb/v7e-m+fp/hard\libgcc.a(_aeabi_uldivmod.o)
 .debug_info    0x000487a3      0x6fd c:/qmk_msys/mingw64/bin/../lib/gcc/arm-none-eabi/12.2.0/thumb/v7e-m+fp/hard\libgcc.a(_udivmoddi4.o)
 .debug_info    0x00048ea0       0x39 c:/qmk_msys/mingw64/bin/../lib/gcc/arm-none-eabi/12.2.0/thumb/v7e-m+fp/hard\libgcc.a(_dvmd_tls.o)
 .debug_info    0x00048ed9      0x715 c:/qmk_msys/mingw64/bin/../lib/gcc/arm-none-eabi/12.2.0/../../../../arm-none-eabi/lib/thumb/v7e-m+fp/hard\libg_nano.a(libc_a-impure.o)