Archive member included to satisfy reference by file (symbol)

.build/obj_vessel_base/i2c_master.a(i2c_master.o)
                              .build/obj_vessel_base/oled_driver.o (symbol from plugin) (i2c_init)
c:/qmk_msys/mingw64/bin/../lib/gcc/arm-none-eabi/12.2.0/thumb/v7e-m+fp/hard\libgcc.a(_aeabi_ldivmod.o)
                              .build/obj_vessel_base/i2c_master.a(i2c_master.o) (__aeabi_ldivmod)
c:/qmk_msys/mingw64/bin/../lib/gcc/arm-none-eabi/12.2.0/thumb/v7e-m+fp/hard\libgcc.a(_aeabi_uldivmod.o)
                              .build/obj_vessel_base/i2c_master.a(i2c_master.o) (__aeabi_uldivmod)
c:/qmk_msys/mingw64/bin/../lib/gcc/arm-none-eabi/12.2.0/thumb/v7e-m+fp/hard\libgcc.a(_udivmoddi4.o)
                              c:/qmk_msys/mingw64/bin/../lib/gcc/arm-none-eabi/12.2.0/thumb/v7e-m+fp/hard\libgcc.a(_aeabi_ldivmod.o) (__udivmoddi4)
c:/qmk_msys/mingw64/bin/../lib/gcc/arm-none-eabi/12.2.0/thumb/v7e-m+fp/hard\libgcc.a(_dvmd_tls.o)
                              c:/qmk_msys/mingw64/bin/../lib/gcc/arm-none-eabi/12.2.0/thumb/v7e-m+fp/hard\libgcc.a(_aeabi_ldivmod.o) (__aeabi_ldiv0)
c:/qmk_msys/mingw64/bin/../lib/gcc/arm-none-eabi/12.2.0/../../../../arm-none-eabi/lib/thumb/v7e-m+fp/hard\libg_nano.a(libc_a-rand.o)
                              .build/obj_vessel_base/quantum/rgb_matrix/rgb_matrix.o (symbol from plugin) (rand)
c:/qmk_msys/mingw64/bin/../lib/gcc/arm-none-eabi/12.2.0/../../../../arm-none-eabi/lib/thumb/v7e-m+fp/hard\libg_nano.a(libc_a-ctype_.o)
                              .build/obj_vessel_base/quantum/send_string/send_string.o (symbol from plugin) (_ctype_)
c:/qmk_msys/mingw64/bin/../lib/gcc/arm-none-eabi/12.2.0/../../../../arm-none-eabi/lib/thumb/v7e-m+fp/hard\libg_nano.a(libc_a-impure.o)
                              c:/qmk_msys/mingw64/bin/../lib/gcc/arm-none-eabi/12.2.0/../../../../arm-none-eabi/lib/thumb/v7e-m+fp/hard\libg_nano.a(libc_a-rand.o) (_impure_ptr)
c:/qmk_msys/mingw64/bin/../lib/gcc/arm-none-eabi/12.2.0/../../../../arm-none-eabi/lib/thumb/v7e-m+fp/hard\libg_nano.a(libc_a-errno.o)
                              .build/obj_vessel_base/platforms/chibios/syscall-fallbacks.o (symbol from plugin) (__errno)
c:/qmk_msys/mingw64/bin/../lib/gcc/arm-none-eabi/12.2.0/../../../../arm-none-eabi/lib/thumb/v7e-m+fp/hard\libg_nano.a(libc_a-memcpy.o)
                              .build/obj_vessel_base/i2c_master.a(i2c_master.o) (memcpy)
c:/qmk_msys/mingw64/bin/../lib/gcc/arm-none-eabi/12.2.0/../../../../arm-none-eabi/lib/thumb/v7e-m+fp/hard\libg_nano.a(libc_a-assert.o)
                              c:/qmk_msys/mingw64/bin/../lib/gcc/arm-none-eabi/12.2.0/../../../../arm-none-eabi/lib/thumb/v7e-m+fp/hard\libg_nano.a(libc_a-rand.o) (__assert_func)
c:/qmk_msys/mingw64/bin/../lib/gcc/arm-none-eabi/12.2.0/../../../../arm-none-eabi/lib/thumb/v7e-m+fp/hard\libg_nano.a(libc_a-malloc.o)
                              c:/qmk_msys/mingw64/bin/../lib/gcc/arm-none-eabi/12.2.0/../../../../arm-none-eabi/lib/thumb/v7e-m+fp/hard\libg_nano.a(libc_a-rand.o) (malloc)
c:/qmk_msys/mingw64/bin/../lib/gcc/arm-none-eabi/12.2.0/../../../../arm-none-eabi/lib/thumb/v7e-m+fp/hard\libg_nano.a(libc_a-mallocr.o)
                              c:/qmk_msys/mingw64/bin/../lib/gcc/arm-none-eabi/12.2.0/../../../../arm-none-eabi/lib/thumb/v7e-m+fp/hard\libg_nano.a(libc_a-malloc.o) (_malloc_r)
c:/qmk_msys/mingw64/bin/../lib/gcc/arm-none-eabi/12.2.0/../../../../arm-none-eabi/lib/thumb/v7e-m+fp/hard\libg_nano.a(libc_a-mlock.o)
                              c:/qmk_msys/mingw64/bin/../lib/gcc/arm-none-eabi/12.2.0/../../../../arm-none-eabi/lib/thumb/v7e-m+fp/hard\libg_nano.a(libc_a-mallocr.o) (__malloc_lock)
c:/qmk_msys/mingw64/bin/../lib/gcc/arm-none-eabi/12.2.0/../../../../arm-none-eabi/lib/thumb/v7e-m+fp/hard\libg_nano.a(libc_a-fprintf.o)
                              c:/qmk_msys/mingw64/bin/../lib/gcc/arm-none-eabi/12.2.0/../../../../arm-none-eabi/lib/thumb/v7e-m+fp/hard\libg_nano.a(libc_a-assert.o) (fiprintf)
c:/qmk_msys/mingw64/bin/../lib/gcc/arm-none-eabi/12.2.0/../../../../arm-none-eabi/lib/thumb/v7e-m+fp/hard\libg_nano.a(libc_a-lock.o)
                              c:/qmk_msys/mingw64/bin/../lib/gcc/arm-none-eabi/12.2.0/../../../../arm-none-eabi/lib/thumb/v7e-m+fp/hard\libg_nano.a(libc_a-mlock.o) (__retarget_lock_acquire_recursive)
c:/qmk_msys/mingw64/bin/../lib/gcc/arm-none-eabi/12.2.0/../../../../arm-none-eabi/lib/thumb/v7e-m+fp/hard\libg_nano.a(libc_a-abort.o)
                              c:/qmk_msys/mingw64/bin/../lib/gcc/arm-none-eabi/12.2.0/../../../../arm-none-eabi/lib/thumb/v7e-m+fp/hard\libg_nano.a(libc_a-assert.o) (abort)
c:/qmk_msys/mingw64/bin/../lib/gcc/arm-none-eabi/12.2.0/../../../../arm-none-eabi/lib/thumb/v7e-m+fp/hard\libg_nano.a(libc_a-freer.o)
                              c:/qmk_msys/mingw64/bin/../lib/gcc/arm-none-eabi/12.2.0/../../../../arm-none-eabi/lib/thumb/v7e-m+fp/hard\libg_nano.a(libc_a-malloc.o) (_free_r)
[...]
Memory Configuration

Name             Origin             Length             Attributes
flash0           0x08000000         0x00080000         xr
flash1           0x00000000         0x00000000         xr
flash2           0x00000000         0x00000000         xr
flash3           0x00000000         0x00000000         xr
flash4           0x00000000         0x00000000         xr
flash5           0x00000000         0x00000000         xr
flash6           0x00000000         0x00000000         xr
flash7           0x00000000         0x00000000         xr
ram0             0x20000000         0x00020000         xw
ram1             0x20000000         0x0001c000         xw
ram2             0x00000000         0x00004000         xw
ram3             0x00000000         0x00000000         xw
ram4             0x00000000         0x00000000         xw
ram5             0x00000000         0x00000000         xw
ram6             0x00000000         0x00000000         xw
ram7             0x00000000         0x00000000         xw
*default*        0x00000000         0xffffffff

Linker script and memory map

LOAD .build/obj_vessel_base/keyboards/vessel/vessel.o
LOAD C:\QMK_MSYS\tmp\cchXQqT6.ltrans0.ltrans.o
LOAD C:\QMK_MSYS\tmp\ccMndiui.debug.temp.o
LOAD C:\QMK_MSYS\tmp\cc0Fm2kx.debug.temp.o
LOAD C:\QMK_MSYS\tmp\ccasmfpM.debug.temp.o
LOAD C:\QMK_MSYS\tmp\cc4deco1.debug.temp.o
LOAD C:\QMK_MSYS\tmp\cckR7syg.debug.temp.o
LOAD C:\QMK_MSYS\tmp\cccw8nFv.debug.temp.o
LOAD C:\QMK_MSYS\tmp\ccOuT7LJ.debug.temp.o
LOAD C:\QMK_MSYS\tmp\ccoa1H7X.debug.temp.o
LOAD C:\QMK_MSYS\tmp\cce2Mpnc.debug.temp.o
LOAD C:\QMK_MSYS\tmp\ccmx6ARq.debug.temp.o
LOAD C:\QMK_MSYS\tmp\ccs1VMhF.debug.temp.o
LOAD C:\QMK_MSYS\tmp\cccoT1TT.debug.temp.o
LOAD C:\QMK_MSYS\tmp\ccYZ9Et8.debug.temp.o
LOAD C:\QMK_MSYS\tmp\ccKJyyMq.debug.temp.o
LOAD C:\QMK_MSYS\tmp\ccOqHm1I.debug.temp.o
LOAD C:\QMK_MSYS\tmp\ccOpoZr1.debug.temp.o
LOAD C:\QMK_MSYS\tmp\cccVh7Rj.debug.temp.o
LOAD C:\QMK_MSYS\tmp\ccYOVncC.debug.temp.o
LOAD C:\QMK_MSYS\tmp\ccK2PbMU.debug.temp.o
LOAD C:\QMK_MSYS\tmp\ccQSqSid.debug.temp.o
LOAD C:\QMK_MSYS\tmp\ccSOvWMv.debug.temp.o
LOAD C:\QMK_MSYS\tmp\ccgeiitO.debug.temp.o
LOAD C:\QMK_MSYS\tmp\cc8Mz186.debug.temp.o
LOAD C:\QMK_MSYS\tmp\ccGPrLQo.debug.temp.o
LOAD C:\QMK_MSYS\tmp\ccoBU7tG.debug.temp.o
LOAD C:\QMK_MSYS\tmp\ccYssG5X.debug.temp.o
LOAD C:\QMK_MSYS\tmp\cc84iN5f.debug.temp.o
LOAD C:\QMK_MSYS\tmp\ccaR4n0x.debug.temp.o
LOAD C:\QMK_MSYS\tmp\ccCUU38P.debug.temp.o
LOAD C:\QMK_MSYS\tmp\ccmj5Wg8.debug.temp.o
LOAD C:\QMK_MSYS\tmp\cc8wVEiq.debug.temp.o
LOAD C:\QMK_MSYS\tmp\ccSLYenH.debug.temp.o
LOAD C:\QMK_MSYS\tmp\cc29RKnY.debug.temp.o
LOAD C:\QMK_MSYS\tmp\ccqxbkCf.debug.temp.o
LOAD C:\QMK_MSYS\tmp\ccUrqJ2w.debug.temp.o
LOAD C:\QMK_MSYS\tmp\ccG537mO.debug.temp.o
LOAD C:\QMK_MSYS\tmp\cccZZvV5.debug.temp.o
LOAD C:\QMK_MSYS\tmp\cc8PJrsn.debug.temp.o
LOAD C:\QMK_MSYS\tmp\ccIZWGTE.debug.temp.o
LOAD C:\QMK_MSYS\tmp\cc8nUmrV.debug.temp.o
LOAD C:\QMK_MSYS\tmp\cceiRJUb.debug.temp.o
LOAD C:\QMK_MSYS\tmp\ccw6TSBs.debug.temp.o
LOAD C:\QMK_MSYS\tmp\ccsnFIeJ.debug.temp.o
LOAD C:\QMK_MSYS\tmp\ccaPNr4Z.debug.temp.o
LOAD C:\QMK_MSYS\tmp\cciuobZg.debug.temp.o
LOAD C:\QMK_MSYS\tmp\ccsytQAB.debug.temp.o
LOAD C:\QMK_MSYS\tmp\cc2fSi8V.debug.temp.o
LOAD C:\QMK_MSYS\tmp\cc8HolSg.debug.temp.o
LOAD C:\QMK_MSYS\tmp\ccSqBGAB.debug.temp.o
LOAD C:\QMK_MSYS\tmp\cc8TVBvW.debug.temp.o
LOAD C:\QMK_MSYS\tmp\cc8OO7oh.debug.temp.o
LOAD C:\QMK_MSYS\tmp\ccWN46cC.debug.temp.o
LOAD C:\QMK_MSYS\tmp\ccc9IsfX.debug.temp.o
LOAD C:\QMK_MSYS\tmp\cc6gAfgi.debug.temp.o
LOAD C:\QMK_MSYS\tmp\ccM929jC.debug.temp.o
LOAD C:\QMK_MSYS\tmp\ccm7LIlW.debug.temp.o
LOAD C:\QMK_MSYS\tmp\cc4YVBxg.debug.temp.o
LOAD C:\QMK_MSYS\tmp\cc4Z73GA.debug.temp.o
LOAD C:\QMK_MSYS\tmp\cccb7ZLU.debug.temp.o
LOAD C:\QMK_MSYS\tmp\ccwICi4e.debug.temp.o
LOAD C:\QMK_MSYS\tmp\ccMloLwz.debug.temp.o
LOAD C:\QMK_MSYS\tmp\ccsIKUTS.debug.temp.o
LOAD C:\QMK_MSYS\tmp\ccG4x2qc.debug.temp.o
LOAD C:\QMK_MSYS\tmp\ccy1h0bw.debug.temp.o
LOAD C:\QMK_MSYS\tmp\ccETjqTP.debug.temp.o
LOAD C:\QMK_MSYS\tmp\cc2OgDO9.debug.temp.o
LOAD C:\QMK_MSYS\tmp\ccaQepFt.debug.temp.o
LOAD C:\QMK_MSYS\tmp\cc4X53xM.debug.temp.o
LOAD C:\QMK_MSYS\tmp\cc8s0jj5.debug.temp.o
LOAD C:\QMK_MSYS\tmp\ccGLUYho.debug.temp.o
LOAD C:\QMK_MSYS\tmp\ccoFfdsH.debug.temp.o
LOAD C:\QMK_MSYS\tmp\ccEUwoy0.debug.temp.o
LOAD C:\QMK_MSYS\tmp\ccycb0Rj.debug.temp.o
LOAD C:\QMK_MSYS\tmp\ccGNr66C.debug.temp.o
LOAD C:\QMK_MSYS\tmp\cckznt3Z.debug.temp.o
LOAD C:\QMK_MSYS\tmp\ccWF6BUm.debug.temp.o
LOAD C:\QMK_MSYS\tmp\ccKevWZJ.debug.temp.o
LOAD C:\QMK_MSYS\tmp\cc4Xm7Z6.debug.temp.o
LOAD C:\QMK_MSYS\tmp\ccsfLspu.debug.temp.o
LOAD C:\QMK_MSYS\tmp\ccAMpKLR.debug.temp.o
LOAD C:\QMK_MSYS\tmp\ccyaeabe.debug.temp.o
LOAD C:\QMK_MSYS\tmp\ccwCCBsA.debug.temp.o
LOAD C:\QMK_MSYS\tmp\ccgLal1W.debug.temp.o
LOAD C:\QMK_MSYS\tmp\ccgEWBuj.debug.temp.o
LOAD C:\QMK_MSYS\tmp\ccOWMqbG.debug.temp.o
LOAD C:\QMK_MSYS\tmp\ccUEFKO2.debug.temp.o
LOAD C:\QMK_MSYS\tmp\ccAPTCFp.debug.temp.o
LOAD C:\QMK_MSYS\tmp\ccGZI3qM.debug.temp.o
LOAD C:\QMK_MSYS\tmp\cciqyua8.debug.temp.o
LOAD C:\QMK_MSYS\tmp\ccqrg84t.debug.temp.o
LOAD C:\QMK_MSYS\tmp\ccGCLfVP.debug.temp.o
LOAD C:\QMK_MSYS\tmp\ccO1zI1b.debug.temp.o
LOAD C:\QMK_MSYS\tmp\ccwFmL2x.debug.temp.o
LOAD C:\QMK_MSYS\tmp\cciN1Q2T.debug.temp.o
LOAD C:\QMK_MSYS\tmp\ccA5zahf.debug.temp.o
LOAD C:\QMK_MSYS\tmp\ccccRKpA.debug.temp.o
LOAD C:\QMK_MSYS\tmp\ccacr9wV.debug.temp.o
LOAD C:\QMK_MSYS\tmp\ccSLx1Qg.debug.temp.o
LOAD C:\QMK_MSYS\tmp\ccQLDW6B.debug.temp.o
LOAD C:\QMK_MSYS\tmp\ccuJrsDX.debug.temp.o
LOAD C:\QMK_MSYS\tmp\cccTqh2i.debug.temp.o
LOAD C:\QMK_MSYS\tmp\ccwq6OHE.debug.temp.o
LOAD C:\QMK_MSYS\tmp\ccSymwj0.debug.temp.o
LOAD C:\QMK_MSYS\tmp\ccSD0bDp.debug.temp.o
LOAD C:\QMK_MSYS\tmp\ccu85xSO.debug.temp.o
LOAD C:\QMK_MSYS\tmp\ccCbf35d.debug.temp.o
LOAD C:\QMK_MSYS\tmp\ccm8k9vD.debug.temp.o
LOAD C:\QMK_MSYS\tmp\ccUGDoV2.debug.temp.o
LOAD C:\QMK_MSYS\tmp\ccaUndys.debug.temp.o
LOAD C:\QMK_MSYS\tmp\cckUWc6R.debug.temp.o
LOAD C:\QMK_MSYS\tmp\ccSEPpSh.debug.temp.o
LOAD C:\QMK_MSYS\tmp\ccmB5yyH.debug.temp.o
LOAD C:\QMK_MSYS\tmp\ccKu3Qh6.debug.temp.o
LOAD C:\QMK_MSYS\tmp\cc07yjWu.debug.temp.o
LOAD C:\QMK_MSYS\tmp\cckxa5OT.debug.temp.o
LOAD C:\QMK_MSYS\tmp\ccIqoDCi.debug.temp.o
LOAD C:\QMK_MSYS\tmp\ccSEesEH.debug.temp.o
LOAD C:\QMK_MSYS\tmp\ccKpiHB6.debug.temp.o
LOAD C:\QMK_MSYS\tmp\ccATJ0wv.debug.temp.o
LOAD C:\QMK_MSYS\tmp\ccyhSUGU.debug.temp.o
LOAD C:\QMK_MSYS\tmp\ccgfvfMj.debug.temp.o
LOAD C:\QMK_MSYS\tmp\ccO3hIUH.debug.temp.o
LOAD C:\QMK_MSYS\tmp\ccS2x1X5.debug.temp.o
LOAD C:\QMK_MSYS\tmp\cc2gyXeu.debug.temp.o
LOAD C:\QMK_MSYS\tmp\ccYnujGS.debug.temp.o
LOAD C:\QMK_MSYS\tmp\ccAYm52g.debug.temp.o
LOAD C:\QMK_MSYS\tmp\ccWwkAoF.debug.temp.o
LOAD C:\QMK_MSYS\tmp\cc0HGnX3.debug.temp.o
LOAD C:\QMK_MSYS\tmp\cc8qLvrs.debug.temp.o
LOAD C:\QMK_MSYS\tmp\ccAgEYYP.debug.temp.o
LOAD C:\QMK_MSYS\tmp\cck1d5rd.debug.temp.o
LOAD C:\QMK_MSYS\tmp\ccsu478A.debug.temp.o
LOAD C:\QMK_MSYS\tmp\ccgpOjLY.debug.temp.o
LOAD C:\QMK_MSYS\tmp\ccaVzTzm.debug.temp.o
LOAD C:\QMK_MSYS\tmp\cc8yGukK.debug.temp.o
LOAD C:\QMK_MSYS\tmp\cc6K8hi8.debug.temp.o
LOAD C:\QMK_MSYS\tmp\ccWIbxbw.debug.temp.o
LOAD C:\QMK_MSYS\tmp\cck4FGRX.debug.temp.o
LOAD C:\QMK_MSYS\tmp\cca4Hmtp.debug.temp.o
LOAD C:\QMK_MSYS\tmp\ccG5hVhR.debug.temp.o
LOAD C:\QMK_MSYS\tmp\cc0avd5i.debug.temp.o
LOAD C:\QMK_MSYS\tmp\ccYGnVNK.debug.temp.o
LOAD C:\QMK_MSYS\tmp\cccVIcMc.debug.temp.o
LOAD C:\QMK_MSYS\tmp\ccgI8xEE.debug.temp.o
LOAD C:\QMK_MSYS\tmp\ccmahEK6.debug.temp.o
LOAD C:\QMK_MSYS\tmp\ccsy3VLy.debug.temp.o
LOAD C:\QMK_MSYS\tmp\cc2xLbM0.debug.temp.o
LOAD C:\QMK_MSYS\tmp\ccoQEYPr.debug.temp.o
LOAD C:\QMK_MSYS\tmp\ccWCebRS.debug.temp.o
LOAD C:\QMK_MSYS\tmp\ccS74j6j.debug.temp.o
LOAD C:\QMK_MSYS\tmp\ccW03RiL.debug.temp.o
LOAD C:\QMK_MSYS\tmp\ccM4ngrc.debug.temp.o
LOAD C:\QMK_MSYS\tmp\ccOue1MD.debug.temp.o
LOAD C:\QMK_MSYS\tmp\cccYmH44.debug.temp.o
LOAD C:\QMK_MSYS\tmp\cc48lXyw.debug.temp.o
LOAD C:\QMK_MSYS\tmp\cccKkgZX.debug.temp.o
LOAD C:\QMK_MSYS\tmp\cckL4cro.debug.temp.o
LOAD .build/obj_vessel_base/.build/obj_vessel_base/src/default_keyboard.o
LOAD .build/obj_vessel_base/quantum/keymap_introspection.o
LOAD .build/obj_vessel_base/quantum/quantum.o
LOAD .build/obj_vessel_base/quantum/bitwise.o
LOAD .build/obj_vessel_base/quantum/led.o
LOAD .build/obj_vessel_base/quantum/action.o
LOAD .build/obj_vessel_base/quantum/action_layer.o
LOAD .build/obj_vessel_base/quantum/action_tapping.o
LOAD .build/obj_vessel_base/quantum/action_util.o
LOAD .build/obj_vessel_base/quantum/eeconfig.o
LOAD .build/obj_vessel_base/quantum/keyboard.o
LOAD .build/obj_vessel_base/quantum/keymap_common.o
LOAD .build/obj_vessel_base/quantum/keycode_config.o
LOAD .build/obj_vessel_base/quantum/sync_timer.o
LOAD .build/obj_vessel_base/quantum/logging/debug.o
LOAD .build/obj_vessel_base/quantum/logging/sendchar.o
LOAD .build/obj_vessel_base/quantum/logging/print.o
LOAD .build/obj_vessel_base/quantum/matrix_common.o
LOAD .build/obj_vessel_base/quantum/matrix.o
LOAD .build/obj_vessel_base/quantum/debounce/sym_eager_pk.o
LOAD .build/obj_vessel_base/quantum/main.o
LOAD .build/obj_vessel_base/printf.o
LOAD .build/obj_vessel_base/eeprom_driver.o
LOAD .build/obj_vessel_base/eeprom_transient.o
LOAD .build/obj_vessel_base/quantum/color.o
LOAD .build/obj_vessel_base/quantum/rgb_matrix/rgb_matrix.o
LOAD .build/obj_vessel_base/quantum/rgb_matrix/rgb_matrix_drivers.o
LOAD .build/obj_vessel_base/quantum/process_keycode/process_rgb.o
LOAD .build/obj_vessel_base/quantum/led_tables.o
LOAD .build/obj_vessel_base/lib/lib8tion/lib8tion.o
LOAD .build/obj_vessel_base/oled_driver.o
LOAD .build/obj_vessel_base/quantum/encoder.o
LOAD .build/obj_vessel_base/encoder_quadrature.o
LOAD .build/obj_vessel_base/ws2812_bitbang.o
LOAD .build/obj_vessel_base/quantum/bootmagic/bootmagic.o
LOAD .build/obj_vessel_base/quantum/process_keycode/process_grave_esc.o
LOAD .build/obj_vessel_base/quantum/process_keycode/process_magic.o
LOAD .build/obj_vessel_base/quantum/process_keycode/process_programmable_button.o
LOAD .build/obj_vessel_base/quantum/programmable_button.o
LOAD .build/obj_vessel_base/quantum/send_string/send_string.o
LOAD .build/obj_vessel_base/quantum/process_keycode/process_space_cadet.o
LOAD .build/obj_vessel_base/quantum/process_keycode/process_tap_dance.o
LOAD .build/obj_vessel_base/protocol/host.o
LOAD .build/obj_vessel_base/protocol/report.o
LOAD .build/obj_vessel_base/protocol/usb_device_state.o
LOAD .build/obj_vessel_base/protocol/usb_util.o
LOAD .build/obj_vessel_base/platforms/suspend.o
LOAD .build/obj_vessel_base/platforms/synchronization_util.o
LOAD .build/obj_vessel_base/platforms/timer.o
LOAD .build/obj_vessel_base/platforms/chibios/hardware_id.o
LOAD .build/obj_vessel_base/platforms/chibios/platform.o
LOAD .build/obj_vessel_base/platforms/chibios/suspend.o
LOAD .build/obj_vessel_base/platforms/chibios/timer.o
LOAD .build/obj_vessel_base/platforms/chibios/bootloaders/stm32_dfu.o
LOAD .build/obj_vessel_base/i2c_master.a
LOAD .build/obj_vessel_base/./lib/chibios/os/common/startup/ARMCMx/compilers/GCC/crt0_v7m.o
LOAD .build/obj_vessel_base/./lib/chibios/os/common/startup/ARMCMx/compilers/GCC/vectors.o
LOAD .build/obj_vessel_base/./lib/chibios/os/common/ports/ARMv7-M/compilers/GCC/chcoreasm.o
LOAD .build/obj_vessel_base/protocol/chibios/usb_main.o
LOAD .build/obj_vessel_base/protocol/chibios/chibios.o
LOAD .build/obj_vessel_base/usb_descriptor.o
LOAD .build/obj_vessel_base/protocol/chibios/usb_driver.o
LOAD .build/obj_vessel_base/protocol/chibios/usb_endpoints.o
LOAD .build/obj_vessel_base/protocol/chibios/usb_report_handling.o
LOAD .build/obj_vessel_base/protocol/chibios/usb_util.o
LOAD .build/obj_vessel_base/lib/chibios/os/common/startup/ARMCMx/compilers/GCC/crt1.o
LOAD .build/obj_vessel_base/lib/chibios/os/rt/src/chsys.o
LOAD .build/obj_vessel_base/lib/chibios/os/rt/src/chrfcu.o
LOAD .build/obj_vessel_base/lib/chibios/os/rt/src/chdebug.o
LOAD .build/obj_vessel_base/lib/chibios/os/rt/src/chtrace.o
LOAD .build/obj_vessel_base/lib/chibios/os/rt/src/chvt.o
LOAD .build/obj_vessel_base/lib/chibios/os/rt/src/chschd.o
LOAD .build/obj_vessel_base/lib/chibios/os/rt/src/chinstances.o
LOAD .build/obj_vessel_base/lib/chibios/os/rt/src/chthreads.o
LOAD .build/obj_vessel_base/lib/chibios/os/rt/src/chtm.o
LOAD .build/obj_vessel_base/lib/chibios/os/rt/src/chstats.o
LOAD .build/obj_vessel_base/lib/chibios/os/rt/src/chregistry.o
LOAD .build/obj_vessel_base/lib/chibios/os/rt/src/chsem.o
LOAD .build/obj_vessel_base/lib/chibios/os/rt/src/chmtx.o
LOAD .build/obj_vessel_base/lib/chibios/os/rt/src/chcond.o
LOAD .build/obj_vessel_base/lib/chibios/os/rt/src/chevents.o
LOAD .build/obj_vessel_base/lib/chibios/os/rt/src/chmsg.o
LOAD .build/obj_vessel_base/lib/chibios/os/rt/src/chdynamic.o
LOAD .build/obj_vessel_base/lib/chibios/os/common/ports/ARMv7-M/chcore.o
LOAD .build/obj_vessel_base/lib/chibios/os/hal/osal/rt-nil/osal.o
LOAD .build/obj_vessel_base/lib/chibios/os/oslib/src/chmboxes.o
LOAD .build/obj_vessel_base/lib/chibios/os/oslib/src/chmemcore.o
LOAD .build/obj_vessel_base/lib/chibios/os/oslib/src/chmemheaps.o
LOAD .build/obj_vessel_base/lib/chibios/os/oslib/src/chmempools.o
LOAD .build/obj_vessel_base/lib/chibios/os/oslib/src/chpipes.o
LOAD .build/obj_vessel_base/lib/chibios/os/oslib/src/chobjcaches.o
LOAD .build/obj_vessel_base/lib/chibios/os/oslib/src/chdelegates.o
LOAD .build/obj_vessel_base/lib/chibios/os/oslib/src/chfactory.o
LOAD .build/obj_vessel_base/lib/chibios/os/hal/src/hal.o
LOAD .build/obj_vessel_base/lib/chibios/os/hal/src/hal_st.o
LOAD .build/obj_vessel_base/lib/chibios/os/hal/src/hal_buffers.o
LOAD .build/obj_vessel_base/lib/chibios/os/hal/src/hal_queues.o
LOAD .build/obj_vessel_base/lib/chibios/os/hal/src/hal_flash.o
LOAD .build/obj_vessel_base/lib/chibios/os/hal/src/hal_mmcsd.o
LOAD .build/obj_vessel_base/lib/chibios/os/hal/src/hal_adc.o
LOAD .build/obj_vessel_base/lib/chibios/os/hal/src/hal_can.o
LOAD .build/obj_vessel_base/lib/chibios/os/hal/src/hal_crypto.o
LOAD .build/obj_vessel_base/lib/chibios/os/hal/src/hal_dac.o
LOAD .build/obj_vessel_base/lib/chibios/os/hal/src/hal_efl.o
LOAD .build/obj_vessel_base/lib/chibios/os/hal/src/hal_gpt.o
LOAD .build/obj_vessel_base/lib/chibios/os/hal/src/hal_i2c.o
LOAD .build/obj_vessel_base/lib/chibios/os/hal/src/hal_i2s.o
LOAD .build/obj_vessel_base/lib/chibios/os/hal/src/hal_icu.o
LOAD .build/obj_vessel_base/lib/chibios/os/hal/src/hal_mac.o
LOAD .build/obj_vessel_base/lib/chibios/os/hal/src/hal_mmc_spi.o
LOAD .build/obj_vessel_base/lib/chibios/os/hal/src/hal_pal.o
LOAD .build/obj_vessel_base/lib/chibios/os/hal/src/hal_pwm.o
LOAD .build/obj_vessel_base/lib/chibios/os/hal/src/hal_rtc.o
LOAD .build/obj_vessel_base/lib/chibios/os/hal/src/hal_sdc.o
LOAD .build/obj_vessel_base/lib/chibios/os/hal/src/hal_serial.o
LOAD .build/obj_vessel_base/lib/chibios/os/hal/src/hal_serial_usb.o
LOAD .build/obj_vessel_base/lib/chibios/os/hal/src/hal_sio.o
LOAD .build/obj_vessel_base/lib/chibios/os/hal/src/hal_spi.o
LOAD .build/obj_vessel_base/lib/chibios/os/hal/src/hal_trng.o
LOAD .build/obj_vessel_base/lib/chibios/os/hal/src/hal_uart.o
LOAD .build/obj_vessel_base/lib/chibios/os/hal/src/hal_usb.o
LOAD .build/obj_vessel_base/lib/chibios/os/hal/src/hal_wdg.o
LOAD .build/obj_vessel_base/lib/chibios/os/hal/src/hal_wspi.o
LOAD .build/obj_vessel_base/lib/chibios/os/hal/ports/common/ARMCMx/nvic.o
LOAD .build/obj_vessel_base/lib/chibios/os/hal/ports/STM32/STM32F4xx/stm32_isr.o
LOAD .build/obj_vessel_base/lib/chibios/os/hal/ports/STM32/STM32F4xx/hal_lld.o
LOAD .build/obj_vessel_base/lib/chibios/os/hal/ports/STM32/STM32F4xx/hal_efl_lld.o
LOAD .build/obj_vessel_base/lib/chibios/os/hal/ports/STM32/LLD/ADCv2/hal_adc_lld.o
LOAD .build/obj_vessel_base/lib/chibios/os/hal/ports/STM32/LLD/CANv1/hal_can_lld.o
LOAD .build/obj_vessel_base/lib/chibios/os/hal/ports/STM32/LLD/CRYPv1/hal_crypto_lld.o
LOAD .build/obj_vessel_base/lib/chibios/os/hal/ports/STM32/LLD/DACv1/hal_dac_lld.o
LOAD .build/obj_vessel_base/lib/chibios/os/hal/ports/STM32/LLD/DMAv2/stm32_dma.o
LOAD .build/obj_vessel_base/lib/chibios/os/hal/ports/STM32/LLD/EXTIv1/stm32_exti.o
LOAD .build/obj_vessel_base/lib/chibios/os/hal/ports/STM32/LLD/GPIOv2/hal_pal_lld.o
LOAD .build/obj_vessel_base/lib/chibios/os/hal/ports/STM32/LLD/I2Cv1/hal_i2c_lld.o
LOAD .build/obj_vessel_base/lib/chibios/os/hal/ports/STM32/LLD/MACv1/hal_mac_lld.o
LOAD .build/obj_vessel_base/lib/chibios/os/hal/ports/STM32/LLD/OTGv1/hal_usb_lld.o
LOAD .build/obj_vessel_base/lib/chibios/os/hal/ports/STM32/LLD/QUADSPIv1/hal_wspi_lld.o
LOAD .build/obj_vessel_base/lib/chibios/os/hal/ports/STM32/LLD/RTCv2/hal_rtc_lld.o
LOAD .build/obj_vessel_base/lib/chibios/os/hal/ports/STM32/LLD/SPIv1/hal_i2s_lld.o
LOAD .build/obj_vessel_base/lib/chibios/os/hal/ports/STM32/LLD/SPIv1/hal_spi_v2_lld.o
LOAD .build/obj_vessel_base/lib/chibios/os/hal/ports/STM32/LLD/SDIOv1/hal_sdc_lld.o
LOAD .build/obj_vessel_base/lib/chibios/os/hal/ports/STM32/LLD/SYSTICKv1/hal_st_lld.o
LOAD .build/obj_vessel_base/lib/chibios/os/hal/ports/STM32/LLD/TIMv1/hal_gpt_lld.o
LOAD .build/obj_vessel_base/lib/chibios/os/hal/ports/STM32/LLD/TIMv1/hal_icu_lld.o
LOAD .build/obj_vessel_base/lib/chibios/os/hal/ports/STM32/LLD/TIMv1/hal_pwm_lld.o
LOAD .build/obj_vessel_base/lib/chibios/os/hal/ports/STM32/LLD/USARTv1/hal_serial_lld.o
LOAD .build/obj_vessel_base/lib/chibios/os/hal/ports/STM32/LLD/USARTv1/hal_uart_lld.o
LOAD .build/obj_vessel_base/lib/chibios/os/hal/ports/STM32/LLD/xWDGv1/hal_wdg_lld.o
LOAD .build/obj_vessel_base/lib/chibios/os/hal/boards/ST_NUCLEO64_F446RE/board.o
LOAD .build/obj_vessel_base/lib/chibios/os/hal/lib/streams/chprintf.o
LOAD .build/obj_vessel_base/lib/chibios/os/hal/lib/streams/chscanf.o
LOAD .build/obj_vessel_base/lib/chibios/os/hal/lib/streams/memstreams.o
LOAD .build/obj_vessel_base/lib/chibios/os/hal/lib/streams/nullstreams.o
LOAD .build/obj_vessel_base/lib/chibios/os/hal/lib/streams/bufstreams.o
LOAD .build/obj_vessel_base/lib/chibios/os/various/syscalls.o
LOAD .build/obj_vessel_base/platforms/chibios/syscall-fallbacks.o
LOAD .build/obj_vessel_base/platforms/chibios/wait.o
LOAD .build/obj_vessel_base/platforms/chibios/synchronization_util.o
LOAD .build/obj_vessel_base/platforms/chibios/interrupt_handlers.o
                0x00000800                        __process_stack_size__ = 0x800
                0x00000400                        __main_stack_size__ = 0x400
LOAD c:/qmk_msys/mingw64/bin/../lib/gcc/arm-none-eabi/12.2.0/../../../../arm-none-eabi/lib/thumb/v7e-m+fp/hard\libm.a
START GROUP
LOAD c:/qmk_msys/mingw64/bin/../lib/gcc/arm-none-eabi/12.2.0/thumb/v7e-m+fp/hard\libgcc.a
LOAD c:/qmk_msys/mingw64/bin/../lib/gcc/arm-none-eabi/12.2.0/../../../../arm-none-eabi/lib/thumb/v7e-m+fp/hard\libg_nano.a
LOAD c:/qmk_msys/mingw64/bin/../lib/gcc/arm-none-eabi/12.2.0/../../../../arm-none-eabi/lib/thumb/v7e-m+fp/hard\libc_nano.a
END GROUP
START GROUP
LOAD c:/qmk_msys/mingw64/bin/../lib/gcc/arm-none-eabi/12.2.0/thumb/v7e-m+fp/hard\libgcc.a
LOAD c:/qmk_msys/mingw64/bin/../lib/gcc/arm-none-eabi/12.2.0/../../../../arm-none-eabi/lib/thumb/v7e-m+fp/hard\libc_nano.a
END GROUP

.mstack         0x20000000      0x400
                0x20000000                        . = ALIGN (0x8)
                0x20000000                        __main_stack_base__ = .
                0x20000400                        . = (. + __main_stack_size__)
 *fill*         0x20000000      0x400 
                0x20000400                        . = ALIGN (0x8)
                0x20000400                        __main_stack_end__ = .

.pstack         0x20000400      0x800
                0x20000400                        . = ALIGN (0x8)
                0x20000400                        __process_stack_base__ = .
                0x20000400                        __main_thread_stack_base__ = .
                0x20000c00                        . = (. + __process_stack_size__)
 *fill*         0x20000400      0x800 
                0x20000c00                        . = ALIGN (0x8)
                0x20000c00                        __process_stack_end__ = .
                0x20000c00                        __main_thread_stack_end__ = .

.vectors        0x08000000      0x1e0
                0x08000000                        __textvectors_base__ = LOADADDR (.vectors)
                0x08000000                        __vectors_base__ = .
 *(.vectors)
 .vectors       0x08000000      0x1e0 .build/obj_vessel_base/./lib/chibios/os/common/startup/ARMCMx/compilers/GCC/vectors.o
                0x08000000                _vectors
                0x080001e0                        __vectors_end__ = .

.xtors          0x080001e0        0x0
                0x080001e0                        __init_array_base__ = .
 *(SORT_BY_NAME(.init_array.*))
 *(.init_array)
                0x080001e0                        __init_array_end__ = .
                0x080001e0                        __fini_array_base__ = .
 *(.fini_array)
 *(SORT_BY_NAME(.fini_array.*))
                0x080001e0                        __fini_array_end__ = .

.text           0x080001e0     0x97d8
                0x080001e0                        __text_base__ = .
 *(.text)
 .text          0x080001e0      0x11c .build/obj_vessel_base/./lib/chibios/os/common/startup/ARMCMx/compilers/GCC/crt0_v7m.o
                0x080001e0                _crt0_entry
 .text          0x080002fc        0x8 .build/obj_vessel_base/./lib/chibios/os/common/startup/ARMCMx/compilers/GCC/vectors.o
                0x080002fc                Reset_Handler
                0x080002fe                VectorE8
                0x080002fe                Vector9C
                0x080002fe                VectorAC
                0x080002fe                DebugMon_Handler
                0x080002fe                Vector1A0
                0x080002fe                Vector5C
                0x080002fe                Vector11C
                0x080002fe                HardFault_Handler
                0x080002fe                Vector1B8
                0x080002fe                Vector19C
                0x080002fe                Vector8C
                0x080002fe                SysTick_Handler
                0x080002fe                VectorDC
                0x080002fe                PendSV_Handler
                0x080002fe                Vector168
                0x080002fe                NMI_Handler
                0x080002fe                Vector110
                0x080002fe                Vector1D8
                0x080002fe                VectorC8
                0x080002fe                Vector94
                0x080002fe                VectorA8
                0x080002fe                VectorB4
                0x080002fe                Vector160
                0x080002fe                Vector1B0
                0x080002fe                UsageFault_Handler
                0x080002fe                VectorEC
                0x080002fe                Vector40
                0x080002fe                VectorF8
                0x080002fe                Vector108
                0x080002fe                Vector190
                0x080002fe                Vector1C4
                0x080002fe                Vector1CC
                0x080002fe                Vector148
                0x080002fe                Vector188
                0x080002fe                Vector198
                0x080002fe                Vector118
                0x080002fe                Vector64
                0x080002fe                Vector58
                0x080002fe                VectorCC
                0x080002fe                Vector54
                0x080002fe                Vector98
                0x080002fe                VectorD8
                0x080002fe                Vector138
                0x080002fe                Vector24
                0x080002fe                Vector1AC
                0x080002fe                Vector178
                0x080002fe                SecureFault_Handler
                0x080002fe                Vector1A4
                0x080002fe                VectorD0
                0x080002fe                Vector1B4
                0x080002fe                Vector140
                0x080002fe                VectorE4
                0x080002fe                Vector1C0
                0x080002fe                Vector134
                0x080002fe                Vector1D0
                0x080002fe                VectorF0
                0x080002fe                Vector13C
                0x080002fe                Vector100
                0x080002fe                VectorE0
                0x080002fe                VectorF4
                0x080002fe                MemManage_Handler
                0x080002fe                VectorA0
                0x080002fe                VectorC4
                0x080002fe                Vector180
                0x080002fe                Vector90
                0x080002fe                Vector114
                0x080002fe                Vector164
                0x080002fe                Vector60
                0x080002fe                Vector1BC
                0x080002fe                Vector1D4
                0x080002fe                Vector17C
                0x080002fe                Vector48
                0x080002fe                Vector1A8
                0x080002fe                Vector16C
                0x080002fe                VectorD4
                0x080002fe                Vector4C
                0x080002fe                Vector144
                0x080002fe                Vector15C
                0x080002fe                Vector68
                0x080002fe                Vector18C
                0x080002fe                Vector170
                0x080002fe                Vector88
                0x080002fe                Vector104
                0x080002fe                Vector184
                0x080002fe                Vector10C
                0x080002fe                BusFault_Handler
                0x080002fe                Vector50
                0x080002fe                Vector1C8
                0x080002fe                Vector194
                0x080002fe                Vector1DC
                0x080002fe                Vector44
                0x080002fe                Vector28
                0x080002fe                VectorB8
                0x080002fe                Vector34
                0x080002fe                VectorA4
                0x080002fe                Vector20
                0x080002fe                Vector174
                0x08000302                _unhandled_exception
 .text          0x08000304       0x32 .build/obj_vessel_base/./lib/chibios/os/common/ports/ARMv7-M/compilers/GCC/chcoreasm.o
                0x08000304                __port_switch
                0x0800031c                __port_thread_start
                0x0800032e                __port_switch_from_isr
                0x08000332                __port_exit_from_isr
 *fill*         0x08000336        0x2 
 .text          0x08000338       0x30 c:/qmk_msys/mingw64/bin/../lib/gcc/arm-none-eabi/12.2.0/thumb/v7e-m+fp/hard\libgcc.a(_aeabi_uldivmod.o)
                0x08000338                __aeabi_uldivmod
 .text          0x08000368        0x4 c:/qmk_msys/mingw64/bin/../lib/gcc/arm-none-eabi/12.2.0/thumb/v7e-m+fp/hard\libgcc.a(_dvmd_tls.o)
                0x08000368                __aeabi_idiv0
                0x08000368                __aeabi_ldiv0
 *fill*         0x0800036c        0x4 
 .text          0x08000370       0xfc c:/qmk_msys/mingw64/bin/../lib/gcc/arm-none-eabi/12.2.0/../../../../arm-none-eabi/lib/thumb/v7e-m+fp/hard\libg_nano.a(libc_a-rand.o)
                0x08000370                srand
                0x080003d4                rand
 .text          0x0800046c      0x134 c:/qmk_msys/mingw64/bin/../lib/gcc/arm-none-eabi/12.2.0/../../../../arm-none-eabi/lib/thumb/v7e-m+fp/hard\libg_nano.a(libc_a-memcpy.o)
                0x0800046c                memcpy
 .text          0x080005a0       0x4c c:/qmk_msys/mingw64/bin/../lib/gcc/arm-none-eabi/12.2.0/../../../../arm-none-eabi/lib/thumb/v7e-m+fp/hard\libg_nano.a(libc_a-assert.o)
                0x080005a0                __assert_func
                0x080005e0                __assert
 .text          0x080005ec       0x20 c:/qmk_msys/mingw64/bin/../lib/gcc/arm-none-eabi/12.2.0/../../../../arm-none-eabi/lib/thumb/v7e-m+fp/hard\libg_nano.a(libc_a-malloc.o)
                0x080005ec                malloc
                0x080005fc                free
 .text          0x0800060c      0x140 c:/qmk_msys/mingw64/bin/../lib/gcc/arm-none-eabi/12.2.0/../../../../arm-none-eabi/lib/thumb/v7e-m+fp/hard\libg_nano.a(libc_a-mallocr.o)
                0x08000654                _malloc_r
 .text          0x0800074c       0x18 c:/qmk_msys/mingw64/bin/../lib/gcc/arm-none-eabi/12.2.0/../../../../arm-none-eabi/lib/thumb/v7e-m+fp/hard\libg_nano.a(libc_a-mlock.o)
                0x0800074c                __malloc_lock
                0x08000758                __malloc_unlock
 .text          0x08000764       0x44 c:/qmk_msys/mingw64/bin/../lib/gcc/arm-none-eabi/12.2.0/../../../../arm-none-eabi/lib/thumb/v7e-m+fp/hard\libg_nano.a(libc_a-fprintf.o)
                0x08000764                _fprintf_r
                0x08000764                _fiprintf_r
                0x08000780                fiprintf
                0x08000780                fprintf
 .text          0x080007a8       0x28 c:/qmk_msys/mingw64/bin/../lib/gcc/arm-none-eabi/12.2.0/../../../../arm-none-eabi/lib/thumb/v7e-m+fp/hard\libg_nano.a(libc_a-lock.o)
                0x080007a8                __retarget_lock_init
                0x080007ac                __retarget_lock_init_recursive
                0x080007b0                __retarget_lock_close
                0x080007b4                __retarget_lock_close_recursive
                0x080007b8                __retarget_lock_acquire
                0x080007bc                __retarget_lock_acquire_recursive
                0x080007c0                __retarget_lock_try_acquire
                0x080007c4                __retarget_lock_try_acquire_recursive
                0x080007c8                __retarget_lock_release
                0x080007cc                __retarget_lock_release_recursive
 .text          0x080007d0       0x10 c:/qmk_msys/mingw64/bin/../lib/gcc/arm-none-eabi/12.2.0/../../../../arm-none-eabi/lib/thumb/v7e-m+fp/hard\libg_nano.a(libc_a-abort.o)
                0x080007d0                abort
 .text          0x080007e0       0xbc c:/qmk_msys/mingw64/bin/../lib/gcc/arm-none-eabi/12.2.0/../../../../arm-none-eabi/lib/thumb/v7e-m+fp/hard\libg_nano.a(libc_a-freer.o)
                0x080007e0                _free_r
 .text          0x0800089c      0x368 c:/qmk_msys/mingw64/bin/../lib/gcc/arm-none-eabi/12.2.0/../../../../arm-none-eabi/lib/thumb/v7e-m+fp/hard\libg_nano.a(libc_a-nano-vfprintf.o)
                0x080008d8                __sfputs_r
                0x08000908                __sprint_r
                0x08000928                _vfiprintf_r
                0x08000928                _vfprintf_r
                0x08000be8                vfprintf
                0x08000be8                vfiprintf
 .text          0x08000c04      0x3a4 c:/qmk_msys/mingw64/bin/../lib/gcc/arm-none-eabi/12.2.0/../../../../arm-none-eabi/lib/thumb/v7e-m+fp/hard\libg_nano.a(libc_a-nano-vfprintf_i.o)
                0x08000c04                _printf_common
                0x08000d28                _printf_i
 .text          0x08000fa8      0x2dc c:/qmk_msys/mingw64/bin/../lib/gcc/arm-none-eabi/12.2.0/../../../../arm-none-eabi/lib/thumb/v7e-m+fp/hard\libg_nano.a(libc_a-findfp.o)
                0x08001124                __sfp
                0x080011e4                __sinit
                0x08001224                __sfp_lock_acquire
                0x08001230                __sfp_lock_release
                0x0800123c                __fp_lock_all
                0x08001260                __fp_unlock_all
 .text          0x08001284      0x300 c:/qmk_msys/mingw64/bin/../lib/gcc/arm-none-eabi/12.2.0/../../../../arm-none-eabi/lib/thumb/v7e-m+fp/hard\libg_nano.a(libc_a-fvwrite.o)
                0x08001284                __sfvwrite_r
 .text          0x08001584       0x48 c:/qmk_msys/mingw64/bin/../lib/gcc/arm-none-eabi/12.2.0/../../../../arm-none-eabi/lib/thumb/v7e-m+fp/hard\libg_nano.a(libc_a-fwalk.o)
                0x08001584                _fwalk_sglue
 .text          0x080015cc       0x94 c:/qmk_msys/mingw64/bin/../lib/gcc/arm-none-eabi/12.2.0/../../../../arm-none-eabi/lib/thumb/v7e-m+fp/hard\libg_nano.a(libc_a-stdio.o)
                0x080015cc                __sread
                0x080015f0                __seofread
                0x080015f4                __swrite
                0x08001634                __sseek
                0x08001658                __sclose
 .text          0x08001660       0xa0 c:/qmk_msys/mingw64/bin/../lib/gcc/arm-none-eabi/12.2.0/../../../../arm-none-eabi/lib/thumb/v7e-m+fp/hard\libg_nano.a(libc_a-wbuf.o)
                0x08001660                __swbuf_r
                0x080016e8                __swbuf
 .text          0x08001700       0xc0 c:/qmk_msys/mingw64/bin/../lib/gcc/arm-none-eabi/12.2.0/../../../../arm-none-eabi/lib/thumb/v7e-m+fp/hard\libg_nano.a(libc_a-wsetup.o)
                0x08001700                __swsetup_r
 .text          0x080017c0      0x100 c:/qmk_msys/mingw64/bin/../lib/gcc/arm-none-eabi/12.2.0/../../../../arm-none-eabi/lib/thumb/v7e-m+fp/hard\libg_nano.a(libc_a-memmove.o)
                0x080017c0                memmove
 .text          0x080018c0       0xa4 c:/qmk_msys/mingw64/bin/../lib/gcc/arm-none-eabi/12.2.0/../../../../arm-none-eabi/lib/thumb/v7e-m+fp/hard\libg_nano.a(libc_a-memset.o)
                0x080018c0                memset
 .text          0x08001964      0x260 c:/qmk_msys/mingw64/bin/../lib/gcc/arm-none-eabi/12.2.0/../../../../arm-none-eabi/lib/thumb/v7e-m+fp/hard\libg_nano.a(libc_a-signal.o)
                0x08001964                _init_signal_r
                0x08001990                _signal_r
                0x080019dc                _raise_r
                0x08001a2c                __sigtramp_r
                0x08001a8c                raise
                0x08001ae0                signal
                0x08001b2c                _init_signal
                0x08001b60                __sigtramp
 .text          0x08001bc4       0x30 c:/qmk_msys/mingw64/bin/../lib/gcc/arm-none-eabi/12.2.0/../../../../arm-none-eabi/lib/thumb/v7e-m+fp/hard\libg_nano.a(libc_a-signalr.o)
                0x08001bc4                _kill_r
                0x08001bf0                _getpid_r
 *fill*         0x08001bf4        0xc 
 .text          0x08001c00       0xa0 c:/qmk_msys/mingw64/bin/../lib/gcc/arm-none-eabi/12.2.0/../../../../arm-none-eabi/lib/thumb/v7e-m+fp/hard\libg_nano.a(libc_a-memchr.o)
                0x08001c00                memchr
 .text          0x08001ca0       0x68 c:/qmk_msys/mingw64/bin/../lib/gcc/arm-none-eabi/12.2.0/../../../../arm-none-eabi/lib/thumb/v7e-m+fp/hard\libg_nano.a(libc_a-reallocr.o)
                0x08001ca0                _realloc_r
 .text          0x08001d08      0x1a0 c:/qmk_msys/mingw64/bin/../lib/gcc/arm-none-eabi/12.2.0/../../../../arm-none-eabi/lib/thumb/v7e-m+fp/hard\libg_nano.a(libc_a-fflush.o)
                0x08001d08                __sflush_r
                0x08001e28                _fflush_r
                0x08001e80                fflush
 .text          0x08001ea8      0x114 c:/qmk_msys/mingw64/bin/../lib/gcc/arm-none-eabi/12.2.0/../../../../arm-none-eabi/lib/thumb/v7e-m+fp/hard\libg_nano.a(libc_a-makebuf.o)
                0x08001ea8                __smakebuf_r
                0x08001f6c                __swhatbuf_r
 .text          0x08001fbc       0x10 c:/qmk_msys/mingw64/bin/../lib/gcc/arm-none-eabi/12.2.0/../../../../arm-none-eabi/lib/thumb/v7e-m+fp/hard\libg_nano.a(libc_a-msizer.o)
                0x08001fbc                _malloc_usable_size_r
 .text          0x08001fcc       0x60 c:/qmk_msys/mingw64/bin/../lib/gcc/arm-none-eabi/12.2.0/../../../../arm-none-eabi/lib/thumb/v7e-m+fp/hard\libg_nano.a(libc_a-memcmp.o)
                0x08001fcc                memcmp
 *(.text.*)
 .text.do_code16
                0x0800202c       0x58 C:\QMK_MSYS\tmp\cchXQqT6.ltrans0.ltrans.o
 .text.layer_on
                0x08002084       0x14 C:\QMK_MSYS\tmp\cchXQqT6.ltrans0.ltrans.o
 .text.layer_off
                0x08002098       0x14 C:\QMK_MSYS\tmp\cchXQqT6.ltrans0.ltrans.o
 .text.update_source_layers_cache_impl
                0x080020ac       0x32 C:\QMK_MSYS\tmp\cchXQqT6.ltrans0.ltrans.o
 .text.read_source_layers_cache_impl
                0x080020de       0x26 C:\QMK_MSYS\tmp\cchXQqT6.ltrans0.ltrans.o
 .text.update_source_layers_cache
                0x08002104       0x44 C:\QMK_MSYS\tmp\cchXQqT6.ltrans0.ltrans.o
 .text.read_source_layers_cache
                0x08002148       0x3c C:\QMK_MSYS\tmp\cchXQqT6.ltrans0.ltrans.o
 .text.debug_waiting_buffer
                0x08002184       0x20 C:\QMK_MSYS\tmp\cchXQqT6.ltrans0.ltrans.o
 .text.keymap_key_to_keycode
                0x080021a4       0x50 C:\QMK_MSYS\tmp\cchXQqT6.ltrans0.ltrans.o
 .text.keycode_config
                0x080021f4      0x10c C:\QMK_MSYS\tmp\cchXQqT6.ltrans0.ltrans.o
 .text.mod_config
                0x08002300       0xc4 C:\QMK_MSYS\tmp\cchXQqT6.ltrans0.ltrans.o
 .text.action_for_keycode
                0x080023c4      0x1a8 C:\QMK_MSYS\tmp\cchXQqT6.ltrans0.ltrans.o
 .text.layer_switch_get_layer
                0x0800256c       0x50 C:\QMK_MSYS\tmp\cchXQqT6.ltrans0.ltrans.o
 .text.get_record_keycode
                0x080025bc       0x34 C:\QMK_MSYS\tmp\cchXQqT6.ltrans0.ltrans.o
 .text.layer_switch_get_action
                0x080025f0       0x24 C:\QMK_MSYS\tmp\cchXQqT6.ltrans0.ltrans.o
 .text.is_tap_record
                0x08002614       0x50 C:\QMK_MSYS\tmp\cchXQqT6.ltrans0.ltrans.o
 .text.sendchar
                0x08002664        0x4 C:\QMK_MSYS\tmp\cchXQqT6.ltrans0.ltrans.o
 .text.null_sendchar_func
                0x08002668        0x4 C:\QMK_MSYS\tmp\cchXQqT6.ltrans0.ltrans.o
 .text.__idle_thread
                0x0800266c        0x4 C:\QMK_MSYS\tmp\cchXQqT6.ltrans0.ltrans.o
 .text.hsv_to_rgb
                0x08002670       0xac C:\QMK_MSYS\tmp\cchXQqT6.ltrans0.ltrans.o
 .text.sqrt16   0x0800271c       0x4c C:\QMK_MSYS\tmp\cchXQqT6.ltrans0.ltrans.o
 .text.random8  0x08002768       0x24 C:\QMK_MSYS\tmp\cchXQqT6.ltrans0.ltrans.o
 .text.sin8_C   0x0800278c       0x48 C:\QMK_MSYS\tmp\cchXQqT6.ltrans0.ltrans.o
 .text.atan2_8  0x080027d4       0x46 C:\QMK_MSYS\tmp\cchXQqT6.ltrans0.ltrans.o
 *fill*         0x0800281a        0x2 
 .text.BAND_SAT_math
                0x0800281c       0x5c C:\QMK_MSYS\tmp\cchXQqT6.ltrans0.ltrans.o
 .text.BAND_VAL_math
                0x08002878       0x5c C:\QMK_MSYS\tmp\cchXQqT6.ltrans0.ltrans.o
 .text.BAND_PINWHEEL_SAT_math
                0x080028d4       0x48 C:\QMK_MSYS\tmp\cchXQqT6.ltrans0.ltrans.o
 .text.BAND_PINWHEEL_VAL_math
                0x0800291c       0x48 C:\QMK_MSYS\tmp\cchXQqT6.ltrans0.ltrans.o
 .text.BAND_SPIRAL_SAT_math
                0x08002964       0x46 C:\QMK_MSYS\tmp\cchXQqT6.ltrans0.ltrans.o
 .text.BAND_SPIRAL_VAL_math
                0x080029aa       0x46 C:\QMK_MSYS\tmp\cchXQqT6.ltrans0.ltrans.o
 .text.CYCLE_ALL_math
                0x080029f0       0x26 C:\QMK_MSYS\tmp\cchXQqT6.ltrans0.ltrans.o
 *fill*         0x08002a16        0x2 
 .text.CYCLE_LEFT_RIGHT_math
                0x08002a18       0x38 C:\QMK_MSYS\tmp\cchXQqT6.ltrans0.ltrans.o
 .text.CYCLE_UP_DOWN_math
                0x08002a50       0x38 C:\QMK_MSYS\tmp\cchXQqT6.ltrans0.ltrans.o
 .text.RAINBOW_MOVING_CHEVRON_math
                0x08002a88       0x54 C:\QMK_MSYS\tmp\cchXQqT6.ltrans0.ltrans.o
 .text.CYCLE_OUT_IN_math
                0x08002adc       0x32 C:\QMK_MSYS\tmp\cchXQqT6.ltrans0.ltrans.o
 .text.CYCLE_OUT_IN_DUAL_math
                0x08002b0e       0x48 C:\QMK_MSYS\tmp\cchXQqT6.ltrans0.ltrans.o
 .text.CYCLE_PINWHEEL_math
                0x08002b56       0x30 C:\QMK_MSYS\tmp\cchXQqT6.ltrans0.ltrans.o
 .text.CYCLE_SPIRAL_math
                0x08002b86       0x36 C:\QMK_MSYS\tmp\cchXQqT6.ltrans0.ltrans.o
 .text.DUAL_BEACON_math
                0x08002bbc       0x50 C:\QMK_MSYS\tmp\cchXQqT6.ltrans0.ltrans.o
 .text.RAINBOW_BEACON_math
                0x08002c0c       0x50 C:\QMK_MSYS\tmp\cchXQqT6.ltrans0.ltrans.o
 .text.RAINBOW_PINWHEELS_math
                0x08002c5c       0x60 C:\QMK_MSYS\tmp\cchXQqT6.ltrans0.ltrans.o
 .text.FLOWER_BLOOMING_math
                0x08002cbc       0x48 C:\QMK_MSYS\tmp\cchXQqT6.ltrans0.ltrans.o
 .text.HUE_PENDULUM_math
                0x08002d04       0x64 C:\QMK_MSYS\tmp\cchXQqT6.ltrans0.ltrans.o
 .text.HUE_WAVE_math
                0x08002d68       0x4c C:\QMK_MSYS\tmp\cchXQqT6.ltrans0.ltrans.o
 .text.SOLID_REACTIVE_SIMPLE_math
                0x08002db4       0x58 C:\QMK_MSYS\tmp\cchXQqT6.ltrans0.ltrans.o
 .text.SOLID_REACTIVE_math
                0x08002e0c       0x50 C:\QMK_MSYS\tmp\cchXQqT6.ltrans0.ltrans.o
 .text.SOLID_REACTIVE_WIDE_math
                0x08002e5c       0x70 C:\QMK_MSYS\tmp\cchXQqT6.ltrans0.ltrans.o
 .text.SOLID_REACTIVE_CROSS_math
                0x08002ecc       0x9c C:\QMK_MSYS\tmp\cchXQqT6.ltrans0.ltrans.o
 .text.SOLID_REACTIVE_NEXUS_math
                0x08002f68       0x94 C:\QMK_MSYS\tmp\cchXQqT6.ltrans0.ltrans.o
 .text.SPLASH_math
                0x08002ffc       0x4e C:\QMK_MSYS\tmp\cchXQqT6.ltrans0.ltrans.o
 .text.SOLID_SPLASH_math
                0x0800304a       0x44 C:\QMK_MSYS\tmp\cchXQqT6.ltrans0.ltrans.o
 .text.rgb_matrix_set_color
                0x0800308e        0x4 C:\QMK_MSYS\tmp\cchXQqT6.ltrans0.ltrans.o
 .text.rgb_matrix_set_color_all
                0x08003092        0x4 C:\QMK_MSYS\tmp\cchXQqT6.ltrans0.ltrans.o
 .text.rgb_matrix_get_limits
                0x08003096       0x2a C:\QMK_MSYS\tmp\cchXQqT6.ltrans0.ltrans.o
 .text.rgb_matrix_disable_noeeprom
                0x080030c0       0x20 C:\QMK_MSYS\tmp\cchXQqT6.ltrans0.ltrans.o
 .text.setled   0x080030e0       0x3c C:\QMK_MSYS\tmp\cchXQqT6.ltrans0.ltrans.o
 .text.setled_all
                0x0800311c       0x1c C:\QMK_MSYS\tmp\cchXQqT6.ltrans0.ltrans.o
 .text.handleKeycodeRGB
                0x08003138        0x6 C:\QMK_MSYS\tmp\cchXQqT6.ltrans0.ltrans.o
 *fill*         0x0800313e        0x2 
 .text.oled_write_raw
                0x08003140       0x60 C:\QMK_MSYS\tmp\cchXQqT6.ltrans0.ltrans.o
 .text.encoder_quadrature_read_pin
                0x080031a0       0x24 C:\QMK_MSYS\tmp\cchXQqT6.ltrans0.ltrans.o
 .text.sendByte
                0x080031c4       0x78 C:\QMK_MSYS\tmp\cchXQqT6.ltrans0.ltrans.o
 .text.flush    0x0800323c       0x6c C:\QMK_MSYS\tmp\cchXQqT6.ltrans0.ltrans.o
 .text._process_tap_dance_action_fn
                0x080032a8        0x6 C:\QMK_MSYS\tmp\cchXQqT6.ltrans0.ltrans.o
 *fill*         0x080032ae        0x2 
 .text.host_keyboard_leds
                0x080032b0       0x10 C:\QMK_MSYS\tmp\cchXQqT6.ltrans0.ltrans.o
 .text.host_system_send
                0x080032c0       0x38 C:\QMK_MSYS\tmp\cchXQqT6.ltrans0.ltrans.o
 .text.host_consumer_send
                0x080032f8       0x38 C:\QMK_MSYS\tmp\cchXQqT6.ltrans0.ltrans.o
 .text.add_key_to_report
                0x08003330       0x70 C:\QMK_MSYS\tmp\cchXQqT6.ltrans0.ltrans.o
 .text.del_key_from_report
                0x080033a0       0x5c C:\QMK_MSYS\tmp\cchXQqT6.ltrans0.ltrans.o
 .text.timer_read32
                0x080033fc       0x6c C:\QMK_MSYS\tmp\cchXQqT6.ltrans0.ltrans.o
 .text.__NVIC_SystemReset
                0x08003468       0x24 C:\QMK_MSYS\tmp\cchXQqT6.ltrans0.ltrans.o
 .text.usb_get_descriptor_cb
                0x0800348c       0xb8 C:\QMK_MSYS\tmp\cchXQqT6.ltrans0.ltrans.o
 .text.set_led_transfer_cb
                0x08003544       0x34 C:\QMK_MSYS\tmp\cchXQqT6.ltrans0.ltrans.o
 .text.usb_requests_hook_cb
                0x08003578      0x1b4 C:\QMK_MSYS\tmp\cchXQqT6.ltrans0.ltrans.o
 .text.dummy_cb
                0x0800372c        0x2 C:\QMK_MSYS\tmp\cchXQqT6.ltrans0.ltrans.o
 *fill*         0x0800372e        0x2 
 .text.keyboard_leds
                0x08003730        0xc C:\QMK_MSYS\tmp\cchXQqT6.ltrans0.ltrans.o
 .text.send_mouse
                0x0800373c        0x2 C:\QMK_MSYS\tmp\cchXQqT6.ltrans0.ltrans.o
 .text.usb_endpoint_in_is_inactive
                0x0800373e       0x38 C:\QMK_MSYS\tmp\cchXQqT6.ltrans0.ltrans.o
 *fill*         0x08003776        0x2 
 .text.usb_set_idle_rate
                0x08003778       0x1c C:\QMK_MSYS\tmp\cchXQqT6.ltrans0.ltrans.o
 .text.usb_get_idle_rate
                0x08003794        0xc C:\QMK_MSYS\tmp\cchXQqT6.ltrans0.ltrans.o
 .text.usb_idle_timer_elapsed
                0x080037a0       0x4c C:\QMK_MSYS\tmp\cchXQqT6.ltrans0.ltrans.o
 .text.usb_shared_set_idle_rate
                0x080037ec       0x24 C:\QMK_MSYS\tmp\cchXQqT6.ltrans0.ltrans.o
 .text.usb_shared_get_idle_rate
                0x08003810       0x16 C:\QMK_MSYS\tmp\cchXQqT6.ltrans0.ltrans.o
 *fill*         0x08003826        0x2 
 .text.usb_shared_idle_timer_elapsed
                0x08003828       0x58 C:\QMK_MSYS\tmp\cchXQqT6.ltrans0.ltrans.o
 .text.chSysPolledDelayX
                0x08003880       0x14 C:\QMK_MSYS\tmp\cchXQqT6.ltrans0.ltrans.o
 .text.obqGetFullBufferI
                0x08003894       0x1c C:\QMK_MSYS\tmp\cchXQqT6.ltrans0.ltrans.o
 .text.obqPostFullBufferS
                0x080038b0       0x26 C:\QMK_MSYS\tmp\cchXQqT6.ltrans0.ltrans.o
 *fill*         0x080038d6        0x2 
 .text.dmaStreamFreeI
                0x080038d8       0x7c C:\QMK_MSYS\tmp\cchXQqT6.ltrans0.ltrans.o
 .text.i2c_lld_abort_operation
                0x08003954       0x4a C:\QMK_MSYS\tmp\cchXQqT6.ltrans0.ltrans.o
 *fill*         0x0800399e        0x2 
 .text.i2c_lld_serve_tx_end_irq
                0x080039a0       0x44 C:\QMK_MSYS\tmp\cchXQqT6.ltrans0.ltrans.o
 .text.otg_disable_ep
                0x080039e4       0x56 C:\QMK_MSYS\tmp\cchXQqT6.ltrans0.ltrans.o
 .text.usb_lld_start_in
                0x08003a3a       0x8a C:\QMK_MSYS\tmp\cchXQqT6.ltrans0.ltrans.o
 .text.usbStartTransmitI
                0x08003ac4       0x24 C:\QMK_MSYS\tmp\cchXQqT6.ltrans0.ltrans.o
 .text.obnotify
                0x08003ae8       0x3a C:\QMK_MSYS\tmp\cchXQqT6.ltrans0.ltrans.o
 .text._usb_ep0out
                0x08003b22       0x80 C:\QMK_MSYS\tmp\cchXQqT6.ltrans0.ltrans.o
 .text.gpio_init
                0x08003ba2       0x1e C:\QMK_MSYS\tmp\cchXQqT6.ltrans0.ltrans.o
 .text._usb_wakeup.constprop.0
                0x08003bc0       0x1c C:\QMK_MSYS\tmp\cchXQqT6.ltrans0.ltrans.o
 .text.usb_lld_start_out.constprop.0
                0x08003bdc       0x66 C:\QMK_MSYS\tmp\cchXQqT6.ltrans0.ltrans.o
 .text.usbStartReceiveI.constprop.0
                0x08003c42       0x20 C:\QMK_MSYS\tmp\cchXQqT6.ltrans0.ltrans.o
 .text._usb_ep0in
                0x08003c62       0xb8 C:\QMK_MSYS\tmp\cchXQqT6.ltrans0.ltrans.o
 *fill*         0x08003d1a        0x2 
 .text.dmaStreamAllocI.part.0.constprop.0
                0x08003d1c       0xa8 C:\QMK_MSYS\tmp\cchXQqT6.ltrans0.ltrans.o
 .text.effect_runner_dx_dy.constprop.0
                0x08003dc4       0xc4 C:\QMK_MSYS\tmp\cchXQqT6.ltrans0.ltrans.o
 .text.effect_runner_dx_dy_dist.constprop.0
                0x08003e88       0xec C:\QMK_MSYS\tmp\cchXQqT6.ltrans0.ltrans.o
 .text.effect_runner_sin_cos_i.constprop.0
                0x08003f74       0xd4 C:\QMK_MSYS\tmp\cchXQqT6.ltrans0.ltrans.o
 .text.effect_runner_i.constprop.0
                0x08004048       0xac C:\QMK_MSYS\tmp\cchXQqT6.ltrans0.ltrans.o
 .text.effect_runner_reactive.constprop.0
                0x080040f4       0xf8 C:\QMK_MSYS\tmp\cchXQqT6.ltrans0.ltrans.o
 .text.effect_runner_reactive_splash.constprop.0
                0x080041ec      0x140 C:\QMK_MSYS\tmp\cchXQqT6.ltrans0.ltrans.o
 .text.set_starlight_color.constprop.0
                0x0800432c       0x68 C:\QMK_MSYS\tmp\cchXQqT6.ltrans0.ltrans.o
 .text.eeconfig_flag_rgb_matrix.constprop.0
                0x08004394       0x10 C:\QMK_MSYS\tmp\cchXQqT6.ltrans0.ltrans.o
 .text.rgb_matrix_enable
                0x080043a4       0x24 C:\QMK_MSYS\tmp\cchXQqT6.ltrans0.ltrans.o
 .text.rgb_matrix_increase_speed
                0x080043c8       0x18 C:\QMK_MSYS\tmp\cchXQqT6.ltrans0.ltrans.o
 .text.rgb_matrix_decrease_speed
                0x080043e0       0x14 C:\QMK_MSYS\tmp\cchXQqT6.ltrans0.ltrans.o
 .text.rgb_matrix_sethsv_eeprom_helper.constprop.0
                0x080043f4       0x28 C:\QMK_MSYS\tmp\cchXQqT6.ltrans0.ltrans.o
 .text.rgb_matrix_increase_hue
                0x0800441c       0x14 C:\QMK_MSYS\tmp\cchXQqT6.ltrans0.ltrans.o
 .text.rgb_matrix_decrease_hue
                0x08004430       0x14 C:\QMK_MSYS\tmp\cchXQqT6.ltrans0.ltrans.o
 .text.rgb_matrix_increase_sat
                0x08004444       0x1c C:\QMK_MSYS\tmp\cchXQqT6.ltrans0.ltrans.o
 .text.rgb_matrix_decrease_sat
                0x08004460       0x18 C:\QMK_MSYS\tmp\cchXQqT6.ltrans0.ltrans.o
 .text.rgb_matrix_increase_val
                0x08004478       0x1c C:\QMK_MSYS\tmp\cchXQqT6.ltrans0.ltrans.o
 .text.rgb_matrix_decrease_val
                0x08004494       0x18 C:\QMK_MSYS\tmp\cchXQqT6.ltrans0.ltrans.o
 .text.rgb_matrix_mode_eeprom_helper.constprop.0
                0x080044ac       0x28 C:\QMK_MSYS\tmp\cchXQqT6.ltrans0.ltrans.o
 .text.rgb_matrix_step
                0x080044d4       0x18 C:\QMK_MSYS\tmp\cchXQqT6.ltrans0.ltrans.o
 .text.rgb_matrix_step_reverse
                0x080044ec       0x1c C:\QMK_MSYS\tmp\cchXQqT6.ltrans0.ltrans.o
 .text.otg_txfifo_flush.isra.0
                0x08004508       0x14 C:\QMK_MSYS\tmp\cchXQqT6.ltrans0.ltrans.o
 .text.usb_event_queue_enqueue.isra.0
                0x0800451c       0x28 C:\QMK_MSYS\tmp\cchXQqT6.ltrans0.ltrans.o
 .text.waiting_buffer_typed.isra.0
                0x08004544       0x44 C:\QMK_MSYS\tmp\cchXQqT6.ltrans0.ltrans.o
 .text.send_keyboard_report
                0x08004588       0x94 C:\QMK_MSYS\tmp\cchXQqT6.ltrans0.ltrans.o
 .text.register_mods
                0x0800461c       0x14 C:\QMK_MSYS\tmp\cchXQqT6.ltrans0.ltrans.o
 .text.unregister_mods
                0x08004630       0x18 C:\QMK_MSYS\tmp\cchXQqT6.ltrans0.ltrans.o
 .text.register_weak_mods
                0x08004648       0x14 C:\QMK_MSYS\tmp\cchXQqT6.ltrans0.ltrans.o
 .text.unregister_weak_mods
                0x0800465c       0x18 C:\QMK_MSYS\tmp\cchXQqT6.ltrans0.ltrans.o
 .text.unregister_code.part.0
                0x08004674       0x74 C:\QMK_MSYS\tmp\cchXQqT6.ltrans0.ltrans.o
 .text.unregister_code
                0x080046e8       0x3c C:\QMK_MSYS\tmp\cchXQqT6.ltrans0.ltrans.o
 .text.unregister_code16
                0x08004724       0x2c C:\QMK_MSYS\tmp\cchXQqT6.ltrans0.ltrans.o
 .text.process_tap_dance_action_on_reset
                0x08004750       0x28 C:\QMK_MSYS\tmp\cchXQqT6.ltrans0.ltrans.o
 .text.process_tap_dance_action_on_dance_finished
                0x08004778       0x48 C:\QMK_MSYS\tmp\cchXQqT6.ltrans0.ltrans.o
 .text.eeprom_write_block
                0x080047c0       0x24 C:\QMK_MSYS\tmp\cchXQqT6.ltrans0.ltrans.o
 .text.usb_set_report
                0x080047e4       0x22 C:\QMK_MSYS\tmp\cchXQqT6.ltrans0.ltrans.o
 .text.usb_get_report
                0x08004806       0x16 C:\QMK_MSYS\tmp\cchXQqT6.ltrans0.ltrans.o
 .text.usb_shared_set_report
                0x0800481c       0x2a C:\QMK_MSYS\tmp\cchXQqT6.ltrans0.ltrans.o
 .text.usb_shared_get_report
                0x08004846       0x1c C:\QMK_MSYS\tmp\cchXQqT6.ltrans0.ltrans.o
 *fill*         0x08004862        0x2 
 .text.eeprom_driver_erase
                0x08004864       0x10 C:\QMK_MSYS\tmp\cchXQqT6.ltrans0.ltrans.o
 .text.eeprom_read_block
                0x08004874       0x34 C:\QMK_MSYS\tmp\cchXQqT6.ltrans0.ltrans.o
 .text.eeprom_update_byte
                0x080048a8       0x34 C:\QMK_MSYS\tmp\cchXQqT6.ltrans0.ltrans.o
 .text.eeprom_read_word
                0x080048dc       0x1e C:\QMK_MSYS\tmp\cchXQqT6.ltrans0.ltrans.o
 .text.eeprom_update_word
                0x080048fa       0x22 C:\QMK_MSYS\tmp\cchXQqT6.ltrans0.ltrans.o
 .text.eeprom_update_dword.constprop.0
                0x0800491c       0x2a C:\QMK_MSYS\tmp\cchXQqT6.ltrans0.ltrans.o
 *fill*         0x08004946        0x2 
 .text.oled_clear
                0x08004948       0x2c C:\QMK_MSYS\tmp\cchXQqT6.ltrans0.ltrans.o
 .text.animation_on.isra.0
                0x08004974       0x84 C:\QMK_MSYS\tmp\cchXQqT6.ltrans0.ltrans.o
 .text.clear_keys_from_report
                0x080049f8       0x34 C:\QMK_MSYS\tmp\cchXQqT6.ltrans0.ltrans.o
 .text.usb_reset_report
                0x08004a2c       0x1c C:\QMK_MSYS\tmp\cchXQqT6.ltrans0.ltrans.o
 .text.usb_shared_reset_report
                0x08004a48       0x26 C:\QMK_MSYS\tmp\cchXQqT6.ltrans0.ltrans.o
 *fill*         0x08004a6e        0x2 
 .text.set_starlight_dual_sat_color.constprop.0
                0x08004a70       0x80 C:\QMK_MSYS\tmp\cchXQqT6.ltrans0.ltrans.o
 .text.set_starlight_dual_hue_color.constprop.0
                0x08004af0       0x80 C:\QMK_MSYS\tmp\cchXQqT6.ltrans0.ltrans.o
 .text.oled_send_cmd
                0x08004b70       0x16 C:\QMK_MSYS\tmp\cchXQqT6.ltrans0.ltrans.o
 *fill*         0x08004b86        0x2 
 .text.oled_off.isra.0
                0x08004b88       0x2c C:\QMK_MSYS\tmp\cchXQqT6.ltrans0.ltrans.o
 .text.oled_on.isra.0
                0x08004bb4       0x3c C:\QMK_MSYS\tmp\cchXQqT6.ltrans0.ltrans.o
 .text.oled_task
                0x08004bf0      0x218 C:\QMK_MSYS\tmp\cchXQqT6.ltrans0.ltrans.o
 .text.ch_dlist_insert
                0x08004e08       0x2a C:\QMK_MSYS\tmp\cchXQqT6.ltrans0.ltrans.o
 *fill*         0x08004e32        0x2 
 .text.vt_set_alarm
                0x08004e34       0x38 C:\QMK_MSYS\tmp\cchXQqT6.ltrans0.ltrans.o
 .text.vt_insert_first.constprop.0
                0x08004e6c       0x54 C:\QMK_MSYS\tmp\cchXQqT6.ltrans0.ltrans.o
 .text.__sch_ready_behind.isra.0
                0x08004ec0       0x1c C:\QMK_MSYS\tmp\cchXQqT6.ltrans0.ltrans.o
 .text.usb_endpoint_in_tx_complete_cb
                0x08004edc       0xba C:\QMK_MSYS\tmp\cchXQqT6.ltrans0.ltrans.o
 .text.__sch_wakeup
                0x08004f96       0x44 C:\QMK_MSYS\tmp\cchXQqT6.ltrans0.ltrans.o
 .text.chThdResumeI
                0x08004fda       0x12 C:\QMK_MSYS\tmp\cchXQqT6.ltrans0.ltrans.o
 .text.i2c_lld_serve_rx_end_irq
                0x08004fec       0x68 C:\QMK_MSYS\tmp\cchXQqT6.ltrans0.ltrans.o
 .text._usb_ep0setup
                0x08005054      0x34c C:\QMK_MSYS\tmp\cchXQqT6.ltrans0.ltrans.o
 .text.otg_epin_handler.constprop.0
                0x080053a0      0x108 C:\QMK_MSYS\tmp\cchXQqT6.ltrans0.ltrans.o
 .text.otg_epout_handler.constprop.0
                0x080054a8       0xac C:\QMK_MSYS\tmp\cchXQqT6.ltrans0.ltrans.o
 .text.chThdDequeueAllI.constprop.0
                0x08005554       0x1e C:\QMK_MSYS\tmp\cchXQqT6.ltrans0.ltrans.o
 .text.obqResetI
                0x08005572       0x14 C:\QMK_MSYS\tmp\cchXQqT6.ltrans0.ltrans.o
 *fill*         0x08005586        0x2 
 .text.usb_event_cb
                0x08005588      0x218 C:\QMK_MSYS\tmp\cchXQqT6.ltrans0.ltrans.o
 .text.chSchGoSleepS
                0x080057a0       0x1c C:\QMK_MSYS\tmp\cchXQqT6.ltrans0.ltrans.o
 .text.chSchGoSleepTimeoutS
                0x080057bc       0xd0 C:\QMK_MSYS\tmp\cchXQqT6.ltrans0.ltrans.o
 .text.__port_irq_epilogue
                0x0800588c       0x5c C:\QMK_MSYS\tmp\cchXQqT6.ltrans0.ltrans.o
 .text.eeprom_update_block.constprop.0
                0x080058e8       0x2e C:\QMK_MSYS\tmp\cchXQqT6.ltrans0.ltrans.o
 *fill*         0x08005916        0x2 
 .text.rgb_matrix_task
                0x08005918      0x97c C:\QMK_MSYS\tmp\cchXQqT6.ltrans0.ltrans.o
 .text.oled_init.constprop.0.isra.0
                0x08006294       0x88 C:\QMK_MSYS\tmp\cchXQqT6.ltrans0.ltrans.o
 .text.led_init_ports
                0x0800631c        0x2 C:\QMK_MSYS\tmp\cchXQqT6.ltrans0.ltrans.o
                0x0800631c                __cpu_init
 *fill*         0x0800631e        0x2 
 .text.__early_init
                0x08006320      0x22c C:\QMK_MSYS\tmp\cchXQqT6.ltrans0.ltrans.o
                0x08006320                __early_init
 .text.__late_init
                0x0800654c        0x2 C:\QMK_MSYS\tmp\cchXQqT6.ltrans0.ltrans.o
                0x0800654c                __late_init
 .text.__default_exit
                0x0800654e        0x2 C:\QMK_MSYS\tmp\cchXQqT6.ltrans0.ltrans.o
                0x0800654e                __default_exit
 .text.__init_ram_areas
                0x08006550       0x58 C:\QMK_MSYS\tmp\cchXQqT6.ltrans0.ltrans.o
                0x08006550                __init_ram_areas
 .text.__sch_reschedule_ahead
                0x080065a8       0x3c C:\QMK_MSYS\tmp\cchXQqT6.ltrans0.ltrans.o
                0x080065a8                chSchDoPreemption
 .text.chSchRescheduleS
                0x080065e4       0x18 C:\QMK_MSYS\tmp\cchXQqT6.ltrans0.ltrans.o
 .text.send_report.isra.0
                0x080065fc      0x160 C:\QMK_MSYS\tmp\cchXQqT6.ltrans0.ltrans.o
 .text.programmable_button_flush
                0x0800675c       0x38 C:\QMK_MSYS\tmp\cchXQqT6.ltrans0.ltrans.o
 .text.clear_keyboard
                0x08006794       0x38 C:\QMK_MSYS\tmp\cchXQqT6.ltrans0.ltrans.o
 .text.send_keyboard
                0x080067cc        0xa C:\QMK_MSYS\tmp\cchXQqT6.ltrans0.ltrans.o
 .text.send_nkro
                0x080067d6        0xa C:\QMK_MSYS\tmp\cchXQqT6.ltrans0.ltrans.o
 .text.send_extra
                0x080067e0        0xa C:\QMK_MSYS\tmp\cchXQqT6.ltrans0.ltrans.o
 *fill*         0x080067ea        0x2 
 .text.chThdExit
                0x080067ec       0x18 C:\QMK_MSYS\tmp\cchXQqT6.ltrans0.ltrans.o
                0x080067ec                chThdExit
 .text.chThdSleep
                0x08006804       0x18 C:\QMK_MSYS\tmp\cchXQqT6.ltrans0.ltrans.o
                0x08006804                chThdSleep
 .text.register_code.part.0
                0x0800681c       0xf8 C:\QMK_MSYS\tmp\cchXQqT6.ltrans0.ltrans.o
 .text.register_code
                0x08006914       0x32 C:\QMK_MSYS\tmp\cchXQqT6.ltrans0.ltrans.o
 *fill*         0x08006946        0x2 
 .text.register_code16
                0x08006948       0x2c C:\QMK_MSYS\tmp\cchXQqT6.ltrans0.ltrans.o
 .text.tap_dance_pair_on_each_tap
                0x08006974       0x1a C:\QMK_MSYS\tmp\cchXQqT6.ltrans0.ltrans.o
 .text.tap_dance_pair_finished
                0x0800698e        0x6 C:\QMK_MSYS\tmp\cchXQqT6.ltrans0.ltrans.o
 .text.tap_code
                0x08006994       0x26 C:\QMK_MSYS\tmp\cchXQqT6.ltrans0.ltrans.o
 *fill*         0x080069ba        0x2 
 .text.perform_space_cadet.constprop.0.isra.0
                0x080069bc       0xa8 C:\QMK_MSYS\tmp\cchXQqT6.ltrans0.ltrans.o
 .text.process_record
                0x08006a64      0x934 C:\QMK_MSYS\tmp\cchXQqT6.ltrans0.ltrans.o
 .text.waiting_buffer_scan_tap
                0x08007398       0x80 C:\QMK_MSYS\tmp\cchXQqT6.ltrans0.ltrans.o
 .text.process_tapping
                0x08007418      0x1fc C:\QMK_MSYS\tmp\cchXQqT6.ltrans0.ltrans.o
 .text.action_exec
                0x08007614       0xcc C:\QMK_MSYS\tmp\cchXQqT6.ltrans0.ltrans.o
 .text.generate_tick_event
                0x080076e0       0x38 C:\QMK_MSYS\tmp\cchXQqT6.ltrans0.ltrans.o
 .text.tap_dance_pair_reset
                0x08007718       0x22 C:\QMK_MSYS\tmp\cchXQqT6.ltrans0.ltrans.o
 *fill*         0x0800773a        0x2 
 .text.SVC_Handler
                0x0800773c       0x20 C:\QMK_MSYS\tmp\cchXQqT6.ltrans0.ltrans.o
                0x0800773c                SVC_Handler
 .text.i2cStart
                0x0800775c      0x188 C:\QMK_MSYS\tmp\cchXQqT6.ltrans0.ltrans.o
                0x0800775c                i2cStart
 .text.i2cStop  0x080078e4       0x7c C:\QMK_MSYS\tmp\cchXQqT6.ltrans0.ltrans.o
                0x080078e4                i2cStop
 .text.i2cMasterTransmitTimeout
                0x08007960      0x120 C:\QMK_MSYS\tmp\cchXQqT6.ltrans0.ltrans.o
                0x08007960                i2cMasterTransmitTimeout
 .text.VectorB0
                0x08007a80       0xd0 C:\QMK_MSYS\tmp\cchXQqT6.ltrans0.ltrans.o
                0x08007a80                VectorB0
 .text.Vector6C
                0x08007b50       0x28 C:\QMK_MSYS\tmp\cchXQqT6.ltrans0.ltrans.o
                0x08007b50                Vector6C
 .text.Vector70
                0x08007b78       0x2c C:\QMK_MSYS\tmp\cchXQqT6.ltrans0.ltrans.o
                0x08007b78                Vector70
 .text.Vector74
                0x08007ba4       0x2c C:\QMK_MSYS\tmp\cchXQqT6.ltrans0.ltrans.o
                0x08007ba4                Vector74
 .text.Vector78
                0x08007bd0       0x2c C:\QMK_MSYS\tmp\cchXQqT6.ltrans0.ltrans.o
                0x08007bd0                Vector78
 .text.Vector7C
                0x08007bfc       0x28 C:\QMK_MSYS\tmp\cchXQqT6.ltrans0.ltrans.o
                0x08007bfc                Vector7C
 .text.Vector80
                0x08007c24       0x2c C:\QMK_MSYS\tmp\cchXQqT6.ltrans0.ltrans.o
                0x08007c24                Vector80
 .text.Vector84
                0x08007c50       0x2c C:\QMK_MSYS\tmp\cchXQqT6.ltrans0.ltrans.o
                0x08007c50                Vector84
 .text.VectorFC
                0x08007c7c       0x2c C:\QMK_MSYS\tmp\cchXQqT6.ltrans0.ltrans.o
                0x08007c7c                VectorFC
 .text.Vector120
                0x08007ca8       0x28 C:\QMK_MSYS\tmp\cchXQqT6.ltrans0.ltrans.o
                0x08007ca8                Vector120
 .text.Vector124
                0x08007cd0       0x2c C:\QMK_MSYS\tmp\cchXQqT6.ltrans0.ltrans.o
                0x08007cd0                Vector124
 .text.Vector128
                0x08007cfc       0x2c C:\QMK_MSYS\tmp\cchXQqT6.ltrans0.ltrans.o
                0x08007cfc                Vector128
 .text.Vector12C
                0x08007d28       0x2c C:\QMK_MSYS\tmp\cchXQqT6.ltrans0.ltrans.o
                0x08007d28                Vector12C
 .text.Vector130
                0x08007d54       0x28 C:\QMK_MSYS\tmp\cchXQqT6.ltrans0.ltrans.o
                0x08007d54                Vector130
 .text.Vector150
                0x08007d7c       0x2c C:\QMK_MSYS\tmp\cchXQqT6.ltrans0.ltrans.o
                0x08007d7c                Vector150
 .text.Vector154
                0x08007da8       0x2c C:\QMK_MSYS\tmp\cchXQqT6.ltrans0.ltrans.o
                0x08007da8                Vector154
 .text.Vector158
                0x08007dd4       0x2c C:\QMK_MSYS\tmp\cchXQqT6.ltrans0.ltrans.o
                0x08007dd4                Vector158
 .text._pal_lld_setgroupmode
                0x08007e00       0xd6 C:\QMK_MSYS\tmp\cchXQqT6.ltrans0.ltrans.o
                0x08007e00                _pal_lld_setgroupmode
 .text.setPinInputHigh_atomic
                0x08007ed6       0x22 C:\QMK_MSYS\tmp\cchXQqT6.ltrans0.ltrans.o
 .text.init     0x08007ef8       0x1c C:\QMK_MSYS\tmp\cchXQqT6.ltrans0.ltrans.o
 .text.encoder_quadrature_init_pin
                0x08007f14       0x24 C:\QMK_MSYS\tmp\cchXQqT6.ltrans0.ltrans.o
 .text.matrix_scan.isra.0
                0x08007f38      0x29c C:\QMK_MSYS\tmp\cchXQqT6.ltrans0.ltrans.o
 .text.startup.main
                0x080081d4      0xd08 C:\QMK_MSYS\tmp\cchXQqT6.ltrans0.ltrans.o
                0x080081d4                main
 .text.VectorBC
                0x08008edc      0x114 C:\QMK_MSYS\tmp\cchXQqT6.ltrans0.ltrans.o
                0x08008edc                VectorBC
 .text.VectorC0
                0x08008ff0       0xd0 C:\QMK_MSYS\tmp\cchXQqT6.ltrans0.ltrans.o
                0x08008ff0                VectorC0
 .text.Vector14C
                0x080090c0      0x450 C:\QMK_MSYS\tmp\cchXQqT6.ltrans0.ltrans.o
                0x080090c0                Vector14C
 .text._read_r  0x08009510        0xa C:\QMK_MSYS\tmp\cchXQqT6.ltrans0.ltrans.o
                0x08009510                _read_r
 .text._lseek_r
                0x0800951a        0x4 C:\QMK_MSYS\tmp\cchXQqT6.ltrans0.ltrans.o
                0x0800951a                _lseek_r
 .text._write_r
                0x0800951e        0x4 C:\QMK_MSYS\tmp\cchXQqT6.ltrans0.ltrans.o
                0x0800951e                _write_r
 .text._close_r
                0x08009522        0x4 C:\QMK_MSYS\tmp\cchXQqT6.ltrans0.ltrans.o
                0x08009522                _close_r
 *fill*         0x08009526        0x2 
 .text._sbrk_r  0x08009528       0x3c C:\QMK_MSYS\tmp\cchXQqT6.ltrans0.ltrans.o
                0x08009528                _sbrk_r
 .text._fstat_r
                0x08009564       0x18 C:\QMK_MSYS\tmp\cchXQqT6.ltrans0.ltrans.o
                0x08009564                _fstat_r
 .text._isatty_r
                0x0800957c        0x4 C:\QMK_MSYS\tmp\cchXQqT6.ltrans0.ltrans.o
                0x0800957c                _isatty_r
 .text._exit    0x08009580       0x14 C:\QMK_MSYS\tmp\cchXQqT6.ltrans0.ltrans.o
                0x08009580                _exit
 .text._kill    0x08009594       0x14 C:\QMK_MSYS\tmp\cchXQqT6.ltrans0.ltrans.o
                0x08009594                _kill
 .text._getpid  0x080095a8        0x4 C:\QMK_MSYS\tmp\cchXQqT6.ltrans0.ltrans.o
                0x080095a8                _getpid
 .text._fini    0x080095ac        0x2 C:\QMK_MSYS\tmp\cchXQqT6.ltrans0.ltrans.o
                0x080095ac                _fini
 *fill*         0x080095ae        0x2 
 .text.i2c_epilogue
                0x080095b0       0x20 .build/obj_vessel_base/i2c_master.a(i2c_master.o)
 .text.i2c_init
                0x080095d0       0x50 .build/obj_vessel_base/i2c_master.a(i2c_master.o)
                0x080095d0                i2c_init
 .text.i2c_transmit
                0x08009620       0x68 .build/obj_vessel_base/i2c_master.a(i2c_master.o)
                0x08009620                i2c_transmit
 .text.i2c_write_register
                0x08009688       0x90 .build/obj_vessel_base/i2c_master.a(i2c_master.o)
                0x08009688                i2c_write_register
 .text.__udivmoddi4
                0x08009718      0x2a0 c:/qmk_msys/mingw64/bin/../lib/gcc/arm-none-eabi/12.2.0/thumb/v7e-m+fp/hard\libgcc.a(_udivmoddi4.o)
                0x08009718                __udivmoddi4
 *(.glue_7t)
 .glue_7t       0x080099b8        0x0 linker stubs
 *(.glue_7)
 .glue_7        0x080099b8        0x0 linker stubs
 *(.gcc*)
                0x080099b8                        __text_end__ = .

.vfp11_veneer   0x080099b8        0x0
 .vfp11_veneer  0x080099b8        0x0 linker stubs

.v4_bx          0x080099b8        0x0
 .v4_bx         0x080099b8        0x0 linker stubs

.iplt           0x080099b8        0x0
 .iplt          0x080099b8        0x0 .build/obj_vessel_base/i2c_master.a(i2c_master.o)

.rodata         0x080099b8     0x59c8
                0x080099b8                        __rodata_base__ = .
 *(.rodata)
 *(.rodata.*)
 .rodata.i2c_lld_serve_tx_end_irq.str1.1
                0x080099b8       0x19 C:\QMK_MSYS\tmp\cchXQqT6.ltrans0.ltrans.o
                                  0xc (size before relaxing)
 .rodata._exit.str1.1
                0x080099d1        0x5 C:\QMK_MSYS\tmp\cchXQqT6.ltrans0.ltrans.o
 .rodata._kill.str1.1
                0x080099d1        0x5 C:\QMK_MSYS\tmp\cchXQqT6.ltrans0.ltrans.o
 .rodata.epd_bitmap_frame_18_delay_0.21
                0x080099d1      0x400 C:\QMK_MSYS\tmp\cchXQqT6.ltrans0.ltrans.o
 .rodata.epd_bitmap_frame_17_delay_0.20
                0x08009dd1      0x400 C:\QMK_MSYS\tmp\cchXQqT6.ltrans0.ltrans.o
 .rodata.epd_bitmap_frame_16_delay_0.19
                0x0800a1d1      0x400 C:\QMK_MSYS\tmp\cchXQqT6.ltrans0.ltrans.o
 .rodata.epd_bitmap_frame_15_delay_0.18
                0x0800a5d1      0x400 C:\QMK_MSYS\tmp\cchXQqT6.ltrans0.ltrans.o
 .rodata.epd_bitmap_frame_14_delay_0.17
                0x0800a9d1      0x400 C:\QMK_MSYS\tmp\cchXQqT6.ltrans0.ltrans.o
 .rodata.epd_bitmap_frame_13_delay_0.16
                0x0800add1      0x400 C:\QMK_MSYS\tmp\cchXQqT6.ltrans0.ltrans.o
 .rodata.epd_bitmap_frame_12_delay_0.15
                0x0800b1d1      0x400 C:\QMK_MSYS\tmp\cchXQqT6.ltrans0.ltrans.o
 .rodata.epd_bitmap_frame_11_delay_0.14
                0x0800b5d1      0x400 C:\QMK_MSYS\tmp\cchXQqT6.ltrans0.ltrans.o
 .rodata.epd_bitmap_frame_10_delay_0.13
                0x0800b9d1      0x400 C:\QMK_MSYS\tmp\cchXQqT6.ltrans0.ltrans.o
 .rodata.epd_bitmap_frame_9_delay_0.12
                0x0800bdd1      0x400 C:\QMK_MSYS\tmp\cchXQqT6.ltrans0.ltrans.o
 .rodata.epd_bitmap_frame_8_delay_0.11
                0x0800c1d1      0x400 C:\QMK_MSYS\tmp\cchXQqT6.ltrans0.ltrans.o
 .rodata.epd_bitmap_frame_7_delay_0.10
                0x0800c5d1      0x400 C:\QMK_MSYS\tmp\cchXQqT6.ltrans0.ltrans.o
 .rodata.epd_bitmap_frame_6_delay_0.9
                0x0800c9d1      0x400 C:\QMK_MSYS\tmp\cchXQqT6.ltrans0.ltrans.o
 .rodata.epd_bitmap_frame_5_delay_0.8
                0x0800cdd1      0x400 C:\QMK_MSYS\tmp\cchXQqT6.ltrans0.ltrans.o
 .rodata.epd_bitmap_frame_4_delay_0.7
                0x0800d1d1      0x400 C:\QMK_MSYS\tmp\cchXQqT6.ltrans0.ltrans.o
 .rodata.epd_bitmap_frame_3_delay_0.6
                0x0800d5d1      0x400 C:\QMK_MSYS\tmp\cchXQqT6.ltrans0.ltrans.o
 .rodata.epd_bitmap_frame_2_delay_0.5
                0x0800d9d1      0x400 C:\QMK_MSYS\tmp\cchXQqT6.ltrans0.ltrans.o
 .rodata.epd_bitmap_frame_1_delay_0.4
                0x0800ddd1      0x400 C:\QMK_MSYS\tmp\cchXQqT6.ltrans0.ltrans.o
 .rodata.epd_bitmap_frame_0_delay_0.3
                0x0800e1d1      0x400 C:\QMK_MSYS\tmp\cchXQqT6.ltrans0.ltrans.o
 .rodata.ProductString
                0x0800e5d1       0x14 C:\QMK_MSYS\tmp\cchXQqT6.ltrans0.ltrans.o
 .rodata.ManufacturerString
                0x0800e5e5       0x24 C:\QMK_MSYS\tmp\cchXQqT6.ltrans0.ltrans.o
 .rodata.LanguageString
                0x0800e609        0x4 C:\QMK_MSYS\tmp\cchXQqT6.ltrans0.ltrans.o
 *fill*         0x0800e60d        0x1 
 .rodata.frame_sizes.22
                0x0800e60e       0x26 C:\QMK_MSYS\tmp\cchXQqT6.ltrans0.ltrans.o
 .rodata.epd_bitmap_allArray.23
                0x0800e634       0x4c C:\QMK_MSYS\tmp\cchXQqT6.ltrans0.ltrans.o
 .rodata.display_on.5
                0x0800e680        0x2 C:\QMK_MSYS\tmp\cchXQqT6.ltrans0.ltrans.o
 .rodata.display_off.4
                0x0800e682        0x2 C:\QMK_MSYS\tmp\cchXQqT6.ltrans0.ltrans.o
 .rodata.display_setup2.11
                0x0800e684        0xd C:\QMK_MSYS\tmp\cchXQqT6.ltrans0.ltrans.o
 .rodata.display_flipped.12
                0x0800e691        0x5 C:\QMK_MSYS\tmp\cchXQqT6.ltrans0.ltrans.o
 .rodata.display_normal.13
                0x0800e696        0x5 C:\QMK_MSYS\tmp\cchXQqT6.ltrans0.ltrans.o
 .rodata.display_setup1.14
                0x0800e69b        0xb C:\QMK_MSYS\tmp\cchXQqT6.ltrans0.ltrans.o
 *fill*         0x0800e6a6        0x2 
 .rodata.ep0config
                0x0800e6a8       0x24 C:\QMK_MSYS\tmp\cchXQqT6.ltrans0.ltrans.o
 .rodata.active_status
                0x0800e6cc        0x2 C:\QMK_MSYS\tmp\cchXQqT6.ltrans0.ltrans.o
 .rodata.halted_status
                0x0800e6ce        0x2 C:\QMK_MSYS\tmp\cchXQqT6.ltrans0.ltrans.o
 .rodata.zero_status
                0x0800e6d0        0x2 C:\QMK_MSYS\tmp\cchXQqT6.ltrans0.ltrans.o
 *fill*         0x0800e6d2        0x2 
 .rodata.ram_areas
                0x0800e6d4       0x80 C:\QMK_MSYS\tmp\cchXQqT6.ltrans0.ltrans.o
 .rodata.gpio_default_config
                0x0800e754       0xe0 C:\QMK_MSYS\tmp\cchXQqT6.ltrans0.ltrans.o
 .rodata.usb_endpoint_interface_lut
                0x0800e834        0x2 C:\QMK_MSYS\tmp\cchXQqT6.ltrans0.ltrans.o
 .rodata.SharedReport
                0x0800e836       0x8b C:\QMK_MSYS\tmp\cchXQqT6.ltrans0.ltrans.o
 .rodata.KeyboardReport
                0x0800e8c1       0x44 C:\QMK_MSYS\tmp\cchXQqT6.ltrans0.ltrans.o
 .rodata.ConfigurationDescriptor
                0x0800e905       0x3b C:\QMK_MSYS\tmp\cchXQqT6.ltrans0.ltrans.o
 .rodata.DeviceDescriptor
                0x0800e940       0x12 C:\QMK_MSYS\tmp\cchXQqT6.ltrans0.ltrans.o
 .rodata.CSWTCH.2
                0x0800e952        0x3 C:\QMK_MSYS\tmp\cchXQqT6.ltrans0.ltrans.o
 *fill*         0x0800e955        0x3 
 .rodata.CSWTCH.1
                0x0800e958        0xc C:\QMK_MSYS\tmp\cchXQqT6.ltrans0.ltrans.o
 .rodata.caps_active.1
                0x0800e964      0x400 C:\QMK_MSYS\tmp\cchXQqT6.ltrans0.ltrans.o
 .rodata.target_map.7
                0x0800ed64        0x8 C:\QMK_MSYS\tmp\cchXQqT6.ltrans0.ltrans.o
 .rodata.source_map.8
                0x0800ed6c        0x8 C:\QMK_MSYS\tmp\cchXQqT6.ltrans0.ltrans.o
 .rodata.b_m16_interleave
                0x0800ed74        0x8 C:\QMK_MSYS\tmp\cchXQqT6.ltrans0.ltrans.o
 .rodata.CIE1931_CURVE
                0x0800ed7c      0x100 C:\QMK_MSYS\tmp\cchXQqT6.ltrans0.ltrans.o
 .rodata._stm32_dma_streams
                0x0800ee7c       0xc0 C:\QMK_MSYS\tmp\cchXQqT6.ltrans0.ltrans.o
 .rodata.fsparams
                0x0800ef3c        0xc C:\QMK_MSYS\tmp\cchXQqT6.ltrans0.ltrans.o
 .rodata.str1.1
                0x0800ef48        0x3 C:\QMK_MSYS\tmp\cchXQqT6.ltrans0.ltrans.o
 .rodata.ch_core0_cfg
                0x0800ef48        0xc C:\QMK_MSYS\tmp\cchXQqT6.ltrans0.ltrans.o
 .rodata.usbcfg
                0x0800ef54       0x10 C:\QMK_MSYS\tmp\cchXQqT6.ltrans0.ltrans.o
 .rodata.row_pins
                0x0800ef64       0x1c C:\QMK_MSYS\tmp\cchXQqT6.ltrans0.ltrans.o
 .rodata.col_pins
                0x0800ef80       0x44 C:\QMK_MSYS\tmp\cchXQqT6.ltrans0.ltrans.o
 .rodata.g_led_config
                0x0800efc4      0x1a9 C:\QMK_MSYS\tmp\cchXQqT6.ltrans0.ltrans.o
 .rodata.encoder_LUT
                0x0800f16d       0x10 C:\QMK_MSYS\tmp\cchXQqT6.ltrans0.ltrans.o
 *fill*         0x0800f17d        0x1 
 .rodata.keymaps
                0x0800f17e       0xee C:\QMK_MSYS\tmp\cchXQqT6.ltrans0.ltrans.o
 .rodata.CSWTCH.10
                0x0800f26c       0x36 C:\QMK_MSYS\tmp\cchXQqT6.ltrans0.ltrans.o
 *fill*         0x0800f2a2        0x2 
 .rodata.i2cconfig
                0x0800f2a4        0xc .build/obj_vessel_base/i2c_master.a(i2c_master.o)
 .rodata.str1.4
                0x0800f2b0       0xcd c:/qmk_msys/mingw64/bin/../lib/gcc/arm-none-eabi/12.2.0/../../../../arm-none-eabi/lib/thumb/v7e-m+fp/hard\libg_nano.a(libc_a-rand.o)
                                 0x53 (size before relaxing)
 .rodata.str1.4
                0x0800f37d       0x43 c:/qmk_msys/mingw64/bin/../lib/gcc/arm-none-eabi/12.2.0/../../../../arm-none-eabi/lib/thumb/v7e-m+fp/hard\libg_nano.a(libc_a-assert.o)
 .rodata.str1.4
                0x0800f37d       0x13 c:/qmk_msys/mingw64/bin/../lib/gcc/arm-none-eabi/12.2.0/../../../../arm-none-eabi/lib/thumb/v7e-m+fp/hard\libg_nano.a(libc_a-nano-vfprintf.o)
 .rodata.str1.4
                0x0800f37d       0x25 c:/qmk_msys/mingw64/bin/../lib/gcc/arm-none-eabi/12.2.0/../../../../arm-none-eabi/lib/thumb/v7e-m+fp/hard\libg_nano.a(libc_a-nano-vfprintf_i.o)
                0x0800f3c0                        . = ALIGN (0x4)
 *fill*         0x0800f37d        0x3 
                0x0800f380                        __rodata_end__ = .

.ARM.extab
 *(.ARM.extab* .gnu.linkonce.armextab.*)

.ARM.exidx      0x0800f380        0x8
                0x0800f380                        __exidx_base__ = .
                0x0800f380                        __exidx_start = .
 *(.ARM.exidx* .gnu.linkonce.armexidx.*)
 .ARM.exidx     0x0800f380        0x8 c:/qmk_msys/mingw64/bin/../lib/gcc/arm-none-eabi/12.2.0/../../../../arm-none-eabi/lib/thumb/v7e-m+fp/hard\libg_nano.a(libc_a-memcpy.o)
 .ARM.exidx     0x0800f388        0x0 c:/qmk_msys/mingw64/bin/../lib/gcc/arm-none-eabi/12.2.0/../../../../arm-none-eabi/lib/thumb/v7e-m+fp/hard\libg_nano.a(libc_a-memchr.o)
                                  0x8 (size before relaxing)
 .ARM.exidx.text.__udivmoddi4
                0x0800f388        0x0 c:/qmk_msys/mingw64/bin/../lib/gcc/arm-none-eabi/12.2.0/thumb/v7e-m+fp/hard\libgcc.a(_udivmoddi4.o)
                                  0x8 (size before relaxing)
                0x0800f388                        __exidx_end__ = .
                0x0800f388                        __exidx_end = .

.rel.dyn        0x0800f388        0x0
 .rel.iplt      0x0800f388        0x0 .build/obj_vessel_base/i2c_master.a(i2c_master.o)

.eh_frame_hdr
 *(.eh_frame_hdr)

.eh_frame
 *(.eh_frame)

.data           0x20000c00      0x3f8 load address 0x0800f388
                [!provide]                        PROVIDE (_textdata = LOADADDR (.data))
                [!provide]                        PROVIDE (_data = .)
                0x0800f388                        __textdata_base__ = LOADADDR (.data)
                0x20000c00                        __data_base__ = .
 *(.data)
 .data          0x20000c00       0x50 c:/qmk_msys/mingw64/bin/../lib/gcc/arm-none-eabi/12.2.0/../../../../arm-none-eabi/lib/thumb/v7e-m+fp/hard\libg_nano.a(libc_a-impure.o)
                0x20000c00                _impure_ptr
                0x20000c04                _impure_data
 .data          0x20000c50        0xc c:/qmk_msys/mingw64/bin/../lib/gcc/arm-none-eabi/12.2.0/../../../../arm-none-eabi/lib/thumb/v7e-m+fp/hard\libg_nano.a(libc_a-findfp.o)
                0x20000c50                __sglue
 *(.data.*)
 .data.__compound_literal.7
                0x20000c5c       0x4c C:\QMK_MSYS\tmp\cchXQqT6.ltrans0.ltrans.o
 .data.__compound_literal.3
                0x20000ca8       0x4c C:\QMK_MSYS\tmp\cchXQqT6.ltrans0.ltrans.o
 .data.__compound_literal.2
                0x20000cf4       0x4c C:\QMK_MSYS\tmp\cchXQqT6.ltrans0.ltrans.o
 .data.__compound_literal.1.lto_priv.1
                0x20000d40       0x4c C:\QMK_MSYS\tmp\cchXQqT6.ltrans0.ltrans.o
 .data.__compound_literal.0.lto_priv.1
                0x20000d8c       0x4c C:\QMK_MSYS\tmp\cchXQqT6.ltrans0.ltrans.o
 .data.__compound_literal.8
                0x20000dd8        0x4 C:\QMK_MSYS\tmp\cchXQqT6.ltrans0.ltrans.o
 .data.__compound_literal.4
                0x20000ddc       0x24 C:\QMK_MSYS\tmp\cchXQqT6.ltrans0.ltrans.o
 .data.__compound_literal.9
                0x20000e00       0x1c C:\QMK_MSYS\tmp\cchXQqT6.ltrans0.ltrans.o
 .data.__compound_literal.5
                0x20000e1c       0x1c C:\QMK_MSYS\tmp\cchXQqT6.ltrans0.ltrans.o
 .data.__compound_literal.21
                0x20000e38        0x4 C:\QMK_MSYS\tmp\cchXQqT6.ltrans0.ltrans.o
 .data.__compound_literal.20
                0x20000e3c        0x4 C:\QMK_MSYS\tmp\cchXQqT6.ltrans0.ltrans.o
 .data.display_start.10
                0x20000e40        0x7 C:\QMK_MSYS\tmp\cchXQqT6.ltrans0.ltrans.o
 .data.rgb_last_enable
                0x20000e47        0x1 C:\QMK_MSYS\tmp\cchXQqT6.ltrans0.ltrans.o
 .data.rgb_last_effect
                0x20000e48        0x1 C:\QMK_MSYS\tmp\cchXQqT6.ltrans0.ltrans.o
 .data.rgb_effect_params
                0x20000e49        0x3 C:\QMK_MSYS\tmp\cchXQqT6.ltrans0.ltrans.o
 .data.rand16seed
                0x20000e4c        0x2 C:\QMK_MSYS\tmp\cchXQqT6.ltrans0.ltrans.o
 *fill*         0x20000e4e        0x2 
 .data.func     0x20000e50        0x4 C:\QMK_MSYS\tmp\cchXQqT6.ltrans0.ltrans.o
 .data.chibios_driver
                0x20000e54       0x14 C:\QMK_MSYS\tmp\cchXQqT6.ltrans0.ltrans.o
 .data.usb_endpoints_in
                0x20000e68      0x150 C:\QMK_MSYS\tmp\cchXQqT6.ltrans0.ltrans.o
 .data.keyboard_protocol
                0x20000fb8        0x1 C:\QMK_MSYS\tmp\cchXQqT6.ltrans0.ltrans.o
 .data.animation_enabled
                0x20000fb9        0x1 C:\QMK_MSYS\tmp\cchXQqT6.ltrans0.ltrans.o
 *fill*         0x20000fba        0x2 
 .data.tap_dance_actions
                0x20000fbc       0x38 C:\QMK_MSYS\tmp\cchXQqT6.ltrans0.ltrans.o
 .data.rgb_task_state
                0x20000ff4        0x1 C:\QMK_MSYS\tmp\cchXQqT6.ltrans0.ltrans.o
 *(.ramtext)
                0x20000ff8                        . = ALIGN (0x4)
 *fill*         0x20000ff5        0x3 
                [!provide]                        PROVIDE (_edata = .)
                0x20000ff8                        __data_end__ = .

.igot.plt       0x20000ff8        0x0 load address 0x0800f780
 .igot.plt      0x20000ff8        0x0 .build/obj_vessel_base/i2c_master.a(i2c_master.o)

.bss            0x20000ff8    0x10f40 load address 0x0800f780
                0x20000ff8                        __bss_base__ = .
 *(.bss)
 .bss           0x20000ff8        0x8 c:/qmk_msys/mingw64/bin/../lib/gcc/arm-none-eabi/12.2.0/../../../../arm-none-eabi/lib/thumb/v7e-m+fp/hard\libg_nano.a(libc_a-mallocr.o)
                0x20000ff8                __malloc_sbrk_start
                0x20000ffc                __malloc_free_list
 .bss           0x20001000       0x1d c:/qmk_msys/mingw64/bin/../lib/gcc/arm-none-eabi/12.2.0/../../../../arm-none-eabi/lib/thumb/v7e-m+fp/hard\libg_nano.a(libc_a-lock.o)
                0x20001000                __lock___arc4random_mutex
                0x20001004                __lock___dd_hash_mutex
                0x20001008                __lock___tz_mutex
                0x2000100c                __lock___env_recursive_mutex
                0x20001010                __lock___malloc_recursive_mutex
                0x20001014                __lock___at_quick_exit_mutex
                0x20001018                __lock___atexit_recursive_mutex
                0x2000101c                __lock___sfp_recursive_mutex
 *fill*         0x2000101d        0x3 
 .bss           0x20001020      0x13c c:/qmk_msys/mingw64/bin/../lib/gcc/arm-none-eabi/12.2.0/../../../../arm-none-eabi/lib/thumb/v7e-m+fp/hard\libg_nano.a(libc_a-findfp.o)
                0x20001020                __sf
                0x20001158                __stdio_exit_handler
 .bss           0x2000115c        0x4 c:/qmk_msys/mingw64/bin/../lib/gcc/arm-none-eabi/12.2.0/../../../../arm-none-eabi/lib/thumb/v7e-m+fp/hard\libg_nano.a(libc_a-reent.o)
                0x2000115c                errno
 *(.bss.*)
 .bss.ep0setup_buffer
                0x20001160        0x8 C:\QMK_MSYS\tmp\cchXQqT6.ltrans0.ltrans.o
 .bss.ep0_state
                0x20001168       0x14 C:\QMK_MSYS\tmp\cchXQqT6.ltrans0.ltrans.o
 *fill*         0x2000117c        0x4 
 .bss.ch_c0_idle_thread_wa
                0x20001180      0x1e0 C:\QMK_MSYS\tmp\cchXQqT6.ltrans0.ltrans.o
 .bss.__compound_literal.10
                0x20001360       0x30 C:\QMK_MSYS\tmp\cchXQqT6.ltrans0.ltrans.o
 .bss.__compound_literal.6
                0x20001390       0x90 C:\QMK_MSYS\tmp\cchXQqT6.ltrans0.ltrans.o
 .bss.__compound_literal.1.lto_priv.0
                0x20001420       0x20 C:\QMK_MSYS\tmp\cchXQqT6.ltrans0.ltrans.o
 .bss.__compound_literal.0.lto_priv.0
                0x20001440        0x8 C:\QMK_MSYS\tmp\cchXQqT6.ltrans0.ltrans.o
 .bss.timer     0x20001448        0x4 C:\QMK_MSYS\tmp\cchXQqT6.ltrans0.ltrans.o
 .bss.encoder_button_state.0
                0x2000144c        0x1 C:\QMK_MSYS\tmp\cchXQqT6.ltrans0.ltrans.o
 .bss.matrix_need_update
                0x2000144d        0x1 C:\QMK_MSYS\tmp\cchXQqT6.ltrans0.ltrans.o
 *fill*         0x2000144e        0x2 
 .bss.last_time
                0x20001450        0x4 C:\QMK_MSYS\tmp\cchXQqT6.ltrans0.ltrans.o
 .bss.counters_need_update
                0x20001454        0x1 C:\QMK_MSYS\tmp\cchXQqT6.ltrans0.ltrans.o
 .bss.cooked_changed
                0x20001455        0x1 C:\QMK_MSYS\tmp\cchXQqT6.ltrans0.ltrans.o
 .bss.sc_timer  0x20001456        0x2 C:\QMK_MSYS\tmp\cchXQqT6.ltrans0.ltrans.o
 .bss.report.2  0x20001458       0x4c C:\QMK_MSYS\tmp\cchXQqT6.ltrans0.ltrans.o
 .bss.idle_rate.0
                0x200014a4        0x1 C:\QMK_MSYS\tmp\cchXQqT6.ltrans0.ltrans.o
 .bss.keyboard_led_state
                0x200014a5        0x1 C:\QMK_MSYS\tmp\cchXQqT6.ltrans0.ltrans.o
 *fill*         0x200014a6        0x2 
 .bss.set_report_buf
                0x200014a8        0x2 C:\QMK_MSYS\tmp\cchXQqT6.ltrans0.ltrans.o
 *fill*         0x200014aa        0x2 
 .bss.descriptor.0
                0x200014ac        0x8 C:\QMK_MSYS\tmp\cchXQqT6.ltrans0.ltrans.o
 .bss.last_consumer_usage
                0x200014b4        0x2 C:\QMK_MSYS\tmp\cchXQqT6.ltrans0.ltrans.o
 .bss.last_system_usage
                0x200014b6        0x2 C:\QMK_MSYS\tmp\cchXQqT6.ltrans0.ltrans.o
 .bss.oled_rotation_width
                0x200014b8        0x1 C:\QMK_MSYS\tmp\cchXQqT6.ltrans0.ltrans.o
 .bss.caps_lock_was_on.2
                0x200014b9        0x1 C:\QMK_MSYS\tmp\cchXQqT6.ltrans0.ltrans.o
 .bss.temp_buffer.9
                0x200014ba       0x40 C:\QMK_MSYS\tmp\cchXQqT6.ltrans0.ltrans.o
 .bss.oled_rotation
                0x200014fa        0x1 C:\QMK_MSYS\tmp\cchXQqT6.ltrans0.ltrans.o
 .bss.oled_scrolling
                0x200014fb        0x1 C:\QMK_MSYS\tmp\cchXQqT6.ltrans0.ltrans.o
 .bss.oled_timeout
                0x200014fc        0x4 C:\QMK_MSYS\tmp\cchXQqT6.ltrans0.ltrans.o
 .bss.oled_initialized
                0x20001500        0x1 C:\QMK_MSYS\tmp\cchXQqT6.ltrans0.ltrans.o
 *fill*         0x20001501        0x1 
 .bss.oled_dirty
                0x20001502        0x2 C:\QMK_MSYS\tmp\cchXQqT6.ltrans0.ltrans.o
 .bss.oled_cursor
                0x20001504        0x4 C:\QMK_MSYS\tmp\cchXQqT6.ltrans0.ltrans.o
 .bss.oled_buffer
                0x20001508      0x400 C:\QMK_MSYS\tmp\cchXQqT6.ltrans0.ltrans.o
 .bss.rgb_matrix_ws2812_array
                0x20001908      0x132 C:\QMK_MSYS\tmp\cchXQqT6.ltrans0.ltrans.o
 .bss.ws2812_dirty
                0x20001a3a        0x1 C:\QMK_MSYS\tmp\cchXQqT6.ltrans0.ltrans.o
 *fill*         0x20001a3b        0x1 
 .bss.rgb_timer_buffer
                0x20001a3c        0x4 C:\QMK_MSYS\tmp\cchXQqT6.ltrans0.ltrans.o
 .bss.led.1     0x20001a40      0x132 C:\QMK_MSYS\tmp\cchXQqT6.ltrans0.ltrans.o
 *fill*         0x20001b72        0x2 
 .bss.wait_timer.2
                0x20001b74        0x4 C:\QMK_MSYS\tmp\cchXQqT6.ltrans0.ltrans.o
 .bss.g_rgb_timer
                0x20001b78        0x4 C:\QMK_MSYS\tmp\cchXQqT6.ltrans0.ltrans.o
 .bss.transientBuffer
                0x20001b7c     0xffff C:\QMK_MSYS\tmp\cchXQqT6.ltrans0.ltrans.o
 *fill*         0x20011b7b        0x1 
 .bss.dma       0x20011b7c       0x84 C:\QMK_MSYS\tmp\cchXQqT6.ltrans0.ltrans.o
 .bss.ch_memcore
                0x20011c00        0x8 C:\QMK_MSYS\tmp\cchXQqT6.ltrans0.ltrans.o
 .bss.ch0       0x20011c08       0x60 C:\QMK_MSYS\tmp\cchXQqT6.ltrans0.ltrans.o
 .bss.ms_offset
                0x20011c68        0x4 C:\QMK_MSYS\tmp\cchXQqT6.ltrans0.ltrans.o
 .bss.last_ticks
                0x20011c6c        0x4 C:\QMK_MSYS\tmp\cchXQqT6.ltrans0.ltrans.o
 .bss.ticks_offset
                0x20011c70        0x4 C:\QMK_MSYS\tmp\cchXQqT6.ltrans0.ltrans.o
 .bss.debounce_counters
                0x20011c74        0x4 C:\QMK_MSYS\tmp\cchXQqT6.ltrans0.ltrans.o
 .bss.raw_matrix
                0x20011c78       0x1c C:\QMK_MSYS\tmp\cchXQqT6.ltrans0.ltrans.o
 .bss.dirty_rgb_matrix
                0x20011c94        0x1 C:\QMK_MSYS\tmp\cchXQqT6.ltrans0.ltrans.o
 .bss.g_last_hit_tracker
                0x20011c95       0x29 C:\QMK_MSYS\tmp\cchXQqT6.ltrans0.ltrans.o
 .bss.current_frame
                0x20011cbe        0x1 C:\QMK_MSYS\tmp\cchXQqT6.ltrans0.ltrans.o
 *fill*         0x20011cbf        0x1 
 .bss.driver.lto_priv.1
                0x20011cc0        0x4 C:\QMK_MSYS\tmp\cchXQqT6.ltrans0.ltrans.o
 .bss.event_queue
                0x20011cc4       0x10 C:\QMK_MSYS\tmp\cchXQqT6.ltrans0.ltrans.o
 .bss.event_queue_tail
                0x20011cd4        0x1 C:\QMK_MSYS\tmp\cchXQqT6.ltrans0.ltrans.o
 .bss.event_queue_head
                0x20011cd5        0x1 C:\QMK_MSYS\tmp\cchXQqT6.ltrans0.ltrans.o
 .bss.last_suspend_state
                0x20011cd6        0x1 C:\QMK_MSYS\tmp\cchXQqT6.ltrans0.ltrans.o
 *fill*         0x20011cd7        0x1 
 .bss.USBD1     0x20011cd8       0x78 C:\QMK_MSYS\tmp\cchXQqT6.ltrans0.ltrans.o
 .bss.matrix    0x20011d50       0x1c C:\QMK_MSYS\tmp\cchXQqT6.ltrans0.ltrans.o
 .bss.last_hit_buffer
                0x20011d6c       0x29 C:\QMK_MSYS\tmp\cchXQqT6.ltrans0.ltrans.o
 .bss.debug_config
                0x20011d95        0x1 C:\QMK_MSYS\tmp\cchXQqT6.ltrans0.ltrans.o
 *fill*         0x20011d96        0x2 
 .bss.matrix_previous.1
                0x20011d98       0x1c C:\QMK_MSYS\tmp\cchXQqT6.ltrans0.ltrans.o
 .bss.encoder_pulses
                0x20011db4        0x1 C:\QMK_MSYS\tmp\cchXQqT6.ltrans0.ltrans.o
 .bss.encoder_state
                0x20011db5        0x1 C:\QMK_MSYS\tmp\cchXQqT6.ltrans0.ltrans.o
 .bss.thisCount
                0x20011db6        0x1 C:\QMK_MSYS\tmp\cchXQqT6.ltrans0.ltrans.o
 .bss.encoder_events
                0x20011db7        0x8 C:\QMK_MSYS\tmp\cchXQqT6.ltrans0.ltrans.o
 .bss.signal_queue_drain
                0x20011dbf        0x1 C:\QMK_MSYS\tmp\cchXQqT6.ltrans0.ltrans.o
 .bss.last_led_status.0
                0x20011dc0        0x1 C:\QMK_MSYS\tmp\cchXQqT6.ltrans0.ltrans.o
 *fill*         0x20011dc1        0x3 
 .bss.report.1  0x20011dc4       0x4c C:\QMK_MSYS\tmp\cchXQqT6.ltrans0.ltrans.o
 .bss.run_idle_task
                0x20011e10        0x1 C:\QMK_MSYS\tmp\cchXQqT6.ltrans0.ltrans.o
 *fill*         0x20011e11        0x1 
 .bss.last_tick.0
                0x20011e12        0x2 C:\QMK_MSYS\tmp\cchXQqT6.ltrans0.ltrans.o
 .bss.last_report.0
                0x20011e14       0x20 C:\QMK_MSYS\tmp\cchXQqT6.ltrans0.ltrans.o
 .bss.driver.lto_priv.0
                0x20011e34        0x4 C:\QMK_MSYS\tmp\cchXQqT6.ltrans0.ltrans.o
 .bss.last_report.1
                0x20011e38        0x8 C:\QMK_MSYS\tmp\cchXQqT6.ltrans0.ltrans.o
 .bss.encoder_source_layers_cache
                0x20011e40        0x4 C:\QMK_MSYS\tmp\cchXQqT6.ltrans0.ltrans.o
 .bss.source_layers_cache
                0x20011e44       0x3c C:\QMK_MSYS\tmp\cchXQqT6.ltrans0.ltrans.o
 .bss.oled_active
                0x20011e80        0x1 C:\QMK_MSYS\tmp\cchXQqT6.ltrans0.ltrans.o
 *fill*         0x20011e81        0x3 
 .bss.keyboard_idle_timer
                0x20011e84        0x4 C:\QMK_MSYS\tmp\cchXQqT6.ltrans0.ltrans.o
 .bss.anim_off_timer
                0x20011e88        0x4 C:\QMK_MSYS\tmp\cchXQqT6.ltrans0.ltrans.o
 .bss.anim_timer
                0x20011e8c        0x4 C:\QMK_MSYS\tmp\cchXQqT6.ltrans0.ltrans.o
 .bss.active_td
                0x20011e90        0x2 C:\QMK_MSYS\tmp\cchXQqT6.ltrans0.ltrans.o
 .bss.last_tap_time
                0x20011e92        0x2 C:\QMK_MSYS\tmp\cchXQqT6.ltrans0.ltrans.o
 .bss.sc_last   0x20011e94        0x1 C:\QMK_MSYS\tmp\cchXQqT6.ltrans0.ltrans.o
 *fill*         0x20011e95        0x1 
 .bss.keymap_config
                0x20011e96        0x2 C:\QMK_MSYS\tmp\cchXQqT6.ltrans0.ltrans.o
 .bss.grave_esc_was_shifted
                0x20011e98        0x1 C:\QMK_MSYS\tmp\cchXQqT6.ltrans0.ltrans.o
 *fill*         0x20011e99        0x7 
 .bss.rgb_matrix_config
                0x20011ea0        0x8 C:\QMK_MSYS\tmp\cchXQqT6.ltrans0.ltrans.o
 .bss.programmable_button_report
                0x20011ea8        0x4 C:\QMK_MSYS\tmp\cchXQqT6.ltrans0.ltrans.o
 .bss.real_mods
                0x20011eac        0x1 C:\QMK_MSYS\tmp\cchXQqT6.ltrans0.ltrans.o
 *fill*         0x20011ead        0x1 
 .bss.default_layer_state
                0x20011eae        0x2 C:\QMK_MSYS\tmp\cchXQqT6.ltrans0.ltrans.o
 .bss.layer_state
                0x20011eb0        0x2 C:\QMK_MSYS\tmp\cchXQqT6.ltrans0.ltrans.o
 .bss.weak_mods
                0x20011eb2        0x1 C:\QMK_MSYS\tmp\cchXQqT6.ltrans0.ltrans.o
 .bss.waiting_buffer_head
                0x20011eb3        0x1 C:\QMK_MSYS\tmp\cchXQqT6.ltrans0.ltrans.o
 .bss.waiting_buffer_tail
                0x20011eb4        0x1 C:\QMK_MSYS\tmp\cchXQqT6.ltrans0.ltrans.o
 *fill*         0x20011eb5        0x1 
 .bss.waiting_buffer
                0x20011eb6       0x40 C:\QMK_MSYS\tmp\cchXQqT6.ltrans0.ltrans.o
 .bss.tapping_key
                0x20011ef6        0x8 C:\QMK_MSYS\tmp\cchXQqT6.ltrans0.ltrans.o
 .bss.is_initialised.0
                0x20011efe        0x1 .build/obj_vessel_base/i2c_master.a(i2c_master.o)
 *(COMMON)
 *fill*         0x20011eff        0x1 
 COMMON         0x20011f00       0x38 C:\QMK_MSYS\tmp\cchXQqT6.ltrans0.ltrans.o
                0x20011f00                I2CD1
                0x20011f38                        . = ALIGN (0x4)
                0x20011f38                        __bss_end__ = .
                [!provide]                        PROVIDE (end = .)
                0x20000000                        __ram0_base__ = ORIGIN (ram0)
                0x00020000                        __ram0_size__ = LENGTH (ram0)
                0x20020000                        __ram0_end__ = (__ram0_base__ + __ram0_size__)
                0x20000000                        __ram1_base__ = ORIGIN (ram1)
                0x0001c000                        __ram1_size__ = LENGTH (ram1)
                0x2001c000                        __ram1_end__ = (__ram1_base__ + __ram1_size__)
                0x00000000                        __ram2_base__ = ORIGIN (ram2)
                0x00004000                        __ram2_size__ = LENGTH (ram2)
                0x00004000                        __ram2_end__ = (__ram2_base__ + __ram2_size__)
                0x00000000                        __ram3_base__ = ORIGIN (ram3)
                0x00000000                        __ram3_size__ = LENGTH (ram3)
                0x00000000                        __ram3_end__ = (__ram3_base__ + __ram3_size__)
                0x00000000                        __ram4_base__ = ORIGIN (ram4)
                0x00000000                        __ram4_size__ = LENGTH (ram4)
                0x00000000                        __ram4_end__ = (__ram4_base__ + __ram4_size__)
                0x00000000                        __ram5_base__ = ORIGIN (ram5)
                0x00000000                        __ram5_size__ = LENGTH (ram5)
                0x00000000                        __ram5_end__ = (__ram5_base__ + __ram5_size__)
                0x00000000                        __ram6_base__ = ORIGIN (ram6)
                0x00000000                        __ram6_size__ = LENGTH (ram6)
                0x00000000                        __ram6_end__ = (__ram6_base__ + __ram6_size__)
                0x00000000                        __ram7_base__ = ORIGIN (ram7)
                0x00000000                        __ram7_size__ = LENGTH (ram7)
                0x00000000                        __ram7_end__ = (__ram7_base__ + __ram7_size__)
                0x08000000                        __flash0_base__ = ORIGIN (flash0)
                0x00080000                        __flash0_size__ = LENGTH (flash0)
                0x08080000                        __flash0_end__ = (__flash0_base__ + __flash0_size__)
                0x00000000                        __flash1_base__ = ORIGIN (flash1)
                0x00000000                        __flash1_size__ = LENGTH (flash1)
                0x00000000                        __flash1_end__ = (__flash1_base__ + __flash1_size__)
                0x00000000                        __flash2_base__ = ORIGIN (flash2)
                0x00000000                        __flash2_size__ = LENGTH (flash2)
                0x00000000                        __flash2_end__ = (__flash2_base__ + __flash2_size__)
                0x00000000                        __flash3_base__ = ORIGIN (flash3)
                0x00000000                        __flash3_size__ = LENGTH (flash3)