Archive member included to satisfy reference by file (symbol)

.build/obj_vessel_base/i2c_master.a(i2c_master.o)
                              .build/obj_vessel_base/oled_driver.o (symbol from plugin) (i2c_init)
c:/qmk_msys/mingw64/bin/../lib/gcc/arm-none-eabi/12.2.0/thumb/v7e-m+fp/hard\libgcc.a(_aeabi_ldivmod.o)
                              .build/obj_vessel_base/i2c_master.a(i2c_master.o) (__aeabi_ldivmod)
c:/qmk_msys/mingw64/bin/../lib/gcc/arm-none-eabi/12.2.0/thumb/v7e-m+fp/hard\libgcc.a(_aeabi_uldivmod.o)
                              .build/obj_vessel_base/i2c_master.a(i2c_master.o) (__aeabi_uldivmod)
c:/qmk_msys/mingw64/bin/../lib/gcc/arm-none-eabi/12.2.0/thumb/v7e-m+fp/hard\libgcc.a(_udivmoddi4.o)
                              c:/qmk_msys/mingw64/bin/../lib/gcc/arm-none-eabi/12.2.0/thumb/v7e-m+fp/hard\libgcc.a(_aeabi_ldivmod.o) (__udivmoddi4)
c:/qmk_msys/mingw64/bin/../lib/gcc/arm-none-eabi/12.2.0/thumb/v7e-m+fp/hard\libgcc.a(_dvmd_tls.o)
                              c:/qmk_msys/mingw64/bin/../lib/gcc/arm-none-eabi/12.2.0/thumb/v7e-m+fp/hard\libgcc.a(_aeabi_ldivmod.o) (__aeabi_ldiv0)
c:/qmk_msys/mingw64/bin/../lib/gcc/arm-none-eabi/12.2.0/../../../../arm-none-eabi/lib/thumb/v7e-m+fp/hard\libg_nano.a(libc_a-rand.o)
                              .build/obj_vessel_base/quantum/send_string/send_string.o (symbol from plugin) (rand)
c:/qmk_msys/mingw64/bin/../lib/gcc/arm-none-eabi/12.2.0/../../../../arm-none-eabi/lib/thumb/v7e-m+fp/hard\libg_nano.a(libc_a-ctype_.o)
                              .build/obj_vessel_base/quantum/send_string/send_string.o (symbol from plugin) (_ctype_)
c:/qmk_msys/mingw64/bin/../lib/gcc/arm-none-eabi/12.2.0/../../../../arm-none-eabi/lib/thumb/v7e-m+fp/hard\libg_nano.a(libc_a-impure.o)
                              c:/qmk_msys/mingw64/bin/../lib/gcc/arm-none-eabi/12.2.0/../../../../arm-none-eabi/lib/thumb/v7e-m+fp/hard\libg_nano.a(libc_a-rand.o) (_impure_ptr)
c:/qmk_msys/mingw64/bin/../lib/gcc/arm-none-eabi/12.2.0/../../../../arm-none-eabi/lib/thumb/v7e-m+fp/hard\libg_nano.a(libc_a-errno.o)
                              .build/obj_vessel_base/platforms/chibios/syscall-fallbacks.o (symbol from plugin) (__errno)
c:/qmk_msys/mingw64/bin/../lib/gcc/arm-none-eabi/12.2.0/../../../../arm-none-eabi/lib/thumb/v7e-m+fp/hard\libg_nano.a(libc_a-memcpy.o)
                              .build/obj_vessel_base/i2c_master.a(i2c_master.o) (memcpy)
c:/qmk_msys/mingw64/bin/../lib/gcc/arm-none-eabi/12.2.0/../../../../arm-none-eabi/lib/thumb/v7e-m+fp/hard\libg_nano.a(libc_a-assert.o)
                              c:/qmk_msys/mingw64/bin/../lib/gcc/arm-none-eabi/12.2.0/../../../../arm-none-eabi/lib/thumb/v7e-m+fp/hard\libg_nano.a(libc_a-rand.o) (__assert_func)
c:/qmk_msys/mingw64/bin/../lib/gcc/arm-none-eabi/12.2.0/../../../../arm-none-eabi/lib/thumb/v7e-m+fp/hard\libg_nano.a(libc_a-malloc.o)
                              c:/qmk_msys/mingw64/bin/../lib/gcc/arm-none-eabi/12.2.0/../../../../arm-none-eabi/lib/thumb/v7e-m+fp/hard\libg_nano.a(libc_a-rand.o) (malloc)
c:/qmk_msys/mingw64/bin/../lib/gcc/arm-none-eabi/12.2.0/../../../../arm-none-eabi/lib/thumb/v7e-m+fp/hard\libg_nano.a(libc_a-mallocr.o)
                              c:/qmk_msys/mingw64/bin/../lib/gcc/arm-none-eabi/12.2.0/../../../../arm-none-eabi/lib/thumb/v7e-m+fp/hard\libg_nano.a(libc_a-malloc.o) (_malloc_r)
c:/qmk_msys/mingw64/bin/../lib/gcc/arm-none-eabi/12.2.0/../../../../arm-none-eabi/lib/thumb/v7e-m+fp/hard\libg_nano.a(libc_a-mlock.o)
                              c:/qmk_msys/mingw64/bin/../lib/gcc/arm-none-eabi/12.2.0/../../../../arm-none-eabi/lib/thumb/v7e-m+fp/hard\libg_nano.a(libc_a-mallocr.o) (__malloc_lock)
c:/qmk_msys/mingw64/bin/../lib/gcc/arm-none-eabi/12.2.0/../../../../arm-none-eabi/lib/thumb/v7e-m+fp/hard\libg_nano.a(libc_a-fprintf.o)
                              c:/qmk_msys/mingw64/bin/../lib/gcc/arm-none-eabi/12.2.0/../../../../arm-none-eabi/lib/thumb/v7e-m+fp/hard\libg_nano.a(libc_a-assert.o) (fiprintf)
c:/qmk_msys/mingw64/bin/../lib/gcc/arm-none-eabi/12.2.0/../../../../arm-none-eabi/lib/thumb/v7e-m+fp/hard\libg_nano.a(libc_a-lock.o)
                              c:/qmk_msys/mingw64/bin/../lib/gcc/arm-none-eabi/12.2.0/../../../../arm-none-eabi/lib/thumb/v7e-m+fp/hard\libg_nano.a(libc_a-mlock.o) (__retarget_lock_acquire_recursive)
c:/qmk_msys/mingw64/bin/../lib/gcc/arm-none-eabi/12.2.0/../../../../arm-none-eabi/lib/thumb/v7e-m+fp/hard\libg_nano.a(libc_a-abort.o)
                              c:/qmk_msys/mingw64/bin/../lib/gcc/arm-none-eabi/12.2.0/../../../../arm-none-eabi/lib/thumb/v7e-m+fp/hard\libg_nano.a(libc_a-assert.o) (abort)
c:/qmk_msys/mingw64/bin/../lib/gcc/arm-none-eabi/12.2.0/../../../../arm-none-eabi/lib/thumb/v7e-m+fp/hard\libg_nano.a(libc_a-freer.o)
                              c:/qmk_msys/mingw64/bin/../lib/gcc/arm-none-eabi/12.2.0/../../../../arm-none-eabi/lib/thumb/v7e-m+fp/hard\libg_nano.a(libc_a-malloc.o) (_free_r)
[...]
Memory Configuration

Name             Origin             Length             Attributes
flash0           0x08000000         0x00080000         xr
flash1           0x00000000         0x00000000         xr
flash2           0x00000000         0x00000000         xr
flash3           0x00000000         0x00000000         xr
flash4           0x00000000         0x00000000         xr
flash5           0x00000000         0x00000000         xr
flash6           0x00000000         0x00000000         xr
flash7           0x00000000         0x00000000         xr
ram0             0x20000000         0x00020000         xw
ram1             0x20000000         0x0001c000         xw
ram2             0x00000000         0x00004000         xw
ram3             0x00000000         0x00000000         xw
ram4             0x00000000         0x00000000         xw
ram5             0x00000000         0x00000000         xw
ram6             0x00000000         0x00000000         xw
ram7             0x00000000         0x00000000         xw
*default*        0x00000000         0xffffffff

Linker script and memory map

LOAD .build/obj_vessel_base/keyboards/vessel/vessel.o
LOAD C:\QMK_MSYS\tmp\ccJojJQd.ltrans0.ltrans.o
LOAD C:\QMK_MSYS\tmp\ccfO3fTw.debug.temp.o
LOAD C:\QMK_MSYS\tmp\ccUZX2ZK.debug.temp.o
LOAD C:\QMK_MSYS\tmp\cctUQI5Y.debug.temp.o
LOAD C:\QMK_MSYS\tmp\ccomxeod.debug.temp.o
LOAD C:\QMK_MSYS\tmp\cc1glCBr.debug.temp.o
LOAD C:\QMK_MSYS\tmp\ccgHLy2F.debug.temp.o
LOAD C:\QMK_MSYS\tmp\ccDHCysU.debug.temp.o
LOAD C:\QMK_MSYS\tmp\ccEMTf68.debug.temp.o
LOAD C:\QMK_MSYS\tmp\cctt7PEn.debug.temp.o
LOAD C:\QMK_MSYS\tmp\ccKuQSWF.debug.temp.o
LOAD C:\QMK_MSYS\tmp\ccBg4D9X.debug.temp.o
LOAD C:\QMK_MSYS\tmp\cc66H6zg.debug.temp.o
LOAD C:\QMK_MSYS\tmp\cc7PDcXy.debug.temp.o
LOAD C:\QMK_MSYS\tmp\ccsZZzwR.debug.temp.o
LOAD C:\QMK_MSYS\tmp\ccnXcu59.debug.temp.o
LOAD C:\QMK_MSYS\tmp\cckKltCs.debug.temp.o
LOAD C:\QMK_MSYS\tmp\ccRh1dlL.debug.temp.o
LOAD C:\QMK_MSYS\tmp\ccugHc23.debug.temp.o
LOAD C:\QMK_MSYS\tmp\ccDNqkHm.debug.temp.o
LOAD C:\QMK_MSYS\tmp\ccku40kF.debug.temp.o
LOAD C:\QMK_MSYS\tmp\ccJb3z0W.debug.temp.o
LOAD C:\QMK_MSYS\tmp\ccKE0QEe.debug.temp.o
LOAD C:\QMK_MSYS\tmp\ccDra2vw.debug.temp.o
LOAD C:\QMK_MSYS\tmp\cc4RHDlO.debug.temp.o
LOAD C:\QMK_MSYS\tmp\ccnSx245.debug.temp.o
LOAD C:\QMK_MSYS\tmp\cc2llZ4n.debug.temp.o
LOAD C:\QMK_MSYS\tmp\ccBw4x3F.debug.temp.o
LOAD C:\QMK_MSYS\tmp\ccSziiWX.debug.temp.o
LOAD C:\QMK_MSYS\tmp\ccZREV5f.debug.temp.o
LOAD C:\QMK_MSYS\tmp\ccWeCL9x.debug.temp.o
LOAD C:\QMK_MSYS\tmp\ccXxSecQ.debug.temp.o
LOAD C:\QMK_MSYS\tmp\ccmRsFk7.debug.temp.o
LOAD C:\QMK_MSYS\tmp\ccRfwioo.debug.temp.o
LOAD C:\QMK_MSYS\tmp\ccEDoaFF.debug.temp.o
LOAD C:\QMK_MSYS\tmp\ccLPfzUW.debug.temp.o
LOAD C:\QMK_MSYS\tmp\ccKDs23d.debug.temp.o
LOAD C:\QMK_MSYS\tmp\cc50LSuv.debug.temp.o
LOAD C:\QMK_MSYS\tmp\ccm6YNPM.debug.temp.o
LOAD C:\QMK_MSYS\tmp\ccZyYo93.debug.temp.o
LOAD C:\QMK_MSYS\tmp\cc4Br1El.debug.temp.o
LOAD C:\QMK_MSYS\tmp\ccfIAP9C.debug.temp.o
LOAD C:\QMK_MSYS\tmp\ccQnBtGT.debug.temp.o
LOAD C:\QMK_MSYS\tmp\cc9rTHba.debug.temp.o
LOAD C:\QMK_MSYS\tmp\cc2ImvFq.debug.temp.o
LOAD C:\QMK_MSYS\tmp\ccBTb5kH.debug.temp.o
LOAD C:\QMK_MSYS\tmp\ccqKoUYX.debug.temp.o
LOAD C:\QMK_MSYS\tmp\ccXXP2Ae.debug.temp.o
LOAD C:\QMK_MSYS\tmp\cc6S9kbv.debug.temp.o
LOAD C:\QMK_MSYS\tmp\ccr2NTXL.debug.temp.o
LOAD C:\QMK_MSYS\tmp\cc4W9YI2.debug.temp.o
LOAD C:\QMK_MSYS\tmp\ccD38gsj.debug.temp.o
LOAD C:\QMK_MSYS\tmp\ccYeCTrA.debug.temp.o
LOAD C:\QMK_MSYS\tmp\cclJeclR.debug.temp.o
LOAD C:\QMK_MSYS\tmp\cc2ZMKc8.debug.temp.o
LOAD C:\QMK_MSYS\tmp\ccrT9eRs.debug.temp.o
LOAD C:\QMK_MSYS\tmp\cc8ZoApN.debug.temp.o
LOAD C:\QMK_MSYS\tmp\ccphMdW7.debug.temp.o
LOAD C:\QMK_MSYS\tmp\cc0YPoJs.debug.temp.o
LOAD C:\QMK_MSYS\tmp\cc7Oj9qN.debug.temp.o
LOAD C:\QMK_MSYS\tmp\ccC9W777.debug.temp.o
LOAD C:\QMK_MSYS\tmp\ccJNU00s.debug.temp.o
LOAD C:\QMK_MSYS\tmp\ccI7zMSN.debug.temp.o
LOAD C:\QMK_MSYS\tmp\cczdS2W8.debug.temp.o
LOAD C:\QMK_MSYS\tmp\cc0tiBZt.debug.temp.o
LOAD C:\QMK_MSYS\tmp\ccZRzr0O.debug.temp.o
LOAD C:\QMK_MSYS\tmp\ccWuLuZ9.debug.temp.o
LOAD C:\QMK_MSYS\tmp\cczvoJZt.debug.temp.o
LOAD C:\QMK_MSYS\tmp\cckwPkYN.debug.temp.o
LOAD C:\QMK_MSYS\tmp\ccRvzoV7.debug.temp.o
LOAD C:\QMK_MSYS\tmp\ccAd7z4r.debug.temp.o
LOAD C:\QMK_MSYS\tmp\ccpoIgcM.debug.temp.o
LOAD C:\QMK_MSYS\tmp\ccAAAEw6.debug.temp.o
LOAD C:\QMK_MSYS\tmp\cchT5APq.debug.temp.o
LOAD C:\QMK_MSYS\tmp\cccTNk7K.debug.temp.o
LOAD C:\QMK_MSYS\tmp\ccTtghB5.debug.temp.o
LOAD C:\QMK_MSYS\tmp\ccWpsC3p.debug.temp.o
LOAD C:\QMK_MSYS\tmp\ccB5zouK.debug.temp.o
LOAD C:\QMK_MSYS\tmp\cc8qNnW3.debug.temp.o
LOAD C:\QMK_MSYS\tmp\ccLJxJmn.debug.temp.o
LOAD C:\QMK_MSYS\tmp\ccMYRTLG.debug.temp.o
LOAD C:\QMK_MSYS\tmp\ccr6j7m0.debug.temp.o
LOAD C:\QMK_MSYS\tmp\ccATNQXj.debug.temp.o
LOAD C:\QMK_MSYS\tmp\cc7cePtD.debug.temp.o
LOAD C:\QMK_MSYS\tmp\ccowyAbX.debug.temp.o
LOAD C:\QMK_MSYS\tmp\cc9wX8Sg.debug.temp.o
LOAD C:\QMK_MSYS\tmp\cc2D5FMA.debug.temp.o
LOAD C:\QMK_MSYS\tmp\ccNuLnBU.debug.temp.o
LOAD C:\QMK_MSYS\tmp\ccmRupoe.debug.temp.o
LOAD C:\QMK_MSYS\tmp\ccZLQChx.debug.temp.o
LOAD C:\QMK_MSYS\tmp\ccOq1b6P.debug.temp.o
LOAD C:\QMK_MSYS\tmp\cctw6L48.debug.temp.o
LOAD C:\QMK_MSYS\tmp\ccKv6TYr.debug.temp.o
LOAD C:\QMK_MSYS\tmp\ccRjRBaL.debug.temp.o
LOAD C:\QMK_MSYS\tmp\ccG06ug4.debug.temp.o
LOAD C:\QMK_MSYS\tmp\ccT3jwkn.debug.temp.o
LOAD C:\QMK_MSYS\tmp\ccAkUfBG.debug.temp.o
LOAD C:\QMK_MSYS\tmp\cczOC6PZ.debug.temp.o
LOAD C:\QMK_MSYS\tmp\cc825V3i.debug.temp.o
LOAD C:\QMK_MSYS\tmp\ccT1zxZF.debug.temp.o
LOAD C:\QMK_MSYS\tmp\ccQATnT2.debug.temp.o
LOAD C:\QMK_MSYS\tmp\cchhFkMp.debug.temp.o
LOAD C:\QMK_MSYS\tmp\ccu0B4QM.debug.temp.o
LOAD C:\QMK_MSYS\tmp\ccPdQ2T9.debug.temp.o
LOAD C:\QMK_MSYS\tmp\ccAsY6Vw.debug.temp.o
LOAD C:\QMK_MSYS\tmp\ccD4fsaU.debug.temp.o
LOAD C:\QMK_MSYS\tmp\cc279Kjh.debug.temp.o
LOAD C:\QMK_MSYS\tmp\cczTIgKE.debug.temp.o
LOAD C:\QMK_MSYS\tmp\ccuxL281.debug.temp.o
LOAD C:\QMK_MSYS\tmp\ccBfRErp.debug.temp.o
LOAD C:\QMK_MSYS\tmp\ccWgtCQL.debug.temp.o
LOAD C:\QMK_MSYS\tmp\ccrPDOd8.debug.temp.o
LOAD C:\QMK_MSYS\tmp\ccSBeevu.debug.temp.o
LOAD C:\QMK_MSYS\tmp\cc9yRY2Q.debug.temp.o
LOAD C:\QMK_MSYS\tmp\ccAxwPyd.debug.temp.o
LOAD C:\QMK_MSYS\tmp\cc1nJjZz.debug.temp.o
LOAD C:\QMK_MSYS\tmp\ccsGorGW.debug.temp.o
LOAD C:\QMK_MSYS\tmp\cc75DFlj.debug.temp.o
LOAD C:\QMK_MSYS\tmp\cc6jCaVF.debug.temp.o
LOAD C:\QMK_MSYS\tmp\ccTFl0K2.debug.temp.o
LOAD C:\QMK_MSYS\tmp\ccuBeIzp.debug.temp.o
LOAD C:\QMK_MSYS\tmp\ccfwQYhM.debug.temp.o
LOAD C:\QMK_MSYS\tmp\cc82za67.debug.temp.o
LOAD C:\QMK_MSYS\tmp\ccp06LOt.debug.temp.o
LOAD C:\QMK_MSYS\tmp\ccgCfxvP.debug.temp.o
LOAD C:\QMK_MSYS\tmp\ccDqcJsb.debug.temp.o
LOAD C:\QMK_MSYS\tmp\ccOO2wkx.debug.temp.o
LOAD C:\QMK_MSYS\tmp\cc3m3plT.debug.temp.o
LOAD C:\QMK_MSYS\tmp\cckqLTlf.debug.temp.o
LOAD C:\QMK_MSYS\tmp\ccbQF6yB.debug.temp.o
LOAD C:\QMK_MSYS\tmp\ccQPJbLX.debug.temp.o
LOAD C:\QMK_MSYS\tmp\ccDpCEYi.debug.temp.o
LOAD C:\QMK_MSYS\tmp\ccOV4VaE.debug.temp.o
LOAD C:\QMK_MSYS\tmp\ccTATplZ.debug.temp.o
LOAD C:\QMK_MSYS\tmp\cc6X6PIk.debug.temp.o
LOAD C:\QMK_MSYS\tmp\cc3WRX1F.debug.temp.o
LOAD C:\QMK_MSYS\tmp\ccM4WHx1.debug.temp.o
LOAD C:\QMK_MSYS\tmp\cctZv41m.debug.temp.o
LOAD C:\QMK_MSYS\tmp\ccYtY2qI.debug.temp.o
LOAD C:\QMK_MSYS\tmp\cc7SRB63.debug.temp.o
LOAD C:\QMK_MSYS\tmp\ccCdRZGp.debug.temp.o
LOAD C:\QMK_MSYS\tmp\ccj8FCfL.debug.temp.o
LOAD C:\QMK_MSYS\tmp\ccKGxUAa.debug.temp.o
LOAD C:\QMK_MSYS\tmp\ccffy7Qz.debug.temp.o
LOAD C:\QMK_MSYS\tmp\cc8N0tjZ.debug.temp.o
LOAD C:\QMK_MSYS\tmp\ccrQNwKo.debug.temp.o
LOAD C:\QMK_MSYS\tmp\cceYZoaO.debug.temp.o
LOAD C:\QMK_MSYS\tmp\ccNIZKMd.debug.temp.o
LOAD C:\QMK_MSYS\tmp\ccy9HUjD.debug.temp.o
LOAD C:\QMK_MSYS\tmp\ccJ5N1P2.debug.temp.o
LOAD C:\QMK_MSYS\tmp\cccpjGCs.debug.temp.o
LOAD C:\QMK_MSYS\tmp\ccznrpjS.debug.temp.o
LOAD C:\QMK_MSYS\tmp\ccqDEW2g.debug.temp.o
LOAD C:\QMK_MSYS\tmp\ccFhSSKF.debug.temp.o
LOAD .build/obj_vessel_base/.build/obj_vessel_base/src/default_keyboard.o
LOAD .build/obj_vessel_base/quantum/keymap_introspection.o
LOAD .build/obj_vessel_base/quantum/quantum.o
LOAD .build/obj_vessel_base/quantum/bitwise.o
LOAD .build/obj_vessel_base/quantum/led.o
LOAD .build/obj_vessel_base/quantum/action.o
LOAD .build/obj_vessel_base/quantum/action_layer.o
LOAD .build/obj_vessel_base/quantum/action_tapping.o
LOAD .build/obj_vessel_base/quantum/action_util.o
LOAD .build/obj_vessel_base/quantum/eeconfig.o
LOAD .build/obj_vessel_base/quantum/keyboard.o
LOAD .build/obj_vessel_base/quantum/keymap_common.o
LOAD .build/obj_vessel_base/quantum/keycode_config.o
LOAD .build/obj_vessel_base/quantum/sync_timer.o
LOAD .build/obj_vessel_base/quantum/logging/debug.o
LOAD .build/obj_vessel_base/quantum/logging/sendchar.o
LOAD .build/obj_vessel_base/quantum/logging/print.o
LOAD .build/obj_vessel_base/quantum/matrix_common.o
LOAD .build/obj_vessel_base/quantum/matrix.o
LOAD .build/obj_vessel_base/quantum/debounce/sym_defer_pk.o
LOAD .build/obj_vessel_base/quantum/main.o
LOAD .build/obj_vessel_base/printf.o
LOAD .build/obj_vessel_base/eeprom_driver.o
LOAD .build/obj_vessel_base/eeprom_transient.o
LOAD .build/obj_vessel_base/quantum/color.o
LOAD .build/obj_vessel_base/quantum/rgblight/rgblight.o
LOAD .build/obj_vessel_base/quantum/rgblight/rgblight_drivers.o
LOAD .build/obj_vessel_base/quantum/process_keycode/process_rgb.o
LOAD .build/obj_vessel_base/quantum/led_tables.o
LOAD .build/obj_vessel_base/oled_driver.o
LOAD .build/obj_vessel_base/quantum/encoder.o
LOAD .build/obj_vessel_base/encoder_quadrature.o
LOAD .build/obj_vessel_base/ws2812_bitbang.o
LOAD .build/obj_vessel_base/quantum/bootmagic/bootmagic.o
LOAD .build/obj_vessel_base/quantum/process_keycode/process_grave_esc.o
LOAD .build/obj_vessel_base/quantum/process_keycode/process_magic.o
LOAD .build/obj_vessel_base/quantum/process_keycode/process_programmable_button.o
LOAD .build/obj_vessel_base/quantum/programmable_button.o
LOAD .build/obj_vessel_base/quantum/send_string/send_string.o
LOAD .build/obj_vessel_base/quantum/process_keycode/process_space_cadet.o
LOAD .build/obj_vessel_base/protocol/host.o
LOAD .build/obj_vessel_base/protocol/report.o
LOAD .build/obj_vessel_base/protocol/usb_device_state.o
LOAD .build/obj_vessel_base/protocol/usb_util.o
LOAD .build/obj_vessel_base/platforms/suspend.o
LOAD .build/obj_vessel_base/platforms/synchronization_util.o
LOAD .build/obj_vessel_base/platforms/timer.o
LOAD .build/obj_vessel_base/platforms/chibios/hardware_id.o
LOAD .build/obj_vessel_base/platforms/chibios/platform.o
LOAD .build/obj_vessel_base/platforms/chibios/suspend.o
LOAD .build/obj_vessel_base/platforms/chibios/timer.o
LOAD .build/obj_vessel_base/platforms/chibios/bootloaders/stm32_dfu.o
LOAD .build/obj_vessel_base/i2c_master.a
LOAD .build/obj_vessel_base/./lib/chibios/os/common/startup/ARMCMx/compilers/GCC/crt0_v7m.o
LOAD .build/obj_vessel_base/./lib/chibios/os/common/startup/ARMCMx/compilers/GCC/vectors.o
LOAD .build/obj_vessel_base/./lib/chibios/os/common/ports/ARMv7-M/compilers/GCC/chcoreasm.o
LOAD .build/obj_vessel_base/protocol/chibios/usb_main.o
LOAD .build/obj_vessel_base/protocol/chibios/chibios.o
LOAD .build/obj_vessel_base/usb_descriptor.o
LOAD .build/obj_vessel_base/protocol/chibios/usb_driver.o
LOAD .build/obj_vessel_base/protocol/chibios/usb_util.o
LOAD .build/obj_vessel_base/./lib/chibios/os/oslib/src/chmboxes.o
LOAD .build/obj_vessel_base/./lib/chibios/os/oslib/src/chmemcore.o
LOAD .build/obj_vessel_base/./lib/chibios/os/oslib/src/chmemheaps.o
LOAD .build/obj_vessel_base/./lib/chibios/os/oslib/src/chmempools.o
LOAD .build/obj_vessel_base/./lib/chibios/os/oslib/src/chpipes.o
LOAD .build/obj_vessel_base/./lib/chibios/os/oslib/src/chobjcaches.o
LOAD .build/obj_vessel_base/./lib/chibios/os/oslib/src/chdelegates.o
LOAD .build/obj_vessel_base/./lib/chibios/os/oslib/src/chfactory.o
LOAD .build/obj_vessel_base/lib/chibios/os/common/startup/ARMCMx/compilers/GCC/crt1.o
LOAD .build/obj_vessel_base/lib/chibios/os/rt/src/chsys.o
LOAD .build/obj_vessel_base/lib/chibios/os/rt/src/chrfcu.o
LOAD .build/obj_vessel_base/lib/chibios/os/rt/src/chdebug.o
LOAD .build/obj_vessel_base/lib/chibios/os/rt/src/chtrace.o
LOAD .build/obj_vessel_base/lib/chibios/os/rt/src/chvt.o
LOAD .build/obj_vessel_base/lib/chibios/os/rt/src/chschd.o
LOAD .build/obj_vessel_base/lib/chibios/os/rt/src/chinstances.o
LOAD .build/obj_vessel_base/lib/chibios/os/rt/src/chthreads.o
LOAD .build/obj_vessel_base/lib/chibios/os/rt/src/chtm.o
LOAD .build/obj_vessel_base/lib/chibios/os/rt/src/chstats.o
LOAD .build/obj_vessel_base/lib/chibios/os/rt/src/chregistry.o
LOAD .build/obj_vessel_base/lib/chibios/os/rt/src/chsem.o
LOAD .build/obj_vessel_base/lib/chibios/os/rt/src/chmtx.o
LOAD .build/obj_vessel_base/lib/chibios/os/rt/src/chcond.o
LOAD .build/obj_vessel_base/lib/chibios/os/rt/src/chevents.o
LOAD .build/obj_vessel_base/lib/chibios/os/rt/src/chmsg.o
LOAD .build/obj_vessel_base/lib/chibios/os/rt/src/chdynamic.o
LOAD .build/obj_vessel_base/lib/chibios/os/common/ports/ARMv7-M/chcore.o
LOAD .build/obj_vessel_base/lib/chibios/os/hal/osal/rt-nil/osal.o
LOAD .build/obj_vessel_base/lib/chibios/os/hal/src/hal.o
LOAD .build/obj_vessel_base/lib/chibios/os/hal/src/hal_st.o
LOAD .build/obj_vessel_base/lib/chibios/os/hal/src/hal_buffers.o
LOAD .build/obj_vessel_base/lib/chibios/os/hal/src/hal_queues.o
LOAD .build/obj_vessel_base/lib/chibios/os/hal/src/hal_flash.o
LOAD .build/obj_vessel_base/lib/chibios/os/hal/src/hal_mmcsd.o
LOAD .build/obj_vessel_base/lib/chibios/os/hal/src/hal_adc.o
LOAD .build/obj_vessel_base/lib/chibios/os/hal/src/hal_can.o
LOAD .build/obj_vessel_base/lib/chibios/os/hal/src/hal_crypto.o
LOAD .build/obj_vessel_base/lib/chibios/os/hal/src/hal_dac.o
LOAD .build/obj_vessel_base/lib/chibios/os/hal/src/hal_efl.o
LOAD .build/obj_vessel_base/lib/chibios/os/hal/src/hal_gpt.o
LOAD .build/obj_vessel_base/lib/chibios/os/hal/src/hal_i2c.o
LOAD .build/obj_vessel_base/lib/chibios/os/hal/src/hal_i2s.o
LOAD .build/obj_vessel_base/lib/chibios/os/hal/src/hal_icu.o
LOAD .build/obj_vessel_base/lib/chibios/os/hal/src/hal_mac.o
LOAD .build/obj_vessel_base/lib/chibios/os/hal/src/hal_mmc_spi.o
LOAD .build/obj_vessel_base/lib/chibios/os/hal/src/hal_pal.o
LOAD .build/obj_vessel_base/lib/chibios/os/hal/src/hal_pwm.o
LOAD .build/obj_vessel_base/lib/chibios/os/hal/src/hal_rtc.o
LOAD .build/obj_vessel_base/lib/chibios/os/hal/src/hal_sdc.o
LOAD .build/obj_vessel_base/lib/chibios/os/hal/src/hal_serial.o
LOAD .build/obj_vessel_base/lib/chibios/os/hal/src/hal_serial_usb.o
LOAD .build/obj_vessel_base/lib/chibios/os/hal/src/hal_sio.o
LOAD .build/obj_vessel_base/lib/chibios/os/hal/src/hal_spi.o
LOAD .build/obj_vessel_base/lib/chibios/os/hal/src/hal_trng.o
LOAD .build/obj_vessel_base/lib/chibios/os/hal/src/hal_uart.o
LOAD .build/obj_vessel_base/lib/chibios/os/hal/src/hal_usb.o
LOAD .build/obj_vessel_base/lib/chibios/os/hal/src/hal_wdg.o
LOAD .build/obj_vessel_base/lib/chibios/os/hal/src/hal_wspi.o
LOAD .build/obj_vessel_base/lib/chibios/os/hal/ports/common/ARMCMx/nvic.o
LOAD .build/obj_vessel_base/lib/chibios/os/hal/ports/STM32/STM32F4xx/stm32_isr.o
LOAD .build/obj_vessel_base/lib/chibios/os/hal/ports/STM32/STM32F4xx/hal_lld.o
LOAD .build/obj_vessel_base/lib/chibios/os/hal/ports/STM32/STM32F4xx/hal_efl_lld.o
LOAD .build/obj_vessel_base/lib/chibios/os/hal/ports/STM32/LLD/ADCv2/hal_adc_lld.o
LOAD .build/obj_vessel_base/lib/chibios/os/hal/ports/STM32/LLD/CANv1/hal_can_lld.o
LOAD .build/obj_vessel_base/lib/chibios/os/hal/ports/STM32/LLD/CRYPv1/hal_crypto_lld.o
LOAD .build/obj_vessel_base/lib/chibios/os/hal/ports/STM32/LLD/DACv1/hal_dac_lld.o
LOAD .build/obj_vessel_base/lib/chibios/os/hal/ports/STM32/LLD/DMAv2/stm32_dma.o
LOAD .build/obj_vessel_base/lib/chibios/os/hal/ports/STM32/LLD/EXTIv1/stm32_exti.o
LOAD .build/obj_vessel_base/lib/chibios/os/hal/ports/STM32/LLD/GPIOv2/hal_pal_lld.o
LOAD .build/obj_vessel_base/lib/chibios/os/hal/ports/STM32/LLD/I2Cv1/hal_i2c_lld.o
LOAD .build/obj_vessel_base/lib/chibios/os/hal/ports/STM32/LLD/MACv1/hal_mac_lld.o
LOAD .build/obj_vessel_base/lib/chibios/os/hal/ports/STM32/LLD/OTGv1/hal_usb_lld.o
LOAD .build/obj_vessel_base/lib/chibios/os/hal/ports/STM32/LLD/QUADSPIv1/hal_wspi_lld.o
LOAD .build/obj_vessel_base/lib/chibios/os/hal/ports/STM32/LLD/RTCv2/hal_rtc_lld.o
LOAD .build/obj_vessel_base/lib/chibios/os/hal/ports/STM32/LLD/SPIv1/hal_i2s_lld.o
LOAD .build/obj_vessel_base/lib/chibios/os/hal/ports/STM32/LLD/SPIv1/hal_spi_v2_lld.o
LOAD .build/obj_vessel_base/lib/chibios/os/hal/ports/STM32/LLD/SDIOv1/hal_sdc_lld.o
LOAD .build/obj_vessel_base/lib/chibios/os/hal/ports/STM32/LLD/SYSTICKv1/hal_st_lld.o
LOAD .build/obj_vessel_base/lib/chibios/os/hal/ports/STM32/LLD/TIMv1/hal_gpt_lld.o
LOAD .build/obj_vessel_base/lib/chibios/os/hal/ports/STM32/LLD/TIMv1/hal_icu_lld.o
LOAD .build/obj_vessel_base/lib/chibios/os/hal/ports/STM32/LLD/TIMv1/hal_pwm_lld.o
LOAD .build/obj_vessel_base/lib/chibios/os/hal/ports/STM32/LLD/USARTv1/hal_serial_lld.o
LOAD .build/obj_vessel_base/lib/chibios/os/hal/ports/STM32/LLD/USARTv1/hal_uart_lld.o
LOAD .build/obj_vessel_base/lib/chibios/os/hal/ports/STM32/LLD/xWDGv1/hal_wdg_lld.o
LOAD .build/obj_vessel_base/lib/chibios/os/hal/boards/ST_NUCLEO64_F446RE/board.o
LOAD .build/obj_vessel_base/lib/chibios/os/hal/lib/streams/chprintf.o
LOAD .build/obj_vessel_base/lib/chibios/os/hal/lib/streams/chscanf.o
LOAD .build/obj_vessel_base/lib/chibios/os/hal/lib/streams/memstreams.o
LOAD .build/obj_vessel_base/lib/chibios/os/hal/lib/streams/nullstreams.o
LOAD .build/obj_vessel_base/lib/chibios/os/hal/lib/streams/bufstreams.o
LOAD .build/obj_vessel_base/lib/chibios/os/various/syscalls.o
LOAD .build/obj_vessel_base/platforms/chibios/syscall-fallbacks.o
LOAD .build/obj_vessel_base/platforms/chibios/wait.o
LOAD .build/obj_vessel_base/platforms/chibios/synchronization_util.o
LOAD .build/obj_vessel_base/platforms/chibios/interrupt_handlers.o
                0x00000800                        __process_stack_size__ = 0x800
                0x00000400                        __main_stack_size__ = 0x400
LOAD c:/qmk_msys/mingw64/bin/../lib/gcc/arm-none-eabi/12.2.0/../../../../arm-none-eabi/lib/thumb/v7e-m+fp/hard\libm.a
START GROUP
LOAD c:/qmk_msys/mingw64/bin/../lib/gcc/arm-none-eabi/12.2.0/thumb/v7e-m+fp/hard\libgcc.a
LOAD c:/qmk_msys/mingw64/bin/../lib/gcc/arm-none-eabi/12.2.0/../../../../arm-none-eabi/lib/thumb/v7e-m+fp/hard\libg_nano.a
LOAD c:/qmk_msys/mingw64/bin/../lib/gcc/arm-none-eabi/12.2.0/../../../../arm-none-eabi/lib/thumb/v7e-m+fp/hard\libc_nano.a
END GROUP
START GROUP
LOAD c:/qmk_msys/mingw64/bin/../lib/gcc/arm-none-eabi/12.2.0/thumb/v7e-m+fp/hard\libgcc.a
LOAD c:/qmk_msys/mingw64/bin/../lib/gcc/arm-none-eabi/12.2.0/../../../../arm-none-eabi/lib/thumb/v7e-m+fp/hard\libc_nano.a
END GROUP

.mstack         0x20000000      0x400
                0x20000000                        . = ALIGN (0x8)
                0x20000000                        __main_stack_base__ = .
                0x20000400                        . = (. + __main_stack_size__)
 *fill*         0x20000000      0x400 
                0x20000400                        . = ALIGN (0x8)
                0x20000400                        __main_stack_end__ = .

.pstack         0x20000400      0x800
                0x20000400                        . = ALIGN (0x8)
                0x20000400                        __process_stack_base__ = .
                0x20000400                        __main_thread_stack_base__ = .
                0x20000c00                        . = (. + __process_stack_size__)
 *fill*         0x20000400      0x800 
                0x20000c00                        . = ALIGN (0x8)
                0x20000c00                        __process_stack_end__ = .
                0x20000c00                        __main_thread_stack_end__ = .

.vectors        0x08000000      0x1e0
                0x08000000                        __textvectors_base__ = LOADADDR (.vectors)
                0x08000000                        __vectors_base__ = .
 *(.vectors)
 .vectors       0x08000000      0x1e0 .build/obj_vessel_base/./lib/chibios/os/common/startup/ARMCMx/compilers/GCC/vectors.o
                0x08000000                _vectors
                0x080001e0                        __vectors_end__ = .

.xtors          0x080001e0        0x0
                0x080001e0                        __init_array_base__ = .
 *(SORT_BY_NAME(.init_array.*))
 *(.init_array)
                0x080001e0                        __init_array_end__ = .
                0x080001e0                        __fini_array_base__ = .
 *(.fini_array)
 *(SORT_BY_NAME(.fini_array.*))
                0x080001e0                        __fini_array_end__ = .

.text           0x080001e0     0x5d78
                0x080001e0                        __text_base__ = .
 *(.text)
 .text          0x080001e0      0x11c .build/obj_vessel_base/./lib/chibios/os/common/startup/ARMCMx/compilers/GCC/crt0_v7m.o
                0x080001e0                _crt0_entry
 .text          0x080002fc        0x8 .build/obj_vessel_base/./lib/chibios/os/common/startup/ARMCMx/compilers/GCC/vectors.o
                0x080002fc                Reset_Handler
                0x080002fe                VectorE8
                0x080002fe                Vector9C
                0x080002fe                VectorAC
                0x080002fe                DebugMon_Handler
                0x080002fe                Vector1A0
                0x080002fe                Vector5C
                0x080002fe                Vector11C
                0x080002fe                HardFault_Handler
                0x080002fe                Vector1B8
                0x080002fe                Vector19C
                0x080002fe                Vector8C
                0x080002fe                SysTick_Handler
                0x080002fe                VectorDC
                0x080002fe                PendSV_Handler
                0x080002fe                Vector168
                0x080002fe                NMI_Handler
                0x080002fe                Vector110
                0x080002fe                Vector1D8
                0x080002fe                VectorC8
                0x080002fe                Vector94
                0x080002fe                VectorA8
                0x080002fe                VectorB4
                0x080002fe                Vector160
                0x080002fe                Vector1B0
                0x080002fe                UsageFault_Handler
                0x080002fe                VectorEC
                0x080002fe                Vector40
                0x080002fe                VectorF8
                0x080002fe                Vector108
                0x080002fe                Vector190
                0x080002fe                Vector1C4
                0x080002fe                Vector1CC
                0x080002fe                Vector148
                0x080002fe                Vector188
                0x080002fe                Vector198
                0x080002fe                Vector118
                0x080002fe                Vector64
                0x080002fe                Vector58
                0x080002fe                VectorCC
                0x080002fe                Vector54
                0x080002fe                Vector98
                0x080002fe                VectorD8
                0x080002fe                Vector138
                0x080002fe                Vector24
                0x080002fe                Vector1AC
                0x080002fe                Vector178
                0x080002fe                SecureFault_Handler
                0x080002fe                Vector1A4
                0x080002fe                VectorD0
                0x080002fe                Vector1B4
                0x080002fe                Vector140
                0x080002fe                VectorE4
                0x080002fe                Vector1C0
                0x080002fe                Vector134
                0x080002fe                Vector1D0
                0x080002fe                VectorF0
                0x080002fe                Vector13C
                0x080002fe                Vector100
                0x080002fe                VectorE0
                0x080002fe                VectorF4
                0x080002fe                MemManage_Handler
                0x080002fe                VectorA0
                0x080002fe                VectorC4
                0x080002fe                Vector180
                0x080002fe                Vector90
                0x080002fe                Vector114
                0x080002fe                Vector164
                0x080002fe                Vector60
                0x080002fe                Vector1BC
                0x080002fe                Vector1D4
                0x080002fe                Vector17C
                0x080002fe                Vector48
                0x080002fe                Vector1A8
                0x080002fe                Vector16C
                0x080002fe                VectorD4
                0x080002fe                Vector4C
                0x080002fe                Vector144
                0x080002fe                Vector15C
                0x080002fe                Vector68
                0x080002fe                Vector18C
                0x080002fe                Vector170
                0x080002fe                Vector88
                0x080002fe                Vector104
                0x080002fe                Vector184
                0x080002fe                Vector10C
                0x080002fe                BusFault_Handler
                0x080002fe                Vector50
                0x080002fe                Vector1C8
                0x080002fe                Vector194
                0x080002fe                Vector1DC
                0x080002fe                Vector44
                0x080002fe                Vector28
                0x080002fe                VectorB8
                0x080002fe                Vector34
                0x080002fe                VectorA4
                0x080002fe                Vector20
                0x080002fe                Vector174
                0x08000302                _unhandled_exception
 .text          0x08000304       0x32 .build/obj_vessel_base/./lib/chibios/os/common/ports/ARMv7-M/compilers/GCC/chcoreasm.o
                0x08000304                __port_switch
                0x0800031c                __port_thread_start
                0x0800032e                __port_switch_from_isr
                0x08000332                __port_exit_from_isr
 *fill*         0x08000336        0x2 
 .text          0x08000338       0x30 c:/qmk_msys/mingw64/bin/../lib/gcc/arm-none-eabi/12.2.0/thumb/v7e-m+fp/hard\libgcc.a(_aeabi_uldivmod.o)
                0x08000338                __aeabi_uldivmod
 .text          0x08000368        0x4 c:/qmk_msys/mingw64/bin/../lib/gcc/arm-none-eabi/12.2.0/thumb/v7e-m+fp/hard\libgcc.a(_dvmd_tls.o)
                0x08000368                __aeabi_idiv0
                0x08000368                __aeabi_ldiv0
 .text          0x0800036c      0x134 c:/qmk_msys/mingw64/bin/../lib/gcc/arm-none-eabi/12.2.0/../../../../arm-none-eabi/lib/thumb/v7e-m+fp/hard\libg_nano.a(libc_a-memcpy.o)
                0x0800036c                memcpy
 .text          0x080004a0       0x20 c:/qmk_msys/mingw64/bin/../lib/gcc/arm-none-eabi/12.2.0/../../../../arm-none-eabi/lib/thumb/v7e-m+fp/hard\libg_nano.a(libc_a-malloc.o)
                0x080004a0                malloc
                0x080004b0                free
 .text          0x080004c0      0x140 c:/qmk_msys/mingw64/bin/../lib/gcc/arm-none-eabi/12.2.0/../../../../arm-none-eabi/lib/thumb/v7e-m+fp/hard\libg_nano.a(libc_a-mallocr.o)
                0x08000508                _malloc_r
 .text          0x08000600       0x18 c:/qmk_msys/mingw64/bin/../lib/gcc/arm-none-eabi/12.2.0/../../../../arm-none-eabi/lib/thumb/v7e-m+fp/hard\libg_nano.a(libc_a-mlock.o)
                0x08000600                __malloc_lock
                0x0800060c                __malloc_unlock
 .text          0x08000618       0x28 c:/qmk_msys/mingw64/bin/../lib/gcc/arm-none-eabi/12.2.0/../../../../arm-none-eabi/lib/thumb/v7e-m+fp/hard\libg_nano.a(libc_a-lock.o)
                0x08000618                __retarget_lock_init
                0x0800061c                __retarget_lock_init_recursive
                0x08000620                __retarget_lock_close
                0x08000624                __retarget_lock_close_recursive
                0x08000628                __retarget_lock_acquire
                0x0800062c                __retarget_lock_acquire_recursive
                0x08000630                __retarget_lock_try_acquire
                0x08000634                __retarget_lock_try_acquire_recursive
                0x08000638                __retarget_lock_release
                0x0800063c                __retarget_lock_release_recursive
 .text          0x08000640       0xbc c:/qmk_msys/mingw64/bin/../lib/gcc/arm-none-eabi/12.2.0/../../../../arm-none-eabi/lib/thumb/v7e-m+fp/hard\libg_nano.a(libc_a-freer.o)
                0x08000640                _free_r
 .text          0x080006fc       0xa4 c:/qmk_msys/mingw64/bin/../lib/gcc/arm-none-eabi/12.2.0/../../../../arm-none-eabi/lib/thumb/v7e-m+fp/hard\libg_nano.a(libc_a-memset.o)
                0x080006fc                memset
 .text          0x080007a0       0xa0 c:/qmk_msys/mingw64/bin/../lib/gcc/arm-none-eabi/12.2.0/../../../../arm-none-eabi/lib/thumb/v7e-m+fp/hard\libg_nano.a(libc_a-memchr.o)
                0x080007a0                memchr
 .text          0x08000840       0x60 c:/qmk_msys/mingw64/bin/../lib/gcc/arm-none-eabi/12.2.0/../../../../arm-none-eabi/lib/thumb/v7e-m+fp/hard\libg_nano.a(libc_a-memcmp.o)
                0x08000840                memcmp
 *(.text.*)
 .text.layer_on
                0x080008a0       0x14 C:\QMK_MSYS\tmp\ccJojJQd.ltrans0.ltrans.o
 .text.layer_off
                0x080008b4       0x14 C:\QMK_MSYS\tmp\ccJojJQd.ltrans0.ltrans.o
 .text.update_source_layers_cache
                0x080008c8       0x54 C:\QMK_MSYS\tmp\ccJojJQd.ltrans0.ltrans.o
 .text.read_source_layers_cache
                0x0800091c       0x50 C:\QMK_MSYS\tmp\ccJojJQd.ltrans0.ltrans.o
 .text.debug_waiting_buffer
                0x0800096c       0x20 C:\QMK_MSYS\tmp\ccJojJQd.ltrans0.ltrans.o
 .text.keymap_key_to_keycode
                0x0800098c       0x34 C:\QMK_MSYS\tmp\ccJojJQd.ltrans0.ltrans.o
 .text.keycode_config
                0x080009c0      0x10c C:\QMK_MSYS\tmp\ccJojJQd.ltrans0.ltrans.o
 .text.mod_config
                0x08000acc       0xc4 C:\QMK_MSYS\tmp\ccJojJQd.ltrans0.ltrans.o
 .text.action_for_keycode
                0x08000b90      0x1a8 C:\QMK_MSYS\tmp\ccJojJQd.ltrans0.ltrans.o
 .text.layer_switch_get_layer
                0x08000d38       0x50 C:\QMK_MSYS\tmp\ccJojJQd.ltrans0.ltrans.o
 .text.get_record_keycode
                0x08000d88       0x34 C:\QMK_MSYS\tmp\ccJojJQd.ltrans0.ltrans.o
 .text.layer_switch_get_action
                0x08000dbc       0x24 C:\QMK_MSYS\tmp\ccJojJQd.ltrans0.ltrans.o
 .text.is_tap_record
                0x08000de0       0x50 C:\QMK_MSYS\tmp\ccJojJQd.ltrans0.ltrans.o
 .text.sendchar
                0x08000e30        0x4 C:\QMK_MSYS\tmp\ccJojJQd.ltrans0.ltrans.o
 .text.null_sendchar_func
                0x08000e34        0x4 C:\QMK_MSYS\tmp\ccJojJQd.ltrans0.ltrans.o
 .text.rgblight_effect_dummy
                0x08000e38        0x2 C:\QMK_MSYS\tmp\ccJojJQd.ltrans0.ltrans.o
 .text.__idle_thread
                0x08000e3a        0x4 C:\QMK_MSYS\tmp\ccJojJQd.ltrans0.ltrans.o
 *fill*         0x08000e3e        0x2 
 .text.sethsv_raw
                0x08000e40       0x94 C:\QMK_MSYS\tmp\ccJojJQd.ltrans0.ltrans.o
 .text.rgblight_check_config
                0x08000ed4       0x28 C:\QMK_MSYS\tmp\ccJojJQd.ltrans0.ltrans.o
 .text.rgblight_set
                0x08000efc       0x30 C:\QMK_MSYS\tmp\ccJojJQd.ltrans0.ltrans.o
 .text.rgblight_effect_rainbow_swirl
                0x08000f2c       0x50 C:\QMK_MSYS\tmp\ccJojJQd.ltrans0.ltrans.o
 .text.handleKeycodeRGB
                0x08000f7c        0x6 C:\QMK_MSYS\tmp\ccJojJQd.ltrans0.ltrans.o
 *fill*         0x08000f82        0x2 
 .text.oled_write_raw
                0x08000f84       0x60 C:\QMK_MSYS\tmp\ccJojJQd.ltrans0.ltrans.o
 .text.encoder_quadrature_read_pin
                0x08000fe4       0x24 C:\QMK_MSYS\tmp\ccJojJQd.ltrans0.ltrans.o
 .text.sendByte
                0x08001008       0x78 C:\QMK_MSYS\tmp\ccJojJQd.ltrans0.ltrans.o
 .text.host_keyboard_leds
                0x08001080       0x10 C:\QMK_MSYS\tmp\ccJojJQd.ltrans0.ltrans.o
 .text.host_system_send
                0x08001090       0x38 C:\QMK_MSYS\tmp\ccJojJQd.ltrans0.ltrans.o
 .text.host_consumer_send
                0x080010c8       0x38 C:\QMK_MSYS\tmp\ccJojJQd.ltrans0.ltrans.o
 .text.add_key_to_report
                0x08001100       0x70 C:\QMK_MSYS\tmp\ccJojJQd.ltrans0.ltrans.o
 .text.del_key_from_report
                0x08001170       0x5c C:\QMK_MSYS\tmp\ccJojJQd.ltrans0.ltrans.o
 .text.timer_read32
                0x080011cc       0x6c C:\QMK_MSYS\tmp\ccJojJQd.ltrans0.ltrans.o
 .text.__NVIC_SystemReset
                0x08001238       0x24 C:\QMK_MSYS\tmp\ccJojJQd.ltrans0.ltrans.o
 .text.usb_get_descriptor_cb
                0x0800125c       0xb8 C:\QMK_MSYS\tmp\ccJojJQd.ltrans0.ltrans.o
 .text.dummy_usb_cb
                0x08001314        0x2 C:\QMK_MSYS\tmp\ccJojJQd.ltrans0.ltrans.o
 *fill*         0x08001316        0x2 
 .text.set_led_transfer_cb
                0x08001318       0x34 C:\QMK_MSYS\tmp\ccJojJQd.ltrans0.ltrans.o
 .text.usb_sof_cb
                0x0800134c        0xe C:\QMK_MSYS\tmp\ccJojJQd.ltrans0.ltrans.o
 *fill*         0x0800135a        0x2 
 .text.keyboard_leds
                0x0800135c        0xc C:\QMK_MSYS\tmp\ccJojJQd.ltrans0.ltrans.o
 .text.send_mouse
                0x08001368        0x2 C:\QMK_MSYS\tmp\ccJojJQd.ltrans0.ltrans.o
 *fill*         0x0800136a        0x2 
 .text.chSysPolledDelayX
                0x0800136c       0x14 C:\QMK_MSYS\tmp\ccJojJQd.ltrans0.ltrans.o
 .text.dmaStreamFreeI
                0x08001380       0x7c C:\QMK_MSYS\tmp\ccJojJQd.ltrans0.ltrans.o
 .text.i2c_lld_abort_operation
                0x080013fc       0x4a C:\QMK_MSYS\tmp\ccJojJQd.ltrans0.ltrans.o
 *fill*         0x08001446        0x2 
 .text.i2c_lld_serve_tx_end_irq
                0x08001448       0x44 C:\QMK_MSYS\tmp\ccJojJQd.ltrans0.ltrans.o
 .text.otg_disable_ep
                0x0800148c       0x56 C:\QMK_MSYS\tmp\ccJojJQd.ltrans0.ltrans.o
 .text.usb_lld_start_in
                0x080014e2       0x8a C:\QMK_MSYS\tmp\ccJojJQd.ltrans0.ltrans.o
 .text.usbStartTransmitI
                0x0800156c       0x24 C:\QMK_MSYS\tmp\ccJojJQd.ltrans0.ltrans.o
 .text._usb_ep0out
                0x08001590       0x80 C:\QMK_MSYS\tmp\ccJojJQd.ltrans0.ltrans.o
 .text.gpio_init
                0x08001610       0x1e C:\QMK_MSYS\tmp\ccJojJQd.ltrans0.ltrans.o
 *fill*         0x0800162e        0x2 
 .text._usb_wakeup.constprop.0
                0x08001630       0x1c C:\QMK_MSYS\tmp\ccJojJQd.ltrans0.ltrans.o
 .text.usb_lld_start_out.constprop.0
                0x0800164c       0x66 C:\QMK_MSYS\tmp\ccJojJQd.ltrans0.ltrans.o
 .text.usbStartReceiveI.constprop.0
                0x080016b2       0x20 C:\QMK_MSYS\tmp\ccJojJQd.ltrans0.ltrans.o
 .text._usb_ep0in
                0x080016d2       0xb8 C:\QMK_MSYS\tmp\ccJojJQd.ltrans0.ltrans.o
 *fill*         0x0800178a        0x2 
 .text.dmaStreamAllocI.part.0.constprop.0
                0x0800178c       0xa8 C:\QMK_MSYS\tmp\ccJojJQd.ltrans0.ltrans.o
 .text.usbStart.constprop.0.isra.0
                0x08001834       0xe4 C:\QMK_MSYS\tmp\ccJojJQd.ltrans0.ltrans.o
 .text.otg_txfifo_flush.isra.0
                0x08001918       0x14 C:\QMK_MSYS\tmp\ccJojJQd.ltrans0.ltrans.o
 .text.usb_event_queue_enqueue.isra.0
                0x0800192c       0x28 C:\QMK_MSYS\tmp\ccJojJQd.ltrans0.ltrans.o
 .text.waiting_buffer_typed.isra.0
                0x08001954       0x44 C:\QMK_MSYS\tmp\ccJojJQd.ltrans0.ltrans.o
 .text.send_keyboard_report
                0x08001998       0x94 C:\QMK_MSYS\tmp\ccJojJQd.ltrans0.ltrans.o
 .text.unregister_code
                0x08001a2c       0x9c C:\QMK_MSYS\tmp\ccJojJQd.ltrans0.ltrans.o
 .text.register_mods
                0x08001ac8       0x14 C:\QMK_MSYS\tmp\ccJojJQd.ltrans0.ltrans.o
 .text.unregister_mods
                0x08001adc       0x18 C:\QMK_MSYS\tmp\ccJojJQd.ltrans0.ltrans.o
 .text.eeprom_driver_erase
                0x08001af4       0x10 C:\QMK_MSYS\tmp\ccJojJQd.ltrans0.ltrans.o
 .text.oled_clear
                0x08001b04       0x2c C:\QMK_MSYS\tmp\ccJojJQd.ltrans0.ltrans.o
 .text.animation_on.isra.0
                0x08001b30       0x9c C:\QMK_MSYS\tmp\ccJojJQd.ltrans0.ltrans.o
 .text.clear_keys_from_report
                0x08001bcc       0x34 C:\QMK_MSYS\tmp\ccJojJQd.ltrans0.ltrans.o
 .text.usbInitEndpointI
                0x08001c00      0x134 C:\QMK_MSYS\tmp\ccJojJQd.ltrans0.ltrans.o
 .text.usb_event_cb
                0x08001d34       0x5c C:\QMK_MSYS\tmp\ccJojJQd.ltrans0.ltrans.o
 .text.eeprom_read_block
                0x08001d90       0x34 C:\QMK_MSYS\tmp\ccJojJQd.ltrans0.ltrans.o
 .text.eeprom_read_byte
                0x08001dc4       0x1e C:\QMK_MSYS\tmp\ccJojJQd.ltrans0.ltrans.o
 .text.eeprom_read_word
                0x08001de2       0x1e C:\QMK_MSYS\tmp\ccJojJQd.ltrans0.ltrans.o
 .text.eeconfig_read_rgblight
                0x08001e00       0x22 C:\QMK_MSYS\tmp\ccJojJQd.ltrans0.ltrans.o
 *fill*         0x08001e22        0x2 
 .text.eeprom_write_block
                0x08001e24       0x24 C:\QMK_MSYS\tmp\ccJojJQd.ltrans0.ltrans.o
 .text.eeprom_update_byte
                0x08001e48       0x22 C:\QMK_MSYS\tmp\ccJojJQd.ltrans0.ltrans.o
 .text.eeprom_update_word
                0x08001e6a       0x22 C:\QMK_MSYS\tmp\ccJojJQd.ltrans0.ltrans.o
 .text.eeprom_update_dword
                0x08001e8c       0x2e C:\QMK_MSYS\tmp\ccJojJQd.ltrans0.ltrans.o
 .text.eeconfig_update_rgblight
                0x08001eba       0x1c C:\QMK_MSYS\tmp\ccJojJQd.ltrans0.ltrans.o
 *fill*         0x08001ed6        0x2 
 .text.rgblight_disable
                0x08001ed8       0x2c C:\QMK_MSYS\tmp\ccJojJQd.ltrans0.ltrans.o
 .text.rgblight_decrease_speed
                0x08001f04       0x18 C:\QMK_MSYS\tmp\ccJojJQd.ltrans0.ltrans.o
 .text.rgblight_increase_speed
                0x08001f1c       0x18 C:\QMK_MSYS\tmp\ccJojJQd.ltrans0.ltrans.o
 .text.rgblight_sethsv_eeprom_helper
                0x08001f34       0x98 C:\QMK_MSYS\tmp\ccJojJQd.ltrans0.ltrans.o
 .text.rgblight_increase_hue
                0x08001fcc       0x18 C:\QMK_MSYS\tmp\ccJojJQd.ltrans0.ltrans.o
 .text.rgblight_decrease_hue
                0x08001fe4       0x18 C:\QMK_MSYS\tmp\ccJojJQd.ltrans0.ltrans.o
 .text.rgblight_increase_sat
                0x08001ffc       0x1c C:\QMK_MSYS\tmp\ccJojJQd.ltrans0.ltrans.o
 .text.rgblight_decrease_sat
                0x08002018       0x1c C:\QMK_MSYS\tmp\ccJojJQd.ltrans0.ltrans.o
 .text.rgblight_increase_val
                0x08002034       0x1c C:\QMK_MSYS\tmp\ccJojJQd.ltrans0.ltrans.o
 .text.rgblight_decrease_val
                0x08002050       0x1c C:\QMK_MSYS\tmp\ccJojJQd.ltrans0.ltrans.o
 .text.rgblight_mode_eeprom_helper
                0x0800206c       0x78 C:\QMK_MSYS\tmp\ccJojJQd.ltrans0.ltrans.o
 .text.rgblight_enable
                0x080020e4       0x18 C:\QMK_MSYS\tmp\ccJojJQd.ltrans0.ltrans.o
 .text.rgblight_step
                0x080020fc       0x1c C:\QMK_MSYS\tmp\ccJojJQd.ltrans0.ltrans.o
 .text.rgblight_step_reverse
                0x08002118       0x20 C:\QMK_MSYS\tmp\ccJojJQd.ltrans0.ltrans.o
 .text.handleKeycodeRGBMode.constprop.0
                0x08002138       0x28 C:\QMK_MSYS\tmp\ccJojJQd.ltrans0.ltrans.o
 .text.oled_send_cmd
                0x08002160       0x16 C:\QMK_MSYS\tmp\ccJojJQd.ltrans0.ltrans.o
 *fill*         0x08002176        0x2 
 .text.oled_off.isra.0
                0x08002178       0x2c C:\QMK_MSYS\tmp\ccJojJQd.ltrans0.ltrans.o
 .text.oled_on.isra.0
                0x080021a4       0x3c C:\QMK_MSYS\tmp\ccJojJQd.ltrans0.ltrans.o
 .text.ch_dlist_insert
                0x080021e0       0x2a C:\QMK_MSYS\tmp\ccJojJQd.ltrans0.ltrans.o
 *fill*         0x0800220a        0x2 
 .text.vt_set_alarm
                0x0800220c       0x38 C:\QMK_MSYS\tmp\ccJojJQd.ltrans0.ltrans.o
 .text.chVTDoResetI
                0x08002244       0x6c C:\QMK_MSYS\tmp\ccJojJQd.ltrans0.ltrans.o
 .text.vt_insert_first.constprop.0
                0x080022b0       0x54 C:\QMK_MSYS\tmp\ccJojJQd.ltrans0.ltrans.o
 .text.vt_enqueue.constprop.0
                0x08002304       0x50 C:\QMK_MSYS\tmp\ccJojJQd.ltrans0.ltrans.o
 .text.chVTSetI.constprop.0
                0x08002354       0x30 C:\QMK_MSYS\tmp\ccJojJQd.ltrans0.ltrans.o
 .text.usb_requests_hook_cb
                0x08002384      0x15c C:\QMK_MSYS\tmp\ccJojJQd.ltrans0.ltrans.o
 .text.keyboard_idle_timer_cb
                0x080024e0       0x78 C:\QMK_MSYS\tmp\ccJojJQd.ltrans0.ltrans.o
 .text.__sch_ready_behind.isra.0
                0x08002558       0x1c C:\QMK_MSYS\tmp\ccJojJQd.ltrans0.ltrans.o
 .text.chThdResumeI
                0x08002574       0x12 C:\QMK_MSYS\tmp\ccJojJQd.ltrans0.ltrans.o
 *fill*         0x08002586        0x2 
 .text.i2c_lld_serve_rx_end_irq
                0x08002588       0x68 C:\QMK_MSYS\tmp\ccJojJQd.ltrans0.ltrans.o
 .text._usb_ep0setup
                0x080025f0      0x34c C:\QMK_MSYS\tmp\ccJojJQd.ltrans0.ltrans.o
 .text.otg_epin_handler.constprop.0
                0x0800293c      0x108 C:\QMK_MSYS\tmp\ccJojJQd.ltrans0.ltrans.o
 .text.otg_epout_handler.constprop.0
                0x08002a44       0xac C:\QMK_MSYS\tmp\ccJojJQd.ltrans0.ltrans.o
 .text.__sch_wakeup
                0x08002af0       0x44 C:\QMK_MSYS\tmp\ccJojJQd.ltrans0.ltrans.o
 .text.chSchGoSleepS
                0x08002b34       0x1c C:\QMK_MSYS\tmp\ccJojJQd.ltrans0.ltrans.o
 .text.chSchGoSleepTimeoutS
                0x08002b50       0x44 C:\QMK_MSYS\tmp\ccJojJQd.ltrans0.ltrans.o
 .text.chThdSuspendTimeoutS
                0x08002b94       0x1c C:\QMK_MSYS\tmp\ccJojJQd.ltrans0.ltrans.o
 .text.send_report
                0x08002bb0       0x50 C:\QMK_MSYS\tmp\ccJojJQd.ltrans0.ltrans.o
 .text.programmable_button_flush
                0x08002c00       0x38 C:\QMK_MSYS\tmp\ccJojJQd.ltrans0.ltrans.o
 .text.clear_keyboard
                0x08002c38       0x38 C:\QMK_MSYS\tmp\ccJojJQd.ltrans0.ltrans.o
 .text.send_keyboard
                0x08002c70       0x20 C:\QMK_MSYS\tmp\ccJojJQd.ltrans0.ltrans.o
 .text.send_nkro
                0x08002c90        0xa C:\QMK_MSYS\tmp\ccJojJQd.ltrans0.ltrans.o
 .text.send_extra
                0x08002c9a        0xa C:\QMK_MSYS\tmp\ccJojJQd.ltrans0.ltrans.o
 .text.__port_irq_epilogue
                0x08002ca4       0x5c C:\QMK_MSYS\tmp\ccJojJQd.ltrans0.ltrans.o
 .text.oled_init.constprop.0.isra.0
                0x08002d00       0x88 C:\QMK_MSYS\tmp\ccJojJQd.ltrans0.ltrans.o
 .text.oled_task
                0x08002d88      0x220 C:\QMK_MSYS\tmp\ccJojJQd.ltrans0.ltrans.o
 .text.led_init_ports
                0x08002fa8        0x2 C:\QMK_MSYS\tmp\ccJojJQd.ltrans0.ltrans.o
                0x08002fa8                __cpu_init
 *fill*         0x08002faa        0x2 
 .text.__early_init
                0x08002fac      0x22c C:\QMK_MSYS\tmp\ccJojJQd.ltrans0.ltrans.o
                0x08002fac                __early_init
 .text.__late_init
                0x080031d8        0x2 C:\QMK_MSYS\tmp\ccJojJQd.ltrans0.ltrans.o
                0x080031d8                __late_init
 .text.__default_exit
                0x080031da        0x2 C:\QMK_MSYS\tmp\ccJojJQd.ltrans0.ltrans.o
                0x080031da                __default_exit
 .text.__init_ram_areas
                0x080031dc       0x58 C:\QMK_MSYS\tmp\ccJojJQd.ltrans0.ltrans.o
                0x080031dc                __init_ram_areas
 .text.__sch_reschedule_ahead
                0x08003234       0x3c C:\QMK_MSYS\tmp\ccJojJQd.ltrans0.ltrans.o
                0x08003234                chSchDoPreemption
 .text.usbStop.constprop.0
                0x08003270       0xac C:\QMK_MSYS\tmp\ccJojJQd.ltrans0.ltrans.o
 .text.chThdExit
                0x0800331c       0x18 C:\QMK_MSYS\tmp\ccJojJQd.ltrans0.ltrans.o
                0x0800331c                chThdExit
 .text.chThdSleep
                0x08003334       0x18 C:\QMK_MSYS\tmp\ccJojJQd.ltrans0.ltrans.o
                0x08003334                chThdSleep
 .text.register_code
                0x0800334c      0x114 C:\QMK_MSYS\tmp\ccJojJQd.ltrans0.ltrans.o
 .text.tap_code_delay
                0x08003460       0x40 C:\QMK_MSYS\tmp\ccJojJQd.ltrans0.ltrans.o
 .text.perform_space_cadet.constprop.0.isra.0
                0x080034a0       0xac C:\QMK_MSYS\tmp\ccJojJQd.ltrans0.ltrans.o
 .text.process_record
                0x0800354c      0x7c0 C:\QMK_MSYS\tmp\ccJojJQd.ltrans0.ltrans.o
 .text.waiting_buffer_scan_tap
                0x08003d0c       0x80 C:\QMK_MSYS\tmp\ccJojJQd.ltrans0.ltrans.o
 .text.process_tapping
                0x08003d8c      0x1fc C:\QMK_MSYS\tmp\ccJojJQd.ltrans0.ltrans.o
 .text.action_exec
                0x08003f88       0xcc C:\QMK_MSYS\tmp\ccJojJQd.ltrans0.ltrans.o
 .text.generate_tick_event
                0x08004054       0x38 C:\QMK_MSYS\tmp\ccJojJQd.ltrans0.ltrans.o
 .text.SVC_Handler
                0x0800408c       0x20 C:\QMK_MSYS\tmp\ccJojJQd.ltrans0.ltrans.o
                0x0800408c                SVC_Handler
 .text.i2cStart
                0x080040ac      0x188 C:\QMK_MSYS\tmp\ccJojJQd.ltrans0.ltrans.o
                0x080040ac                i2cStart
 .text.i2cStop  0x08004234       0x7c C:\QMK_MSYS\tmp\ccJojJQd.ltrans0.ltrans.o
                0x08004234                i2cStop
 .text.i2cMasterTransmitTimeout
                0x080042b0      0x104 C:\QMK_MSYS\tmp\ccJojJQd.ltrans0.ltrans.o
                0x080042b0                i2cMasterTransmitTimeout
 .text.VectorB0
                0x080043b4       0xd0 C:\QMK_MSYS\tmp\ccJojJQd.ltrans0.ltrans.o
                0x080043b4                VectorB0
 .text.Vector6C
                0x08004484       0x28 C:\QMK_MSYS\tmp\ccJojJQd.ltrans0.ltrans.o
                0x08004484                Vector6C
 .text.Vector70
                0x080044ac       0x2c C:\QMK_MSYS\tmp\ccJojJQd.ltrans0.ltrans.o
                0x080044ac                Vector70
 .text.Vector74
                0x080044d8       0x2c C:\QMK_MSYS\tmp\ccJojJQd.ltrans0.ltrans.o
                0x080044d8                Vector74
 .text.Vector78
                0x08004504       0x2c C:\QMK_MSYS\tmp\ccJojJQd.ltrans0.ltrans.o
                0x08004504                Vector78
 .text.Vector7C
                0x08004530       0x28 C:\QMK_MSYS\tmp\ccJojJQd.ltrans0.ltrans.o
                0x08004530                Vector7C
 .text.Vector80
                0x08004558       0x2c C:\QMK_MSYS\tmp\ccJojJQd.ltrans0.ltrans.o
                0x08004558                Vector80
 .text.Vector84
                0x08004584       0x2c C:\QMK_MSYS\tmp\ccJojJQd.ltrans0.ltrans.o
                0x08004584                Vector84
 .text.VectorFC
                0x080045b0       0x2c C:\QMK_MSYS\tmp\ccJojJQd.ltrans0.ltrans.o
                0x080045b0                VectorFC
 .text.Vector120
                0x080045dc       0x28 C:\QMK_MSYS\tmp\ccJojJQd.ltrans0.ltrans.o
                0x080045dc                Vector120
 .text.Vector124
                0x08004604       0x2c C:\QMK_MSYS\tmp\ccJojJQd.ltrans0.ltrans.o
                0x08004604                Vector124
 .text.Vector128
                0x08004630       0x2c C:\QMK_MSYS\tmp\ccJojJQd.ltrans0.ltrans.o
                0x08004630                Vector128
 .text.Vector12C
                0x0800465c       0x2c C:\QMK_MSYS\tmp\ccJojJQd.ltrans0.ltrans.o
                0x0800465c                Vector12C
 .text.Vector130
                0x08004688       0x28 C:\QMK_MSYS\tmp\ccJojJQd.ltrans0.ltrans.o
                0x08004688                Vector130
 .text.Vector150
                0x080046b0       0x2c C:\QMK_MSYS\tmp\ccJojJQd.ltrans0.ltrans.o
                0x080046b0                Vector150
 .text.Vector154
                0x080046dc       0x2c C:\QMK_MSYS\tmp\ccJojJQd.ltrans0.ltrans.o
                0x080046dc                Vector154
 .text.Vector158
                0x08004708       0x2c C:\QMK_MSYS\tmp\ccJojJQd.ltrans0.ltrans.o
                0x08004708                Vector158
 .text._pal_lld_setgroupmode
                0x08004734       0xd6 C:\QMK_MSYS\tmp\ccJojJQd.ltrans0.ltrans.o
                0x08004734                _pal_lld_setgroupmode
 .text.setPinInputHigh_atomic
                0x0800480a       0x22 C:\QMK_MSYS\tmp\ccJojJQd.ltrans0.ltrans.o
 .text.ws2812_setleds
                0x0800482c       0x84 C:\QMK_MSYS\tmp\ccJojJQd.ltrans0.ltrans.o
 .text.encoder_quadrature_init_pin
                0x080048b0       0x24 C:\QMK_MSYS\tmp\ccJojJQd.ltrans0.ltrans.o
 .text.matrix_scan.isra.0
                0x080048d4      0x2a8 C:\QMK_MSYS\tmp\ccJojJQd.ltrans0.ltrans.o
 .text.startup.main
                0x08004b7c      0x960 C:\QMK_MSYS\tmp\ccJojJQd.ltrans0.ltrans.o
                0x08004b7c                main
 .text.VectorBC
                0x080054dc      0x114 C:\QMK_MSYS\tmp\ccJojJQd.ltrans0.ltrans.o
                0x080054dc                VectorBC
 .text.VectorC0
                0x080055f0       0xd0 C:\QMK_MSYS\tmp\ccJojJQd.ltrans0.ltrans.o
                0x080055f0                VectorC0
 .text.Vector14C
                0x080056c0      0x450 C:\QMK_MSYS\tmp\ccJojJQd.ltrans0.ltrans.o
                0x080056c0                Vector14C
 .text._sbrk_r  0x08005b10       0x3c C:\QMK_MSYS\tmp\ccJojJQd.ltrans0.ltrans.o
                0x08005b10                _sbrk_r
 .text._fini    0x08005b4c        0x2 C:\QMK_MSYS\tmp\ccJojJQd.ltrans0.ltrans.o
                0x08005b4c                _fini
 *fill*         0x08005b4e        0x2 
 .text.i2c_epilogue
                0x08005b50       0x20 .build/obj_vessel_base/i2c_master.a(i2c_master.o)
 .text.i2c_init
                0x08005b70       0x50 .build/obj_vessel_base/i2c_master.a(i2c_master.o)
                0x08005b70                i2c_init
 .text.i2c_transmit
                0x08005bc0       0x68 .build/obj_vessel_base/i2c_master.a(i2c_master.o)
                0x08005bc0                i2c_transmit
 .text.i2c_write_register
                0x08005c28       0x90 .build/obj_vessel_base/i2c_master.a(i2c_master.o)
                0x08005c28                i2c_write_register
 .text.__udivmoddi4
                0x08005cb8      0x2a0 c:/qmk_msys/mingw64/bin/../lib/gcc/arm-none-eabi/12.2.0/thumb/v7e-m+fp/hard\libgcc.a(_udivmoddi4.o)
                0x08005cb8                __udivmoddi4
 *(.glue_7t)
 .glue_7t       0x08005f58        0x0 linker stubs
 *(.glue_7)
 .glue_7        0x08005f58        0x0 linker stubs
 *(.gcc*)
                0x08005f58                        __text_end__ = .

.vfp11_veneer   0x08005f58        0x0
 .vfp11_veneer  0x08005f58        0x0 linker stubs

.v4_bx          0x08005f58        0x0
 .v4_bx         0x08005f58        0x0 linker stubs

.iplt           0x08005f58        0x0
 .iplt          0x08005f58        0x0 .build/obj_vessel_base/i2c_master.a(i2c_master.o)

.rodata         0x08005f58     0x1b28
                0x08005f58                        __rodata_base__ = .
 *(.rodata)
 .rodata        0x08005f58       0x10 C:\QMK_MSYS\tmp\ccJojJQd.ltrans0.ltrans.o
 *(.rodata.*)
 .rodata.i2c_lld_serve_tx_end_irq.str1.1
                0x08005f68        0xf C:\QMK_MSYS\tmp\ccJojJQd.ltrans0.ltrans.o
                                  0xc (size before relaxing)
 .rodata.epd_bitmap_frame_3_delay_0.3
                0x08005f77      0x400 C:\QMK_MSYS\tmp\ccJojJQd.ltrans0.ltrans.o
 .rodata.epd_bitmap_frame_2_delay_0.2
                0x08006377      0x400 C:\QMK_MSYS\tmp\ccJojJQd.ltrans0.ltrans.o
 .rodata.epd_bitmap_frame_1_delay_0.1
                0x08006777      0x400 C:\QMK_MSYS\tmp\ccJojJQd.ltrans0.ltrans.o
 .rodata.epd_bitmap_frame_0_delay_0.0
                0x08006b77      0x400 C:\QMK_MSYS\tmp\ccJojJQd.ltrans0.ltrans.o
 .rodata.ProductString
                0x08006f77       0x14 C:\QMK_MSYS\tmp\ccJojJQd.ltrans0.ltrans.o
 .rodata.ManufacturerString
                0x08006f8b       0x24 C:\QMK_MSYS\tmp\ccJojJQd.ltrans0.ltrans.o
 .rodata.LanguageString
                0x08006faf        0x4 C:\QMK_MSYS\tmp\ccJojJQd.ltrans0.ltrans.o
 .rodata.display_on.5
                0x08006fb3        0x2 C:\QMK_MSYS\tmp\ccJojJQd.ltrans0.ltrans.o
 .rodata.display_off.4
                0x08006fb5        0x2 C:\QMK_MSYS\tmp\ccJojJQd.ltrans0.ltrans.o
 .rodata.display_setup2.11
                0x08006fb7        0xd C:\QMK_MSYS\tmp\ccJojJQd.ltrans0.ltrans.o
 .rodata.display_flipped.12
                0x08006fc4        0x5 C:\QMK_MSYS\tmp\ccJojJQd.ltrans0.ltrans.o
 .rodata.display_normal.13
                0x08006fc9        0x5 C:\QMK_MSYS\tmp\ccJojJQd.ltrans0.ltrans.o
 .rodata.display_setup1.14
                0x08006fce        0xb C:\QMK_MSYS\tmp\ccJojJQd.ltrans0.ltrans.o
 *fill*         0x08006fd9        0x3 
 .rodata.ep0config
                0x08006fdc       0x24 C:\QMK_MSYS\tmp\ccJojJQd.ltrans0.ltrans.o
 .rodata.active_status
                0x08007000        0x2 C:\QMK_MSYS\tmp\ccJojJQd.ltrans0.ltrans.o
 .rodata.halted_status
                0x08007002        0x2 C:\QMK_MSYS\tmp\ccJojJQd.ltrans0.ltrans.o
 .rodata.zero_status
                0x08007004        0x2 C:\QMK_MSYS\tmp\ccJojJQd.ltrans0.ltrans.o
 *fill*         0x08007006        0x2 
 .rodata.ram_areas
                0x08007008       0x80 C:\QMK_MSYS\tmp\ccJojJQd.ltrans0.ltrans.o
 .rodata.gpio_default_config
                0x08007088       0xe0 C:\QMK_MSYS\tmp\ccJojJQd.ltrans0.ltrans.o
 .rodata.shared_ep_config
                0x08007168       0x24 C:\QMK_MSYS\tmp\ccJojJQd.ltrans0.ltrans.o
 .rodata.kbd_ep_config
                0x0800718c       0x24 C:\QMK_MSYS\tmp\ccJojJQd.ltrans0.ltrans.o
 .rodata.SharedReport
                0x080071b0       0x8b C:\QMK_MSYS\tmp\ccJojJQd.ltrans0.ltrans.o
 .rodata.KeyboardReport
                0x0800723b       0x44 C:\QMK_MSYS\tmp\ccJojJQd.ltrans0.ltrans.o
 .rodata.ConfigurationDescriptor
                0x0800727f       0x3b C:\QMK_MSYS\tmp\ccJojJQd.ltrans0.ltrans.o
 .rodata.DeviceDescriptor
                0x080072ba       0x12 C:\QMK_MSYS\tmp\ccJojJQd.ltrans0.ltrans.o
 .rodata.CSWTCH.2
                0x080072cc        0x3 C:\QMK_MSYS\tmp\ccJojJQd.ltrans0.ltrans.o
 *fill*         0x080072cf        0x1 
 .rodata.CSWTCH.1
                0x080072d0        0xc C:\QMK_MSYS\tmp\ccJojJQd.ltrans0.ltrans.o
 .rodata.caps_active.5
                0x080072dc      0x400 C:\QMK_MSYS\tmp\ccJojJQd.ltrans0.ltrans.o
 .rodata.target_map.7
                0x080076dc        0x8 C:\QMK_MSYS\tmp\ccJojJQd.ltrans0.ltrans.o
 .rodata.source_map.8
                0x080076e4        0x8 C:\QMK_MSYS\tmp\ccJojJQd.ltrans0.ltrans.o
 .rodata.mode_base_table
                0x080076ec        0x8 C:\QMK_MSYS\tmp\ccJojJQd.ltrans0.ltrans.o
 .rodata.CIE1931_CURVE
                0x080076f4      0x100 C:\QMK_MSYS\tmp\ccJojJQd.ltrans0.ltrans.o
 .rodata._stm32_dma_streams
                0x080077f4       0xc0 C:\QMK_MSYS\tmp\ccJojJQd.ltrans0.ltrans.o
 .rodata.fsparams
                0x080078b4        0xc C:\QMK_MSYS\tmp\ccJojJQd.ltrans0.ltrans.o
 .rodata.str1.1
                0x080078c0        0x3 C:\QMK_MSYS\tmp\ccJojJQd.ltrans0.ltrans.o
 .rodata.ch_core0_cfg
                0x080078c0        0xc C:\QMK_MSYS\tmp\ccJojJQd.ltrans0.ltrans.o
 .rodata.row_pins
                0x080078cc       0x1c C:\QMK_MSYS\tmp\ccJojJQd.ltrans0.ltrans.o
 .rodata.col_pins
                0x080078e8       0x44 C:\QMK_MSYS\tmp\ccJojJQd.ltrans0.ltrans.o
 .rodata.usbcfg
                0x0800792c       0x10 C:\QMK_MSYS\tmp\ccJojJQd.ltrans0.ltrans.o
 .rodata.RGBLED_RAINBOW_SWIRL_INTERVALS
                0x0800793c        0x3 C:\QMK_MSYS\tmp\ccJojJQd.ltrans0.ltrans.o
 .rodata.encoder_LUT
                0x0800793f       0x10 C:\QMK_MSYS\tmp\ccJojJQd.ltrans0.ltrans.o
 *fill*         0x0800794f        0x1 
 .rodata.keymaps
                0x08007950       0xee C:\QMK_MSYS\tmp\ccJojJQd.ltrans0.ltrans.o
 .rodata.CSWTCH.10
                0x08007a3e       0x36 C:\QMK_MSYS\tmp\ccJojJQd.ltrans0.ltrans.o
 .rodata.i2cconfig
                0x08007a74        0xc .build/obj_vessel_base/i2c_master.a(i2c_master.o)
                0x08007a80                        . = ALIGN (0x4)
                0x08007a80                        __rodata_end__ = .

.ARM.extab
 *(.ARM.extab* .gnu.linkonce.armextab.*)

.ARM.exidx      0x08007a80        0x8
                0x08007a80                        __exidx_base__ = .
                0x08007a80                        __exidx_start = .
 *(.ARM.exidx* .gnu.linkonce.armexidx.*)
 .ARM.exidx     0x08007a80        0x8 c:/qmk_msys/mingw64/bin/../lib/gcc/arm-none-eabi/12.2.0/../../../../arm-none-eabi/lib/thumb/v7e-m+fp/hard\libg_nano.a(libc_a-memcpy.o)
 .ARM.exidx     0x08007a88        0x0 c:/qmk_msys/mingw64/bin/../lib/gcc/arm-none-eabi/12.2.0/../../../../arm-none-eabi/lib/thumb/v7e-m+fp/hard\libg_nano.a(libc_a-memchr.o)
                                  0x8 (size before relaxing)
 .ARM.exidx.text.__udivmoddi4
                0x08007a88        0x0 c:/qmk_msys/mingw64/bin/../lib/gcc/arm-none-eabi/12.2.0/thumb/v7e-m+fp/hard\libgcc.a(_udivmoddi4.o)
                                  0x8 (size before relaxing)
                0x08007a88                        __exidx_end__ = .
                0x08007a88                        __exidx_end = .

.rel.dyn        0x08007a88        0x0
 .rel.iplt      0x08007a88        0x0 .build/obj_vessel_base/i2c_master.a(i2c_master.o)

.eh_frame_hdr
 *(.eh_frame_hdr)

.eh_frame
 *(.eh_frame)

.data           0x20000c00       0x74 load address 0x08007a88
                [!provide]                        PROVIDE (_textdata = LOADADDR (.data))
                [!provide]                        PROVIDE (_data = .)
                0x08007a88                        __textdata_base__ = LOADADDR (.data)
                0x20000c00                        __data_base__ = .
 *(.data)
 .data          0x20000c00       0x50 c:/qmk_msys/mingw64/bin/../lib/gcc/arm-none-eabi/12.2.0/../../../../arm-none-eabi/lib/thumb/v7e-m+fp/hard\libg_nano.a(libc_a-impure.o)
                0x20000c00                _impure_ptr
                0x20000c04                _impure_data
 *(.data.*)
 .data.display_start.10
                0x20000c50        0x7 C:\QMK_MSYS\tmp\ccJojJQd.ltrans0.ltrans.o
 .data.static_effect_table
                0x20000c57        0x1 C:\QMK_MSYS\tmp\ccJojJQd.ltrans0.ltrans.o
 .data.func     0x20000c58        0x4 C:\QMK_MSYS\tmp\ccJojJQd.ltrans0.ltrans.o
 .data.chibios_driver
                0x20000c5c       0x14 C:\QMK_MSYS\tmp\ccJojJQd.ltrans0.ltrans.o
 .data.keyboard_protocol
                0x20000c70        0x1 C:\QMK_MSYS\tmp\ccJojJQd.ltrans0.ltrans.o
 .data.animation_enabled
                0x20000c71        0x1 C:\QMK_MSYS\tmp\ccJojJQd.ltrans0.ltrans.o
 *(.ramtext)
                0x20000c74                        . = ALIGN (0x4)
 *fill*         0x20000c72        0x2 
                [!provide]                        PROVIDE (_edata = .)
                0x20000c74                        __data_end__ = .

.igot.plt       0x20000c74        0x0 load address 0x08007afc
 .igot.plt      0x20000c74        0x0 .build/obj_vessel_base/i2c_master.a(i2c_master.o)

.bss            0x20000c78    0x10ca0 load address 0x08007afc
                0x20000c78                        __bss_base__ = .
 *(.bss)
 .bss           0x20000c78        0x8 c:/qmk_msys/mingw64/bin/../lib/gcc/arm-none-eabi/12.2.0/../../../../arm-none-eabi/lib/thumb/v7e-m+fp/hard\libg_nano.a(libc_a-mallocr.o)
                0x20000c78                __malloc_sbrk_start
                0x20000c7c                __malloc_free_list
 .bss           0x20000c80       0x1d c:/qmk_msys/mingw64/bin/../lib/gcc/arm-none-eabi/12.2.0/../../../../arm-none-eabi/lib/thumb/v7e-m+fp/hard\libg_nano.a(libc_a-lock.o)
                0x20000c80                __lock___arc4random_mutex
                0x20000c84                __lock___dd_hash_mutex
                0x20000c88                __lock___tz_mutex
                0x20000c8c                __lock___env_recursive_mutex
                0x20000c90                __lock___malloc_recursive_mutex
                0x20000c94                __lock___at_quick_exit_mutex
                0x20000c98                __lock___atexit_recursive_mutex
                0x20000c9c                __lock___sfp_recursive_mutex
 *fill*         0x20000c9d        0x3 
 .bss           0x20000ca0      0x13c c:/qmk_msys/mingw64/bin/../lib/gcc/arm-none-eabi/12.2.0/../../../../arm-none-eabi/lib/thumb/v7e-m+fp/hard\libg_nano.a(libc_a-findfp.o)
                0x20000ca0                __sf
                0x20000dd8                __stdio_exit_handler
 *(.bss.*)
 .bss.ep0setup_buffer
                0x20000ddc        0x8 C:\QMK_MSYS\tmp\ccJojJQd.ltrans0.ltrans.o
 .bss.ep0_state
                0x20000de4       0x14 C:\QMK_MSYS\tmp\ccJojJQd.ltrans0.ltrans.o
 .bss.shared_ep_state
                0x20000df8       0x14 C:\QMK_MSYS\tmp\ccJojJQd.ltrans0.ltrans.o
 .bss.kbd_ep_state
                0x20000e0c       0x14 C:\QMK_MSYS\tmp\ccJojJQd.ltrans0.ltrans.o
 .bss.ch_c0_idle_thread_wa
                0x20000e20      0x1e0 C:\QMK_MSYS\tmp\ccJojJQd.ltrans0.ltrans.o
 .bss.__compound_literal.1
                0x20001000       0x20 C:\QMK_MSYS\tmp\ccJojJQd.ltrans0.ltrans.o
 .bss.__compound_literal.0
                0x20001020        0x8 C:\QMK_MSYS\tmp\ccJojJQd.ltrans0.ltrans.o
 .bss.timer     0x20001028        0x4 C:\QMK_MSYS\tmp\ccJojJQd.ltrans0.ltrans.o
 .bss.encoder_button_state.4
                0x2000102c        0x1 C:\QMK_MSYS\tmp\ccJojJQd.ltrans0.ltrans.o
 *fill*         0x2000102d        0x3 
 .bss.last_time
                0x20001030        0x4 C:\QMK_MSYS\tmp\ccJojJQd.ltrans0.ltrans.o
 .bss.counters_need_update
                0x20001034        0x1 C:\QMK_MSYS\tmp\ccJojJQd.ltrans0.ltrans.o
 .bss.cooked_changed
                0x20001035        0x1 C:\QMK_MSYS\tmp\ccJojJQd.ltrans0.ltrans.o
 .bss.sc_timer  0x20001036        0x2 C:\QMK_MSYS\tmp\ccJojJQd.ltrans0.ltrans.o
 .bss.keyboard_idle
                0x20001038        0x1 C:\QMK_MSYS\tmp\ccJojJQd.ltrans0.ltrans.o
 .bss.universal_report_blank
                0x20001039        0x8 C:\QMK_MSYS\tmp\ccJojJQd.ltrans0.ltrans.o
 .bss.keyboard_report_sent
                0x20001041        0x8 C:\QMK_MSYS\tmp\ccJojJQd.ltrans0.ltrans.o
 .bss.keyboard_led_state
                0x20001049        0x1 C:\QMK_MSYS\tmp\ccJojJQd.ltrans0.ltrans.o
 *fill*         0x2000104a        0x2 
 .bss.set_report_buf
                0x2000104c        0x2 C:\QMK_MSYS\tmp\ccJojJQd.ltrans0.ltrans.o
 *fill*         0x2000104e        0x2 
 .bss.descriptor.0
                0x20001050        0x8 C:\QMK_MSYS\tmp\ccJojJQd.ltrans0.ltrans.o
 .bss.last_consumer_usage
                0x20001058        0x2 C:\QMK_MSYS\tmp\ccJojJQd.ltrans0.ltrans.o
 .bss.last_system_usage
                0x2000105a        0x2 C:\QMK_MSYS\tmp\ccJojJQd.ltrans0.ltrans.o
 .bss.s_init.0  0x2000105c        0x1 C:\QMK_MSYS\tmp\ccJojJQd.ltrans0.ltrans.o
 .bss.oled_rotation_width
                0x2000105d        0x1 C:\QMK_MSYS\tmp\ccJojJQd.ltrans0.ltrans.o
 .bss.caps_lock_was_on.6
                0x2000105e        0x1 C:\QMK_MSYS\tmp\ccJojJQd.ltrans0.ltrans.o
 .bss.temp_buffer.9
                0x2000105f       0x40 C:\QMK_MSYS\tmp\ccJojJQd.ltrans0.ltrans.o
 .bss.oled_rotation
                0x2000109f        0x1 C:\QMK_MSYS\tmp\ccJojJQd.ltrans0.ltrans.o
 .bss.oled_scrolling
                0x200010a0        0x1 C:\QMK_MSYS\tmp\ccJojJQd.ltrans0.ltrans.o
 *fill*         0x200010a1        0x3 
 .bss.oled_timeout
                0x200010a4        0x4 C:\QMK_MSYS\tmp\ccJojJQd.ltrans0.ltrans.o
 .bss.oled_initialized
                0x200010a8        0x1 C:\QMK_MSYS\tmp\ccJojJQd.ltrans0.ltrans.o
 *fill*         0x200010a9        0x1 
 .bss.oled_dirty
                0x200010aa        0x2 C:\QMK_MSYS\tmp\ccJojJQd.ltrans0.ltrans.o
 .bss.oled_cursor
                0x200010ac        0x4 C:\QMK_MSYS\tmp\ccJojJQd.ltrans0.ltrans.o
 .bss.oled_buffer
                0x200010b0      0x400 C:\QMK_MSYS\tmp\ccJojJQd.ltrans0.ltrans.o
 .bss.led       0x200014b0      0x132 C:\QMK_MSYS\tmp\ccJojJQd.ltrans0.ltrans.o
 *fill*         0x200015e2        0x2 
 .bss.transientBuffer
                0x200015e4     0xffff C:\QMK_MSYS\tmp\ccJojJQd.ltrans0.ltrans.o
 *fill*         0x200115e3        0x1 
 .bss.dma       0x200115e4       0x84 C:\QMK_MSYS\tmp\ccJojJQd.ltrans0.ltrans.o
 .bss.ch_memcore
                0x20011668        0x8 C:\QMK_MSYS\tmp\ccJojJQd.ltrans0.ltrans.o
 .bss.ch0       0x20011670       0x60 C:\QMK_MSYS\tmp\ccJojJQd.ltrans0.ltrans.o
 .bss.keyboard_idle_timer.lto_priv.1
                0x200116d0       0x18 C:\QMK_MSYS\tmp\ccJojJQd.ltrans0.ltrans.o
 .bss.ms_offset
                0x200116e8        0x4 C:\QMK_MSYS\tmp\ccJojJQd.ltrans0.ltrans.o
 .bss.last_ticks
                0x200116ec        0x4 C:\QMK_MSYS\tmp\ccJojJQd.ltrans0.ltrans.o
 .bss.ticks_offset
                0x200116f0        0x4 C:\QMK_MSYS\tmp\ccJojJQd.ltrans0.ltrans.o
 .bss.debounce_counters
                0x200116f4        0x4 C:\QMK_MSYS\tmp\ccJojJQd.ltrans0.ltrans.o
 .bss.raw_matrix
                0x200116f8       0x1c C:\QMK_MSYS\tmp\ccJojJQd.ltrans0.ltrans.o
 .bss.is_rgblight_initialized
                0x20011714        0x1 C:\QMK_MSYS\tmp\ccJojJQd.ltrans0.ltrans.o
 *fill*         0x20011715        0x3 
 .bss.driver.lto_priv.1
                0x20011718        0x4 C:\QMK_MSYS\tmp\ccJojJQd.ltrans0.ltrans.o
 .bss.event_queue
                0x2001171c       0x10 C:\QMK_MSYS\tmp\ccJojJQd.ltrans0.ltrans.o
 .bss.event_queue_tail
                0x2001172c        0x1 C:\QMK_MSYS\tmp\ccJojJQd.ltrans0.ltrans.o
 .bss.event_queue_head
                0x2001172d        0x1 C:\QMK_MSYS\tmp\ccJojJQd.ltrans0.ltrans.o
 .bss.last_suspend_state
                0x2001172e        0x1 C:\QMK_MSYS\tmp\ccJojJQd.ltrans0.ltrans.o
 *fill*         0x2001172f        0x1 
 .bss.USBD1     0x20011730       0x78 C:\QMK_MSYS\tmp\ccJojJQd.ltrans0.ltrans.o
 .bss.matrix    0x200117a8       0x1c C:\QMK_MSYS\tmp\ccJojJQd.ltrans0.ltrans.o
 .bss.debug_config
                0x200117c4        0x1 C:\QMK_MSYS\tmp\ccJojJQd.ltrans0.ltrans.o
 *fill*         0x200117c5        0x3 
 .bss.matrix_previous.1
                0x200117c8       0x1c C:\QMK_MSYS\tmp\ccJojJQd.ltrans0.ltrans.o
 .bss.animation_status
                0x200117e4        0x6 C:\QMK_MSYS\tmp\ccJojJQd.ltrans0.ltrans.o
 .bss.rgblight_status
                0x200117ea        0x2 C:\QMK_MSYS\tmp\ccJojJQd.ltrans0.ltrans.o
 .bss.encoder_pulses
                0x200117ec        0x1 C:\QMK_MSYS\tmp\ccJojJQd.ltrans0.ltrans.o
 .bss.encoder_state
                0x200117ed        0x1 C:\QMK_MSYS\tmp\ccJojJQd.ltrans0.ltrans.o
 .bss.thisCount
                0x200117ee        0x1 C:\QMK_MSYS\tmp\ccJojJQd.ltrans0.ltrans.o
 .bss.encoder_events
                0x200117ef        0x8 C:\QMK_MSYS\tmp\ccJojJQd.ltrans0.ltrans.o
 .bss.signal_queue_drain
                0x200117f7        0x1 C:\QMK_MSYS\tmp\ccJojJQd.ltrans0.ltrans.o
 .bss.last_led_status.0
                0x200117f8        0x1 C:\QMK_MSYS\tmp\ccJojJQd.ltrans0.ltrans.o
 *fill*         0x200117f9        0x1 
 .bss.last_tick.0
                0x200117fa        0x2 C:\QMK_MSYS\tmp\ccJojJQd.ltrans0.ltrans.o
 .bss.last_report.0
                0x200117fc       0x20 C:\QMK_MSYS\tmp\ccJojJQd.ltrans0.ltrans.o
 .bss.driver.lto_priv.0
                0x2001181c        0x4 C:\QMK_MSYS\tmp\ccJojJQd.ltrans0.ltrans.o
 .bss.last_report.1
                0x20011820        0x8 C:\QMK_MSYS\tmp\ccJojJQd.ltrans0.ltrans.o
 .bss.source_layers_cache
                0x20011828       0x3c C:\QMK_MSYS\tmp\ccJojJQd.ltrans0.ltrans.o
 .bss.current_frame
                0x20011864        0x1 C:\QMK_MSYS\tmp\ccJojJQd.ltrans0.ltrans.o
 *fill*         0x20011865        0x3 
 .bss.anim_off_timer
                0x20011868        0x4 C:\QMK_MSYS\tmp\ccJojJQd.ltrans0.ltrans.o
 .bss.anim_timer
                0x2001186c        0x4 C:\QMK_MSYS\tmp\ccJojJQd.ltrans0.ltrans.o
 .bss.oled_active
                0x20011870        0x1 C:\QMK_MSYS\tmp\ccJojJQd.ltrans0.ltrans.o
 *fill*         0x20011871        0x3 
 .bss.keyboard_idle_timer.lto_priv.0
                0x20011874        0x4 C:\QMK_MSYS\tmp\ccJojJQd.ltrans0.ltrans.o
 .bss.sc_last   0x20011878        0x1 C:\QMK_MSYS\tmp\ccJojJQd.ltrans0.ltrans.o
 *fill*         0x20011879        0x1 
 .bss.keymap_config
                0x2001187a        0x2 C:\QMK_MSYS\tmp\ccJojJQd.ltrans0.ltrans.o
 .bss.grave_esc_was_shifted
                0x2001187c        0x1 C:\QMK_MSYS\tmp\ccJojJQd.ltrans0.ltrans.o
 *fill*         0x2001187d        0x3 
 .bss.rgblight_config
                0x20011880        0x8 C:\QMK_MSYS\tmp\ccJojJQd.ltrans0.ltrans.o
 .bss.programmable_button_report
                0x20011888        0x4 C:\QMK_MSYS\tmp\ccJojJQd.ltrans0.ltrans.o
 .bss.real_mods
                0x2001188c        0x1 C:\QMK_MSYS\tmp\ccJojJQd.ltrans0.ltrans.o
 *fill*         0x2001188d        0x1 
 .bss.default_layer_state
                0x2001188e        0x2 C:\QMK_MSYS\tmp\ccJojJQd.ltrans0.ltrans.o
 .bss.layer_state
                0x20011890        0x2 C:\QMK_MSYS\tmp\ccJojJQd.ltrans0.ltrans.o
 .bss.weak_mods
                0x20011892        0x1 C:\QMK_MSYS\tmp\ccJojJQd.ltrans0.ltrans.o
 .bss.waiting_buffer_head
                0x20011893        0x1 C:\QMK_MSYS\tmp\ccJojJQd.ltrans0.ltrans.o
 .bss.waiting_buffer_tail
                0x20011894        0x1 C:\QMK_MSYS\tmp\ccJojJQd.ltrans0.ltrans.o
 *fill*         0x20011895        0x1 
 .bss.waiting_buffer
                0x20011896       0x40 C:\QMK_MSYS\tmp\ccJojJQd.ltrans0.ltrans.o
 .bss.tapping_key
                0x200118d6        0x8 C:\QMK_MSYS\tmp\ccJojJQd.ltrans0.ltrans.o
 .bss.is_initialised.0
                0x200118de        0x1 .build/obj_vessel_base/i2c_master.a(i2c_master.o)
 *(COMMON)
 *fill*         0x200118df        0x1 
 COMMON         0x200118e0       0x38 C:\QMK_MSYS\tmp\ccJojJQd.ltrans0.ltrans.o
                0x200118e0                I2CD1
                0x20011918                        . = ALIGN (0x4)
                0x20011918                        __bss_end__ = .
                [!provide]                        PROVIDE (end = .)
                0x20000000                        __ram0_base__ = ORIGIN (ram0)
                0x00020000                        __ram0_size__ = LENGTH (ram0)
                0x20020000                        __ram0_end__ = (__ram0_base__ + __ram0_size__)
                0x20000000                        __ram1_base__ = ORIGIN (ram1)
                0x0001c000                        __ram1_size__ = LENGTH (ram1)
                0x2001c000                        __ram1_end__ = (__ram1_base__ + __ram1_size__)
                0x00000000                        __ram2_base__ = ORIGIN (ram2)
                0x00004000                        __ram2_size__ = LENGTH (ram2)
                0x00004000                        __ram2_end__ = (__ram2_base__ + __ram2_size__)
                0x00000000                        __ram3_base__ = ORIGIN (ram3)
                0x00000000                        __ram3_size__ = LENGTH (ram3)
                0x00000000                        __ram3_end__ = (__ram3_base__ + __ram3_size__)
                0x00000000                        __ram4_base__ = ORIGIN (ram4)
                0x00000000                        __ram4_size__ = LENGTH (ram4)
                0x00000000                        __ram4_end__ = (__ram4_base__ + __ram4_size__)
                0x00000000                        __ram5_base__ = ORIGIN (ram5)
                0x00000000                        __ram5_size__ = LENGTH (ram5)
                0x00000000                        __ram5_end__ = (__ram5_base__ + __ram5_size__)
                0x00000000                        __ram6_base__ = ORIGIN (ram6)
                0x00000000                        __ram6_size__ = LENGTH (ram6)
                0x00000000                        __ram6_end__ = (__ram6_base__ + __ram6_size__)
                0x00000000                        __ram7_base__ = ORIGIN (ram7)
                0x00000000                        __ram7_size__ = LENGTH (ram7)
                0x00000000                        __ram7_end__ = (__ram7_base__ + __ram7_size__)
                0x08000000                        __flash0_base__ = ORIGIN (flash0)
                0x00080000                        __flash0_size__ = LENGTH (flash0)
                0x08080000                        __flash0_end__ = (__flash0_base__ + __flash0_size__)
                0x00000000                        __flash1_base__ = ORIGIN (flash1)
                0x00000000                        __flash1_size__ = LENGTH (flash1)
                0x00000000                        __flash1_end__ = (__flash1_base__ + __flash1_size__)
                0x00000000                        __flash2_base__ = ORIGIN (flash2)
                0x00000000                        __flash2_size__ = LENGTH (flash2)
                0x00000000                        __flash2_end__ = (__flash2_base__ + __flash2_size__)
                0x00000000                        __flash3_base__ = ORIGIN (flash3)
                0x00000000                        __flash3_size__ = LENGTH (flash3)
                0x00000000                        __flash3_end__ = (__flash3_base__ + __flash3_size__)
                0x00000000                        __flash4_base__ = ORIGIN (flash4)
                0x00000000                        __flash4_size__ = LENGTH (flash4)
                0x00000000                        __flash4_end__ = (__flash4_base__ + __flash4_size__)
                0x00000000                        __flash5_base__ = ORIGIN (flash5)
                0x00000000                        __flash5_size__ = LENGTH (flash5)
                0x00000000                        __flash5_end__ = (__flash5_base__ + __flash5_size__)
                0x00000000                        __flash6_base__ = ORIGIN (flash6)
                0x00000000                        __flash6_size__ = LENGTH (flash6)
                0x00000000                        __flash6_end__ = (__flash6_base__ + __flash6_size__)
                0x00000000                        __flash7_base__ = ORIGIN (flash7)
                0x00000000                        __flash7_size__ = LENGTH (flash7)
                0x00000000                        __flash7_end__ = (__flash7_base__ + __flash7_size__)

.ram0_init      0x20011918        0x0 load address 0x08007afc
                0x08007afc                        __ram0_init_text__ = LOADADDR (.ram0_init)
                0x20011918                        __ram0_init__ = .
 *(.ram0_init)
 *(.ram0_init.*)
                0x20011918                        . = ALIGN (0x4)

.ram0           0x20011918        0x0 load address 0x08007afc
                0x20011918                        __ram0_clear__ = .
 *(.ram0_clear)
 *(.ram0_clear.*)
                0x20011918                        . = ALIGN (0x4)
                0x20011918                        __ram0_noinit__ = .
 *(.ram0)
 *(.ram0.*)
                0x20011918                        . = ALIGN (0x4)
                0x20011918                        __ram0_free__ = .

.ram1_init      0x20000000        0x0 load address 0x08007afc
                0x08007afc                        __ram1_init_text__ = LOADADDR (.ram1_init)
                0x20000000                        __ram1_init__ = .
 *(.ram1_init)
 *(.ram1_init.*)
                0x20000000                        . = ALIGN (0x4)

.ram1           0x20000000        0x0 load address 0x08007afc
                0x20000000                        __ram1_clear__ = .
 *(.ram1_clear)
 *(.ram1_clear.*)
                0x20000000                        . = ALIGN (0x4)
                0x20000000                        __ram1_noinit__ = .
 *(.ram1)
 *(.ram1.*)
                0x20000000                        . = ALIGN (0x4)
                0x20000000                        __ram1_free__ = .

.ram2_init      0x00000000        0x0 load address 0x08007afc
                0x08007afc                        __ram2_init_text__ = LOADADDR (.ram2_init)
                0x00000000                        __ram2_init__ = .
 *(.ram2_init)
 *(.ram2_init.*)
                0x00000000                        . = ALIGN (0x4)

.ram2           0x00000000        0x0 load address 0x08007afc
                0x00000000                        __ram2_clear__ = .
 *(.ram2_clear)
 *(.ram2_clear.*)
                0x00000000                        . = ALIGN (0x4)
                0x00000000                        __ram2_noinit__ = .
 *(.ram2)
 *(.ram2.*)
                0x00000000                        . = ALIGN (0x4)
                0x00000000                        __ram2_free__ = .

.ram3_init      0x00000000        0x0 load address 0x08007afc
                0x08007afc                        __ram3_init_text__ = LOADADDR (.ram3_init)
                0x00000000                        __ram3_init__ = .
 *(.ram3_init)
 *(.ram3_init.*)
                0x00000000                        . = ALIGN (0x4)

.ram3           0x00000000        0x0 load address 0x08007afc
                0x00000000                        __ram3_clear__ = .
 *(.ram3_clear)
 *(.ram3_clear.*)
                0x00000000                        . = ALIGN (0x4)
                0x00000000                        __ram3_noinit__ = .
 *(.ram3)
 *(.ram3.*)
                0x00000000                        . = ALIGN (0x4)
                0x00000000                        __ram3_free__ = .

.ram4_init      0x00000000        0x0 load address 0x08007afc
                0x08007afc                        __ram4_init_text__ = LOADADDR (.ram4_init)
                0x00000000                        __ram4_init__ = .
 *(.ram4_init)
 *(.ram4_init.*)
                0x00000000                        . = ALIGN (0x4)

.ram4           0x00000000        0x0 load address 0x08007afc
                0x00000000                        __ram4_clear__ = .
 *(.ram4_clear)
 *(.ram4_clear.*)
                0x00000000                        . = ALIGN (0x4)
                0x00000000                        __ram4_noinit__ = .
 *(.ram4)
 *(.ram4.*)
                0x00000000                        . = ALIGN (0x4)
                0x00000000                        __ram4_free__ = .

.ram5_init      0x00000000        0x0 load address 0x08007afc
                0x08007afc                        __ram5_init_text__ = LOADADDR (.ram5_init)
                0x00000000                        __ram5_init__ = .
 *(.ram5_init)
 *(.ram5_init.*)
                0x00000000                        . = ALIGN (0x4)

.ram5           0x00000000        0x0 load address 0x08007afc
                0x00000000                        __ram5_clear__ = .
 *(.ram5_clear)
 *(.ram5_clear.*)
                0x00000000                        . = ALIGN (0x4)
                0x00000000                        __ram5_noinit__ = .
 *(.ram5)
 *(.ram5.*)
                0x00000000                        . = ALIGN (0x4)
                0x00000000                        __ram5_free__ = .

.ram6_init      0x00000000        0x0 load address 0x08007afc
                0x08007afc                        __ram6_init_text__ = LOADADDR (.ram6_init)
                0x00000000                        __ram6_init__ = .
 *(.ram6_init)
 *(.ram6_init.*)
                0x00000000                        . = ALIGN (0x4)

.ram6           0x00000000        0x0 load address 0x08007afc
                0x00000000                        __ram6_clear__ = .
 *(.ram6_clear)
 *(.ram6_clear.*)
                0x00000000                        . = ALIGN (0x4)
                0x00000000                        __ram6_noinit__ = .
 *(.ram6)
 *(.ram6.*)
                0x00000000                        . = ALIGN (0x4)
                0x00000000                        __ram6_free__ = .

.ram7_init      0x00000000        0x0 load address 0x08007afc
                0x08007afc                        __ram7_init_text__ = LOADADDR (.ram7_init)
                0x00000000                        __ram7_init__ = .
 *(.ram7_init)
 *(.ram7_init.*)
                0x00000000                        . = ALIGN (0x4)

.ram7           0x00000000        0x0 load address 0x08007afc
                0x00000000                        __ram7_clear__ = .
 *(.ram7_clear)
 *(.ram7_clear.*)
                0x00000000                        . = ALIGN (0x4)
                0x00000000                        __ram7_noinit__ = .
 *(.ram7)
 *(.ram7.*)
                0x00000000                        . = ALIGN (0x4)
                0x00000000                        __ram7_free__ = .

.flash0         0x08007afc        0x0
                0x08007afc                        __flash0_init__ = .
 *(.flash0_init)
 *(.flash0_init.*)
                0x08007afc                        __flash0_free__ = .

.flash1         0x00000000        0x0
                0x00000000                        __flash1_init__ = .
 *(.flash1_init)
 *(.flash1_init.*)
                0x00000000                        __flash1_free__ = .

.flash2         0x00000000        0x0
                0x00000000                        __flash2_init__ = .
 *(.flash2_init)
 *(.flash2_init.*)
                0x00000000                        __flash2_free__ = .

.flash3         0x00000000        0x0
                0x00000000                        __flash3_init__ = .
 *(.flash3_init)
 *(.flash3_init.*)
                0x00000000                        __flash3_free__ = .

.flash4         0x00000000        0x0
                0x00000000                        __flash4_init__ = .
 *(.flash4_init)
 *(.flash4_init.*)
                0x00000000                        __flash4_free__ = .

.flash5         0x00000000        0x0
                0x00000000                        __flash5_init__ = .
 *(.flash5_init)
 *(.flash5_init.*)
                0x00000000                        __flash5_free__ = .

.flash6         0x00000000        0x0
                0x00000000                        __flash6_init__ = .
 *(.flash6_init)
 *(.flash6_init.*)
                0x00000000                        __flash6_free__ = .

.flash7         0x00000000        0x0
                0x00000000                        __flash7_init__ = .
 *(.flash7_init)
 *(.flash7_init.*)
                0x00000000                        __flash7_free__ = .

.heap           0x20011918     0xe6e8
                0x20011918                        . = ALIGN (0x8)
                0x20011918                        __heap_base__ = .
                0x20020000                        . = (ORIGIN (HEAP_RAM) + LENGTH (HEAP_RAM))
 *fill*         0x20011918     0xe6e8 
                0x20020000                        __heap_end__ = .
OUTPUT(.build/vessel_base.elf elf32-littlearm)
LOAD linker stubs

.debug_info     0x00000000    0x4c3d4
 .debug_info    0x00000000     0xe02f C:\QMK_MSYS\tmp\ccJojJQd.ltrans0.ltrans.o
 .debug_info    0x0000e02f      0x1d6 C:\QMK_MSYS\tmp\ccfO3fTw.debug.temp.o
                0x0000e02f                vessel.c.827f692c
 .debug_info    0x0000e205     0x2991 C:\QMK_MSYS\tmp\cctUQI5Y.debug.temp.o
                0x0000e205                keymap_introspection.c.a39f2f38
 .debug_info    0x00010b96     0x2b8f C:\QMK_MSYS\tmp\ccomxeod.debug.temp.o
                0x00010b96                quantum.c.d98f76a9
 .debug_info    0x00013725      0x2b8 C:\QMK_MSYS\tmp\ccgHLy2F.debug.temp.o
                0x00013725                led.c.2635df83
 .debug_info    0x000139dd     0x2fee C:\QMK_MSYS\tmp\ccDHCysU.debug.temp.o
                0x000139dd                action.c.54f355ce
 .debug_info    0x000169cb      0x873 C:\QMK_MSYS\tmp\ccEMTf68.debug.temp.o
                0x000169cb                action_layer.c.f92bc589
 .debug_info    0x0001723e     0x27da C:\QMK_MSYS\tmp\cctt7PEn.debug.temp.o
                0x0001723e                action_tapping.c.92dee2f9
 .debug_info    0x00019a18      0x4cb C:\QMK_MSYS\tmp\ccKuQSWF.debug.temp.o
                0x00019a18                action_util.c.1ce65cd8
 .debug_info    0x00019ee3      0x34c C:\QMK_MSYS\tmp\ccBg4D9X.debug.temp.o
                0x00019ee3                eeconfig.c.6f27fa32
 .debug_info    0x0001a22f      0x8a4 C:\QMK_MSYS\tmp\cc66H6zg.debug.temp.o
                0x0001a22f                keyboard.c.4a4c5989
 .debug_info    0x0001aad3     0x2967 C:\QMK_MSYS\tmp\cc7PDcXy.debug.temp.o
                0x0001aad3                keymap_common.c.2ceef6ca
 .debug_info    0x0001d43a     0x236b C:\QMK_MSYS\tmp\ccsZZzwR.debug.temp.o
                0x0001d43a                keycode_config.c.9685fd94
 .debug_info    0x0001f7a5      0x113 C:\QMK_MSYS\tmp\cckKltCs.debug.temp.o
                0x0001f7a5                debug.c.02f64141
 .debug_info    0x0001f8b8       0xac C:\QMK_MSYS\tmp\ccRh1dlL.debug.temp.o
                0x0001f8b8                sendchar.c.07013afe
 .debug_info    0x0001f964      0x113 C:\QMK_MSYS\tmp\ccugHc23.debug.temp.o
                0x0001f964                print.c.f723b586
 .debug_info    0x0001fa77      0x2a1 C:\QMK_MSYS\tmp\ccDNqkHm.debug.temp.o
                0x0001fa77                matrix_common.c.54b58fa9
 .debug_info    0x0001fd18      0x538 C:\QMK_MSYS\tmp\ccku40kF.debug.temp.o
                0x0001fd18                matrix.c.1d15b433
 .debug_info    0x00020250      0x2d0 C:\QMK_MSYS\tmp\ccJb3z0W.debug.temp.o
                0x00020250                sym_defer_pk.c.93ab7d25
 .debug_info    0x00020520       0xca C:\QMK_MSYS\tmp\ccKE0QEe.debug.temp.o
                0x00020520                main.c.9543c423
 .debug_info    0x000205ea      0x7f4 C:\QMK_MSYS\tmp\ccDra2vw.debug.temp.o
                0x000205ea                printf.c.76d6aec7
 .debug_info    0x00020dde      0x2f8 C:\QMK_MSYS\tmp\cc4RHDlO.debug.temp.o
                0x00020dde                eeprom_driver.c.625e1a15
 .debug_info    0x000210d6      0x1ad C:\QMK_MSYS\tmp\ccnSx245.debug.temp.o
                0x000210d6                eeprom_transient.c.45650dc5
 .debug_info    0x00021283      0x1ee C:\QMK_MSYS\tmp\cc2llZ4n.debug.temp.o
                0x00021283                color.c.02bd994b
 .debug_info    0x00021471      0xf1d C:\QMK_MSYS\tmp\ccBw4x3F.debug.temp.o
                0x00021471                rgblight.c.0068bc64
 .debug_info    0x0002238e     0x2512 C:\QMK_MSYS\tmp\ccZREV5f.debug.temp.o
                0x0002238e                process_rgb.c.f6c3188d
 .debug_info    0x000248a0       0xcd C:\QMK_MSYS\tmp\ccWeCL9x.debug.temp.o
                0x000248a0                led_tables.c.ac95cc91
 .debug_info    0x0002496d      0xaaa C:\QMK_MSYS\tmp\ccXxSecQ.debug.temp.o
                0x0002496d                oled_driver.c.0fd01761
 .debug_info    0x00025417     0x2633 C:\QMK_MSYS\tmp\ccmRsFk7.debug.temp.o
                0x00025417                encoder.c.eea69dcd
 .debug_info    0x00027a4a      0x412 C:\QMK_MSYS\tmp\ccRfwioo.debug.temp.o
                0x00027a4a                encoder_quadrature.c.2aceb572
 .debug_info    0x00027e5c      0x344 C:\QMK_MSYS\tmp\ccEDoaFF.debug.temp.o
                0x00027e5c                ws2812_bitbang.c.a428d8ee
 .debug_info    0x000281a0      0x163 C:\QMK_MSYS\tmp\ccLPfzUW.debug.temp.o
                0x000281a0                bootmagic.c.a90d673d
 .debug_info    0x00028303     0x2456 C:\QMK_MSYS\tmp\ccKDs23d.debug.temp.o
                0x00028303                process_grave_esc.c.5b1a53c1
 .debug_info    0x0002a759     0x24c3 C:\QMK_MSYS\tmp\cc50LSuv.debug.temp.o
                0x0002a759                process_magic.c.a626f36c
 .debug_info    0x0002cc1c      0x3e9 C:\QMK_MSYS\tmp\ccm6YNPM.debug.temp.o
                0x0002cc1c                process_programmable_button.c.8fbe8c5e
 .debug_info    0x0002d005      0x15c C:\QMK_MSYS\tmp\ccZyYo93.debug.temp.o
                0x0002d005                programmable_button.c.4f5754cf
 .debug_info    0x0002d161     0x243c C:\QMK_MSYS\tmp\ccfIAP9C.debug.temp.o
                0x0002d161                process_space_cadet.c.284e95a1
 .debug_info    0x0002f59d      0x61d C:\QMK_MSYS\tmp\ccQnBtGT.debug.temp.o
                0x0002f59d                host.c.949e6f3f
 .debug_info    0x0002fbba     0x2556 C:\QMK_MSYS\tmp\cc9rTHba.debug.temp.o
                0x0002fbba                report.c.1a3a56d0
 .debug_info    0x00032110      0x178 C:\QMK_MSYS\tmp\cc2ImvFq.debug.temp.o
                0x00032110                usb_device_state.c.2ca6d0fe
 .debug_info    0x00032288      0x119 C:\QMK_MSYS\tmp\ccqKoUYX.debug.temp.o
                0x00032288                suspend.c.db9616b2
 .debug_info    0x000323a1       0x93 C:\QMK_MSYS\tmp\cc4W9YI2.debug.temp.o
                0x000323a1                platform.c.0b00a6f7
 .debug_info    0x00032434      0x156 C:\QMK_MSYS\tmp\ccD38gsj.debug.temp.o
                0x00032434                suspend.c.c94a9f1f
 .debug_info    0x0003258a      0x22a C:\QMK_MSYS\tmp\ccYeCTrA.debug.temp.o
                0x0003258a                timer.c.91d55db8
 .debug_info    0x000327b4      0x563 C:\QMK_MSYS\tmp\cclJeclR.debug.temp.o
                0x000327b4                stm32_dfu.c.0d333a89
 .debug_info    0x00032d17     0x23d1 C:\QMK_MSYS\tmp\cc2ZMKc8.debug.temp.o
                0x00032d17                usb_main.c.02804f46
 .debug_info    0x000350e8     0x1565 C:\QMK_MSYS\tmp\ccrT9eRs.debug.temp.o
                0x000350e8                chibios.c.740bfa16
 .debug_info    0x0003664d      0x6b6 C:\QMK_MSYS\tmp\cc8ZoApN.debug.temp.o
                0x0003664d                usb_descriptor.c.d595a5ed
 .debug_info    0x00036d03      0x2c7 C:\QMK_MSYS\tmp\ccC9W777.debug.temp.o
                0x00036d03                chmemcore.c.31afef2c
 .debug_info    0x00036fca      0x296 C:\QMK_MSYS\tmp\cczvoJZt.debug.temp.o
                0x00036fca                crt1.c.21b0d333
 .debug_info    0x00037260      0xc89 C:\QMK_MSYS\tmp\cckwPkYN.debug.temp.o
                0x00037260                chsys.c.72c5b97b
 .debug_info    0x00037ee9      0x76b C:\QMK_MSYS\tmp\ccRvzoV7.debug.temp.o
                0x00037ee9                chrfcu.c.152df964
 .debug_info    0x00038654      0xde3 C:\QMK_MSYS\tmp\ccAAAEw6.debug.temp.o
                0x00038654                chvt.c.50e6484d
 .debug_info    0x00039437      0xc88 C:\QMK_MSYS\tmp\cchT5APq.debug.temp.o
                0x00039437                chschd.c.23c4856b
 .debug_info    0x0003a0bf      0x9ae C:\QMK_MSYS\tmp\cccTNk7K.debug.temp.o
                0x0003a0bf                chinstances.c.0ded196d
 .debug_info    0x0003aa6d      0xedb C:\QMK_MSYS\tmp\ccTtghB5.debug.temp.o
                0x0003aa6d                chthreads.c.314b5a68
 .debug_info    0x0003b948      0xa8f C:\QMK_MSYS\tmp\ccMYRTLG.debug.temp.o
                0x0003b948                chmtx.c.0dcb7267
 .debug_info    0x0003c3d7     0x114d C:\QMK_MSYS\tmp\cc9wX8Sg.debug.temp.o
                0x0003c3d7                chcore.c.1ea6d6ae
 .debug_info    0x0003d524       0xb9 C:\QMK_MSYS\tmp\ccNuLnBU.debug.temp.o
                0x0003d524                hal.c.93194310
 .debug_info    0x0003d5dd      0x2e2 C:\QMK_MSYS\tmp\ccmRupoe.debug.temp.o
                0x0003d5dd                hal_st.c.309d0b51
 .debug_info    0x0003d8bf      0xe4b C:\QMK_MSYS\tmp\ccT1zxZF.debug.temp.o
                0x0003d8bf                hal_i2c.c.50960c71
 .debug_info    0x0003e70a     0x19b8 C:\QMK_MSYS\tmp\ccAxwPyd.debug.temp.o
                0x0003e70a                hal_usb.c.20630bbd
 .debug_info    0x000400c2      0x45b C:\QMK_MSYS\tmp\cc75DFlj.debug.temp.o
                0x000400c2                nvic.c.f0de0fdc
 .debug_info    0x0004051d      0x29f C:\QMK_MSYS\tmp\cc6jCaVF.debug.temp.o
                0x0004051d                stm32_isr.c.58880444
 .debug_info    0x000407bc      0x5b2 C:\QMK_MSYS\tmp\ccTFl0K2.debug.temp.o
                0x000407bc                hal_lld.c.7d6aef54
 .debug_info    0x00040d6e      0x7f7 C:\QMK_MSYS\tmp\ccDqcJsb.debug.temp.o
                0x00040d6e                stm32_dma.c.64022502
 .debug_info    0x00041565      0x248 C:\QMK_MSYS\tmp\cc3m3plT.debug.temp.o
                0x00041565                hal_pal_lld.c.0d343104
 .debug_info    0x000417ad     0x1522 C:\QMK_MSYS\tmp\cckqLTlf.debug.temp.o
                0x000417ad                hal_i2c_lld.c.0b867ad8
 .debug_info    0x00042ccf     0x1c49 C:\QMK_MSYS\tmp\ccQPJbLX.debug.temp.o
                0x00042ccf                hal_usb_lld.c.8862c705
 .debug_info    0x00044918      0x509 C:\QMK_MSYS\tmp\ccM4WHx1.debug.temp.o
                0x00044918                hal_st_lld.c.77d510ce
 .debug_info    0x00044e21      0x49b C:\QMK_MSYS\tmp\ccffy7Qz.debug.temp.o
                0x00044e21                board.c.320fdd49
 .debug_info    0x000452bc      0xb4a C:\QMK_MSYS\tmp\ccJ5N1P2.debug.temp.o
                0x000452bc                syscalls.c.d4dbf207
 .debug_info    0x00045e06      0xbeb C:\QMK_MSYS\tmp\cccpjGCs.debug.temp.o
                0x00045e06                syscall_fallbacks.c.2d29e982
 .debug_info    0x000469f1     0x14bd .build/obj_vessel_base/i2c_master.a(i2c_master.o)
 .debug_info    0x00047eae       0x24 c:/qmk_msys/mingw64/bin/../lib/gcc/arm-none-eabi/12.2.0/thumb/v7e-m+fp/hard\libgcc.a(_aeabi_uldivmod.o)
 .debug_info    0x00047ed2      0x6fd c:/qmk_msys/mingw64/bin/../lib/gcc/arm-none-eabi/12.2.0/thumb/v7e-m+fp/hard\libgcc.a(_udivmoddi4.o)
 .debug_info    0x000485cf       0x39 c:/qmk_msys/mingw64/bin/../lib/gcc/arm-none-eabi/12.2.0/thumb/v7e-m+fp/hard\libgcc.a(_dvmd_tls.o)
 .debug_info    0x00048608      0x715 c:/qmk_msys/mingw64/bin/../lib/gcc/arm-none-eabi/12.2.0/../../../../arm-none-eabi/lib/thumb/v7e-m+fp/hard\libg_nano.a(libc_a-impure.o)
 .debug_info    0x00048d1d       0x33 c:/qmk_msys/mingw64/bin/../lib/gcc/arm-none-eabi/12.2.0/../../../../arm-none-eabi/lib/thumb/v7e-m+fp/hard\libg_nano.a(libc_a-memcpy.o)
 .debug_info    0x00048d50      0x794 c:/qmk_msys/mingw64/bin/../lib/gcc/arm-none-eabi/12.2.0/../../../../arm-none-eabi/lib/thumb/v7e-m+fp/hard\libg_nano.a(libc_a-malloc.o)
 .debug_info    0x000494e4      0x9c1 c:/qmk_msys/mingw64/bin/../lib/gcc/arm-none-eabi/12.2.0/../../../../arm-none-eabi/lib/thumb/v7e-m+fp/hard\libg_nano.a(libc_a-mallocr.o)
 .debug_info    0x00049ea5      0x76b c:/qmk_msys/mingw64/bin/../lib/gcc/arm-none-eabi/12.2.0/../../../../arm-none-eabi/lib/thumb/v7e-m+fp/hard\libg_nano.a(libc_a-mlock.o)
 .debug_info    0x0004a610      0x20a c:/qmk_msys/mingw64/bin/../lib/gcc/arm-none-eabi/12.2.0/../../../../arm-none-eabi/lib/thumb/v7e-m+fp/hard\libg_nano.a(libc_a-lock.o)
 .debug_info    0x0004a81a      0x877 c:/qmk_msys/mingw64/bin/../lib/gcc/arm-none-eabi/12.2.0/../../../../arm-none-eabi/lib/thumb/v7e-m+fp/hard\libg_nano.a(libc_a-freer.o)